MPLINK 5.00, LINKER
Linker Map File - Created Wed Dec 07 01:59:00 2022

                                 Section Info
                  Section       Type    Address   Location Size(Bytes)
                ---------  ---------  ---------  ---------  ---------
               _entry_scn       code   0x000000    program   0x000006
       .code__user_putc.o       code   0x000006    program   0x000002
      InterruptVectorHigh       code   0x000008    program   0x000006
           .code___init.o       code   0x00000e    program   0x000002
          .idata_uart.o_i    romdata   0x000010    program   0x000003
     .idata_interrupt.o_i    romdata   0x000013    program   0x000004
         .idata_c018i.o_i    romdata   0x000017    program   0x000000
        .idata___init.o_i    romdata   0x000017    program   0x000000
      .idata_fxd3232u.o_i    romdata   0x000017    program   0x000000
      .idata_fxd1616u.o_i    romdata   0x000017    program   0x000000
       InterruptVectorLow       code   0x000018    program   0x000006
                   .cinit    romdata   0x00001e    program   0x000062
             .code_main.o       code   0x000080    program   0x001276
              .code_lcd.o       code   0x0012f6    program   0x000e20
         .code_vfprintf.o       code   0x002116    program   0x000c22
             .code_menu.o       code   0x002d38    program   0x000a0e
            .code_timer.o       code   0x003746    program   0x00051c
           .code_button.o       code   0x003c62    program   0x0004d4
             .code_uart.o       code   0x004136    program   0x000498
              .code_i2c.o       code   0x0045ce    program   0x00023a
             .stringtable    romdata   0x004808    program   0x0001fb
         .romdata_c018i.o    romdata   0x004a03    program   0x000000
          .romdata_uart.o    romdata   0x004a03    program   0x000000
      .idata_fxd0808u.o_i    romdata   0x004a03    program   0x000000
      .romdata_fxd0808u.o    romdata   0x004a03    program   0x000000
        .romdata_button.o    romdata   0x004a03    program   0x000000
      .romdata_fxd1616u.o    romdata   0x004a03    program   0x000000
      .idata_fxd2424u.o_i    romdata   0x004a03    program   0x000000
      .romdata_fxd2424u.o    romdata   0x004a03    program   0x000000
      .romdata_fxd3232u.o    romdata   0x004a03    program   0x000000
       .idata_fxm3232.o_i    romdata   0x004a03    program   0x000000
       .romdata_fxm3232.o    romdata   0x004a03    program   0x000000
    .romdata__user_putc.o    romdata   0x004a03    program   0x000000
        .romdata___init.o    romdata   0x004a03    program   0x000000
       .idata_sprintf.o_i    romdata   0x004a03    program   0x000000
       .romdata_sprintf.o    romdata   0x004a03    program   0x000000
      .idata_vfprintf.o_i    romdata   0x004a03    program   0x000000
    .idata__user_putc.o_i    romdata   0x004a03    program   0x000000
          .idata_putc.o_i    romdata   0x004a03    program   0x000000
          .romdata_putc.o    romdata   0x004a03    program   0x000000
     .romdata_interrupt.o    romdata   0x004a03    program   0x000000
           .romdata_lcd.o    romdata   0x004a03    program   0x000000
         .romdata_timer.o    romdata   0x004a03    program   0x000000
           .romdata_i2c.o    romdata   0x004a03    program   0x000000
          .romdata_main.o    romdata   0x004a03    program   0x000000
          .romdata_menu.o    romdata   0x004a03    program   0x000000
            .code_c018i.o       code   0x004a04    program   0x000000
        .code_interrupt.o       code   0x004a04    program   0x0001ca
                     PROG       code   0x004bce    program   0x000100
          .code_sprintf.o       code   0x004cce    program   0x0000ac
               _cinit_scn       code   0x004d7a    program   0x00009e
             .code_putc.o       code   0x004e18    program   0x000084
          .code_fxm3232.o       code   0x004e9c    program   0x000070
                   STRING       code   0x004f0c    program   0x000066
         .code_fxd3232u.o       code   0x004f72    program   0x000048
         .code_fxd2424u.o       code   0x004fba    program   0x00003a
         .code_fxd1616u.o       code   0x004ff4    program   0x00002c
                    CTYPE       code   0x005020    program   0x000024
                    .code       code   0x005044    program   0x000020
             _startup_scn       code   0x005064    program   0x00001c
                    STDIO       code   0x005080    program   0x00001c
         .code_fxd0808u.o       code   0x00509c    program   0x00001c
      .romdata_vfprintf.o    romdata   0x0050b8    program   0x000011
         .idata_timer.o_i    romdata   0x0050c9    program   0x000020
          .idata_menu.o_i    romdata   0x0050e9    program   0x00000e
          .idata_main.o_i    romdata   0x0050f7    program   0x000013
           .idata_lcd.o_i    romdata   0x00510a    program   0x000061
           .idata_i2c.o_i    romdata   0x00516b    program   0x00001b
        .idata_button.o_i    romdata   0x005186    program   0x000028
    .config_300001_main.o    romdata   0x300001    program   0x000001
    .config_300002_main.o    romdata   0x300002    program   0x000001
    .config_300003_main.o    romdata   0x300003    program   0x000001
    .config_300005_main.o    romdata   0x300005    program   0x000001
    .config_300006_main.o    romdata   0x300006    program   0x000001
    .config_300008_main.o    romdata   0x300008    program   0x000001
    .config_300009_main.o    romdata   0x300009    program   0x000001
    .config_30000a_main.o    romdata   0x30000a    program   0x000001
    .config_30000b_main.o    romdata   0x30000b    program   0x000001
    .config_30000c_main.o    romdata   0x30000c    program   0x000001
    .config_30000d_main.o    romdata   0x30000d    program   0x000001
                MATH_DATA      udata   0x000000       data   0x000014
                 .tmpdata      udata   0x000014       data   0x00000a
             .idata_lcd.o      idata   0x000080       data   0x000061
             .idata_i2c.o      idata   0x0000e1       data   0x00001b
             .udata_lcd.o      udata   0x0000fc       data   0x000004
            .udata_uart.o      udata   0x000100       data   0x000041
           .idata_timer.o      idata   0x000141       data   0x000020
            .idata_main.o      idata   0x000161       data   0x000013
           .udata_c018i.o      udata   0x000174       data   0x00000a
            .idata_uart.o      idata   0x00017e       data   0x000003
             .udata_i2c.o      udata   0x000181       data   0x000001
        .idata_fxd2424u.o      idata   0x000182       data   0x000000
        .udata_fxd3232u.o      udata   0x000182       data   0x000000
        .idata_fxd3232u.o      idata   0x000182       data   0x000000
         .udata_fxm3232.o      udata   0x000182       data   0x000000
         .idata_fxm3232.o      idata   0x000182       data   0x000000
          .udata___init.o      udata   0x000182       data   0x000000
          .idata___init.o      idata   0x000182       data   0x000000
         .udata_sprintf.o      udata   0x000182       data   0x000000
         .idata_sprintf.o      idata   0x000182       data   0x000000
        .udata_vfprintf.o      udata   0x000182       data   0x000000
        .idata_vfprintf.o      idata   0x000182       data   0x000000
            .udata_putc.o      udata   0x000182       data   0x000000
      .idata__user_putc.o      idata   0x000182       data   0x000000
            .idata_putc.o      idata   0x000182       data   0x000000
      .udata__user_putc.o      udata   0x000182       data   0x000000
        .udata_fxd2424u.o      udata   0x000182       data   0x000000
        .idata_fxd1616u.o      idata   0x000182       data   0x000000
        .udata_fxd1616u.o      udata   0x000182       data   0x000000
        .idata_fxd0808u.o      idata   0x000182       data   0x000000
        .udata_fxd0808u.o      udata   0x000182       data   0x000000
            .udata_main.o      udata   0x000182       data   0x000000
           .udata_timer.o      udata   0x000182       data   0x000000
       .udata_interrupt.o      udata   0x000182       data   0x000000
          .udata_button.o      udata   0x000182       data   0x000000
           .idata_c018i.o      idata   0x000182       data   0x000000
                   .stack      udata   0x000e00       data   0x000100
            .udata_menu.o      udata   0x000f00       data   0x000046
          .idata_button.o      idata   0x000f46       data   0x000028
            .idata_menu.o      idata   0x000f6e       data   0x00000e
       .idata_interrupt.o      idata   0x000f7c       data   0x000004
            SFR_UNBANKED0      udata   0x000f80       data   0x000080



                              Program Memory Usage 
                               Start         End      
                           ---------   ---------      
                            0x000000    0x000016      
                            0x000018    0x004a02      
                            0x004a04    0x0051ad      
                            0x300001    0x300003      
                            0x300005    0x300006      
                            0x300008    0x30000d      
            20919 out of 66584 program addresses used, program memory utilization is 31%



                              Symbols - Sorted by Name
                     Name    Address   Location    Storage File                     
                ---------  ---------  ---------  --------- ---------                
                    Alarm   0x00125c    program     extern C:\Users\PC\Desktop\Digital Clock\main.c
                  BCD2Dec   0x0045ce    program     extern C:\Users\PC\Desktop\Digital Clock\i2c\i2c.c
               BaiTap_I2C   0x000316    program     extern C:\Users\PC\Desktop\Digital Clock\main.c
              CompareTime   0x00123e    program     extern C:\Users\PC\Desktop\Digital Clock\main.c
                   D1616S   0x004bf0    program     static E:\3.46\pic18-lt\cxx-framework\src\traditional\math\fxd1616s.asm
                D1616SNEG   0x004bfe    program     static E:\3.46\pic18-lt\cxx-framework\src\traditional\math\fxd1616s.asm
                 D1616SOK   0x004bfa    program     static E:\3.46\pic18-lt\cxx-framework\src\traditional\math\fxd1616s.asm
                  D1616SX   0x004c10    program     static E:\3.46\pic18-lt\cxx-framework\src\traditional\math\fxd1616s.asm
                   D2424S   0x004c44    program     static E:\3.46\pic18-lt\cxx-framework\src\traditional\math\fxd2424s.asm
                D2424SNEG   0x004c52    program     static E:\3.46\pic18-lt\cxx-framework\src\traditional\math\fxd2424s.asm
                 D2424SOK   0x004c4e    program     static E:\3.46\pic18-lt\cxx-framework\src\traditional\math\fxd2424s.asm
                  D2424SX   0x004c6a    program     static E:\3.46\pic18-lt\cxx-framework\src\traditional\math\fxd2424s.asm
                  DA1616S   0x004be0    program     static E:\3.46\pic18-lt\cxx-framework\src\traditional\math\fxd1616s.asm
                  DA2424S   0x004c30    program     static E:\3.46\pic18-lt\cxx-framework\src\traditional\math\fxd2424s.asm
                  Dec2BCD   0x00460c    program     extern C:\Users\PC\Desktop\Digital Clock\i2c\i2c.c
         DisplayAlarmTime   0x0008b4    program     extern C:\Users\PC\Desktop\Digital Clock\main.c
         DisplayLcdScreen   0x001c34    program     extern C:\Users\PC\Desktop\Digital Clock\lcd\lcd.c
        DisplayLcdScreen2   0x001d2c    program     extern C:\Users\PC\Desktop\Digital Clock\lcd\lcd.c
      DisplayLcdScreenOld   0x001db2    program     extern C:\Users\PC\Desktop\Digital Clock\lcd\lcd.c
              DisplayTime   0x0004aa    program     extern C:\Users\PC\Desktop\Digital Clock\main.c
                 FXD0808U   0x00509c    program     extern E:\3.46\pic18-lt\cxx-framework\src\traditional\math\fxd0808u.c
                 FXD1616S   0x004bce    program     extern E:\3.46\pic18-lt\cxx-framework\src\traditional\math\fxd1616s.asm
                 FXD1616U   0x004ff4    program     extern E:\3.46\pic18-lt\cxx-framework\src\traditional\math\fxd1616u.c
                 FXD2424S   0x004c1a    program     extern E:\3.46\pic18-lt\cxx-framework\src\traditional\math\fxd2424s.asm
                 FXD2424U   0x004fba    program     extern E:\3.46\pic18-lt\cxx-framework\src\traditional\math\fxd2424u.c
                 FXD3232U   0x004f72    program     extern E:\3.46\pic18-lt\cxx-framework\src\traditional\math\fxd3232u.c
                 FXM1616S   0x004c74    program     extern E:\3.46\pic18-lt\cxx-framework\src\traditional\math\fxm1616s.asm
                  FXM3232   0x004e9c    program     extern E:\3.46\pic18-lt\cxx-framework\src\traditional\math\fxm3232.c
      InterruptVectorHigh   0x000008    program     extern C:\Users\PC\Desktop\Digital Clock\interrupt\interrupt.c
       InterruptVectorLow   0x000018    program     extern C:\Users\PC\Desktop\Digital Clock\interrupt\interrupt.c
                LcdClearS   0x001bd6    program     extern C:\Users\PC\Desktop\Digital Clock\lcd\lcd.c
            LcdPrintCharS   0x001e1c    program     extern C:\Users\PC\Desktop\Digital Clock\lcd\lcd.c
              LcdPrintNum   0x001b14    program     extern C:\Users\PC\Desktop\Digital Clock\lcd\lcd.c
             LcdPrintNumS   0x001e72    program     extern C:\Users\PC\Desktop\Digital Clock\lcd\lcd.c
           LcdPrintString   0x001b5c    program     extern C:\Users\PC\Desktop\Digital Clock\lcd\lcd.c
          LcdPrintStringS   0x0020c0    program     extern C:\Users\PC\Desktop\Digital Clock\lcd\lcd.c
       ReadDataFromDS1307   0x0002dc    program     extern C:\Users\PC\Desktop\Digital Clock\main.c
              Read_DS1307   0x0047ee    program     extern C:\Users\PC\Desktop\Digital Clock\i2c\i2c.c
             SetTimer0_ms   0x003bc2    program     extern C:\Users\PC\Desktop\Digital Clock\timer\timer.c
             SetTimer1_ms   0x003be6    program     extern C:\Users\PC\Desktop\Digital Clock\timer\timer.c
             SetTimer3_ms   0x003c24    program     extern C:\Users\PC\Desktop\Digital Clock\timer\timer.c
               SetUpAlarm   0x000e5c    program     extern C:\Users\PC\Desktop\Digital Clock\main.c
                SetUpTime   0x000a4c    program     extern C:\Users\PC\Desktop\Digital Clock\main.c
     SetupForFirstProgram   0x000282    program     extern C:\Users\PC\Desktop\Digital Clock\main.c
     SetupTimeForRealTime   0x0001f4    program     extern C:\Users\PC\Desktop\Digital Clock\main.c
               TSIGN1616A   0x004cc0    program     static E:\3.46\pic18-lt\cxx-framework\src\traditional\math\fxm1616s.asm
              UartSendNum   0x00431a    program     extern C:\Users\PC\Desktop\Digital Clock\uart\uart.c
           UartSendString   0x004550    program     extern C:\Users\PC\Desktop\Digital Clock\uart\uart.c
             Write_DS1307   0x0047cc    program     extern C:\Users\PC\Desktop\Digital Clock\i2c\i2c.c
                   _2jEnd   0x004f5c    program     static E:\3.46\pic18-lt\cxx-framework\src\traditional\stdclib\slenpgm.asm
       ___return_lbl00000   0x0050b6    program     static                          
       ___return_lbl00000   0x00501e    program     static                          
       ___return_lbl00000   0x004ff2    program     static                          
       ___return_lbl00000   0x004fb8    program     static                          
       ___return_lbl00000   0x000004    program     static                          
       ___return_lbl00000   0x004f0a    program     static                          
       ___return_lbl00001   0x00507e    program     static                          
       ___return_lbl00002   0x00001c    program     static                          
       ___return_lbl00002   0x004e16    program     static                          
       ___return_lbl00003   0x00000c    program     static                          
               __config_0   0x300001    program     static C:\Users\PC\Desktop\Digital Clock\main.c
               __config_1   0x300002    program     static C:\Users\PC\Desktop\Digital Clock\main.c
              __config_10   0x30000d    program     static C:\Users\PC\Desktop\Digital Clock\main.c
               __config_2   0x300003    program     static C:\Users\PC\Desktop\Digital Clock\main.c
               __config_3   0x300005    program     static C:\Users\PC\Desktop\Digital Clock\main.c
               __config_4   0x300006    program     static C:\Users\PC\Desktop\Digital Clock\main.c
               __config_5   0x300008    program     static C:\Users\PC\Desktop\Digital Clock\main.c
               __config_6   0x300009    program     static C:\Users\PC\Desktop\Digital Clock\main.c
               __config_7   0x30000a    program     static C:\Users\PC\Desktop\Digital Clock\main.c
               __config_8   0x30000b    program     static C:\Users\PC\Desktop\Digital Clock\main.c
               __config_9   0x30000c    program     static C:\Users\PC\Desktop\Digital Clock\main.c
                   __init   0x00000e    program     extern E:\3.46\pic18-lt\cxx-framework\src\traditional\stdclib\__init.c
                   __pa_0   0x002a56    program     static E:\3.46\pic18-lt\cxx-framework\src\traditional\stdclib\vfprintf.c
                   __pa_1   0x002a5e    program     static E:\3.46\pic18-lt\cxx-framework\src\traditional\stdclib\vfprintf.c
                  __pa_10   0x002b12    program     static E:\3.46\pic18-lt\cxx-framework\src\traditional\stdclib\vfprintf.c
                  __pa_11   0x002b20    program     static E:\3.46\pic18-lt\cxx-framework\src\traditional\stdclib\vfprintf.c
                  __pa_12   0x002b36    program     static E:\3.46\pic18-lt\cxx-framework\src\traditional\stdclib\vfprintf.c
                  __pa_13   0x002b50    program     static E:\3.46\pic18-lt\cxx-framework\src\traditional\stdclib\vfprintf.c
                  __pa_14   0x002b68    program     static E:\3.46\pic18-lt\cxx-framework\src\traditional\stdclib\vfprintf.c
                  __pa_15   0x002b78    program     static E:\3.46\pic18-lt\cxx-framework\src\traditional\stdclib\vfprintf.c
                  __pa_16   0x002b8e    program     static E:\3.46\pic18-lt\cxx-framework\src\traditional\stdclib\vfprintf.c
                  __pa_17   0x002ba0    program     static E:\3.46\pic18-lt\cxx-framework\src\traditional\stdclib\vfprintf.c
                  __pa_18   0x002bb2    program     static E:\3.46\pic18-lt\cxx-framework\src\traditional\stdclib\vfprintf.c
                  __pa_19   0x002bbc    program     static E:\3.46\pic18-lt\cxx-framework\src\traditional\stdclib\vfprintf.c
                   __pa_2   0x002a68    program     static E:\3.46\pic18-lt\cxx-framework\src\traditional\stdclib\vfprintf.c
                  __pa_20   0x002bcc    program     static E:\3.46\pic18-lt\cxx-framework\src\traditional\stdclib\vfprintf.c
                  __pa_21   0x002bdc    program     static E:\3.46\pic18-lt\cxx-framework\src\traditional\stdclib\vfprintf.c
                  __pa_22   0x002bec    program     static E:\3.46\pic18-lt\cxx-framework\src\traditional\stdclib\vfprintf.c
                  __pa_23   0x002bf8    program     static E:\3.46\pic18-lt\cxx-framework\src\traditional\stdclib\vfprintf.c
                  __pa_24   0x002c06    program     static E:\3.46\pic18-lt\cxx-framework\src\traditional\stdclib\vfprintf.c
                  __pa_25   0x002c0e    program     static E:\3.46\pic18-lt\cxx-framework\src\traditional\stdclib\vfprintf.c
                  __pa_26   0x002c18    program     static E:\3.46\pic18-lt\cxx-framework\src\traditional\stdclib\vfprintf.c
                  __pa_27   0x002c22    program     static E:\3.46\pic18-lt\cxx-framework\src\traditional\stdclib\vfprintf.c
                  __pa_28   0x002c2a    program     static E:\3.46\pic18-lt\cxx-framework\src\traditional\stdclib\vfprintf.c
                  __pa_29   0x002c38    program     static E:\3.46\pic18-lt\cxx-framework\src\traditional\stdclib\vfprintf.c
                   __pa_3   0x002a72    program     static E:\3.46\pic18-lt\cxx-framework\src\traditional\stdclib\vfprintf.c
                  __pa_30   0x002c54    program     static E:\3.46\pic18-lt\cxx-framework\src\traditional\stdclib\vfprintf.c
                  __pa_31   0x002c6e    program     static E:\3.46\pic18-lt\cxx-framework\src\traditional\stdclib\vfprintf.c
                  __pa_32   0x002c88    program     static E:\3.46\pic18-lt\cxx-framework\src\traditional\stdclib\vfprintf.c
                  __pa_33   0x002ca0    program     static E:\3.46\pic18-lt\cxx-framework\src\traditional\stdclib\vfprintf.c
                  __pa_34   0x002caa    program     static E:\3.46\pic18-lt\cxx-framework\src\traditional\stdclib\vfprintf.c
                  __pa_35   0x002cb8    program     static E:\3.46\pic18-lt\cxx-framework\src\traditional\stdclib\vfprintf.c
                  __pa_36   0x002cc0    program     static E:\3.46\pic18-lt\cxx-framework\src\traditional\stdclib\vfprintf.c
                  __pa_37   0x002cca    program     static E:\3.46\pic18-lt\cxx-framework\src\traditional\stdclib\vfprintf.c
                  __pa_38   0x002cda    program     static E:\3.46\pic18-lt\cxx-framework\src\traditional\stdclib\vfprintf.c
                  __pa_39   0x002ce8    program     static E:\3.46\pic18-lt\cxx-framework\src\traditional\stdclib\vfprintf.c
                   __pa_4   0x002a8a    program     static E:\3.46\pic18-lt\cxx-framework\src\traditional\stdclib\vfprintf.c
                  __pa_40   0x002cf4    program     static E:\3.46\pic18-lt\cxx-framework\src\traditional\stdclib\vfprintf.c
                  __pa_41   0x002d00    program     static E:\3.46\pic18-lt\cxx-framework\src\traditional\stdclib\vfprintf.c
                  __pa_42   0x002d08    program     static E:\3.46\pic18-lt\cxx-framework\src\traditional\stdclib\vfprintf.c
                  __pa_43   0x002d12    program     static E:\3.46\pic18-lt\cxx-framework\src\traditional\stdclib\vfprintf.c
                  __pa_44   0x002d18    program     static E:\3.46\pic18-lt\cxx-framework\src\traditional\stdclib\vfprintf.c
                  __pa_45   0x002d22    program     static E:\3.46\pic18-lt\cxx-framework\src\traditional\stdclib\vfprintf.c
                  __pa_46   0x002d2e    program     static E:\3.46\pic18-lt\cxx-framework\src\traditional\stdclib\vfprintf.c
                   __pa_5   0x002a9e    program     static E:\3.46\pic18-lt\cxx-framework\src\traditional\stdclib\vfprintf.c
                   __pa_6   0x002aba    program     static E:\3.46\pic18-lt\cxx-framework\src\traditional\stdclib\vfprintf.c
                   __pa_7   0x002ac4    program     static E:\3.46\pic18-lt\cxx-framework\src\traditional\stdclib\vfprintf.c
                   __pa_8   0x002ad0    program     static E:\3.46\pic18-lt\cxx-framework\src\traditional\stdclib\vfprintf.c
                   __pa_9   0x002af2    program     static E:\3.46\pic18-lt\cxx-framework\src\traditional\stdclib\vfprintf.c
               __string_0   0x0049f6    program     static C:\Users\PC\Desktop\Digital Clock\menu\menu.c
               __string_0   0x00487f    program     static C:\Users\PC\Desktop\Digital Clock\main.c
               __string_1   0x00487b    program     static C:\Users\PC\Desktop\Digital Clock\main.c
               __string_1   0x0049e7    program     static C:\Users\PC\Desktop\Digital Clock\menu\menu.c
              __string_10   0x00485b    program     static C:\Users\PC\Desktop\Digital Clock\main.c
              __string_10   0x004938    program     static C:\Users\PC\Desktop\Digital Clock\menu\menu.c
              __string_11   0x004857    program     static C:\Users\PC\Desktop\Digital Clock\main.c
              __string_11   0x004928    program     static C:\Users\PC\Desktop\Digital Clock\menu\menu.c
              __string_12   0x004853    program     static C:\Users\PC\Desktop\Digital Clock\main.c
              __string_12   0x004906    program     static C:\Users\PC\Desktop\Digital Clock\menu\menu.c
              __string_13   0x00484f    program     static C:\Users\PC\Desktop\Digital Clock\main.c
              __string_13   0x0048fc    program     static C:\Users\PC\Desktop\Digital Clock\menu\menu.c
              __string_14   0x00484b    program     static C:\Users\PC\Desktop\Digital Clock\main.c
              __string_14   0x0048f6    program     static C:\Users\PC\Desktop\Digital Clock\menu\menu.c
              __string_15   0x0048f0    program     static C:\Users\PC\Desktop\Digital Clock\menu\menu.c
              __string_15   0x004847    program     static C:\Users\PC\Desktop\Digital Clock\main.c
              __string_16   0x0048e0    program     static C:\Users\PC\Desktop\Digital Clock\menu\menu.c
              __string_16   0x004843    program     static C:\Users\PC\Desktop\Digital Clock\main.c
              __string_17   0x0048dd    program     static C:\Users\PC\Desktop\Digital Clock\menu\menu.c
              __string_17   0x00483f    program     static C:\Users\PC\Desktop\Digital Clock\main.c
              __string_18   0x0048db    program     static C:\Users\PC\Desktop\Digital Clock\menu\menu.c
              __string_18   0x00483b    program     static C:\Users\PC\Desktop\Digital Clock\main.c
              __string_19   0x0048d9    program     static C:\Users\PC\Desktop\Digital Clock\menu\menu.c
              __string_19   0x004837    program     static C:\Users\PC\Desktop\Digital Clock\main.c
               __string_2   0x004877    program     static C:\Users\PC\Desktop\Digital Clock\main.c
               __string_2   0x0049da    program     static C:\Users\PC\Desktop\Digital Clock\menu\menu.c
              __string_20   0x0048c8    program     static C:\Users\PC\Desktop\Digital Clock\menu\menu.c
              __string_20   0x004833    program     static C:\Users\PC\Desktop\Digital Clock\main.c
              __string_21   0x0048a3    program     static C:\Users\PC\Desktop\Digital Clock\menu\menu.c
              __string_21   0x00482f    program     static C:\Users\PC\Desktop\Digital Clock\main.c
              __string_22   0x00482b    program     static C:\Users\PC\Desktop\Digital Clock\main.c
              __string_22   0x00488b    program     static C:\Users\PC\Desktop\Digital Clock\menu\menu.c
              __string_23   0x004827    program     static C:\Users\PC\Desktop\Digital Clock\main.c
              __string_24   0x004825    program     static C:\Users\PC\Desktop\Digital Clock\main.c
              __string_25   0x004814    program     static C:\Users\PC\Desktop\Digital Clock\main.c
              __string_26   0x004811    program     static C:\Users\PC\Desktop\Digital Clock\main.c
              __string_27   0x00480d    program     static C:\Users\PC\Desktop\Digital Clock\main.c
              __string_28   0x004808    program     static C:\Users\PC\Desktop\Digital Clock\main.c
               __string_3   0x0049cb    program     static C:\Users\PC\Desktop\Digital Clock\menu\menu.c
               __string_3   0x004873    program     static C:\Users\PC\Desktop\Digital Clock\main.c
               __string_4   0x00486f    program     static C:\Users\PC\Desktop\Digital Clock\main.c
               __string_4   0x0049be    program     static C:\Users\PC\Desktop\Digital Clock\menu\menu.c
               __string_5   0x0049b1    program     static C:\Users\PC\Desktop\Digital Clock\menu\menu.c
               __string_5   0x00486b    program     static C:\Users\PC\Desktop\Digital Clock\main.c
               __string_6   0x004867    program     static C:\Users\PC\Desktop\Digital Clock\main.c
               __string_6   0x0049a4    program     static C:\Users\PC\Desktop\Digital Clock\menu\menu.c
               __string_7   0x004863    program     static C:\Users\PC\Desktop\Digital Clock\main.c
               __string_7   0x004997    program     static C:\Users\PC\Desktop\Digital Clock\menu\menu.c
               __string_8   0x00498d    program     static C:\Users\PC\Desktop\Digital Clock\menu\menu.c
               __string_8   0x004861    program     static C:\Users\PC\Desktop\Digital Clock\main.c
               __string_9   0x004967    program     static C:\Users\PC\Desktop\Digital Clock\menu\menu.c
               __string_9   0x00485f    program     static C:\Users\PC\Desktop\Digital Clock\main.c
              __tmplbl_42   0x002bec    program     static                          
              __tmplbl_43   0x002a34    program     static                          
              __tmplbl_44   0x002a1a    program     static                          
              __tmplbl_85   0x00216c    program     static                          
            __zero_memory   0x005044    program     extern E:\3.46\pic18-lt\cxx-framework\src\traditional\proc\p18f4620.asm
                _do_cinit   0x004d7a    program     extern E:\3.46\pic18-lt\cxx-framework\src\traditional\startup\c018i.c
                   _entry   0x000000    program     extern E:\3.46\pic18-lt\cxx-framework\src\traditional\startup\c018i.c
                   _false   0x004fee    program     static                          
                   _false   0x004fb4    program     static                          
                 _startup   0x005064    program     extern E:\3.46\pic18-lt\cxx-framework\src\traditional\startup\c018i.c
              _usart_putc   0x005080    program     extern E:\3.46\pic18-lt\cxx-framework\src\pmc_common\USART\_usartpc.asm
               _user_putc   0x000006    program     extern E:\3.46\pic18-lt\cxx-framework\src\traditional\stdclib\_user_putc.c
          button_delay_ms   0x003f88    program     extern C:\Users\PC\Desktop\Digital Clock\button_matrix\button.c
            command_parse   0x00366a    program     extern C:\Users\PC\Desktop\Digital Clock\menu\menu.c
                compare_l   0x00505a    program     static E:\3.46\pic18-lt\cxx-framework\src\traditional\proc\p18f4620.asm
                copy_loop   0x004dec    program     static                          
            copy_one_byte   0x004df2    program     static                          
                 delay_ms   0x0000ec    program     extern C:\Users\PC\Desktop\Digital Clock\main.c
        display_stopwatch   0x00323c    program     extern C:\Users\PC\Desktop\Digital Clock\menu\menu.c
                     done   0x004e16    program     static                          
             done_copying   0x004e00    program     static                          
                  endloop   0x00501a    program     static                          
                  endloop   0x0050b2    program     static                          
              extractTime   0x0034e0    program     extern C:\Users\PC\Desktop\Digital Clock\menu\menu.c
            flushRecvBuff   0x0034b2    program     extern C:\Users\PC\Desktop\Digital Clock\menu\menu.c
        getUartBufferChar   0x003484    program     extern C:\Users\PC\Desktop\Digital Clock\menu\menu.c
                 high_isr   0x004af8    program     extern C:\Users\PC\Desktop\Digital Clock\interrupt\interrupt.c
                  i2c_ack   0x0046d4    program     extern C:\Users\PC\Desktop\Digital Clock\i2c\i2c.c
              i2c_control   0x00467a    program     extern C:\Users\PC\Desktop\Digital Clock\i2c\i2c.c
                  i2c_nak   0x0046e0    program     extern C:\Users\PC\Desktop\Digital Clock\i2c\i2c.c
                 i2c_read   0x0046c8    program     extern C:\Users\PC\Desktop\Digital Clock\i2c\i2c.c
                i2c_start   0x004698    program     extern C:\Users\PC\Desktop\Digital Clock\i2c\i2c.c
                 i2c_stop   0x0046a2    program     extern C:\Users\PC\Desktop\Digital Clock\i2c\i2c.c
                i2c_write   0x0046ac    program     extern C:\Users\PC\Desktop\Digital Clock\i2c\i2c.c
            init_ext_int0   0x004a0c    program     extern C:\Users\PC\Desktop\Digital Clock\interrupt\interrupt.c
                 init_i2c   0x004662    program     extern C:\Users\PC\Desktop\Digital Clock\i2c\i2c.c
           init_interrupt   0x004a04    program     extern C:\Users\PC\Desktop\Digital Clock\interrupt\interrupt.c
          init_key_matrix   0x003c62    program     extern C:\Users\PC\Desktop\Digital Clock\button_matrix\button.c
init_key_matrix_with_uart_i2c   0x003c6a    program     extern C:\Users\PC\Desktop\Digital Clock\button_matrix\button.c
                 init_lcd   0x001496    program     extern C:\Users\PC\Desktop\Digital Clock\lcd\lcd.c
              init_system   0x000174    program     extern C:\Users\PC\Desktop\Digital Clock\main.c
              init_timer0   0x003746    program     extern C:\Users\PC\Desktop\Digital Clock\timer\timer.c
              init_timer1   0x00388a    program     extern C:\Users\PC\Desktop\Digital Clock\timer\timer.c
              init_timer2   0x0039d4    program     extern C:\Users\PC\Desktop\Digital Clock\timer\timer.c
              init_timer3   0x003a0c    program     extern C:\Users\PC\Desktop\Digital Clock\timer\timer.c
                init_uart   0x004136    program     extern C:\Users\PC\Desktop\Digital Clock\uart\uart.c
            isButtonAlarm   0x001196    program     extern C:\Users\PC\Desktop\Digital Clock\main.c
        isButtonAlarmHold   0x0011a6    program     extern C:\Users\PC\Desktop\Digital Clock\main.c
         isButtonDecrease   0x0011fa    program     extern C:\Users\PC\Desktop\Digital Clock\main.c
         isButtonIncrease   0x0011b6    program     extern C:\Users\PC\Desktop\Digital Clock\main.c
             isButtonMode   0x001176    program     extern C:\Users\PC\Desktop\Digital Clock\main.c
         isButtonModeHold   0x001186    program     extern C:\Users\PC\Desktop\Digital Clock\main.c
                isKeyHold   0x003f54    program     extern C:\Users\PC\Desktop\Digital Clock\button_matrix\button.c
             isKeyPressed   0x003f20    program     extern C:\Users\PC\Desktop\Digital Clock\button_matrix\button.c
                  isdigit   0x005020    program     extern E:\3.46\pic18-lt\cxx-framework\src\traditional\stdclib\isdigit.asm
                     jEnd   0x004f26    program     static E:\3.46\pic18-lt\cxx-framework\src\traditional\stdclib\strlen.asm
                     jEnd   0x004f5e    program     static E:\3.46\pic18-lt\cxx-framework\src\traditional\stdclib\slenpgm.asm
                    jLoop   0x004f1c    program     static E:\3.46\pic18-lt\cxx-framework\src\traditional\stdclib\strlen.asm
                    jLoop   0x004f46    program     static E:\3.46\pic18-lt\cxx-framework\src\traditional\stdclib\slenpgm.asm
                   jMatch   0x005040    program     static E:\3.46\pic18-lt\cxx-framework\src\traditional\stdclib\isdigit.asm
                 jNoMatch   0x005042    program     static E:\3.46\pic18-lt\cxx-framework\src\traditional\stdclib\isdigit.asm
                lcd_clear   0x0017e8    program     extern C:\Users\PC\Desktop\Digital Clock\lcd\lcd.c
                lcd_delay   0x0012f6    program     extern C:\Users\PC\Desktop\Digital Clock\lcd\lcd.c
             lcd_power_of   0x0017fc    program     extern C:\Users\PC\Desktop\Digital Clock\lcd\lcd.c
           lcd_print_char   0x001754    program     extern C:\Users\PC\Desktop\Digital Clock\lcd\lcd.c
          lcd_print_charS   0x001b90    program     extern C:\Users\PC\Desktop\Digital Clock\lcd\lcd.c
            lcd_print_num   0x0018de    program     extern C:\Users\PC\Desktop\Digital Clock\lcd\lcd.c
            lcd_print_str   0x00176e    program     extern C:\Users\PC\Desktop\Digital Clock\lcd\lcd.c
              lcd_putchar   0x00173a    program     extern C:\Users\PC\Desktop\Digital Clock\lcd\lcd.c
          lcd_read_status   0x0015a4    program     extern C:\Users\PC\Desktop\Digital Clock\lcd\lcd.c
          lcd_sendCommand   0x001416    program     extern C:\Users\PC\Desktop\Digital Clock\lcd\lcd.c
           lcd_set_cursor   0x0017ae    program     extern C:\Users\PC\Desktop\Digital Clock\lcd\lcd.c
            lcd_wait_busy   0x00165a    program     extern C:\Users\PC\Desktop\Digital Clock\lcd\lcd.c
          lcd_write_4bits   0x00167a    program     extern C:\Users\PC\Desktop\Digital Clock\lcd\lcd.c
            lcd_write_cmd   0x0016c0    program     extern C:\Users\PC\Desktop\Digital Clock\lcd\lcd.c
           lcd_write_data   0x0016fc    program     extern C:\Users\PC\Desktop\Digital Clock\lcd\lcd.c
                     loop   0x005074    program     static                          
                     loop   0x004f80    program     static                          
                     loop   0x004fc6    program     static                          
                     loop   0x004ffe    program     static                          
                     loop   0x0050a4    program     static                          
                     loop   0x005090    program     static E:\3.46\pic18-lt\cxx-framework\src\pmc_common\USART\_usartpc.asm
                   loop_h   0x005052    program     static E:\3.46\pic18-lt\cxx-framework\src\traditional\proc\p18f4620.asm
                   loop_l   0x00505c    program     static E:\3.46\pic18-lt\cxx-framework\src\traditional\proc\p18f4620.asm
                  low_isr   0x004a14    program     extern C:\Users\PC\Desktop\Digital Clock\interrupt\interrupt.c
                     main   0x000080    program     extern C:\Users\PC\Desktop\Digital Clock\main.c
              menuControl   0x002d38    program     extern C:\Users\PC\Desktop\Digital Clock\menu\menu.c
                     putc   0x004e18    program     extern E:\3.46\pic18-lt\cxx-framework\src\traditional\stdclib\putc.c
              read_ds1307   0x004756    program     extern C:\Users\PC\Desktop\Digital Clock\i2c\i2c.c
            run_stopwatch   0x003216    program     extern C:\Users\PC\Desktop\Digital Clock\menu\menu.c
                 s_digits   0x0050b8    program     static E:\3.46\pic18-lt\cxx-framework\src\traditional\stdclib\vfprintf.c
            s_put_n_chars   0x002116    program     static E:\3.46\pic18-lt\cxx-framework\src\traditional\stdclib\vfprintf.c
          scan_key_matrix   0x003c7a    program     extern C:\Users\PC\Desktop\Digital Clock\button_matrix\button.c
     scan_key_matrix_demo   0x004010    program     extern C:\Users\PC\Desktop\Digital Clock\button_matrix\button.c
scan_key_matrix_with_uart_i2c   0x003dd8    program     extern C:\Users\PC\Desktop\Digital Clock\button_matrix\button.c
                  sprintf   0x004cce    program     extern E:\3.46\pic18-lt\cxx-framework\src\traditional\stdclib\sprintf.c
             start_timer0   0x0037fe    program     extern C:\Users\PC\Desktop\Digital Clock\timer\timer.c
             start_timer1   0x003944    program     extern C:\Users\PC\Desktop\Digital Clock\timer\timer.c
             start_timer2   0x003a00    program     extern C:\Users\PC\Desktop\Digital Clock\timer\timer.c
             start_timer3   0x003ac2    program     extern C:\Users\PC\Desktop\Digital Clock\timer\timer.c
              stop_timer0   0x0037fa    program     extern C:\Users\PC\Desktop\Digital Clock\timer\timer.c
              stop_timer1   0x0039d0    program     extern C:\Users\PC\Desktop\Digital Clock\timer\timer.c
              stop_timer2   0x003a08    program     extern C:\Users\PC\Desktop\Digital Clock\timer\timer.c
              stop_timer3   0x003b4e    program     extern C:\Users\PC\Desktop\Digital Clock\timer\timer.c
                   strlen   0x004f0c    program     extern E:\3.46\pic18-lt\cxx-framework\src\traditional\stdclib\strlen.asm
                strlenpgm   0x004f28    program     extern E:\3.46\pic18-lt\cxx-framework\src\traditional\stdclib\slenpgm.asm
                     test   0x004d94    program     static                          
               timer0_isr   0x003b52    program     extern C:\Users\PC\Desktop\Digital Clock\timer\timer.c
               timer1_isr   0x003b6e    program     extern C:\Users\PC\Desktop\Digital Clock\timer\timer.c
               timer2_isr   0x003b8a    program     extern C:\Users\PC\Desktop\Digital Clock\timer\timer.c
               timer3_isr   0x003ba6    program     extern C:\Users\PC\Desktop\Digital Clock\timer\timer.c
             uart_console   0x0034c0    program     extern C:\Users\PC\Desktop\Digital Clock\menu\menu.c
            uart_delay_ms   0x004154    program     extern C:\Users\PC\Desktop\Digital Clock\uart\uart.c
                 uart_isr   0x00459c    program     extern C:\Users\PC\Desktop\Digital Clock\uart\uart.c
            uart_power_of   0x004238    program     extern C:\Users\PC\Desktop\Digital Clock\uart\uart.c
             uart_putchar   0x0041dc    program     extern C:\Users\PC\Desktop\Digital Clock\uart\uart.c
            uart_send_str   0x0041f8    program     extern C:\Users\PC\Desktop\Digital Clock\uart\uart.c
                 v_timer0   0x001386    program     extern C:\Users\PC\Desktop\Digital Clock\lcd\lcd.c
                 vfprintf   0x002142    program     extern E:\3.46\pic18-lt\cxx-framework\src\traditional\stdclib\vfprintf.c
             write_ds1307   0x0046ec    program     extern C:\Users\PC\Desktop\Digital Clock\i2c\i2c.c
               zero_block   0x005052    program     static E:\3.46\pic18-lt\cxx-framework\src\traditional\proc\p18f4620.asm
                   ADCON0   0x000fc2       data     extern E:\3.46\pic18-lt\cxx-framework\src\traditional\proc\p18f4620.asm
               ADCON0bits   0x000fc2       data     extern E:\3.46\pic18-lt\cxx-framework\src\traditional\proc\p18f4620.asm
                   ADCON1   0x000fc1       data     extern E:\3.46\pic18-lt\cxx-framework\src\traditional\proc\p18f4620.asm
               ADCON1bits   0x000fc1       data     extern E:\3.46\pic18-lt\cxx-framework\src\traditional\proc\p18f4620.asm
                   ADCON2   0x000fc0       data     extern E:\3.46\pic18-lt\cxx-framework\src\traditional\proc\p18f4620.asm
               ADCON2bits   0x000fc0       data     extern E:\3.46\pic18-lt\cxx-framework\src\traditional\proc\p18f4620.asm
                    ADRES   0x000fc3       data     extern E:\3.46\pic18-lt\cxx-framework\src\traditional\proc\p18f4620.asm
                   ADRESH   0x000fc4       data     extern E:\3.46\pic18-lt\cxx-framework\src\traditional\proc\p18f4620.asm
                   ADRESL   0x000fc3       data     extern E:\3.46\pic18-lt\cxx-framework\src\traditional\proc\p18f4620.asm
                  BAUDCON   0x000fb8       data     extern E:\3.46\pic18-lt\cxx-framework\src\traditional\proc\p18f4620.asm
              BAUDCONbits   0x000fb8       data     extern E:\3.46\pic18-lt\cxx-framework\src\traditional\proc\p18f4620.asm
                  BAUDCTL   0x000fb8       data     extern E:\3.46\pic18-lt\cxx-framework\src\traditional\proc\p18f4620.asm
              BAUDCTLbits   0x000fb8       data     extern E:\3.46\pic18-lt\cxx-framework\src\traditional\proc\p18f4620.asm
                      BSR   0x000fe0       data     extern E:\3.46\pic18-lt\cxx-framework\src\traditional\proc\p18f4620.asm
                  CCP1CON   0x000fbd       data     extern E:\3.46\pic18-lt\cxx-framework\src\traditional\proc\p18f4620.asm
              CCP1CONbits   0x000fbd       data     extern E:\3.46\pic18-lt\cxx-framework\src\traditional\proc\p18f4620.asm
                  CCP2CON   0x000fba       data     extern E:\3.46\pic18-lt\cxx-framework\src\traditional\proc\p18f4620.asm
              CCP2CONbits   0x000fba       data     extern E:\3.46\pic18-lt\cxx-framework\src\traditional\proc\p18f4620.asm
                    CCPR1   0x000fbe       data     extern E:\3.46\pic18-lt\cxx-framework\src\traditional\proc\p18f4620.asm
                   CCPR1H   0x000fbf       data     extern E:\3.46\pic18-lt\cxx-framework\src\traditional\proc\p18f4620.asm
                   CCPR1L   0x000fbe       data     extern E:\3.46\pic18-lt\cxx-framework\src\traditional\proc\p18f4620.asm
                    CCPR2   0x000fbb       data     extern E:\3.46\pic18-lt\cxx-framework\src\traditional\proc\p18f4620.asm
                   CCPR2H   0x000fbc       data     extern E:\3.46\pic18-lt\cxx-framework\src\traditional\proc\p18f4620.asm
                   CCPR2L   0x000fbb       data     extern E:\3.46\pic18-lt\cxx-framework\src\traditional\proc\p18f4620.asm
                    CMCON   0x000fb4       data     extern E:\3.46\pic18-lt\cxx-framework\src\traditional\proc\p18f4620.asm
                CMCONbits   0x000fb4       data     extern E:\3.46\pic18-lt\cxx-framework\src\traditional\proc\p18f4620.asm
                   CVRCON   0x000fb5       data     extern E:\3.46\pic18-lt\cxx-framework\src\traditional\proc\p18f4620.asm
               CVRCONbits   0x000fb5       data     extern E:\3.46\pic18-lt\cxx-framework\src\traditional\proc\p18f4620.asm
                     DDRA   0x000f92       data     extern E:\3.46\pic18-lt\cxx-framework\src\traditional\proc\p18f4620.asm
                 DDRAbits   0x000f92       data     extern E:\3.46\pic18-lt\cxx-framework\src\traditional\proc\p18f4620.asm
                     DDRB   0x000f93       data     extern E:\3.46\pic18-lt\cxx-framework\src\traditional\proc\p18f4620.asm
                 DDRBbits   0x000f93       data     extern E:\3.46\pic18-lt\cxx-framework\src\traditional\proc\p18f4620.asm
                     DDRC   0x000f94       data     extern E:\3.46\pic18-lt\cxx-framework\src\traditional\proc\p18f4620.asm
                 DDRCbits   0x000f94       data     extern E:\3.46\pic18-lt\cxx-framework\src\traditional\proc\p18f4620.asm
                     DDRD   0x000f95       data     extern E:\3.46\pic18-lt\cxx-framework\src\traditional\proc\p18f4620.asm
                 DDRDbits   0x000f95       data     extern E:\3.46\pic18-lt\cxx-framework\src\traditional\proc\p18f4620.asm
                     DDRE   0x000f96       data     extern E:\3.46\pic18-lt\cxx-framework\src\traditional\proc\p18f4620.asm
                 DDREbits   0x000f96       data     extern E:\3.46\pic18-lt\cxx-framework\src\traditional\proc\p18f4620.asm
                  ECCP1AS   0x000fb6       data     extern E:\3.46\pic18-lt\cxx-framework\src\traditional\proc\p18f4620.asm
              ECCP1ASbits   0x000fb6       data     extern E:\3.46\pic18-lt\cxx-framework\src\traditional\proc\p18f4620.asm
                    EEADR   0x000fa9       data     extern E:\3.46\pic18-lt\cxx-framework\src\traditional\proc\p18f4620.asm
                   EEADRH   0x000faa       data     extern E:\3.46\pic18-lt\cxx-framework\src\traditional\proc\p18f4620.asm
                   EECON1   0x000fa6       data     extern E:\3.46\pic18-lt\cxx-framework\src\traditional\proc\p18f4620.asm
               EECON1bits   0x000fa6       data     extern E:\3.46\pic18-lt\cxx-framework\src\traditional\proc\p18f4620.asm
                   EECON2   0x000fa7       data     extern E:\3.46\pic18-lt\cxx-framework\src\traditional\proc\p18f4620.asm
                   EEDATA   0x000fa8       data     extern E:\3.46\pic18-lt\cxx-framework\src\traditional\proc\p18f4620.asm
                     FSR0   0x000fe9       data     extern E:\3.46\pic18-lt\cxx-framework\src\traditional\proc\p18f4620.asm
                    FSR0H   0x000fea       data     extern E:\3.46\pic18-lt\cxx-framework\src\traditional\proc\p18f4620.asm
                    FSR0L   0x000fe9       data     extern E:\3.46\pic18-lt\cxx-framework\src\traditional\proc\p18f4620.asm
                     FSR1   0x000fe1       data     extern E:\3.46\pic18-lt\cxx-framework\src\traditional\proc\p18f4620.asm
                    FSR1H   0x000fe2       data     extern E:\3.46\pic18-lt\cxx-framework\src\traditional\proc\p18f4620.asm
                    FSR1L   0x000fe1       data     extern E:\3.46\pic18-lt\cxx-framework\src\traditional\proc\p18f4620.asm
                     FSR2   0x000fd9       data     extern E:\3.46\pic18-lt\cxx-framework\src\traditional\proc\p18f4620.asm
                    FSR2H   0x000fda       data     extern E:\3.46\pic18-lt\cxx-framework\src\traditional\proc\p18f4620.asm
                    FSR2L   0x000fd9       data     extern E:\3.46\pic18-lt\cxx-framework\src\traditional\proc\p18f4620.asm
                  HLVDCON   0x000fd2       data     extern E:\3.46\pic18-lt\cxx-framework\src\traditional\proc\p18f4620.asm
              HLVDCONbits   0x000fd2       data     extern E:\3.46\pic18-lt\cxx-framework\src\traditional\proc\p18f4620.asm
                    INDF0   0x000fef       data     extern E:\3.46\pic18-lt\cxx-framework\src\traditional\proc\p18f4620.asm
                    INDF1   0x000fe7       data     extern E:\3.46\pic18-lt\cxx-framework\src\traditional\proc\p18f4620.asm
                    INDF2   0x000fdf       data     extern E:\3.46\pic18-lt\cxx-framework\src\traditional\proc\p18f4620.asm
                   INTCON   0x000ff2       data     extern E:\3.46\pic18-lt\cxx-framework\src\traditional\proc\p18f4620.asm
                  INTCON2   0x000ff1       data     extern E:\3.46\pic18-lt\cxx-framework\src\traditional\proc\p18f4620.asm
              INTCON2bits   0x000ff1       data     extern E:\3.46\pic18-lt\cxx-framework\src\traditional\proc\p18f4620.asm
                  INTCON3   0x000ff0       data     extern E:\3.46\pic18-lt\cxx-framework\src\traditional\proc\p18f4620.asm
              INTCON3bits   0x000ff0       data     extern E:\3.46\pic18-lt\cxx-framework\src\traditional\proc\p18f4620.asm
               INTCONbits   0x000ff2       data     extern E:\3.46\pic18-lt\cxx-framework\src\traditional\proc\p18f4620.asm
                     IPR1   0x000f9f       data     extern E:\3.46\pic18-lt\cxx-framework\src\traditional\proc\p18f4620.asm
                 IPR1bits   0x000f9f       data     extern E:\3.46\pic18-lt\cxx-framework\src\traditional\proc\p18f4620.asm
                     IPR2   0x000fa2       data     extern E:\3.46\pic18-lt\cxx-framework\src\traditional\proc\p18f4620.asm
                 IPR2bits   0x000fa2       data     extern E:\3.46\pic18-lt\cxx-framework\src\traditional\proc\p18f4620.asm
                     LATA   0x000f89       data     extern E:\3.46\pic18-lt\cxx-framework\src\traditional\proc\p18f4620.asm
                 LATAbits   0x000f89       data     extern E:\3.46\pic18-lt\cxx-framework\src\traditional\proc\p18f4620.asm
                     LATB   0x000f8a       data     extern E:\3.46\pic18-lt\cxx-framework\src\traditional\proc\p18f4620.asm
                 LATBbits   0x000f8a       data     extern E:\3.46\pic18-lt\cxx-framework\src\traditional\proc\p18f4620.asm
                     LATC   0x000f8b       data     extern E:\3.46\pic18-lt\cxx-framework\src\traditional\proc\p18f4620.asm
                 LATCbits   0x000f8b       data     extern E:\3.46\pic18-lt\cxx-framework\src\traditional\proc\p18f4620.asm
                     LATD   0x000f8c       data     extern E:\3.46\pic18-lt\cxx-framework\src\traditional\proc\p18f4620.asm
                 LATDbits   0x000f8c       data     extern E:\3.46\pic18-lt\cxx-framework\src\traditional\proc\p18f4620.asm
                     LATE   0x000f8d       data     extern E:\3.46\pic18-lt\cxx-framework\src\traditional\proc\p18f4620.asm
                 LATEbits   0x000f8d       data     extern E:\3.46\pic18-lt\cxx-framework\src\traditional\proc\p18f4620.asm
                   LVDCON   0x000fd2       data     extern E:\3.46\pic18-lt\cxx-framework\src\traditional\proc\p18f4620.asm
               LVDCONbits   0x000fd2       data     extern E:\3.46\pic18-lt\cxx-framework\src\traditional\proc\p18f4620.asm
                LcdScreen   0x0000c1       data     extern C:\Users\PC\Desktop\Digital Clock\lcd\lcd.c
                   OSCCON   0x000fd3       data     extern E:\3.46\pic18-lt\cxx-framework\src\traditional\proc\p18f4620.asm
               OSCCONbits   0x000fd3       data     extern E:\3.46\pic18-lt\cxx-framework\src\traditional\proc\p18f4620.asm
                  OSCTUNE   0x000f9b       data     extern E:\3.46\pic18-lt\cxx-framework\src\traditional\proc\p18f4620.asm
              OSCTUNEbits   0x000f9b       data     extern E:\3.46\pic18-lt\cxx-framework\src\traditional\proc\p18f4620.asm
                       PC   0x000ff9       data     extern E:\3.46\pic18-lt\cxx-framework\src\traditional\proc\p18f4620.asm
                      PCL   0x000ff9       data     extern E:\3.46\pic18-lt\cxx-framework\src\traditional\proc\p18f4620.asm
                   PCLATH   0x000ffa       data     extern E:\3.46\pic18-lt\cxx-framework\src\traditional\proc\p18f4620.asm
                   PCLATU   0x000ffb       data     extern E:\3.46\pic18-lt\cxx-framework\src\traditional\proc\p18f4620.asm
                     PIE1   0x000f9d       data     extern E:\3.46\pic18-lt\cxx-framework\src\traditional\proc\p18f4620.asm
                 PIE1bits   0x000f9d       data     extern E:\3.46\pic18-lt\cxx-framework\src\traditional\proc\p18f4620.asm
                     PIE2   0x000fa0       data     extern E:\3.46\pic18-lt\cxx-framework\src\traditional\proc\p18f4620.asm
                 PIE2bits   0x000fa0       data     extern E:\3.46\pic18-lt\cxx-framework\src\traditional\proc\p18f4620.asm
                     PIR1   0x000f9e       data     extern E:\3.46\pic18-lt\cxx-framework\src\traditional\proc\p18f4620.asm
                 PIR1bits   0x000f9e       data     extern E:\3.46\pic18-lt\cxx-framework\src\traditional\proc\p18f4620.asm
                     PIR2   0x000fa1       data     extern E:\3.46\pic18-lt\cxx-framework\src\traditional\proc\p18f4620.asm
                 PIR2bits   0x000fa1       data     extern E:\3.46\pic18-lt\cxx-framework\src\traditional\proc\p18f4620.asm
                   PLUSW0   0x000feb       data     extern E:\3.46\pic18-lt\cxx-framework\src\traditional\proc\p18f4620.asm
                   PLUSW1   0x000fe3       data     extern E:\3.46\pic18-lt\cxx-framework\src\traditional\proc\p18f4620.asm
                   PLUSW2   0x000fdb       data     extern E:\3.46\pic18-lt\cxx-framework\src\traditional\proc\p18f4620.asm
                    PORTA   0x000f80       data     extern E:\3.46\pic18-lt\cxx-framework\src\traditional\proc\p18f4620.asm
                PORTAbits   0x000f80       data     extern E:\3.46\pic18-lt\cxx-framework\src\traditional\proc\p18f4620.asm
                    PORTB   0x000f81       data     extern E:\3.46\pic18-lt\cxx-framework\src\traditional\proc\p18f4620.asm
                PORTBbits   0x000f81       data     extern E:\3.46\pic18-lt\cxx-framework\src\traditional\proc\p18f4620.asm
                    PORTC   0x000f82       data     extern E:\3.46\pic18-lt\cxx-framework\src\traditional\proc\p18f4620.asm
                PORTCbits   0x000f82       data     extern E:\3.46\pic18-lt\cxx-framework\src\traditional\proc\p18f4620.asm
                    PORTD   0x000f83       data     extern E:\3.46\pic18-lt\cxx-framework\src\traditional\proc\p18f4620.asm
                PORTDbits   0x000f83       data     extern E:\3.46\pic18-lt\cxx-framework\src\traditional\proc\p18f4620.asm
                    PORTE   0x000f84       data     extern E:\3.46\pic18-lt\cxx-framework\src\traditional\proc\p18f4620.asm
                PORTEbits   0x000f84       data     extern E:\3.46\pic18-lt\cxx-framework\src\traditional\proc\p18f4620.asm
                 POSTDEC0   0x000fed       data     extern E:\3.46\pic18-lt\cxx-framework\src\traditional\proc\p18f4620.asm
                 POSTDEC1   0x000fe5       data     extern E:\3.46\pic18-lt\cxx-framework\src\traditional\proc\p18f4620.asm
                 POSTDEC2   0x000fdd       data     extern E:\3.46\pic18-lt\cxx-framework\src\traditional\proc\p18f4620.asm
                 POSTINC0   0x000fee       data     extern E:\3.46\pic18-lt\cxx-framework\src\traditional\proc\p18f4620.asm
                 POSTINC1   0x000fe6       data     extern E:\3.46\pic18-lt\cxx-framework\src\traditional\proc\p18f4620.asm
                 POSTINC2   0x000fde       data     extern E:\3.46\pic18-lt\cxx-framework\src\traditional\proc\p18f4620.asm
                      PR2   0x000fcb       data     extern E:\3.46\pic18-lt\cxx-framework\src\traditional\proc\p18f4620.asm
                  PREINC0   0x000fec       data     extern E:\3.46\pic18-lt\cxx-framework\src\traditional\proc\p18f4620.asm
                  PREINC1   0x000fe4       data     extern E:\3.46\pic18-lt\cxx-framework\src\traditional\proc\p18f4620.asm
                  PREINC2   0x000fdc       data     extern E:\3.46\pic18-lt\cxx-framework\src\traditional\proc\p18f4620.asm
                     PROD   0x000ff3       data     extern E:\3.46\pic18-lt\cxx-framework\src\traditional\proc\p18f4620.asm
                    PRODH   0x000ff4       data     extern E:\3.46\pic18-lt\cxx-framework\src\traditional\proc\p18f4620.asm
                    PRODL   0x000ff3       data     extern E:\3.46\pic18-lt\cxx-framework\src\traditional\proc\p18f4620.asm
                  PWM1CON   0x000fb7       data     extern E:\3.46\pic18-lt\cxx-framework\src\traditional\proc\p18f4620.asm
              PWM1CONbits   0x000fb7       data     extern E:\3.46\pic18-lt\cxx-framework\src\traditional\proc\p18f4620.asm
                     RCON   0x000fd0       data     extern E:\3.46\pic18-lt\cxx-framework\src\traditional\proc\p18f4620.asm
                 RCONbits   0x000fd0       data     extern E:\3.46\pic18-lt\cxx-framework\src\traditional\proc\p18f4620.asm
                    RCREG   0x000fae       data     extern E:\3.46\pic18-lt\cxx-framework\src\traditional\proc\p18f4620.asm
                    RCSTA   0x000fab       data     extern E:\3.46\pic18-lt\cxx-framework\src\traditional\proc\p18f4620.asm
                RCSTAbits   0x000fab       data     extern E:\3.46\pic18-lt\cxx-framework\src\traditional\proc\p18f4620.asm
                     SIGN   0x000000       data     extern E:\3.46\pic18-lt\cxx-framework\src\traditional\math\cmath18.asm
                    SPBRG   0x000faf       data     extern E:\3.46\pic18-lt\cxx-framework\src\traditional\proc\p18f4620.asm
                   SPBRGH   0x000fb0       data     extern E:\3.46\pic18-lt\cxx-framework\src\traditional\proc\p18f4620.asm
                   SSPADD   0x000fc8       data     extern E:\3.46\pic18-lt\cxx-framework\src\traditional\proc\p18f4620.asm
                   SSPBUF   0x000fc9       data     extern E:\3.46\pic18-lt\cxx-framework\src\traditional\proc\p18f4620.asm
                  SSPCON1   0x000fc6       data     extern E:\3.46\pic18-lt\cxx-framework\src\traditional\proc\p18f4620.asm
              SSPCON1bits   0x000fc6       data     extern E:\3.46\pic18-lt\cxx-framework\src\traditional\proc\p18f4620.asm
                  SSPCON2   0x000fc5       data     extern E:\3.46\pic18-lt\cxx-framework\src\traditional\proc\p18f4620.asm
              SSPCON2bits   0x000fc5       data     extern E:\3.46\pic18-lt\cxx-framework\src\traditional\proc\p18f4620.asm
                  SSPSTAT   0x000fc7       data     extern E:\3.46\pic18-lt\cxx-framework\src\traditional\proc\p18f4620.asm
              SSPSTATbits   0x000fc7       data     extern E:\3.46\pic18-lt\cxx-framework\src\traditional\proc\p18f4620.asm
                   STATUS   0x000fd8       data     extern E:\3.46\pic18-lt\cxx-framework\src\traditional\proc\p18f4620.asm
               STATUSbits   0x000fd8       data     extern E:\3.46\pic18-lt\cxx-framework\src\traditional\proc\p18f4620.asm
                   STKPTR   0x000ffc       data     extern E:\3.46\pic18-lt\cxx-framework\src\traditional\proc\p18f4620.asm
               STKPTRbits   0x000ffc       data     extern E:\3.46\pic18-lt\cxx-framework\src\traditional\proc\p18f4620.asm
                    T0CON   0x000fd5       data     extern E:\3.46\pic18-lt\cxx-framework\src\traditional\proc\p18f4620.asm
                T0CONbits   0x000fd5       data     extern E:\3.46\pic18-lt\cxx-framework\src\traditional\proc\p18f4620.asm
                    T1CON   0x000fcd       data     extern E:\3.46\pic18-lt\cxx-framework\src\traditional\proc\p18f4620.asm
                T1CONbits   0x000fcd       data     extern E:\3.46\pic18-lt\cxx-framework\src\traditional\proc\p18f4620.asm
                    T2CON   0x000fca       data     extern E:\3.46\pic18-lt\cxx-framework\src\traditional\proc\p18f4620.asm
                T2CONbits   0x000fca       data     extern E:\3.46\pic18-lt\cxx-framework\src\traditional\proc\p18f4620.asm
                    T3CON   0x000fb1       data     extern E:\3.46\pic18-lt\cxx-framework\src\traditional\proc\p18f4620.asm
                T3CONbits   0x000fb1       data     extern E:\3.46\pic18-lt\cxx-framework\src\traditional\proc\p18f4620.asm
                   TABLAT   0x000ff5       data     extern E:\3.46\pic18-lt\cxx-framework\src\traditional\proc\p18f4620.asm
                   TBLPTR   0x000ff6       data     extern E:\3.46\pic18-lt\cxx-framework\src\traditional\proc\p18f4620.asm
                  TBLPTRH   0x000ff7       data     extern E:\3.46\pic18-lt\cxx-framework\src\traditional\proc\p18f4620.asm
                  TBLPTRL   0x000ff6       data     extern E:\3.46\pic18-lt\cxx-framework\src\traditional\proc\p18f4620.asm
                  TBLPTRU   0x000ff8       data     extern E:\3.46\pic18-lt\cxx-framework\src\traditional\proc\p18f4620.asm
                    TMR0H   0x000fd7       data     extern E:\3.46\pic18-lt\cxx-framework\src\traditional\proc\p18f4620.asm
                    TMR0L   0x000fd6       data     extern E:\3.46\pic18-lt\cxx-framework\src\traditional\proc\p18f4620.asm
                    TMR1H   0x000fcf       data     extern E:\3.46\pic18-lt\cxx-framework\src\traditional\proc\p18f4620.asm
                    TMR1L   0x000fce       data     extern E:\3.46\pic18-lt\cxx-framework\src\traditional\proc\p18f4620.asm
                     TMR2   0x000fcc       data     extern E:\3.46\pic18-lt\cxx-framework\src\traditional\proc\p18f4620.asm
                    TMR3H   0x000fb3       data     extern E:\3.46\pic18-lt\cxx-framework\src\traditional\proc\p18f4620.asm
                    TMR3L   0x000fb2       data     extern E:\3.46\pic18-lt\cxx-framework\src\traditional\proc\p18f4620.asm
                      TOS   0x000ffd       data     extern E:\3.46\pic18-lt\cxx-framework\src\traditional\proc\p18f4620.asm
                     TOSH   0x000ffe       data     extern E:\3.46\pic18-lt\cxx-framework\src\traditional\proc\p18f4620.asm
                     TOSL   0x000ffd       data     extern E:\3.46\pic18-lt\cxx-framework\src\traditional\proc\p18f4620.asm
                     TOSU   0x000fff       data     extern E:\3.46\pic18-lt\cxx-framework\src\traditional\proc\p18f4620.asm
                    TRISA   0x000f92       data     extern E:\3.46\pic18-lt\cxx-framework\src\traditional\proc\p18f4620.asm
                TRISAbits   0x000f92       data     extern E:\3.46\pic18-lt\cxx-framework\src\traditional\proc\p18f4620.asm
                    TRISB   0x000f93       data     extern E:\3.46\pic18-lt\cxx-framework\src\traditional\proc\p18f4620.asm
                TRISBbits   0x000f93       data     extern E:\3.46\pic18-lt\cxx-framework\src\traditional\proc\p18f4620.asm
                    TRISC   0x000f94       data     extern E:\3.46\pic18-lt\cxx-framework\src\traditional\proc\p18f4620.asm
                TRISCbits   0x000f94       data     extern E:\3.46\pic18-lt\cxx-framework\src\traditional\proc\p18f4620.asm
                    TRISD   0x000f95       data     extern E:\3.46\pic18-lt\cxx-framework\src\traditional\proc\p18f4620.asm
                TRISDbits   0x000f95       data     extern E:\3.46\pic18-lt\cxx-framework\src\traditional\proc\p18f4620.asm
                    TRISE   0x000f96       data     extern E:\3.46\pic18-lt\cxx-framework\src\traditional\proc\p18f4620.asm
                TRISEbits   0x000f96       data     extern E:\3.46\pic18-lt\cxx-framework\src\traditional\proc\p18f4620.asm
                    TXREG   0x000fad       data     extern E:\3.46\pic18-lt\cxx-framework\src\traditional\proc\p18f4620.asm
                    TXSTA   0x000fac       data     extern E:\3.46\pic18-lt\cxx-framework\src\traditional\proc\p18f4620.asm
                TXSTAbits   0x000fac       data     extern E:\3.46\pic18-lt\cxx-framework\src\traditional\proc\p18f4620.asm
                 UserFont   0x000080       data     extern C:\Users\PC\Desktop\Digital Clock\lcd\lcd.c
                        W   0x000fe8       data     extern E:\3.46\pic18-lt\cxx-framework\src\traditional\proc\p18f4620.asm
                   WDTCON   0x000fd1       data     extern E:\3.46\pic18-lt\cxx-framework\src\traditional\proc\p18f4620.asm
               WDTCONbits   0x000fd1       data     extern E:\3.46\pic18-lt\cxx-framework\src\traditional\proc\p18f4620.asm
                     WREG   0x000fe8       data     extern E:\3.46\pic18-lt\cxx-framework\src\traditional\proc\p18f4620.asm
                 __AARGB0   0x000009       data     extern E:\3.46\pic18-lt\cxx-framework\src\traditional\math\aarg.asm
                 __AARGB1   0x000008       data     extern E:\3.46\pic18-lt\cxx-framework\src\traditional\math\aarg.asm
                 __AARGB2   0x000007       data     extern E:\3.46\pic18-lt\cxx-framework\src\traditional\math\aarg.asm
                 __AARGB3   0x000006       data     extern E:\3.46\pic18-lt\cxx-framework\src\traditional\math\aarg.asm
                 __AARGB4   0x000005       data     extern E:\3.46\pic18-lt\cxx-framework\src\traditional\math\aarg.asm
                 __AARGB5   0x000004       data     extern E:\3.46\pic18-lt\cxx-framework\src\traditional\math\aarg.asm
                 __AARGB6   0x000003       data     extern E:\3.46\pic18-lt\cxx-framework\src\traditional\math\aarg.asm
                 __AARGB7   0x000002       data     extern E:\3.46\pic18-lt\cxx-framework\src\traditional\math\aarg.asm
                   __AEXP   0x00000a       data     extern E:\3.46\pic18-lt\cxx-framework\src\traditional\math\aarg.asm
                 __BARGB0   0x00000e       data     extern E:\3.46\pic18-lt\cxx-framework\src\traditional\math\barg.asm
                 __BARGB1   0x00000d       data     extern E:\3.46\pic18-lt\cxx-framework\src\traditional\math\barg.asm
                 __BARGB2   0x00000c       data     extern E:\3.46\pic18-lt\cxx-framework\src\traditional\math\barg.asm
                 __BARGB3   0x00000b       data     extern E:\3.46\pic18-lt\cxx-framework\src\traditional\math\barg.asm
                   __BEXP   0x00000f       data     extern E:\3.46\pic18-lt\cxx-framework\src\traditional\math\barg.asm
                __FPFLAGS   0x000001       data     extern E:\3.46\pic18-lt\cxx-framework\src\traditional\math\cmath18.asm
            __FPFLAGSbits   0x000001       data     extern E:\3.46\pic18-lt\cxx-framework\src\traditional\math\cmath18.asm
                  __REMB0   0x000005       data     extern E:\3.46\pic18-lt\cxx-framework\src\traditional\math\aarg.asm
                  __REMB1   0x000004       data     extern E:\3.46\pic18-lt\cxx-framework\src\traditional\math\aarg.asm
                  __REMB2   0x000003       data     extern E:\3.46\pic18-lt\cxx-framework\src\traditional\math\aarg.asm
                  __REMB3   0x000002       data     extern E:\3.46\pic18-lt\cxx-framework\src\traditional\math\aarg.asm
                   __TEMP   0x000013       data     extern E:\3.46\pic18-lt\cxx-framework\src\traditional\math\temparg.asm
                 __TEMPB0   0x000013       data     extern E:\3.46\pic18-lt\cxx-framework\src\traditional\math\temparg.asm
                 __TEMPB1   0x000012       data     extern E:\3.46\pic18-lt\cxx-framework\src\traditional\math\temparg.asm
                 __TEMPB2   0x000011       data     extern E:\3.46\pic18-lt\cxx-framework\src\traditional\math\temparg.asm
                 __TEMPB3   0x000010       data     extern E:\3.46\pic18-lt\cxx-framework\src\traditional\math\temparg.asm
                  __tmp_0   0x000014       data     static E:\3.46\pic18-lt\cxx-framework\src\traditional\stdclib\vfprintf.c
                  __tmp_0   0x000014       data     static E:\3.46\pic18-lt\cxx-framework\src\traditional\stdclib\sprintf.c
                  __tmp_0   0x000014       data     static E:\3.46\pic18-lt\cxx-framework\src\traditional\stdclib\putc.c
                  __tmp_0   0x000014       data     static C:\Users\PC\Desktop\Digital Clock\button_matrix\button.c
                  __tmp_0   0x000014       data     static C:\Users\PC\Desktop\Digital Clock\lcd\lcd.c
                  __tmp_0   0x000014       data     static C:\Users\PC\Desktop\Digital Clock\timer\timer.c
                  __tmp_0   0x000014       data     static C:\Users\PC\Desktop\Digital Clock\i2c\i2c.c
                  __tmp_0   0x000014       data     static C:\Users\PC\Desktop\Digital Clock\main.c
                  __tmp_0   0x000014       data     static C:\Users\PC\Desktop\Digital Clock\menu\menu.c
                  __tmp_0   0x000014       data     static C:\Users\PC\Desktop\Digital Clock\uart\uart.c
                  ack_bit   0x000181       data     extern C:\Users\PC\Desktop\Digital Clock\i2c\i2c.c
                 ack_flag   0x0000f9       data     extern C:\Users\PC\Desktop\Digital Clock\i2c\i2c.c
      arrayMaskInputOfKey   0x000f6a       data     extern C:\Users\PC\Desktop\Digital Clock\button_matrix\button.c
     arrayMaskOutputOfKey   0x000f66       data     extern C:\Users\PC\Desktop\Digital Clock\button_matrix\button.c
                 bitAlarm   0x00016d       data     extern C:\Users\PC\Desktop\Digital Clock\main.c
                bitEnable   0x000172       data     extern C:\Users\PC\Desktop\Digital Clock\main.c
                 byte_num   0x0000e2       data     extern C:\Users\PC\Desktop\Digital Clock\i2c\i2c.c
             centi_second   0x000f79       data     extern C:\Users\PC\Desktop\Digital Clock\menu\menu.c
                cmd_state   0x000f72       data     extern C:\Users\PC\Desktop\Digital Clock\menu\menu.c
                     cnt0   0x000f7c       data     extern C:\Users\PC\Desktop\Digital Clock\interrupt\interrupt.c
                     cnt1   0x000f7e       data     extern C:\Users\PC\Desktop\Digital Clock\interrupt\interrupt.c
            console_state   0x000f7a       data     extern C:\Users\PC\Desktop\Digital Clock\menu\menu.c
                curr_byte   0x000177       data     static E:\3.46\pic18-lt\cxx-framework\src\traditional\startup\c018i.c
               curr_entry   0x000179       data     static E:\3.46\pic18-lt\cxx-framework\src\traditional\startup\c018i.c
              current_col   0x0000fe       data     extern C:\Users\PC\Desktop\Digital Clock\lcd\lcd.c
              current_row   0x0000fc       data     extern C:\Users\PC\Desktop\Digital Clock\lcd\lcd.c
              dataReceive   0x000100       data     extern C:\Users\PC\Desktop\Digital Clock\uart\uart.c
                 data_ptr   0x00017b       data     static E:\3.46\pic18-lt\cxx-framework\src\traditional\startup\c018i.c
                     date   0x000165       data     extern C:\Users\PC\Desktop\Digital Clock\main.c
                      day   0x000164       data     extern C:\Users\PC\Desktop\Digital Clock\main.c
                flagAlarm   0x000171       data     extern C:\Users\PC\Desktop\Digital Clock\main.c
                flag_read   0x0000e1       data     extern C:\Users\PC\Desktop\Digital Clock\i2c\i2c.c
              flag_timer0   0x000149       data     extern C:\Users\PC\Desktop\Digital Clock\timer\timer.c
              flag_timer1   0x00014a       data     extern C:\Users\PC\Desktop\Digital Clock\timer\timer.c
              flag_timer2   0x00014b       data     extern C:\Users\PC\Desktop\Digital Clock\timer\timer.c
              flag_timer3   0x00014c       data     extern C:\Users\PC\Desktop\Digital Clock\timer\timer.c
                     hour   0x000163       data     extern C:\Users\PC\Desktop\Digital Clock\main.c
                hourAlarm   0x00016b       data     extern C:\Users\PC\Desktop\Digital Clock\main.c
                  hour_st   0x000f76       data     extern C:\Users\PC\Desktop\Digital Clock\menu\menu.c
                   hour_t   0x000f00       data     extern C:\Users\PC\Desktop\Digital Clock\menu\menu.c
                 i2c_data   0x0000fb       data     extern C:\Users\PC\Desktop\Digital Clock\i2c\i2c.c
                index_add   0x0000e3       data     extern C:\Users\PC\Desktop\Digital Clock\i2c\i2c.c
                 key_code   0x000f46       data     extern C:\Users\PC\Desktop\Digital Clock\button_matrix\button.c
               last_state   0x000f70       data     extern C:\Users\PC\Desktop\Digital Clock\menu\menu.c
                   minute   0x000162       data     extern C:\Users\PC\Desktop\Digital Clock\main.c
              minuteAlarm   0x00016c       data     extern C:\Users\PC\Desktop\Digital Clock\main.c
                minute_st   0x000f77       data     extern C:\Users\PC\Desktop\Digital Clock\menu\menu.c
                 minute_t   0x000f01       data     extern C:\Users\PC\Desktop\Digital Clock\menu\menu.c
                    month   0x000166       data     extern C:\Users\PC\Desktop\Digital Clock\main.c
                      msg   0x000f06       data     extern C:\Users\PC\Desktop\Digital Clock\menu\menu.c
                     prom   0x000174       data     static E:\3.46\pic18-lt\cxx-framework\src\traditional\startup\c018i.c
                  readIdx   0x00017f       data     extern C:\Users\PC\Desktop\Digital Clock\uart\uart.c
                read_data   0x0000ef       data     extern C:\Users\PC\Desktop\Digital Clock\i2c\i2c.c
             receive_data   0x0000fa       data     extern C:\Users\PC\Desktop\Digital Clock\i2c\i2c.c
             receive_flag   0x0000f8       data     extern C:\Users\PC\Desktop\Digital Clock\i2c\i2c.c
                 recvBuff   0x000101       data     extern C:\Users\PC\Desktop\Digital Clock\uart\uart.c
             recvDataFlag   0x000180       data     extern C:\Users\PC\Desktop\Digital Clock\uart\uart.c
               returnFlag   0x000f74       data     extern C:\Users\PC\Desktop\Digital Clock\menu\menu.c
       run_stopwatch_flag   0x000f75       data     extern C:\Users\PC\Desktop\Digital Clock\menu\menu.c
                   second   0x000161       data     extern C:\Users\PC\Desktop\Digital Clock\main.c
                second_st   0x000f78       data     extern C:\Users\PC\Desktop\Digital Clock\menu\menu.c
                 second_t   0x000f02       data     extern C:\Users\PC\Desktop\Digital Clock\menu\menu.c
                   status   0x000f6e       data     extern C:\Users\PC\Desktop\Digital Clock\menu\menu.c
              statusAlarm   0x00016a       data     extern C:\Users\PC\Desktop\Digital Clock\main.c
                statusLCD   0x0000c0       data     extern C:\Users\PC\Desktop\Digital Clock\lcd\lcd.c
         statusSetUpAlarm   0x000168       data     extern C:\Users\PC\Desktop\Digital Clock\main.c
          statusSetUpTime   0x000169       data     extern C:\Users\PC\Desktop\Digital Clock\main.c
                    temp1   0x000f03       data     extern C:\Users\PC\Desktop\Digital Clock\menu\menu.c
                    temp2   0x000f04       data     extern C:\Users\PC\Desktop\Digital Clock\menu\menu.c
                time0_MUL   0x000159       data     extern C:\Users\PC\Desktop\Digital Clock\timer\timer.c
                time1_MUL   0x00015b       data     extern C:\Users\PC\Desktop\Digital Clock\timer\timer.c
                time2_MUL   0x00015d       data     extern C:\Users\PC\Desktop\Digital Clock\timer\timer.c
                time3_MUL   0x00015f       data     extern C:\Users\PC\Desktop\Digital Clock\timer\timer.c
                timeAlarm   0x00016f       data     extern C:\Users\PC\Desktop\Digital Clock\main.c
                timeBlink   0x000173       data     static C:\Users\PC\Desktop\Digital Clock\main.c
                timeBlink   0x00016e       data     extern C:\Users\PC\Desktop\Digital Clock\main.c
               timer0_cnt   0x000151       data     extern C:\Users\PC\Desktop\Digital Clock\timer\timer.c
             timer0_value   0x000141       data     extern C:\Users\PC\Desktop\Digital Clock\timer\timer.c
               timer1_cnt   0x000153       data     extern C:\Users\PC\Desktop\Digital Clock\timer\timer.c
             timer1_value   0x000143       data     extern C:\Users\PC\Desktop\Digital Clock\timer\timer.c
               timer2_cnt   0x000155       data     extern C:\Users\PC\Desktop\Digital Clock\timer\timer.c
             timer2_value   0x000145       data     extern C:\Users\PC\Desktop\Digital Clock\timer\timer.c
               timer3_cnt   0x000157       data     extern C:\Users\PC\Desktop\Digital Clock\timer\timer.c
              timer3_tick   0x000f05       data     extern C:\Users\PC\Desktop\Digital Clock\menu\menu.c
             timer3_value   0x000147       data     extern C:\Users\PC\Desktop\Digital Clock\timer\timer.c
                   v_cnt0   0x00014d       data     extern C:\Users\PC\Desktop\Digital Clock\timer\timer.c
                   v_cnt1   0x00014f       data     extern C:\Users\PC\Desktop\Digital Clock\timer\timer.c
                 writeIdx   0x00017e       data     extern C:\Users\PC\Desktop\Digital Clock\uart\uart.c
               write_data   0x0000e4       data     extern C:\Users\PC\Desktop\Digital Clock\i2c\i2c.c
                     year   0x000167       data     extern C:\Users\PC\Desktop\Digital Clock\main.c



                              Symbols - Sorted by Address
                     Name    Address   Location    Storage File                     
                ---------  ---------  ---------  --------- ---------                
                   _entry   0x000000    program     extern E:\3.46\pic18-lt\cxx-framework\src\traditional\startup\c018i.c
       ___return_lbl00000   0x000004    program     static                          
               _user_putc   0x000006    program     extern E:\3.46\pic18-lt\cxx-framework\src\traditional\stdclib\_user_putc.c
      InterruptVectorHigh   0x000008    program     extern C:\Users\PC\Desktop\Digital Clock\interrupt\interrupt.c
       ___return_lbl00003   0x00000c    program     static                          
                   __init   0x00000e    program     extern E:\3.46\pic18-lt\cxx-framework\src\traditional\stdclib\__init.c
       InterruptVectorLow   0x000018    program     extern C:\Users\PC\Desktop\Digital Clock\interrupt\interrupt.c
       ___return_lbl00002   0x00001c    program     static                          
                     main   0x000080    program     extern C:\Users\PC\Desktop\Digital Clock\main.c
                 delay_ms   0x0000ec    program     extern C:\Users\PC\Desktop\Digital Clock\main.c
              init_system   0x000174    program     extern C:\Users\PC\Desktop\Digital Clock\main.c
     SetupTimeForRealTime   0x0001f4    program     extern C:\Users\PC\Desktop\Digital Clock\main.c
     SetupForFirstProgram   0x000282    program     extern C:\Users\PC\Desktop\Digital Clock\main.c
       ReadDataFromDS1307   0x0002dc    program     extern C:\Users\PC\Desktop\Digital Clock\main.c
               BaiTap_I2C   0x000316    program     extern C:\Users\PC\Desktop\Digital Clock\main.c
              DisplayTime   0x0004aa    program     extern C:\Users\PC\Desktop\Digital Clock\main.c
         DisplayAlarmTime   0x0008b4    program     extern C:\Users\PC\Desktop\Digital Clock\main.c
                SetUpTime   0x000a4c    program     extern C:\Users\PC\Desktop\Digital Clock\main.c
               SetUpAlarm   0x000e5c    program     extern C:\Users\PC\Desktop\Digital Clock\main.c
             isButtonMode   0x001176    program     extern C:\Users\PC\Desktop\Digital Clock\main.c
         isButtonModeHold   0x001186    program     extern C:\Users\PC\Desktop\Digital Clock\main.c
            isButtonAlarm   0x001196    program     extern C:\Users\PC\Desktop\Digital Clock\main.c
        isButtonAlarmHold   0x0011a6    program     extern C:\Users\PC\Desktop\Digital Clock\main.c
         isButtonIncrease   0x0011b6    program     extern C:\Users\PC\Desktop\Digital Clock\main.c
[...]
                 DDRBbits   0x000f93       data     extern E:\3.46\pic18-lt\cxx-framework\src\traditional\proc\p18f4620.asm
                TRISBbits   0x000f93       data     extern E:\3.46\pic18-lt\cxx-framework\src\traditional\proc\p18f4620.asm
                    TRISB   0x000f93       data     extern E:\3.46\pic18-lt\cxx-framework\src\traditional\proc\p18f4620.asm
                     DDRC   0x000f94       data     extern E:\3.46\pic18-lt\cxx-framework\src\traditional\proc\p18f4620.asm
                 DDRCbits   0x000f94       data     extern E:\3.46\pic18-lt\cxx-framework\src\traditional\proc\p18f4620.asm
                TRISCbits   0x000f94       data     extern E:\3.46\pic18-lt\cxx-framework\src\traditional\proc\p18f4620.asm
                    TRISC   0x000f94       data     extern E:\3.46\pic18-lt\cxx-framework\src\traditional\proc\p18f4620.asm
                 DDRDbits   0x000f95       data     extern E:\3.46\pic18-lt\cxx-framework\src\traditional\proc\p18f4620.asm
                     DDRD   0x000f95       data     extern E:\3.46\pic18-lt\cxx-framework\src\traditional\proc\p18f4620.asm
                TRISDbits   0x000f95       data     extern E:\3.46\pic18-lt\cxx-framework\src\traditional\proc\p18f4620.asm
                    TRISD   0x000f95       data     extern E:\3.46\pic18-lt\cxx-framework\src\traditional\proc\p18f4620.asm
                 DDREbits   0x000f96       data     extern E:\3.46\pic18-lt\cxx-framework\src\traditional\proc\p18f4620.asm
                     DDRE   0x000f96       data     extern E:\3.46\pic18-lt\cxx-framework\src\traditional\proc\p18f4620.asm
                    TRISE   0x000f96       data     extern E:\3.46\pic18-lt\cxx-framework\src\traditional\proc\p18f4620.asm
                TRISEbits   0x000f96       data     extern E:\3.46\pic18-lt\cxx-framework\src\traditional\proc\p18f4620.asm
              OSCTUNEbits   0x000f9b       data     extern E:\3.46\pic18-lt\cxx-framework\src\traditional\proc\p18f4620.asm
                  OSCTUNE   0x000f9b       data     extern E:\3.46\pic18-lt\cxx-framework\src\traditional\proc\p18f4620.asm
                 PIE1bits   0x000f9d       data     extern E:\3.46\pic18-lt\cxx-framework\src\traditional\proc\p18f4620.asm
                     PIE1   0x000f9d       data     extern E:\3.46\pic18-lt\cxx-framework\src\traditional\proc\p18f4620.asm
                     PIR1   0x000f9e       data     extern E:\3.46\pic18-lt\cxx-framework\src\traditional\proc\p18f4620.asm
                 PIR1bits   0x000f9e       data     extern E:\3.46\pic18-lt\cxx-framework\src\traditional\proc\p18f4620.asm
                 IPR1bits   0x000f9f       data     extern E:\3.46\pic18-lt\cxx-framework\src\traditional\proc\p18f4620.asm
                     IPR1   0x000f9f       data     extern E:\3.46\pic18-lt\cxx-framework\src\traditional\proc\p18f4620.asm
                     PIE2   0x000fa0       data     extern E:\3.46\pic18-lt\cxx-framework\src\traditional\proc\p18f4620.asm
                 PIE2bits   0x000fa0       data     extern E:\3.46\pic18-lt\cxx-framework\src\traditional\proc\p18f4620.asm
                 PIR2bits   0x000fa1       data     extern E:\3.46\pic18-lt\cxx-framework\src\traditional\proc\p18f4620.asm
                     PIR2   0x000fa1       data     extern E:\3.46\pic18-lt\cxx-framework\src\traditional\proc\p18f4620.asm
                 IPR2bits   0x000fa2       data     extern E:\3.46\pic18-lt\cxx-framework\src\traditional\proc\p18f4620.asm
                     IPR2   0x000fa2       data     extern E:\3.46\pic18-lt\cxx-framework\src\traditional\proc\p18f4620.asm
                   EECON1   0x000fa6       data     extern E:\3.46\pic18-lt\cxx-framework\src\traditional\proc\p18f4620.asm
               EECON1bits   0x000fa6       data     extern E:\3.46\pic18-lt\cxx-framework\src\traditional\proc\p18f4620.asm
                   EECON2   0x000fa7       data     extern E:\3.46\pic18-lt\cxx-framework\src\traditional\proc\p18f4620.asm
                   EEDATA   0x000fa8       data     extern E:\3.46\pic18-lt\cxx-framework\src\traditional\proc\p18f4620.asm
                    EEADR   0x000fa9       data     extern E:\3.46\pic18-lt\cxx-framework\src\traditional\proc\p18f4620.asm
                   EEADRH   0x000faa       data     extern E:\3.46\pic18-lt\cxx-framework\src\traditional\proc\p18f4620.asm
                    RCSTA   0x000fab       data     extern E:\3.46\pic18-lt\cxx-framework\src\traditional\proc\p18f4620.asm
                RCSTAbits   0x000fab       data     extern E:\3.46\pic18-lt\cxx-framework\src\traditional\proc\p18f4620.asm
                TXSTAbits   0x000fac       data     extern E:\3.46\pic18-lt\cxx-framework\src\traditional\proc\p18f4620.asm
                    TXSTA   0x000fac       data     extern E:\3.46\pic18-lt\cxx-framework\src\traditional\proc\p18f4620.asm
                    TXREG   0x000fad       data     extern E:\3.46\pic18-lt\cxx-framework\src\traditional\proc\p18f4620.asm
                    RCREG   0x000fae       data     extern E:\3.46\pic18-lt\cxx-framework\src\traditional\proc\p18f4620.asm
                    SPBRG   0x000faf       data     extern E:\3.46\pic18-lt\cxx-framework\src\traditional\proc\p18f4620.asm
                   SPBRGH   0x000fb0       data     extern E:\3.46\pic18-lt\cxx-framework\src\traditional\proc\p18f4620.asm
                T3CONbits   0x000fb1       data     extern E:\3.46\pic18-lt\cxx-framework\src\traditional\proc\p18f4620.asm
                    T3CON   0x000fb1       data     extern E:\3.46\pic18-lt\cxx-framework\src\traditional\proc\p18f4620.asm
                    TMR3L   0x000fb2       data     extern E:\3.46\pic18-lt\cxx-framework\src\traditional\proc\p18f4620.asm
                    TMR3H   0x000fb3       data     extern E:\3.46\pic18-lt\cxx-framework\src\traditional\proc\p18f4620.asm
                CMCONbits   0x000fb4       data     extern E:\3.46\pic18-lt\cxx-framework\src\traditional\proc\p18f4620.asm
                    CMCON   0x000fb4       data     extern E:\3.46\pic18-lt\cxx-framework\src\traditional\proc\p18f4620.asm
               CVRCONbits   0x000fb5       data     extern E:\3.46\pic18-lt\cxx-framework\src\traditional\proc\p18f4620.asm
                   CVRCON   0x000fb5       data     extern E:\3.46\pic18-lt\cxx-framework\src\traditional\proc\p18f4620.asm
                  ECCP1AS   0x000fb6       data     extern E:\3.46\pic18-lt\cxx-framework\src\traditional\proc\p18f4620.asm
              ECCP1ASbits   0x000fb6       data     extern E:\3.46\pic18-lt\cxx-framework\src\traditional\proc\p18f4620.asm
                  PWM1CON   0x000fb7       data     extern E:\3.46\pic18-lt\cxx-framework\src\traditional\proc\p18f4620.asm
              PWM1CONbits   0x000fb7       data     extern E:\3.46\pic18-lt\cxx-framework\src\traditional\proc\p18f4620.asm
                  BAUDCON   0x000fb8       data     extern E:\3.46\pic18-lt\cxx-framework\src\traditional\proc\p18f4620.asm
              BAUDCONbits   0x000fb8       data     extern E:\3.46\pic18-lt\cxx-framework\src\traditional\proc\p18f4620.asm
                  BAUDCTL   0x000fb8       data     extern E:\3.46\pic18-lt\cxx-framework\src\traditional\proc\p18f4620.asm
              BAUDCTLbits   0x000fb8       data     extern E:\3.46\pic18-lt\cxx-framework\src\traditional\proc\p18f4620.asm
              CCP2CONbits   0x000fba       data     extern E:\3.46\pic18-lt\cxx-framework\src\traditional\proc\p18f4620.asm
                  CCP2CON   0x000fba       data     extern E:\3.46\pic18-lt\cxx-framework\src\traditional\proc\p18f4620.asm
                    CCPR2   0x000fbb       data     extern E:\3.46\pic18-lt\cxx-framework\src\traditional\proc\p18f4620.asm
                   CCPR2L   0x000fbb       data     extern E:\3.46\pic18-lt\cxx-framework\src\traditional\proc\p18f4620.asm
                   CCPR2H   0x000fbc       data     extern E:\3.46\pic18-lt\cxx-framework\src\traditional\proc\p18f4620.asm
              CCP1CONbits   0x000fbd       data     extern E:\3.46\pic18-lt\cxx-framework\src\traditional\proc\p18f4620.asm
                  CCP1CON   0x000fbd       data     extern E:\3.46\pic18-lt\cxx-framework\src\traditional\proc\p18f4620.asm
                    CCPR1   0x000fbe       data     extern E:\3.46\pic18-lt\cxx-framework\src\traditional\proc\p18f4620.asm
                   CCPR1L   0x000fbe       data     extern E:\3.46\pic18-lt\cxx-framework\src\traditional\proc\p18f4620.asm
                   CCPR1H   0x000fbf       data     extern E:\3.46\pic18-lt\cxx-framework\src\traditional\proc\p18f4620.asm
               ADCON2bits   0x000fc0       data     extern E:\3.46\pic18-lt\cxx-framework\src\traditional\proc\p18f4620.asm
                   ADCON2   0x000fc0       data     extern E:\3.46\pic18-lt\cxx-framework\src\traditional\proc\p18f4620.asm
               ADCON1bits   0x000fc1       data     extern E:\3.46\pic18-lt\cxx-framework\src\traditional\proc\p18f4620.asm
                   ADCON1   0x000fc1       data     extern E:\3.46\pic18-lt\cxx-framework\src\traditional\proc\p18f4620.asm
                   ADCON0   0x000fc2       data     extern E:\3.46\pic18-lt\cxx-framework\src\traditional\proc\p18f4620.asm
               ADCON0bits   0x000fc2       data     extern E:\3.46\pic18-lt\cxx-framework\src\traditional\proc\p18f4620.asm
                    ADRES   0x000fc3       data     extern E:\3.46\pic18-lt\cxx-framework\src\traditional\proc\p18f4620.asm
                   ADRESL   0x000fc3       data     extern E:\3.46\pic18-lt\cxx-framework\src\traditional\proc\p18f4620.asm
                   ADRESH   0x000fc4       data     extern E:\3.46\pic18-lt\cxx-framework\src\traditional\proc\p18f4620.asm
                  SSPCON2   0x000fc5       data     extern E:\3.46\pic18-lt\cxx-framework\src\traditional\proc\p18f4620.asm
              SSPCON2bits   0x000fc5       data     extern E:\3.46\pic18-lt\cxx-framework\src\traditional\proc\p18f4620.asm
                  SSPCON1   0x000fc6       data     extern E:\3.46\pic18-lt\cxx-framework\src\traditional\proc\p18f4620.asm
              SSPCON1bits   0x000fc6       data     extern E:\3.46\pic18-lt\cxx-framework\src\traditional\proc\p18f4620.asm
                  SSPSTAT   0x000fc7       data     extern E:\3.46\pic18-lt\cxx-framework\src\traditional\proc\p18f4620.asm
              SSPSTATbits   0x000fc7       data     extern E:\3.46\pic18-lt\cxx-framework\src\traditional\proc\p18f4620.asm
                   SSPADD   0x000fc8       data     extern E:\3.46\pic18-lt\cxx-framework\src\traditional\proc\p18f4620.asm
                   SSPBUF   0x000fc9       data     extern E:\3.46\pic18-lt\cxx-framework\src\traditional\proc\p18f4620.asm
                    T2CON   0x000fca       data     extern E:\3.46\pic18-lt\cxx-framework\src\traditional\proc\p18f4620.asm
                T2CONbits   0x000fca       data     extern E:\3.46\pic18-lt\cxx-framework\src\traditional\proc\p18f4620.asm
                      PR2   0x000fcb       data     extern E:\3.46\pic18-lt\cxx-framework\src\traditional\proc\p18f4620.asm
                     TMR2   0x000fcc       data     extern E:\3.46\pic18-lt\cxx-framework\src\traditional\proc\p18f4620.asm
                T1CONbits   0x000fcd       data     extern E:\3.46\pic18-lt\cxx-framework\src\traditional\proc\p18f4620.asm
                    T1CON   0x000fcd       data     extern E:\3.46\pic18-lt\cxx-framework\src\traditional\proc\p18f4620.asm
                    TMR1L   0x000fce       data     extern E:\3.46\pic18-lt\cxx-framework\src\traditional\proc\p18f4620.asm
                    TMR1H   0x000fcf       data     extern E:\3.46\pic18-lt\cxx-framework\src\traditional\proc\p18f4620.asm
                     RCON   0x000fd0       data     extern E:\3.46\pic18-lt\cxx-framework\src\traditional\proc\p18f4620.asm
                 RCONbits   0x000fd0       data     extern E:\3.46\pic18-lt\cxx-framework\src\traditional\proc\p18f4620.asm
               WDTCONbits   0x000fd1       data     extern E:\3.46\pic18-lt\cxx-framework\src\traditional\proc\p18f4620.asm
                   WDTCON   0x000fd1       data     extern E:\3.46\pic18-lt\cxx-framework\src\traditional\proc\p18f4620.asm
               LVDCONbits   0x000fd2       data     extern E:\3.46\pic18-lt\cxx-framework\src\traditional\proc\p18f4620.asm
                   LVDCON   0x000fd2       data     extern E:\3.46\pic18-lt\cxx-framework\src\traditional\proc\p18f4620.asm
              HLVDCONbits   0x000fd2       data     extern E:\3.46\pic18-lt\cxx-framework\src\traditional\proc\p18f4620.asm
                  HLVDCON   0x000fd2       data     extern E:\3.46\pic18-lt\cxx-framework\src\traditional\proc\p18f4620.asm
               OSCCONbits   0x000fd3       data     extern E:\3.46\pic18-lt\cxx-framework\src\traditional\proc\p18f4620.asm
                   OSCCON   0x000fd3       data     extern E:\3.46\pic18-lt\cxx-framework\src\traditional\proc\p18f4620.asm
                T0CONbits   0x000fd5       data     extern E:\3.46\pic18-lt\cxx-framework\src\traditional\proc\p18f4620.asm
                    T0CON   0x000fd5       data     extern E:\3.46\pic18-lt\cxx-framework\src\traditional\proc\p18f4620.asm
                    TMR0L   0x000fd6       data     extern E:\3.46\pic18-lt\cxx-framework\src\traditional\proc\p18f4620.asm
                    TMR0H   0x000fd7       data     extern E:\3.46\pic18-lt\cxx-framework\src\traditional\proc\p18f4620.asm
                   STATUS   0x000fd8       data     extern E:\3.46\pic18-lt\cxx-framework\src\traditional\proc\p18f4620.asm
               STATUSbits   0x000fd8       data     extern E:\3.46\pic18-lt\cxx-framework\src\traditional\proc\p18f4620.asm
                     FSR2   0x000fd9       data     extern E:\3.46\pic18-lt\cxx-framework\src\traditional\proc\p18f4620.asm
                    FSR2L   0x000fd9       data     extern E:\3.46\pic18-lt\cxx-framework\src\traditional\proc\p18f4620.asm
                    FSR2H   0x000fda       data     extern E:\3.46\pic18-lt\cxx-framework\src\traditional\proc\p18f4620.asm
                   PLUSW2   0x000fdb       data     extern E:\3.46\pic18-lt\cxx-framework\src\traditional\proc\p18f4620.asm
                  PREINC2   0x000fdc       data     extern E:\3.46\pic18-lt\cxx-framework\src\traditional\proc\p18f4620.asm
                 POSTDEC2   0x000fdd       data     extern E:\3.46\pic18-lt\cxx-framework\src\traditional\proc\p18f4620.asm
                 POSTINC2   0x000fde       data     extern E:\3.46\pic18-lt\cxx-framework\src\traditional\proc\p18f4620.asm
                    INDF2   0x000fdf       data     extern E:\3.46\pic18-lt\cxx-framework\src\traditional\proc\p18f4620.asm
                      BSR   0x000fe0       data     extern E:\3.46\pic18-lt\cxx-framework\src\traditional\proc\p18f4620.asm
                     FSR1   0x000fe1       data     extern E:\3.46\pic18-lt\cxx-framework\src\traditional\proc\p18f4620.asm
                    FSR1L   0x000fe1       data     extern E:\3.46\pic18-lt\cxx-framework\src\traditional\proc\p18f4620.asm
                    FSR1H   0x000fe2       data     extern E:\3.46\pic18-lt\cxx-framework\src\traditional\proc\p18f4620.asm
                   PLUSW1   0x000fe3       data     extern E:\3.46\pic18-lt\cxx-framework\src\traditional\proc\p18f4620.asm
                  PREINC1   0x000fe4       data     extern E:\3.46\pic18-lt\cxx-framework\src\traditional\proc\p18f4620.asm
                 POSTDEC1   0x000fe5       data     extern E:\3.46\pic18-lt\cxx-framework\src\traditional\proc\p18f4620.asm
                 POSTINC1   0x000fe6       data     extern E:\3.46\pic18-lt\cxx-framework\src\traditional\proc\p18f4620.asm
                    INDF1   0x000fe7       data     extern E:\3.46\pic18-lt\cxx-framework\src\traditional\proc\p18f4620.asm
                        W   0x000fe8       data     extern E:\3.46\pic18-lt\cxx-framework\src\traditional\proc\p18f4620.asm
                     WREG   0x000fe8       data     extern E:\3.46\pic18-lt\cxx-framework\src\traditional\proc\p18f4620.asm
                    FSR0L   0x000fe9       data     extern E:\3.46\pic18-lt\cxx-framework\src\traditional\proc\p18f4620.asm
                     FSR0   0x000fe9       data     extern E:\3.46\pic18-lt\cxx-framework\src\traditional\proc\p18f4620.asm
                    FSR0H   0x000fea       data     extern E:\3.46\pic18-lt\cxx-framework\src\traditional\proc\p18f4620.asm
                   PLUSW0   0x000feb       data     extern E:\3.46\pic18-lt\cxx-framework\src\traditional\proc\p18f4620.asm
                  PREINC0   0x000fec       data     extern E:\3.46\pic18-lt\cxx-framework\src\traditional\proc\p18f4620.asm
                 POSTDEC0   0x000fed       data     extern E:\3.46\pic18-lt\cxx-framework\src\traditional\proc\p18f4620.asm
                 POSTINC0   0x000fee       data     extern E:\3.46\pic18-lt\cxx-framework\src\traditional\proc\p18f4620.asm
                    INDF0   0x000fef       data     extern E:\3.46\pic18-lt\cxx-framework\src\traditional\proc\p18f4620.asm
              INTCON3bits   0x000ff0       data     extern E:\3.46\pic18-lt\cxx-framework\src\traditional\proc\p18f4620.asm
                  INTCON3   0x000ff0       data     extern E:\3.46\pic18-lt\cxx-framework\src\traditional\proc\p18f4620.asm
                  INTCON2   0x000ff1       data     extern E:\3.46\pic18-lt\cxx-framework\src\traditional\proc\p18f4620.asm
              INTCON2bits   0x000ff1       data     extern E:\3.46\pic18-lt\cxx-framework\src\traditional\proc\p18f4620.asm
                   INTCON   0x000ff2       data     extern E:\3.46\pic18-lt\cxx-framework\src\traditional\proc\p18f4620.asm
               INTCONbits   0x000ff2       data     extern E:\3.46\pic18-lt\cxx-framework\src\traditional\proc\p18f4620.asm
                     PROD   0x000ff3       data     extern E:\3.46\pic18-lt\cxx-framework\src\traditional\proc\p18f4620.asm
                    PRODL   0x000ff3       data     extern E:\3.46\pic18-lt\cxx-framework\src\traditional\proc\p18f4620.asm
                    PRODH   0x000ff4       data     extern E:\3.46\pic18-lt\cxx-framework\src\traditional\proc\p18f4620.asm
                   TABLAT   0x000ff5       data     extern E:\3.46\pic18-lt\cxx-framework\src\traditional\proc\p18f4620.asm
                  TBLPTRL   0x000ff6       data     extern E:\3.46\pic18-lt\cxx-framework\src\traditional\proc\p18f4620.asm
                   TBLPTR   0x000ff6       data     extern E:\3.46\pic18-lt\cxx-framework\src\traditional\proc\p18f4620.asm
                  TBLPTRH   0x000ff7       data     extern E:\3.46\pic18-lt\cxx-framework\src\traditional\proc\p18f4620.asm
                  TBLPTRU   0x000ff8       data     extern E:\3.46\pic18-lt\cxx-framework\src\traditional\proc\p18f4620.asm
                       PC   0x000ff9       data     extern E:\3.46\pic18-lt\cxx-framework\src\traditional\proc\p18f4620.asm
                      PCL   0x000ff9       data     extern E:\3.46\pic18-lt\cxx-framework\src\traditional\proc\p18f4620.asm
                   PCLATH   0x000ffa       data     extern E:\3.46\pic18-lt\cxx-framework\src\traditional\proc\p18f4620.asm
                   PCLATU   0x000ffb       data     extern E:\3.46\pic18-lt\cxx-framework\src\traditional\proc\p18f4620.asm
                   STKPTR   0x000ffc       data     extern E:\3.46\pic18-lt\cxx-framework\src\traditional\proc\p18f4620.asm
               STKPTRbits   0x000ffc       data     extern E:\3.46\pic18-lt\cxx-framework\src\traditional\proc\p18f4620.asm
                      TOS   0x000ffd       data     extern E:\3.46\pic18-lt\cxx-framework\src\traditional\proc\p18f4620.asm
                     TOSL   0x000ffd       data     extern E:\3.46\pic18-lt\cxx-framework\src\traditional\proc\p18f4620.asm
                     TOSH   0x000ffe       data     extern E:\3.46\pic18-lt\cxx-framework\src\traditional\proc\p18f4620.asm
                     TOSU   0x000fff       data     extern E:\3.46\pic18-lt\cxx-framework\src\traditional\proc\p18f4620.asm


