MPLINK 5.00, LINKER
Linker Map File - Created Fri Dec 23 13:25:45 2022

                                 Section Info
                  Section       Type    Address   Location Size(Bytes)
                ---------  ---------  ---------  ---------  ---------
               _entry_scn       code   0x000000    program   0x000006
          .romdata_menu.o    romdata   0x000006    program   0x000002
      InterruptVectorHigh       code   0x000008    program   0x000006
           .code___init.o       code   0x00000e    program   0x000002
          .idata_uart.o_i    romdata   0x000010    program   0x000003
     .idata_interrupt.o_i    romdata   0x000013    program   0x000004
         .idata_c018i.o_i    romdata   0x000017    program   0x000000
      .idata_fxd3232u.o_i    romdata   0x000017    program   0x000000
      .idata_fxd1616u.o_i    romdata   0x000017    program   0x000000
            .code_c018i.o       code   0x000018    program   0x000000
       InterruptVectorLow       code   0x000018    program   0x000006
                   .cinit    romdata   0x00001e    program   0x000062
             .code_menu.o       code   0x000080    program   0x00284c
             .code_main.o       code   0x0028cc    program   0x0015e4
              .code_lcd.o       code   0x003eb0    program   0x000e20
             .stringtable    romdata   0x004cd0    program   0x000639
        .romdata___init.o    romdata   0x005309    program   0x000000
        .idata___init.o_i    romdata   0x005309    program   0x000000
       .romdata_fxm3232.o    romdata   0x005309    program   0x000000
       .idata_fxm3232.o_i    romdata   0x005309    program   0x000000
      .romdata_fxd3232u.o    romdata   0x005309    program   0x000000
      .romdata_fxd2424u.o    romdata   0x005309    program   0x000000
      .idata_fxd2424u.o_i    romdata   0x005309    program   0x000000
      .romdata_fxd1616u.o    romdata   0x005309    program   0x000000
      .romdata_fxd0808u.o    romdata   0x005309    program   0x000000
      .idata_fxd0808u.o_i    romdata   0x005309    program   0x000000
          .romdata_uart.o    romdata   0x005309    program   0x000000
         .romdata_c018i.o    romdata   0x005309    program   0x000000
        .romdata_button.o    romdata   0x005309    program   0x000000
     .romdata_interrupt.o    romdata   0x005309    program   0x000000
          .romdata_main.o    romdata   0x005309    program   0x000000
           .romdata_i2c.o    romdata   0x005309    program   0x000000
           .romdata_lcd.o    romdata   0x005309    program   0x000000
         .romdata_timer.o    romdata   0x005309    program   0x000000
            .code_timer.o       code   0x00530a    program   0x00051c
           .code_button.o       code   0x005826    program   0x0004ec
             .code_uart.o       code   0x005d12    program   0x000498
              .code_i2c.o       code   0x0061aa    program   0x00023a
        .code_interrupt.o       code   0x0063e4    program   0x0001ca
                     PROG       code   0x0065ae    program   0x000100
               _cinit_scn       code   0x0066ae    program   0x00009e
          .code_fxm3232.o       code   0x00674c    program   0x000070
         .code_fxd3232u.o       code   0x0067bc    program   0x000048
         .code_fxd2424u.o       code   0x006804    program   0x00003a
         .code_fxd1616u.o       code   0x00683e    program   0x00002c
                    .code       code   0x00686a    program   0x000020
             _startup_scn       code   0x00688a    program   0x00001c
         .code_fxd0808u.o       code   0x0068a6    program   0x00001c
         .idata_timer.o_i    romdata   0x0068c2    program   0x000020
          .idata_menu.o_i    romdata   0x0068e2    program   0x000037
          .idata_main.o_i    romdata   0x006919    program   0x000013
           .idata_lcd.o_i    romdata   0x00692c    program   0x000061
           .idata_i2c.o_i    romdata   0x00698d    program   0x00001b
        .idata_button.o_i    romdata   0x0069a8    program   0x000028
    .config_300001_main.o    romdata   0x300001    program   0x000001
    .config_300002_main.o    romdata   0x300002    program   0x000001
    .config_300003_main.o    romdata   0x300003    program   0x000001
    .config_300005_main.o    romdata   0x300005    program   0x000001
    .config_300006_main.o    romdata   0x300006    program   0x000001
    .config_300008_main.o    romdata   0x300008    program   0x000001
    .config_300009_main.o    romdata   0x300009    program   0x000001
    .config_30000a_main.o    romdata   0x30000a    program   0x000001
    .config_30000b_main.o    romdata   0x30000b    program   0x000001
    .config_30000c_main.o    romdata   0x30000c    program   0x000001
    .config_30000d_main.o    romdata   0x30000d    program   0x000001
                MATH_DATA      udata   0x000000       data   0x000014
                 .tmpdata      udata   0x000014       data   0x00000a
             .idata_lcd.o      idata   0x000080       data   0x000061
             .idata_i2c.o      idata   0x0000e1       data   0x00001b
             .udata_lcd.o      udata   0x0000fc       data   0x000004
          .idata_button.o      idata   0x000100       data   0x000028
           .idata_timer.o      idata   0x000128       data   0x000020
            .idata_main.o      idata   0x000148       data   0x000013
            .udata_menu.o      udata   0x00015b       data   0x000010
           .udata_c018i.o      udata   0x00016b       data   0x00000a
         .udata_fxm3232.o      udata   0x000175       data   0x000000
        .idata_fxd3232u.o      idata   0x000175       data   0x000000
        .udata_fxd0808u.o      udata   0x000175       data   0x000000
        .idata_fxd0808u.o      idata   0x000175       data   0x000000
        .udata_fxd1616u.o      udata   0x000175       data   0x000000
        .idata_fxd1616u.o      idata   0x000175       data   0x000000
        .udata_fxd2424u.o      udata   0x000175       data   0x000000
        .idata_fxd2424u.o      idata   0x000175       data   0x000000
        .udata_fxd3232u.o      udata   0x000175       data   0x000000
         .idata_fxm3232.o      idata   0x000175       data   0x000000
          .udata___init.o      udata   0x000175       data   0x000000
            .udata_main.o      udata   0x000175       data   0x000000
          .idata___init.o      idata   0x000175       data   0x000000
           .udata_timer.o      udata   0x000175       data   0x000000
       .udata_interrupt.o      udata   0x000175       data   0x000000
          .udata_button.o      udata   0x000175       data   0x000000
           .idata_c018i.o      idata   0x000175       data   0x000000
                   .stack      udata   0x000e00       data   0x000100
            .udata_uart.o      udata   0x000f00       data   0x000041
            .idata_menu.o      idata   0x000f41       data   0x000037
       .idata_interrupt.o      idata   0x000f78       data   0x000004
            .idata_uart.o      idata   0x000f7c       data   0x000003
             .udata_i2c.o      udata   0x000f7f       data   0x000001
            SFR_UNBANKED0      udata   0x000f80       data   0x000080



                              Program Memory Usage 
                               Start         End      
                           ---------   ---------      
                            0x000000    0x000016      
                            0x000018    0x005308      
                            0x00530a    0x0069cf      
                            0x300001    0x300003      
                            0x300005    0x300006      
                            0x300008    0x30000d      
            27097 out of 66584 program addresses used, program memory utilization is 40%



                              Symbols - Sorted by Name
                     Name    Address   Location    Storage File                     
                ---------  ---------  ---------  --------- ---------                
                    Alarm   0x003e06    program     extern C:\Users\PC\Desktop\Digital Clock\main.c
                  BCD2Dec   0x0061aa    program     extern C:\Users\PC\Desktop\Digital Clock\i2c\i2c.c
               BaiTap_I2C   0x002b62    program     extern C:\Users\PC\Desktop\Digital Clock\main.c
              CompareTime   0x003de8    program     extern C:\Users\PC\Desktop\Digital Clock\main.c
                   D1616S   0x0065d0    program     static E:\3.46\pic18-lt\cxx-framework\src\traditional\math\fxd1616s.asm
                D1616SNEG   0x0065de    program     static E:\3.46\pic18-lt\cxx-framework\src\traditional\math\fxd1616s.asm
                 D1616SOK   0x0065da    program     static E:\3.46\pic18-lt\cxx-framework\src\traditional\math\fxd1616s.asm
                  D1616SX   0x0065f0    program     static E:\3.46\pic18-lt\cxx-framework\src\traditional\math\fxd1616s.asm
                   D2424S   0x006624    program     static E:\3.46\pic18-lt\cxx-framework\src\traditional\math\fxd2424s.asm
                D2424SNEG   0x006632    program     static E:\3.46\pic18-lt\cxx-framework\src\traditional\math\fxd2424s.asm
                 D2424SOK   0x00662e    program     static E:\3.46\pic18-lt\cxx-framework\src\traditional\math\fxd2424s.asm
                  D2424SX   0x00664a    program     static E:\3.46\pic18-lt\cxx-framework\src\traditional\math\fxd2424s.asm
                  DA1616S   0x0065c0    program     static E:\3.46\pic18-lt\cxx-framework\src\traditional\math\fxd1616s.asm
                  DA2424S   0x006610    program     static E:\3.46\pic18-lt\cxx-framework\src\traditional\math\fxd2424s.asm
                  Dec2BCD   0x0061e8    program     extern C:\Users\PC\Desktop\Digital Clock\i2c\i2c.c
         DisplayAlarmTime   0x003162    program     extern C:\Users\PC\Desktop\Digital Clock\main.c
         DisplayLcdScreen   0x0047ee    program     extern C:\Users\PC\Desktop\Digital Clock\lcd\lcd.c
        DisplayLcdScreen2   0x0048e6    program     extern C:\Users\PC\Desktop\Digital Clock\lcd\lcd.c
      DisplayLcdScreenOld   0x00496c    program     extern C:\Users\PC\Desktop\Digital Clock\lcd\lcd.c
              DisplayTime   0x002cf6    program     extern C:\Users\PC\Desktop\Digital Clock\main.c
                 FXD0808U   0x0068a6    program     extern E:\3.46\pic18-lt\cxx-framework\src\traditional\math\fxd0808u.c
                 FXD1616S   0x0065ae    program     extern E:\3.46\pic18-lt\cxx-framework\src\traditional\math\fxd1616s.asm
                 FXD1616U   0x00683e    program     extern E:\3.46\pic18-lt\cxx-framework\src\traditional\math\fxd1616u.c
                 FXD2424S   0x0065fa    program     extern E:\3.46\pic18-lt\cxx-framework\src\traditional\math\fxd2424s.asm
                 FXD2424U   0x006804    program     extern E:\3.46\pic18-lt\cxx-framework\src\traditional\math\fxd2424u.c
                 FXD3232U   0x0067bc    program     extern E:\3.46\pic18-lt\cxx-framework\src\traditional\math\fxd3232u.c
                 FXM1616S   0x006654    program     extern E:\3.46\pic18-lt\cxx-framework\src\traditional\math\fxm1616s.asm
                  FXM3232   0x00674c    program     extern E:\3.46\pic18-lt\cxx-framework\src\traditional\math\fxm3232.c
      InterruptVectorHigh   0x000008    program     extern C:\Users\PC\Desktop\Digital Clock\interrupt\interrupt.c
       InterruptVectorLow   0x000018    program     extern C:\Users\PC\Desktop\Digital Clock\interrupt\interrupt.c
                LcdClearS   0x004790    program     extern C:\Users\PC\Desktop\Digital Clock\lcd\lcd.c
            LcdPrintCharS   0x0049d6    program     extern C:\Users\PC\Desktop\Digital Clock\lcd\lcd.c
              LcdPrintNum   0x0046ce    program     extern C:\Users\PC\Desktop\Digital Clock\lcd\lcd.c
             LcdPrintNumS   0x004a2c    program     extern C:\Users\PC\Desktop\Digital Clock\lcd\lcd.c
           LcdPrintString   0x004716    program     extern C:\Users\PC\Desktop\Digital Clock\lcd\lcd.c
          LcdPrintStringS   0x004c7a    program     extern C:\Users\PC\Desktop\Digital Clock\lcd\lcd.c
       ReadDataFromDS1307   0x002b28    program     extern C:\Users\PC\Desktop\Digital Clock\main.c
              Read_DS1307   0x0063ca    program     extern C:\Users\PC\Desktop\Digital Clock\i2c\i2c.c
             SetTimer0_ms   0x005786    program     extern C:\Users\PC\Desktop\Digital Clock\timer\timer.c
             SetTimer1_ms   0x0057aa    program     extern C:\Users\PC\Desktop\Digital Clock\timer\timer.c
             SetTimer3_ms   0x0057e8    program     extern C:\Users\PC\Desktop\Digital Clock\timer\timer.c
               SetUpAlarm   0x003930    program     extern C:\Users\PC\Desktop\Digital Clock\main.c
                SetUpTime   0x0032fa    program     extern C:\Users\PC\Desktop\Digital Clock\main.c
     SetupForFirstProgram   0x002ace    program     extern C:\Users\PC\Desktop\Digital Clock\main.c
     SetupTimeForRealTime   0x002a40    program     extern C:\Users\PC\Desktop\Digital Clock\main.c
               TSIGN1616A   0x0066a0    program     static E:\3.46\pic18-lt\cxx-framework\src\traditional\math\fxm1616s.asm
              UartSendNum   0x005ef6    program     extern C:\Users\PC\Desktop\Digital Clock\uart\uart.c
           UartSendString   0x00612c    program     extern C:\Users\PC\Desktop\Digital Clock\uart\uart.c
             Write_DS1307   0x0063a8    program     extern C:\Users\PC\Desktop\Digital Clock\i2c\i2c.c
       ___return_lbl00000   0x006802    program     static                          
       ___return_lbl00000   0x00683c    program     static                          
       ___return_lbl00000   0x000004    program     static                          
       ___return_lbl00000   0x006868    program     static                          
       ___return_lbl00000   0x0067ba    program     static                          
       ___return_lbl00000   0x0068c0    program     static                          
       ___return_lbl00001   0x0068a4    program     static                          
       ___return_lbl00002   0x00001c    program     static                          
       ___return_lbl00002   0x00674a    program     static                          
       ___return_lbl00003   0x00000c    program     static                          
               __config_0   0x300001    program     static C:\Users\PC\Desktop\Digital Clock\main.c
               __config_1   0x300002    program     static C:\Users\PC\Desktop\Digital Clock\main.c
              __config_10   0x30000d    program     static C:\Users\PC\Desktop\Digital Clock\main.c
               __config_2   0x300003    program     static C:\Users\PC\Desktop\Digital Clock\main.c
               __config_3   0x300005    program     static C:\Users\PC\Desktop\Digital Clock\main.c
               __config_4   0x300006    program     static C:\Users\PC\Desktop\Digital Clock\main.c
               __config_5   0x300008    program     static C:\Users\PC\Desktop\Digital Clock\main.c
               __config_6   0x300009    program     static C:\Users\PC\Desktop\Digital Clock\main.c
               __config_7   0x30000a    program     static C:\Users\PC\Desktop\Digital Clock\main.c
               __config_8   0x30000b    program     static C:\Users\PC\Desktop\Digital Clock\main.c
               __config_9   0x30000c    program     static C:\Users\PC\Desktop\Digital Clock\main.c
                   __init   0x00000e    program     extern E:\3.46\pic18-lt\cxx-framework\src\traditional\stdclib\__init.c
               __string_0   0x0052fc    program     static C:\Users\PC\Desktop\Digital Clock\menu\menu.c
               __string_0   0x004d4b    program     static C:\Users\PC\Desktop\Digital Clock\main.c
               __string_1   0x004d47    program     static C:\Users\PC\Desktop\Digital Clock\main.c
               __string_1   0x0052ed    program     static C:\Users\PC\Desktop\Digital Clock\menu\menu.c
              __string_10   0x004d27    program     static C:\Users\PC\Desktop\Digital Clock\main.c
              __string_10   0x005273    program     static C:\Users\PC\Desktop\Digital Clock\menu\menu.c
              __string_11   0x004d23    program     static C:\Users\PC\Desktop\Digital Clock\main.c
              __string_11   0x005267    program     static C:\Users\PC\Desktop\Digital Clock\menu\menu.c
              __string_12   0x00525e    program     static C:\Users\PC\Desktop\Digital Clock\menu\menu.c
              __string_12   0x004d1f    program     static C:\Users\PC\Desktop\Digital Clock\main.c
              __string_13   0x005255    program     static C:\Users\PC\Desktop\Digital Clock\menu\menu.c
              __string_13   0x004d1b    program     static C:\Users\PC\Desktop\Digital Clock\main.c
              __string_14   0x00524f    program     static C:\Users\PC\Desktop\Digital Clock\menu\menu.c
              __string_14   0x004d17    program     static C:\Users\PC\Desktop\Digital Clock\main.c
              __string_15   0x004d13    program     static C:\Users\PC\Desktop\Digital Clock\main.c
              __string_15   0x005247    program     static C:\Users\PC\Desktop\Digital Clock\menu\menu.c
              __string_16   0x005237    program     static C:\Users\PC\Desktop\Digital Clock\menu\menu.c
              __string_16   0x004d0f    program     static C:\Users\PC\Desktop\Digital Clock\main.c
              __string_17   0x00522c    program     static C:\Users\PC\Desktop\Digital Clock\menu\menu.c
              __string_17   0x004d0b    program     static C:\Users\PC\Desktop\Digital Clock\main.c
              __string_18   0x005222    program     static C:\Users\PC\Desktop\Digital Clock\menu\menu.c
              __string_18   0x004d07    program     static C:\Users\PC\Desktop\Digital Clock\main.c
              __string_19   0x00521c    program     static C:\Users\PC\Desktop\Digital Clock\menu\menu.c
              __string_19   0x004d03    program     static C:\Users\PC\Desktop\Digital Clock\main.c
               __string_2   0x0052e0    program     static C:\Users\PC\Desktop\Digital Clock\menu\menu.c
               __string_2   0x004d43    program     static C:\Users\PC\Desktop\Digital Clock\main.c
              __string_20   0x004cff    program     static C:\Users\PC\Desktop\Digital Clock\main.c
              __string_20   0x00520c    program     static C:\Users\PC\Desktop\Digital Clock\menu\menu.c
              __string_21   0x005209    program     static C:\Users\PC\Desktop\Digital Clock\menu\menu.c
              __string_21   0x004cfb    program     static C:\Users\PC\Desktop\Digital Clock\main.c
              __string_22   0x005207    program     static C:\Users\PC\Desktop\Digital Clock\menu\menu.c
              __string_22   0x004cf7    program     static C:\Users\PC\Desktop\Digital Clock\main.c
              __string_23   0x005205    program     static C:\Users\PC\Desktop\Digital Clock\menu\menu.c
              __string_23   0x004cf3    program     static C:\Users\PC\Desktop\Digital Clock\main.c
              __string_24   0x0051f4    program     static C:\Users\PC\Desktop\Digital Clock\menu\menu.c
              __string_24   0x004cef    program     static C:\Users\PC\Desktop\Digital Clock\main.c
              __string_25   0x0051ef    program     static C:\Users\PC\Desktop\Digital Clock\menu\menu.c
              __string_25   0x004ced    program     static C:\Users\PC\Desktop\Digital Clock\main.c
              __string_26   0x0051eb    program     static C:\Users\PC\Desktop\Digital Clock\menu\menu.c
              __string_26   0x004cdc    program     static C:\Users\PC\Desktop\Digital Clock\main.c
              __string_27   0x004cd9    program     static C:\Users\PC\Desktop\Digital Clock\main.c
              __string_27   0x0051e6    program     static C:\Users\PC\Desktop\Digital Clock\menu\menu.c
              __string_28   0x004cd5    program     static C:\Users\PC\Desktop\Digital Clock\main.c
              __string_28   0x0051cd    program     static C:\Users\PC\Desktop\Digital Clock\menu\menu.c
              __string_29   0x004cd0    program     static C:\Users\PC\Desktop\Digital Clock\main.c
              __string_29   0x0051aa    program     static C:\Users\PC\Desktop\Digital Clock\menu\menu.c
               __string_3   0x004d3f    program     static C:\Users\PC\Desktop\Digital Clock\main.c
               __string_3   0x0052d1    program     static C:\Users\PC\Desktop\Digital Clock\menu\menu.c
              __string_30   0x005194    program     static C:\Users\PC\Desktop\Digital Clock\menu\menu.c
              __string_31   0x00516f    program     static C:\Users\PC\Desktop\Digital Clock\menu\menu.c
              __string_32   0x00514a    program     static C:\Users\PC\Desktop\Digital Clock\menu\menu.c
              __string_33   0x005130    program     static C:\Users\PC\Desktop\Digital Clock\menu\menu.c
              __string_34   0x005110    program     static C:\Users\PC\Desktop\Digital Clock\menu\menu.c
              __string_35   0x0050f8    program     static C:\Users\PC\Desktop\Digital Clock\menu\menu.c
              __string_36   0x0050db    program     static C:\Users\PC\Desktop\Digital Clock\menu\menu.c
              __string_37   0x0050c2    program     static C:\Users\PC\Desktop\Digital Clock\menu\menu.c
              __string_38   0x00509e    program     static C:\Users\PC\Desktop\Digital Clock\menu\menu.c
              __string_39   0x005088    program     static C:\Users\PC\Desktop\Digital Clock\menu\menu.c
               __string_4   0x0052c4    program     static C:\Users\PC\Desktop\Digital Clock\menu\menu.c
               __string_4   0x004d3b    program     static C:\Users\PC\Desktop\Digital Clock\main.c
              __string_40   0x005066    program     static C:\Users\PC\Desktop\Digital Clock\menu\menu.c
              __string_41   0x005050    program     static C:\Users\PC\Desktop\Digital Clock\menu\menu.c
              __string_42   0x00502e    program     static C:\Users\PC\Desktop\Digital Clock\menu\menu.c
              __string_43   0x00500c    program     static C:\Users\PC\Desktop\Digital Clock\menu\menu.c
              __string_44   0x004fea    program     static C:\Users\PC\Desktop\Digital Clock\menu\menu.c
              __string_45   0x004fc8    program     static C:\Users\PC\Desktop\Digital Clock\menu\menu.c
              __string_46   0x004fa8    program     static C:\Users\PC\Desktop\Digital Clock\menu\menu.c
              __string_47   0x004f89    program     static C:\Users\PC\Desktop\Digital Clock\menu\menu.c
              __string_48   0x004f7a    program     static C:\Users\PC\Desktop\Digital Clock\menu\menu.c
              __string_49   0x004f69    program     static C:\Users\PC\Desktop\Digital Clock\menu\menu.c
               __string_5   0x004d37    program     static C:\Users\PC\Desktop\Digital Clock\main.c
               __string_5   0x0052b7    program     static C:\Users\PC\Desktop\Digital Clock\menu\menu.c
              __string_50   0x004f5f    program     static C:\Users\PC\Desktop\Digital Clock\menu\menu.c
              __string_51   0x004f53    program     static C:\Users\PC\Desktop\Digital Clock\menu\menu.c
              __string_52   0x004f47    program     static C:\Users\PC\Desktop\Digital Clock\menu\menu.c
              __string_53   0x004f3d    program     static C:\Users\PC\Desktop\Digital Clock\menu\menu.c
              __string_54   0x004f2c    program     static C:\Users\PC\Desktop\Digital Clock\menu\menu.c
              __string_55   0x004f22    program     static C:\Users\PC\Desktop\Digital Clock\menu\menu.c
              __string_56   0x004efa    program     static C:\Users\PC\Desktop\Digital Clock\menu\menu.c
              __string_57   0x004ec9    program     static C:\Users\PC\Desktop\Digital Clock\menu\menu.c
              __string_58   0x004eb9    program     static C:\Users\PC\Desktop\Digital Clock\menu\menu.c
              __string_59   0x004e97    program     static C:\Users\PC\Desktop\Digital Clock\menu\menu.c
               __string_6   0x004d33    program     static C:\Users\PC\Desktop\Digital Clock\main.c
               __string_6   0x0052aa    program     static C:\Users\PC\Desktop\Digital Clock\menu\menu.c
              __string_60   0x004e66    program     static C:\Users\PC\Desktop\Digital Clock\menu\menu.c
              __string_61   0x004e55    program     static C:\Users\PC\Desktop\Digital Clock\menu\menu.c
              __string_62   0x004e44    program     static C:\Users\PC\Desktop\Digital Clock\menu\menu.c
              __string_63   0x004e3a    program     static C:\Users\PC\Desktop\Digital Clock\menu\menu.c
              __string_64   0x004e31    program     static C:\Users\PC\Desktop\Digital Clock\menu\menu.c
              __string_65   0x004e20    program     static C:\Users\PC\Desktop\Digital Clock\menu\menu.c
              __string_66   0x004e0f    program     static C:\Users\PC\Desktop\Digital Clock\menu\menu.c
              __string_67   0x004dfe    program     static C:\Users\PC\Desktop\Digital Clock\menu\menu.c
              __string_68   0x004ded    program     static C:\Users\PC\Desktop\Digital Clock\menu\menu.c
              __string_69   0x004ddc    program     static C:\Users\PC\Desktop\Digital Clock\menu\menu.c
               __string_7   0x00529d    program     static C:\Users\PC\Desktop\Digital Clock\menu\menu.c
               __string_7   0x004d2f    program     static C:\Users\PC\Desktop\Digital Clock\main.c
              __string_70   0x004dcb    program     static C:\Users\PC\Desktop\Digital Clock\menu\menu.c
              __string_71   0x004dba    program     static C:\Users\PC\Desktop\Digital Clock\menu\menu.c
              __string_72   0x004da9    program     static C:\Users\PC\Desktop\Digital Clock\menu\menu.c
              __string_73   0x004d98    program     static C:\Users\PC\Desktop\Digital Clock\menu\menu.c
              __string_74   0x004d87    program     static C:\Users\PC\Desktop\Digital Clock\menu\menu.c
              __string_75   0x004d76    program     static C:\Users\PC\Desktop\Digital Clock\menu\menu.c
              __string_76   0x004d65    program     static C:\Users\PC\Desktop\Digital Clock\menu\menu.c
              __string_77   0x004d5f    program     static C:\Users\PC\Desktop\Digital Clock\menu\menu.c
              __string_78   0x004d59    program     static C:\Users\PC\Desktop\Digital Clock\menu\menu.c
               __string_8   0x004d2d    program     static C:\Users\PC\Desktop\Digital Clock\main.c
               __string_8   0x005291    program     static C:\Users\PC\Desktop\Digital Clock\menu\menu.c
               __string_9   0x004d2b    program     static C:\Users\PC\Desktop\Digital Clock\main.c
               __string_9   0x005282    program     static C:\Users\PC\Desktop\Digital Clock\menu\menu.c
            __zero_memory   0x00686a    program     extern E:\3.46\pic18-lt\cxx-framework\src\traditional\proc\p18f4620.asm
                _do_cinit   0x0066ae    program     extern E:\3.46\pic18-lt\cxx-framework\src\traditional\startup\c018i.c
                   _entry   0x000000    program     extern E:\3.46\pic18-lt\cxx-framework\src\traditional\startup\c018i.c
                   _false   0x006838    program     static                          
                   _false   0x0067fe    program     static                          
                 _startup   0x00688a    program     extern E:\3.46\pic18-lt\cxx-framework\src\traditional\startup\c018i.c
          button_delay_ms   0x005b64    program     extern C:\Users\PC\Desktop\Digital Clock\button_matrix\button.c
               change_UTC   0x0023e6    program     extern C:\Users\PC\Desktop\Digital Clock\menu\menu.c
                check_UTC   0x0024f4    program     extern C:\Users\PC\Desktop\Digital Clock\menu\menu.c
                check_day   0x002674    program     extern C:\Users\PC\Desktop\Digital Clock\menu\menu.c
              check_month   0x0025e8    program     extern C:\Users\PC\Desktop\Digital Clock\menu\menu.c
        check_number_uart   0x002564    program     extern C:\Users\PC\Desktop\Digital Clock\menu\menu.c
            command_parse   0x0011a8    program     extern C:\Users\PC\Desktop\Digital Clock\menu\menu.c
                compare_l   0x006880    program     static E:\3.46\pic18-lt\cxx-framework\src\traditional\proc\p18f4620.asm
                copy_loop   0x006720    program     static                          
            copy_one_byte   0x006726    program     static                          
                 delay_ms   0x002938    program     extern C:\Users\PC\Desktop\Digital Clock\main.c
        display_stopwatch   0x0008b6    program     extern C:\Users\PC\Desktop\Digital Clock\menu\menu.c
      display_timer_clock   0x000a72    program     extern C:\Users\PC\Desktop\Digital Clock\menu\menu.c
                     done   0x00674a    program     static                          
             done_copying   0x006734    program     static                          
                  endloop   0x006864    program     static                          
                  endloop   0x0068bc    program     static                          
            flushRecvBuff   0x00117a    program     extern C:\Users\PC\Desktop\Digital Clock\menu\menu.c
           fsm_timeModify   0x001b68    program     extern C:\Users\PC\Desktop\Digital Clock\menu\menu.c
            fsm_uart_mode   0x001d5a    program     extern C:\Users\PC\Desktop\Digital Clock\menu\menu.c
            fsm_worldTime   0x001fa0    program     extern C:\Users\PC\Desktop\Digital Clock\menu\menu.c
        getUartBufferChar   0x00114c    program     extern C:\Users\PC\Desktop\Digital Clock\menu\menu.c
                 high_isr   0x0064d8    program     extern C:\Users\PC\Desktop\Digital Clock\interrupt\interrupt.c
                  i2c_ack   0x0062b0    program     extern C:\Users\PC\Desktop\Digital Clock\i2c\i2c.c
              i2c_control   0x006256    program     extern C:\Users\PC\Desktop\Digital Clock\i2c\i2c.c
                  i2c_nak   0x0062bc    program     extern C:\Users\PC\Desktop\Digital Clock\i2c\i2c.c
                 i2c_read   0x0062a4    program     extern C:\Users\PC\Desktop\Digital Clock\i2c\i2c.c
                i2c_start   0x006274    program     extern C:\Users\PC\Desktop\Digital Clock\i2c\i2c.c
                 i2c_stop   0x00627e    program     extern C:\Users\PC\Desktop\Digital Clock\i2c\i2c.c
                i2c_write   0x006288    program     extern C:\Users\PC\Desktop\Digital Clock\i2c\i2c.c
            init_ext_int0   0x0063ec    program     extern C:\Users\PC\Desktop\Digital Clock\interrupt\interrupt.c
                 init_i2c   0x00623e    program     extern C:\Users\PC\Desktop\Digital Clock\i2c\i2c.c
           init_interrupt   0x0063e4    program     extern C:\Users\PC\Desktop\Digital Clock\interrupt\interrupt.c
          init_key_matrix   0x005826    program     extern C:\Users\PC\Desktop\Digital Clock\button_matrix\button.c
init_key_matrix_with_uart_i2c   0x00582e    program     extern C:\Users\PC\Desktop\Digital Clock\button_matrix\button.c
                 init_lcd   0x004050    program     extern C:\Users\PC\Desktop\Digital Clock\lcd\lcd.c
              init_system   0x0029c0    program     extern C:\Users\PC\Desktop\Digital Clock\main.c
              init_timer0   0x00530a    program     extern C:\Users\PC\Desktop\Digital Clock\timer\timer.c
              init_timer1   0x00544e    program     extern C:\Users\PC\Desktop\Digital Clock\timer\timer.c
              init_timer2   0x005598    program     extern C:\Users\PC\Desktop\Digital Clock\timer\timer.c
              init_timer3   0x0055d0    program     extern C:\Users\PC\Desktop\Digital Clock\timer\timer.c
                init_uart   0x005d12    program     extern C:\Users\PC\Desktop\Digital Clock\uart\uart.c
            isButtonAlarm   0x003d40    program     extern C:\Users\PC\Desktop\Digital Clock\main.c
        isButtonAlarmHold   0x003d50    program     extern C:\Users\PC\Desktop\Digital Clock\main.c
         isButtonDecrease   0x003da4    program     extern C:\Users\PC\Desktop\Digital Clock\main.c
         isButtonIncrease   0x003d60    program     extern C:\Users\PC\Desktop\Digital Clock\main.c
             isButtonMode   0x003d20    program     extern C:\Users\PC\Desktop\Digital Clock\main.c
         isButtonModeHold   0x003d30    program     extern C:\Users\PC\Desktop\Digital Clock\main.c
                isKeyHold   0x005b18    program     extern C:\Users\PC\Desktop\Digital Clock\button_matrix\button.c
             isKeyPressed   0x005ae4    program     extern C:\Users\PC\Desktop\Digital Clock\button_matrix\button.c
                lcd_clear   0x0043a2    program     extern C:\Users\PC\Desktop\Digital Clock\lcd\lcd.c
                lcd_delay   0x003eb0    program     extern C:\Users\PC\Desktop\Digital Clock\lcd\lcd.c
             lcd_power_of   0x0043b6    program     extern C:\Users\PC\Desktop\Digital Clock\lcd\lcd.c
           lcd_print_char   0x00430e    program     extern C:\Users\PC\Desktop\Digital Clock\lcd\lcd.c
          lcd_print_charS   0x00474a    program     extern C:\Users\PC\Desktop\Digital Clock\lcd\lcd.c
            lcd_print_num   0x004498    program     extern C:\Users\PC\Desktop\Digital Clock\lcd\lcd.c
            lcd_print_str   0x004328    program     extern C:\Users\PC\Desktop\Digital Clock\lcd\lcd.c
              lcd_putchar   0x0042f4    program     extern C:\Users\PC\Desktop\Digital Clock\lcd\lcd.c
          lcd_read_status   0x00415e    program     extern C:\Users\PC\Desktop\Digital Clock\lcd\lcd.c
          lcd_sendCommand   0x003fd0    program     extern C:\Users\PC\Desktop\Digital Clock\lcd\lcd.c
           lcd_set_cursor   0x004368    program     extern C:\Users\PC\Desktop\Digital Clock\lcd\lcd.c
            lcd_wait_busy   0x004214    program     extern C:\Users\PC\Desktop\Digital Clock\lcd\lcd.c
          lcd_write_4bits   0x004234    program     extern C:\Users\PC\Desktop\Digital Clock\lcd\lcd.c
            lcd_write_cmd   0x00427a    program     extern C:\Users\PC\Desktop\Digital Clock\lcd\lcd.c
           lcd_write_data   0x0042b6    program     extern C:\Users\PC\Desktop\Digital Clock\lcd\lcd.c
                     loop   0x0068ae    program     static                          
                     loop   0x006848    program     static                          
                     loop   0x006810    program     static                          
                     loop   0x0067ca    program     static                          
                     loop   0x00689a    program     static                          
                   loop_h   0x006878    program     static E:\3.46\pic18-lt\cxx-framework\src\traditional\proc\p18f4620.asm
                   loop_l   0x006882    program     static E:\3.46\pic18-lt\cxx-framework\src\traditional\proc\p18f4620.asm
                  low_isr   0x0063f4    program     extern C:\Users\PC\Desktop\Digital Clock\interrupt\interrupt.c
                     main   0x0028cc    program     extern C:\Users\PC\Desktop\Digital Clock\main.c
              menuControl   0x000080    program     extern C:\Users\PC\Desktop\Digital Clock\menu\menu.c
              read_ds1307   0x006332    program     extern C:\Users\PC\Desktop\Digital Clock\i2c\i2c.c
            run_stopwatch   0x000860    program     extern C:\Users\PC\Desktop\Digital Clock\menu\menu.c
          run_timer_clock   0x000cb8    program     extern C:\Users\PC\Desktop\Digital Clock\menu\menu.c
          scan_key_matrix   0x00583e    program     extern C:\Users\PC\Desktop\Digital Clock\button_matrix\button.c
     scan_key_matrix_demo   0x005bec    program     extern C:\Users\PC\Desktop\Digital Clock\button_matrix\button.c
scan_key_matrix_with_uart_i2c   0x00599c    program     extern C:\Users\PC\Desktop\Digital Clock\button_matrix\button.c
             start_timer0   0x0053c2    program     extern C:\Users\PC\Desktop\Digital Clock\timer\timer.c
             start_timer1   0x005508    program     extern C:\Users\PC\Desktop\Digital Clock\timer\timer.c
             start_timer2   0x0055c4    program     extern C:\Users\PC\Desktop\Digital Clock\timer\timer.c
             start_timer3   0x005686    program     extern C:\Users\PC\Desktop\Digital Clock\timer\timer.c
              stop_timer0   0x0053be    program     extern C:\Users\PC\Desktop\Digital Clock\timer\timer.c
              stop_timer1   0x005594    program     extern C:\Users\PC\Desktop\Digital Clock\timer\timer.c
              stop_timer2   0x0055cc    program     extern C:\Users\PC\Desktop\Digital Clock\timer\timer.c
              stop_timer3   0x005712    program     extern C:\Users\PC\Desktop\Digital Clock\timer\timer.c
                     test   0x0066c8    program     static                          
               timer0_isr   0x005716    program     extern C:\Users\PC\Desktop\Digital Clock\timer\timer.c
               timer1_isr   0x005732    program     extern C:\Users\PC\Desktop\Digital Clock\timer\timer.c
               timer2_isr   0x00574e    program     extern C:\Users\PC\Desktop\Digital Clock\timer\timer.c
               timer3_isr   0x00576a    program     extern C:\Users\PC\Desktop\Digital Clock\timer\timer.c
             uart_console   0x001188    program     extern C:\Users\PC\Desktop\Digital Clock\menu\menu.c
            uart_delay_ms   0x005d30    program     extern C:\Users\PC\Desktop\Digital Clock\uart\uart.c
                 uart_isr   0x006178    program     extern C:\Users\PC\Desktop\Digital Clock\uart\uart.c
            uart_power_of   0x005e14    program     extern C:\Users\PC\Desktop\Digital Clock\uart\uart.c
             uart_putchar   0x005db8    program     extern C:\Users\PC\Desktop\Digital Clock\uart\uart.c
            uart_send_str   0x005dd4    program     extern C:\Users\PC\Desktop\Digital Clock\uart\uart.c
                 v_timer0   0x003f40    program     extern C:\Users\PC\Desktop\Digital Clock\lcd\lcd.c
                 validate   0x0025a0    program     extern C:\Users\PC\Desktop\Digital Clock\menu\menu.c
             write_ds1307   0x0062c8    program     extern C:\Users\PC\Desktop\Digital Clock\i2c\i2c.c
               zero_block   0x006878    program     static E:\3.46\pic18-lt\cxx-framework\src\traditional\proc\p18f4620.asm
                     zone   0x000006    program     static C:\Users\PC\Desktop\Digital Clock\menu\menu.c
                   ADCON0   0x000fc2       data     extern E:\3.46\pic18-lt\cxx-framework\src\traditional\proc\p18f4620.asm
               ADCON0bits   0x000fc2       data     extern E:\3.46\pic18-lt\cxx-framework\src\traditional\proc\p18f4620.asm
                   ADCON1   0x000fc1       data     extern E:\3.46\pic18-lt\cxx-framework\src\traditional\proc\p18f4620.asm
               ADCON1bits   0x000fc1       data     extern E:\3.46\pic18-lt\cxx-framework\src\traditional\proc\p18f4620.asm
                   ADCON2   0x000fc0       data     extern E:\3.46\pic18-lt\cxx-framework\src\traditional\proc\p18f4620.asm
               ADCON2bits   0x000fc0       data     extern E:\3.46\pic18-lt\cxx-framework\src\traditional\proc\p18f4620.asm
                    ADRES   0x000fc3       data     extern E:\3.46\pic18-lt\cxx-framework\src\traditional\proc\p18f4620.asm
                   ADRESH   0x000fc4       data     extern E:\3.46\pic18-lt\cxx-framework\src\traditional\proc\p18f4620.asm
                   ADRESL   0x000fc3       data     extern E:\3.46\pic18-lt\cxx-framework\src\traditional\proc\p18f4620.asm
                  BAUDCON   0x000fb8       data     extern E:\3.46\pic18-lt\cxx-framework\src\traditional\proc\p18f4620.asm
              BAUDCONbits   0x000fb8       data     extern E:\3.46\pic18-lt\cxx-framework\src\traditional\proc\p18f4620.asm
                  BAUDCTL   0x000fb8       data     extern E:\3.46\pic18-lt\cxx-framework\src\traditional\proc\p18f4620.asm
              BAUDCTLbits   0x000fb8       data     extern E:\3.46\pic18-lt\cxx-framework\src\traditional\proc\p18f4620.asm
                      BSR   0x000fe0       data     extern E:\3.46\pic18-lt\cxx-framework\src\traditional\proc\p18f4620.asm
                  CCP1CON   0x000fbd       data     extern E:\3.46\pic18-lt\cxx-framework\src\traditional\proc\p18f4620.asm
              CCP1CONbits   0x000fbd       data     extern E:\3.46\pic18-lt\cxx-framework\src\traditional\proc\p18f4620.asm
                  CCP2CON   0x000fba       data     extern E:\3.46\pic18-lt\cxx-framework\src\traditional\proc\p18f4620.asm
              CCP2CONbits   0x000fba       data     extern E:\3.46\pic18-lt\cxx-framework\src\traditional\proc\p18f4620.asm
                    CCPR1   0x000fbe       data     extern E:\3.46\pic18-lt\cxx-framework\src\traditional\proc\p18f4620.asm
                   CCPR1H   0x000fbf       data     extern E:\3.46\pic18-lt\cxx-framework\src\traditional\proc\p18f4620.asm
                   CCPR1L   0x000fbe       data     extern E:\3.46\pic18-lt\cxx-framework\src\traditional\proc\p18f4620.asm
                    CCPR2   0x000fbb       data     extern E:\3.46\pic18-lt\cxx-framework\src\traditional\proc\p18f4620.asm
                   CCPR2H   0x000fbc       data     extern E:\3.46\pic18-lt\cxx-framework\src\traditional\proc\p18f4620.asm
                   CCPR2L   0x000fbb       data     extern E:\3.46\pic18-lt\cxx-framework\src\traditional\proc\p18f4620.asm
                    CMCON   0x000fb4       data     extern E:\3.46\pic18-lt\cxx-framework\src\traditional\proc\p18f4620.asm
                CMCONbits   0x000fb4       data     extern E:\3.46\pic18-lt\cxx-framework\src\traditional\proc\p18f4620.asm
                   CVRCON   0x000fb5       data     extern E:\3.46\pic18-lt\cxx-framework\src\traditional\proc\p18f4620.asm
               CVRCONbits   0x000fb5       data     extern E:\3.46\pic18-lt\cxx-framework\src\traditional\proc\p18f4620.asm
                     DDRA   0x000f92       data     extern E:\3.46\pic18-lt\cxx-framework\src\traditional\proc\p18f4620.asm
                 DDRAbits   0x000f92       data     extern E:\3.46\pic18-lt\cxx-framework\src\traditional\proc\p18f4620.asm
                     DDRB   0x000f93       data     extern E:\3.46\pic18-lt\cxx-framework\src\traditional\proc\p18f4620.asm
                 DDRBbits   0x000f93       data     extern E:\3.46\pic18-lt\cxx-framework\src\traditional\proc\p18f4620.asm
                     DDRC   0x000f94       data     extern E:\3.46\pic18-lt\cxx-framework\src\traditional\proc\p18f4620.asm
                 DDRCbits   0x000f94       data     extern E:\3.46\pic18-lt\cxx-framework\src\traditional\proc\p18f4620.asm
                     DDRD   0x000f95       data     extern E:\3.46\pic18-lt\cxx-framework\src\traditional\proc\p18f4620.asm
                 DDRDbits   0x000f95       data     extern E:\3.46\pic18-lt\cxx-framework\src\traditional\proc\p18f4620.asm
                     DDRE   0x000f96       data     extern E:\3.46\pic18-lt\cxx-framework\src\traditional\proc\p18f4620.asm
                 DDREbits   0x000f96       data     extern E:\3.46\pic18-lt\cxx-framework\src\traditional\proc\p18f4620.asm
                  ECCP1AS   0x000fb6       data     extern E:\3.46\pic18-lt\cxx-framework\src\traditional\proc\p18f4620.asm
              ECCP1ASbits   0x000fb6       data     extern E:\3.46\pic18-lt\cxx-framework\src\traditional\proc\p18f4620.asm
                    EEADR   0x000fa9       data     extern E:\3.46\pic18-lt\cxx-framework\src\traditional\proc\p18f4620.asm
                   EEADRH   0x000faa       data     extern E:\3.46\pic18-lt\cxx-framework\src\traditional\proc\p18f4620.asm
                   EECON1   0x000fa6       data     extern E:\3.46\pic18-lt\cxx-framework\src\traditional\proc\p18f4620.asm
               EECON1bits   0x000fa6       data     extern E:\3.46\pic18-lt\cxx-framework\src\traditional\proc\p18f4620.asm
                   EECON2   0x000fa7       data     extern E:\3.46\pic18-lt\cxx-framework\src\traditional\proc\p18f4620.asm
                   EEDATA   0x000fa8       data     extern E:\3.46\pic18-lt\cxx-framework\src\traditional\proc\p18f4620.asm
                     FSR0   0x000fe9       data     extern E:\3.46\pic18-lt\cxx-framework\src\traditional\proc\p18f4620.asm
                    FSR0H   0x000fea       data     extern E:\3.46\pic18-lt\cxx-framework\src\traditional\proc\p18f4620.asm
                    FSR0L   0x000fe9       data     extern E:\3.46\pic18-lt\cxx-framework\src\traditional\proc\p18f4620.asm
                     FSR1   0x000fe1       data     extern E:\3.46\pic18-lt\cxx-framework\src\traditional\proc\p18f4620.asm
                    FSR1H   0x000fe2       data     extern E:\3.46\pic18-lt\cxx-framework\src\traditional\proc\p18f4620.asm
                    FSR1L   0x000fe1       data     extern E:\3.46\pic18-lt\cxx-framework\src\traditional\proc\p18f4620.asm
                     FSR2   0x000fd9       data     extern E:\3.46\pic18-lt\cxx-framework\src\traditional\proc\p18f4620.asm
                    FSR2H   0x000fda       data     extern E:\3.46\pic18-lt\cxx-framework\src\traditional\proc\p18f4620.asm
                    FSR2L   0x000fd9       data     extern E:\3.46\pic18-lt\cxx-framework\src\traditional\proc\p18f4620.asm
                  HLVDCON   0x000fd2       data     extern E:\3.46\pic18-lt\cxx-framework\src\traditional\proc\p18f4620.asm
              HLVDCONbits   0x000fd2       data     extern E:\3.46\pic18-lt\cxx-framework\src\traditional\proc\p18f4620.asm
                    INDF0   0x000fef       data     extern E:\3.46\pic18-lt\cxx-framework\src\traditional\proc\p18f4620.asm
                    INDF1   0x000fe7       data     extern E:\3.46\pic18-lt\cxx-framework\src\traditional\proc\p18f4620.asm
                    INDF2   0x000fdf       data     extern E:\3.46\pic18-lt\cxx-framework\src\traditional\proc\p18f4620.asm
                   INTCON   0x000ff2       data     extern E:\3.46\pic18-lt\cxx-framework\src\traditional\proc\p18f4620.asm
                  INTCON2   0x000ff1       data     extern E:\3.46\pic18-lt\cxx-framework\src\traditional\proc\p18f4620.asm
              INTCON2bits   0x000ff1       data     extern E:\3.46\pic18-lt\cxx-framework\src\traditional\proc\p18f4620.asm
                  INTCON3   0x000ff0       data     extern E:\3.46\pic18-lt\cxx-framework\src\traditional\proc\p18f4620.asm
              INTCON3bits   0x000ff0       data     extern E:\3.46\pic18-lt\cxx-framework\src\traditional\proc\p18f4620.asm
               INTCONbits   0x000ff2       data     extern E:\3.46\pic18-lt\cxx-framework\src\traditional\proc\p18f4620.asm
                     IPR1   0x000f9f       data     extern E:\3.46\pic18-lt\cxx-framework\src\traditional\proc\p18f4620.asm
                 IPR1bits   0x000f9f       data     extern E:\3.46\pic18-lt\cxx-framework\src\traditional\proc\p18f4620.asm
                     IPR2   0x000fa2       data     extern E:\3.46\pic18-lt\cxx-framework\src\traditional\proc\p18f4620.asm
                 IPR2bits   0x000fa2       data     extern E:\3.46\pic18-lt\cxx-framework\src\traditional\proc\p18f4620.asm
                     LATA   0x000f89       data     extern E:\3.46\pic18-lt\cxx-framework\src\traditional\proc\p18f4620.asm
                 LATAbits   0x000f89       data     extern E:\3.46\pic18-lt\cxx-framework\src\traditional\proc\p18f4620.asm
                     LATB   0x000f8a       data     extern E:\3.46\pic18-lt\cxx-framework\src\traditional\proc\p18f4620.asm
                 LATBbits   0x000f8a       data     extern E:\3.46\pic18-lt\cxx-framework\src\traditional\proc\p18f4620.asm
                     LATC   0x000f8b       data     extern E:\3.46\pic18-lt\cxx-framework\src\traditional\proc\p18f4620.asm
                 LATCbits   0x000f8b       data     extern E:\3.46\pic18-lt\cxx-framework\src\traditional\proc\p18f4620.asm
                     LATD   0x000f8c       data     extern E:\3.46\pic18-lt\cxx-framework\src\traditional\proc\p18f4620.asm
                 LATDbits   0x000f8c       data     extern E:\3.46\pic18-lt\cxx-framework\src\traditional\proc\p18f4620.asm
                     LATE   0x000f8d       data     extern E:\3.46\pic18-lt\cxx-framework\src\traditional\proc\p18f4620.asm
                 LATEbits   0x000f8d       data     extern E:\3.46\pic18-lt\cxx-framework\src\traditional\proc\p18f4620.asm
                   LVDCON   0x000fd2       data     extern E:\3.46\pic18-lt\cxx-framework\src\traditional\proc\p18f4620.asm
               LVDCONbits   0x000fd2       data     extern E:\3.46\pic18-lt\cxx-framework\src\traditional\proc\p18f4620.asm
                LcdScreen   0x0000c1       data     extern C:\Users\PC\Desktop\Digital Clock\lcd\lcd.c
                   OSCCON   0x000fd3       data     extern E:\3.46\pic18-lt\cxx-framework\src\traditional\proc\p18f4620.asm
               OSCCONbits   0x000fd3       data     extern E:\3.46\pic18-lt\cxx-framework\src\traditional\proc\p18f4620.asm
                  OSCTUNE   0x000f9b       data     extern E:\3.46\pic18-lt\cxx-framework\src\traditional\proc\p18f4620.asm
              OSCTUNEbits   0x000f9b       data     extern E:\3.46\pic18-lt\cxx-framework\src\traditional\proc\p18f4620.asm
                       PC   0x000ff9       data     extern E:\3.46\pic18-lt\cxx-framework\src\traditional\proc\p18f4620.asm
                      PCL   0x000ff9       data     extern E:\3.46\pic18-lt\cxx-framework\src\traditional\proc\p18f4620.asm
                   PCLATH   0x000ffa       data     extern E:\3.46\pic18-lt\cxx-framework\src\traditional\proc\p18f4620.asm
                   PCLATU   0x000ffb       data     extern E:\3.46\pic18-lt\cxx-framework\src\traditional\proc\p18f4620.asm
                     PIE1   0x000f9d       data     extern E:\3.46\pic18-lt\cxx-framework\src\traditional\proc\p18f4620.asm
                 PIE1bits   0x000f9d       data     extern E:\3.46\pic18-lt\cxx-framework\src\traditional\proc\p18f4620.asm
                     PIE2   0x000fa0       data     extern E:\3.46\pic18-lt\cxx-framework\src\traditional\proc\p18f4620.asm
                 PIE2bits   0x000fa0       data     extern E:\3.46\pic18-lt\cxx-framework\src\traditional\proc\p18f4620.asm
                     PIR1   0x000f9e       data     extern E:\3.46\pic18-lt\cxx-framework\src\traditional\proc\p18f4620.asm
                 PIR1bits   0x000f9e       data     extern E:\3.46\pic18-lt\cxx-framework\src\traditional\proc\p18f4620.asm
                     PIR2   0x000fa1       data     extern E:\3.46\pic18-lt\cxx-framework\src\traditional\proc\p18f4620.asm
                 PIR2bits   0x000fa1       data     extern E:\3.46\pic18-lt\cxx-framework\src\traditional\proc\p18f4620.asm
                   PLUSW0   0x000feb       data     extern E:\3.46\pic18-lt\cxx-framework\src\traditional\proc\p18f4620.asm
                   PLUSW1   0x000fe3       data     extern E:\3.46\pic18-lt\cxx-framework\src\traditional\proc\p18f4620.asm
                   PLUSW2   0x000fdb       data     extern E:\3.46\pic18-lt\cxx-framework\src\traditional\proc\p18f4620.asm
                    PORTA   0x000f80       data     extern E:\3.46\pic18-lt\cxx-framework\src\traditional\proc\p18f4620.asm
                PORTAbits   0x000f80       data     extern E:\3.46\pic18-lt\cxx-framework\src\traditional\proc\p18f4620.asm
                    PORTB   0x000f81       data     extern E:\3.46\pic18-lt\cxx-framework\src\traditional\proc\p18f4620.asm
                PORTBbits   0x000f81       data     extern E:\3.46\pic18-lt\cxx-framework\src\traditional\proc\p18f4620.asm
                    PORTC   0x000f82       data     extern E:\3.46\pic18-lt\cxx-framework\src\traditional\proc\p18f4620.asm
                PORTCbits   0x000f82       data     extern E:\3.46\pic18-lt\cxx-framework\src\traditional\proc\p18f4620.asm
                    PORTD   0x000f83       data     extern E:\3.46\pic18-lt\cxx-framework\src\traditional\proc\p18f4620.asm
                PORTDbits   0x000f83       data     extern E:\3.46\pic18-lt\cxx-framework\src\traditional\proc\p18f4620.asm
                    PORTE   0x000f84       data     extern E:\3.46\pic18-lt\cxx-framework\src\traditional\proc\p18f4620.asm
                PORTEbits   0x000f84       data     extern E:\3.46\pic18-lt\cxx-framework\src\traditional\proc\p18f4620.asm
                 POSTDEC0   0x000fed       data     extern E:\3.46\pic18-lt\cxx-framework\src\traditional\proc\p18f4620.asm
                 POSTDEC1   0x000fe5       data     extern E:\3.46\pic18-lt\cxx-framework\src\traditional\proc\p18f4620.asm
                 POSTDEC2   0x000fdd       data     extern E:\3.46\pic18-lt\cxx-framework\src\traditional\proc\p18f4620.asm
                 POSTINC0   0x000fee       data     extern E:\3.46\pic18-lt\cxx-framework\src\traditional\proc\p18f4620.asm
                 POSTINC1   0x000fe6       data     extern E:\3.46\pic18-lt\cxx-framework\src\traditional\proc\p18f4620.asm
                 POSTINC2   0x000fde       data     extern E:\3.46\pic18-lt\cxx-framework\src\traditional\proc\p18f4620.asm
                      PR2   0x000fcb       data     extern E:\3.46\pic18-lt\cxx-framework\src\traditional\proc\p18f4620.asm
                  PREINC0   0x000fec       data     extern E:\3.46\pic18-lt\cxx-framework\src\traditional\proc\p18f4620.asm
                  PREINC1   0x000fe4       data     extern E:\3.46\pic18-lt\cxx-framework\src\traditional\proc\p18f4620.asm
                  PREINC2   0x000fdc       data     extern E:\3.46\pic18-lt\cxx-framework\src\traditional\proc\p18f4620.asm
                     PROD   0x000ff3       data     extern E:\3.46\pic18-lt\cxx-framework\src\traditional\proc\p18f4620.asm
                    PRODH   0x000ff4       data     extern E:\3.46\pic18-lt\cxx-framework\src\traditional\proc\p18f4620.asm
                    PRODL   0x000ff3       data     extern E:\3.46\pic18-lt\cxx-framework\src\traditional\proc\p18f4620.asm
                  PWM1CON   0x000fb7       data     extern E:\3.46\pic18-lt\cxx-framework\src\traditional\proc\p18f4620.asm
              PWM1CONbits   0x000fb7       data     extern E:\3.46\pic18-lt\cxx-framework\src\traditional\proc\p18f4620.asm
                     RCON   0x000fd0       data     extern E:\3.46\pic18-lt\cxx-framework\src\traditional\proc\p18f4620.asm
                 RCONbits   0x000fd0       data     extern E:\3.46\pic18-lt\cxx-framework\src\traditional\proc\p18f4620.asm
                    RCREG   0x000fae       data     extern E:\3.46\pic18-lt\cxx-framework\src\traditional\proc\p18f4620.asm
                    RCSTA   0x000fab       data     extern E:\3.46\pic18-lt\cxx-framework\src\traditional\proc\p18f4620.asm
                RCSTAbits   0x000fab       data     extern E:\3.46\pic18-lt\cxx-framework\src\traditional\proc\p18f4620.asm
                     SIGN   0x000000       data     extern E:\3.46\pic18-lt\cxx-framework\src\traditional\math\cmath18.asm
                    SPBRG   0x000faf       data     extern E:\3.46\pic18-lt\cxx-framework\src\traditional\proc\p18f4620.asm
                   SPBRGH   0x000fb0       data     extern E:\3.46\pic18-lt\cxx-framework\src\traditional\proc\p18f4620.asm
                   SSPADD   0x000fc8       data     extern E:\3.46\pic18-lt\cxx-framework\src\traditional\proc\p18f4620.asm
                   SSPBUF   0x000fc9       data     extern E:\3.46\pic18-lt\cxx-framework\src\traditional\proc\p18f4620.asm
                  SSPCON1   0x000fc6       data     extern E:\3.46\pic18-lt\cxx-framework\src\traditional\proc\p18f4620.asm
              SSPCON1bits   0x000fc6       data     extern E:\3.46\pic18-lt\cxx-framework\src\traditional\proc\p18f4620.asm
                  SSPCON2   0x000fc5       data     extern E:\3.46\pic18-lt\cxx-framework\src\traditional\proc\p18f4620.asm
              SSPCON2bits   0x000fc5       data     extern E:\3.46\pic18-lt\cxx-framework\src\traditional\proc\p18f4620.asm
                  SSPSTAT   0x000fc7       data     extern E:\3.46\pic18-lt\cxx-framework\src\traditional\proc\p18f4620.asm
              SSPSTATbits   0x000fc7       data     extern E:\3.46\pic18-lt\cxx-framework\src\traditional\proc\p18f4620.asm
                   STATUS   0x000fd8       data     extern E:\3.46\pic18-lt\cxx-framework\src\traditional\proc\p18f4620.asm
               STATUSbits   0x000fd8       data     extern E:\3.46\pic18-lt\cxx-framework\src\traditional\proc\p18f4620.asm
                   STKPTR   0x000ffc       data     extern E:\3.46\pic18-lt\cxx-framework\src\traditional\proc\p18f4620.asm
               STKPTRbits   0x000ffc       data     extern E:\3.46\pic18-lt\cxx-framework\src\traditional\proc\p18f4620.asm
                    T0CON   0x000fd5       data     extern E:\3.46\pic18-lt\cxx-framework\src\traditional\proc\p18f4620.asm
                T0CONbits   0x000fd5       data     extern E:\3.46\pic18-lt\cxx-framework\src\traditional\proc\p18f4620.asm
                    T1CON   0x000fcd       data     extern E:\3.46\pic18-lt\cxx-framework\src\traditional\proc\p18f4620.asm
                T1CONbits   0x000fcd       data     extern E:\3.46\pic18-lt\cxx-framework\src\traditional\proc\p18f4620.asm
                    T2CON   0x000fca       data     extern E:\3.46\pic18-lt\cxx-framework\src\traditional\proc\p18f4620.asm
                T2CONbits   0x000fca       data     extern E:\3.46\pic18-lt\cxx-framework\src\traditional\proc\p18f4620.asm
                    T3CON   0x000fb1       data     extern E:\3.46\pic18-lt\cxx-framework\src\traditional\proc\p18f4620.asm
                T3CONbits   0x000fb1       data     extern E:\3.46\pic18-lt\cxx-framework\src\traditional\proc\p18f4620.asm
                   TABLAT   0x000ff5       data     extern E:\3.46\pic18-lt\cxx-framework\src\traditional\proc\p18f4620.asm
                   TBLPTR   0x000ff6       data     extern E:\3.46\pic18-lt\cxx-framework\src\traditional\proc\p18f4620.asm
                  TBLPTRH   0x000ff7       data     extern E:\3.46\pic18-lt\cxx-framework\src\traditional\proc\p18f4620.asm
                  TBLPTRL   0x000ff6       data     extern E:\3.46\pic18-lt\cxx-framework\src\traditional\proc\p18f4620.asm
                  TBLPTRU   0x000ff8       data     extern E:\3.46\pic18-lt\cxx-framework\src\traditional\proc\p18f4620.asm
                    TMR0H   0x000fd7       data     extern E:\3.46\pic18-lt\cxx-framework\src\traditional\proc\p18f4620.asm
                    TMR0L   0x000fd6       data     extern E:\3.46\pic18-lt\cxx-framework\src\traditional\proc\p18f4620.asm
                    TMR1H   0x000fcf       data     extern E:\3.46\pic18-lt\cxx-framework\src\traditional\proc\p18f4620.asm
                    TMR1L   0x000fce       data     extern E:\3.46\pic18-lt\cxx-framework\src\traditional\proc\p18f4620.asm
                     TMR2   0x000fcc       data     extern E:\3.46\pic18-lt\cxx-framework\src\traditional\proc\p18f4620.asm
                    TMR3H   0x000fb3       data     extern E:\3.46\pic18-lt\cxx-framework\src\traditional\proc\p18f4620.asm
                    TMR3L   0x000fb2       data     extern E:\3.46\pic18-lt\cxx-framework\src\traditional\proc\p18f4620.asm
                      TOS   0x000ffd       data     extern E:\3.46\pic18-lt\cxx-framework\src\traditional\proc\p18f4620.asm
                     TOSH   0x000ffe       data     extern E:\3.46\pic18-lt\cxx-framework\src\traditional\proc\p18f4620.asm
                     TOSL   0x000ffd       data     extern E:\3.46\pic18-lt\cxx-framework\src\traditional\proc\p18f4620.asm
                     TOSU   0x000fff       data     extern E:\3.46\pic18-lt\cxx-framework\src\traditional\proc\p18f4620.asm
                    TRISA   0x000f92       data     extern E:\3.46\pic18-lt\cxx-framework\src\traditional\proc\p18f4620.asm
                TRISAbits   0x000f92       data     extern E:\3.46\pic18-lt\cxx-framework\src\traditional\proc\p18f4620.asm
                    TRISB   0x000f93       data     extern E:\3.46\pic18-lt\cxx-framework\src\traditional\proc\p18f4620.asm
                TRISBbits   0x000f93       data     extern E:\3.46\pic18-lt\cxx-framework\src\traditional\proc\p18f4620.asm
                    TRISC   0x000f94       data     extern E:\3.46\pic18-lt\cxx-framework\src\traditional\proc\p18f4620.asm
                TRISCbits   0x000f94       data     extern E:\3.46\pic18-lt\cxx-framework\src\traditional\proc\p18f4620.asm
                    TRISD   0x000f95       data     extern E:\3.46\pic18-lt\cxx-framework\src\traditional\proc\p18f4620.asm
                TRISDbits   0x000f95       data     extern E:\3.46\pic18-lt\cxx-framework\src\traditional\proc\p18f4620.asm
                    TRISE   0x000f96       data     extern E:\3.46\pic18-lt\cxx-framework\src\traditional\proc\p18f4620.asm
                TRISEbits   0x000f96       data     extern E:\3.46\pic18-lt\cxx-framework\src\traditional\proc\p18f4620.asm
                    TXREG   0x000fad       data     extern E:\3.46\pic18-lt\cxx-framework\src\traditional\proc\p18f4620.asm
                    TXSTA   0x000fac       data     extern E:\3.46\pic18-lt\cxx-framework\src\traditional\proc\p18f4620.asm
                TXSTAbits   0x000fac       data     extern E:\3.46\pic18-lt\cxx-framework\src\traditional\proc\p18f4620.asm
                      UTC   0x000f4e       data     extern C:\Users\PC\Desktop\Digital Clock\menu\menu.c
                 UserFont   0x000080       data     extern C:\Users\PC\Desktop\Digital Clock\lcd\lcd.c
                        W   0x000fe8       data     extern E:\3.46\pic18-lt\cxx-framework\src\traditional\proc\p18f4620.asm
                   WDTCON   0x000fd1       data     extern E:\3.46\pic18-lt\cxx-framework\src\traditional\proc\p18f4620.asm
               WDTCONbits   0x000fd1       data     extern E:\3.46\pic18-lt\cxx-framework\src\traditional\proc\p18f4620.asm
                     WREG   0x000fe8       data     extern E:\3.46\pic18-lt\cxx-framework\src\traditional\proc\p18f4620.asm
                 __AARGB0   0x000009       data     extern E:\3.46\pic18-lt\cxx-framework\src\traditional\math\aarg.asm
                 __AARGB1   0x000008       data     extern E:\3.46\pic18-lt\cxx-framework\src\traditional\math\aarg.asm
                 __AARGB2   0x000007       data     extern E:\3.46\pic18-lt\cxx-framework\src\traditional\math\aarg.asm
                 __AARGB3   0x000006       data     extern E:\3.46\pic18-lt\cxx-framework\src\traditional\math\aarg.asm
                 __AARGB4   0x000005       data     extern E:\3.46\pic18-lt\cxx-framework\src\traditional\math\aarg.asm
                 __AARGB5   0x000004       data     extern E:\3.46\pic18-lt\cxx-framework\src\traditional\math\aarg.asm
                 __AARGB6   0x000003       data     extern E:\3.46\pic18-lt\cxx-framework\src\traditional\math\aarg.asm
                 __AARGB7   0x000002       data     extern E:\3.46\pic18-lt\cxx-framework\src\traditional\math\aarg.asm
                   __AEXP   0x00000a       data     extern E:\3.46\pic18-lt\cxx-framework\src\traditional\math\aarg.asm
                 __BARGB0   0x00000e       data     extern E:\3.46\pic18-lt\cxx-framework\src\traditional\math\barg.asm
                 __BARGB1   0x00000d       data     extern E:\3.46\pic18-lt\cxx-framework\src\traditional\math\barg.asm
                 __BARGB2   0x00000c       data     extern E:\3.46\pic18-lt\cxx-framework\src\traditional\math\barg.asm
                 __BARGB3   0x00000b       data     extern E:\3.46\pic18-lt\cxx-framework\src\traditional\math\barg.asm
                   __BEXP   0x00000f       data     extern E:\3.46\pic18-lt\cxx-framework\src\traditional\math\barg.asm
                __FPFLAGS   0x000001       data     extern E:\3.46\pic18-lt\cxx-framework\src\traditional\math\cmath18.asm
            __FPFLAGSbits   0x000001       data     extern E:\3.46\pic18-lt\cxx-framework\src\traditional\math\cmath18.asm
                  __REMB0   0x000005       data     extern E:\3.46\pic18-lt\cxx-framework\src\traditional\math\aarg.asm
                  __REMB1   0x000004       data     extern E:\3.46\pic18-lt\cxx-framework\src\traditional\math\aarg.asm
                  __REMB2   0x000003       data     extern E:\3.46\pic18-lt\cxx-framework\src\traditional\math\aarg.asm
                  __REMB3   0x000002       data     extern E:\3.46\pic18-lt\cxx-framework\src\traditional\math\aarg.asm
                   __TEMP   0x000013       data     extern E:\3.46\pic18-lt\cxx-framework\src\traditional\math\temparg.asm
                 __TEMPB0   0x000013       data     extern E:\3.46\pic18-lt\cxx-framework\src\traditional\math\temparg.asm
                 __TEMPB1   0x000012       data     extern E:\3.46\pic18-lt\cxx-framework\src\traditional\math\temparg.asm
                 __TEMPB2   0x000011       data     extern E:\3.46\pic18-lt\cxx-framework\src\traditional\math\temparg.asm
                 __TEMPB3   0x000010       data     extern E:\3.46\pic18-lt\cxx-framework\src\traditional\math\temparg.asm
                  __tmp_0   0x000014       data     static C:\Users\PC\Desktop\Digital Clock\button_matrix\button.c
                  __tmp_0   0x000014       data     static C:\Users\PC\Desktop\Digital Clock\lcd\lcd.c
                  __tmp_0   0x000014       data     static C:\Users\PC\Desktop\Digital Clock\timer\timer.c
                  __tmp_0   0x000014       data     static C:\Users\PC\Desktop\Digital Clock\main.c
                  __tmp_0   0x000014       data     static C:\Users\PC\Desktop\Digital Clock\menu\menu.c
                  __tmp_0   0x000014       data     static C:\Users\PC\Desktop\Digital Clock\i2c\i2c.c
                  __tmp_0   0x000014       data     static C:\Users\PC\Desktop\Digital Clock\uart\uart.c
                  ack_bit   0x000f7f       data     extern C:\Users\PC\Desktop\Digital Clock\i2c\i2c.c
                 ack_flag   0x0000f9       data     extern C:\Users\PC\Desktop\Digital Clock\i2c\i2c.c
      arrayMaskInputOfKey   0x000124       data     extern C:\Users\PC\Desktop\Digital Clock\button_matrix\button.c
     arrayMaskOutputOfKey   0x000120       data     extern C:\Users\PC\Desktop\Digital Clock\button_matrix\button.c
                 bitAlarm   0x000154       data     extern C:\Users\PC\Desktop\Digital Clock\main.c
                bitEnable   0x000159       data     extern C:\Users\PC\Desktop\Digital Clock\main.c
                    blink   0x000f5b       data     extern C:\Users\PC\Desktop\Digital Clock\menu\menu.c
                 byte_num   0x0000e2       data     extern C:\Users\PC\Desktop\Digital Clock\i2c\i2c.c
             centi_second   0x000f75       data     extern C:\Users\PC\Desktop\Digital Clock\menu\menu.c
                 cmd_date   0x000f6d       data     extern C:\Users\PC\Desktop\Digital Clock\menu\menu.c
                cmd_state   0x000f6b       data     extern C:\Users\PC\Desktop\Digital Clock\menu\menu.c
                     cnt0   0x000f78       data     extern C:\Users\PC\Desktop\Digital Clock\interrupt\interrupt.c
                     cnt1   0x000f7a       data     extern C:\Users\PC\Desktop\Digital Clock\interrupt\interrupt.c
            console_state   0x000f76       data     extern C:\Users\PC\Desktop\Digital Clock\menu\menu.c
                    count   0x000f67       data     extern C:\Users\PC\Desktop\Digital Clock\menu\menu.c
                curr_byte   0x00016e       data     static E:\3.46\pic18-lt\cxx-framework\src\traditional\startup\c018i.c
               curr_entry   0x000170       data     static E:\3.46\pic18-lt\cxx-framework\src\traditional\startup\c018i.c
                 curr_sec   0x000f5f       data     extern C:\Users\PC\Desktop\Digital Clock\menu\menu.c
              current_col   0x0000fe       data     extern C:\Users\PC\Desktop\Digital Clock\lcd\lcd.c
              current_row   0x0000fc       data     extern C:\Users\PC\Desktop\Digital Clock\lcd\lcd.c
              dataReceive   0x000f00       data     extern C:\Users\PC\Desktop\Digital Clock\uart\uart.c
                 data_ptr   0x000172       data     static E:\3.46\pic18-lt\cxx-framework\src\traditional\startup\c018i.c
                     date   0x00014c       data     extern C:\Users\PC\Desktop\Digital Clock\main.c
                   date_t   0x000166       data     extern C:\Users\PC\Desktop\Digital Clock\menu\menu.c
                      day   0x00014b       data     extern C:\Users\PC\Desktop\Digital Clock\main.c
                    day_t   0x000168       data     extern C:\Users\PC\Desktop\Digital Clock\menu\menu.c
                dhtBuffer   0x000f64       data     extern C:\Users\PC\Desktop\Digital Clock\menu\menu.c
                dht_state   0x000f61       data     extern C:\Users\PC\Desktop\Digital Clock\menu\menu.c
                flagAlarm   0x000158       data     extern C:\Users\PC\Desktop\Digital Clock\main.c
                  flagDHT   0x000f68       data     extern C:\Users\PC\Desktop\Digital Clock\menu\menu.c
             flagInternet   0x000f69       data     extern C:\Users\PC\Desktop\Digital Clock\menu\menu.c
                 flagUart   0x000f6a       data     extern C:\Users\PC\Desktop\Digital Clock\menu\menu.c
                flag_read   0x0000e1       data     extern C:\Users\PC\Desktop\Digital Clock\i2c\i2c.c
              flag_timer0   0x000130       data     extern C:\Users\PC\Desktop\Digital Clock\timer\timer.c
              flag_timer1   0x000131       data     extern C:\Users\PC\Desktop\Digital Clock\timer\timer.c
              flag_timer2   0x000132       data     extern C:\Users\PC\Desktop\Digital Clock\timer\timer.c
              flag_timer3   0x000133       data     extern C:\Users\PC\Desktop\Digital Clock\timer\timer.c
                     hour   0x00014a       data     extern C:\Users\PC\Desktop\Digital Clock\main.c
                hourAlarm   0x000152       data     extern C:\Users\PC\Desktop\Digital Clock\main.c
              hour_change   0x00015b       data     extern C:\Users\PC\Desktop\Digital Clock\menu\menu.c
                  hour_st   0x000f72       data     extern C:\Users\PC\Desktop\Digital Clock\menu\menu.c
                   hour_t   0x00015d       data     extern C:\Users\PC\Desktop\Digital Clock\menu\menu.c
                  hour_tc   0x000f55       data     extern C:\Users\PC\Desktop\Digital Clock\menu\menu.c
                 humidity   0x000f63       data     extern C:\Users\PC\Desktop\Digital Clock\menu\menu.c
                 i2c_data   0x0000fb       data     extern C:\Users\PC\Desktop\Digital Clock\i2c\i2c.c
                index_add   0x0000e3       data     extern C:\Users\PC\Desktop\Digital Clock\i2c\i2c.c
                 key_code   0x000100       data     extern C:\Users\PC\Desktop\Digital Clock\button_matrix\button.c
              last_modify   0x000f47       data     extern C:\Users\PC\Desktop\Digital Clock\menu\menu.c
                 last_sec   0x000f5d       data     extern C:\Users\PC\Desktop\Digital Clock\menu\menu.c
               last_state   0x000f43       data     extern C:\Users\PC\Desktop\Digital Clock\menu\menu.c
            last_statusWT   0x000f4c       data     extern C:\Users\PC\Desktop\Digital Clock\menu\menu.c
                   minute   0x000149       data     extern C:\Users\PC\Desktop\Digital Clock\main.c
              minuteAlarm   0x000153       data     extern C:\Users\PC\Desktop\Digital Clock\main.c
                minute_st   0x000f73       data     extern C:\Users\PC\Desktop\Digital Clock\menu\menu.c
                 minute_t   0x00015e       data     extern C:\Users\PC\Desktop\Digital Clock\menu\menu.c
                minute_tc   0x000f57       data     extern C:\Users\PC\Desktop\Digital Clock\menu\menu.c
                   modify   0x000f45       data     extern C:\Users\PC\Desktop\Digital Clock\menu\menu.c
                    month   0x00014d       data     extern C:\Users\PC\Desktop\Digital Clock\main.c
                  month_t   0x000164       data     extern C:\Users\PC\Desktop\Digital Clock\menu\menu.c
                     prom   0x00016b       data     static E:\3.46\pic18-lt\cxx-framework\src\traditional\startup\c018i.c
                  readIdx   0x000f7d       data     extern C:\Users\PC\Desktop\Digital Clock\uart\uart.c
                read_data   0x0000ef       data     extern C:\Users\PC\Desktop\Digital Clock\i2c\i2c.c
             receive_data   0x0000fa       data     extern C:\Users\PC\Desktop\Digital Clock\i2c\i2c.c
             receive_flag   0x0000f8       data     extern C:\Users\PC\Desktop\Digital Clock\i2c\i2c.c
                 recvBuff   0x000f01       data     extern C:\Users\PC\Desktop\Digital Clock\uart\uart.c
             recvDataFlag   0x000f7e       data     extern C:\Users\PC\Desktop\Digital Clock\uart\uart.c
               returnFlag   0x000f6f       data     extern C:\Users\PC\Desktop\Digital Clock\menu\menu.c
                 returnOK   0x000f54       data     extern C:\Users\PC\Desktop\Digital Clock\menu\menu.c
                 run_stop   0x000f5c       data     extern C:\Users\PC\Desktop\Digital Clock\menu\menu.c
       run_stopwatch_flag   0x000f71       data     extern C:\Users\PC\Desktop\Digital Clock\menu\menu.c
                   second   0x000148       data     extern C:\Users\PC\Desktop\Digital Clock\main.c
                second_st   0x000f74       data     extern C:\Users\PC\Desktop\Digital Clock\menu\menu.c
                 second_t   0x00015f       data     extern C:\Users\PC\Desktop\Digital Clock\menu\menu.c
                second_tc   0x000f59       data     extern C:\Users\PC\Desktop\Digital Clock\menu\menu.c
              setTimeFlag   0x000f70       data     extern C:\Users\PC\Desktop\Digital Clock\menu\menu.c
                   status   0x000f41       data     extern C:\Users\PC\Desktop\Digital Clock\menu\menu.c
              statusAlarm   0x000151       data     extern C:\Users\PC\Desktop\Digital Clock\main.c
                statusLCD   0x0000c0       data     extern C:\Users\PC\Desktop\Digital Clock\lcd\lcd.c
         statusSetUpAlarm   0x00014f       data     extern C:\Users\PC\Desktop\Digital Clock\main.c
          statusSetUpTime   0x000150       data     extern C:\Users\PC\Desktop\Digital Clock\main.c
         status_worldTime   0x000f4a       data     extern C:\Users\PC\Desktop\Digital Clock\menu\menu.c
                    temp1   0x000160       data     extern C:\Users\PC\Desktop\Digital Clock\menu\menu.c
                    temp2   0x000161       data     extern C:\Users\PC\Desktop\Digital Clock\menu\menu.c
              temperature   0x000f62       data     extern C:\Users\PC\Desktop\Digital Clock\menu\menu.c
                time0_MUL   0x000140       data     extern C:\Users\PC\Desktop\Digital Clock\timer\timer.c
                time1_MUL   0x000142       data     extern C:\Users\PC\Desktop\Digital Clock\timer\timer.c
                time2_MUL   0x000144       data     extern C:\Users\PC\Desktop\Digital Clock\timer\timer.c
                time3_MUL   0x000146       data     extern C:\Users\PC\Desktop\Digital Clock\timer\timer.c
                timeAlarm   0x000156       data     extern C:\Users\PC\Desktop\Digital Clock\main.c
                timeBlink   0x00015a       data     static C:\Users\PC\Desktop\Digital Clock\main.c
                timeBlink   0x000155       data     extern C:\Users\PC\Desktop\Digital Clock\main.c
               timer0_cnt   0x000138       data     extern C:\Users\PC\Desktop\Digital Clock\timer\timer.c
             timer0_value   0x000128       data     extern C:\Users\PC\Desktop\Digital Clock\timer\timer.c
               timer1_cnt   0x00013a       data     extern C:\Users\PC\Desktop\Digital Clock\timer\timer.c
             timer1_value   0x00012a       data     extern C:\Users\PC\Desktop\Digital Clock\timer\timer.c
               timer2_cnt   0x00013c       data     extern C:\Users\PC\Desktop\Digital Clock\timer\timer.c
             timer2_value   0x00012c       data     extern C:\Users\PC\Desktop\Digital Clock\timer\timer.c
               timer3_cnt   0x00013e       data     extern C:\Users\PC\Desktop\Digital Clock\timer\timer.c
              timer3_tick   0x00016a       data     extern C:\Users\PC\Desktop\Digital Clock\menu\menu.c
             timer3_value   0x00012e       data     extern C:\Users\PC\Desktop\Digital Clock\timer\timer.c
       timer_clock_config   0x000f49       data     extern C:\Users\PC\Desktop\Digital Clock\menu\menu.c
                 uartBuff   0x000f50       data     extern C:\Users\PC\Desktop\Digital Clock\menu\menu.c
             uartBuffDate   0x000f52       data     extern C:\Users\PC\Desktop\Digital Clock\menu\menu.c
           uart_last_mode   0x000f66       data     extern C:\Users\PC\Desktop\Digital Clock\menu\menu.c
                uart_mode   0x000f65       data     extern C:\Users\PC\Desktop\Digital Clock\menu\menu.c
                   v_cnt0   0x000134       data     extern C:\Users\PC\Desktop\Digital Clock\timer\timer.c
                   v_cnt1   0x000136       data     extern C:\Users\PC\Desktop\Digital Clock\timer\timer.c
                 writeIdx   0x000f7c       data     extern C:\Users\PC\Desktop\Digital Clock\uart\uart.c
               write_data   0x0000e4       data     extern C:\Users\PC\Desktop\Digital Clock\i2c\i2c.c
                     year   0x00014e       data     extern C:\Users\PC\Desktop\Digital Clock\main.c
                   year_t   0x000162       data     extern C:\Users\PC\Desktop\Digital Clock\menu\menu.c



                              Symbols - Sorted by Address
                     Name    Address   Location    Storage File                     
                ---------  ---------  ---------  --------- ---------                
                   _entry   0x000000    program     extern E:\3.46\pic18-lt\cxx-framework\src\traditional\startup\c018i.c
       ___return_lbl00000   0x000004    program     static                          
                     zone   0x000006    program     static C:\Users\PC\Desktop\Digital Clock\menu\menu.c
      InterruptVectorHigh   0x000008    program     extern C:\Users\PC\Desktop\Digital Clock\interrupt\interrupt.c
       ___return_lbl00003   0x00000c    program     static                          
                   __init   0x00000e    program     extern E:\3.46\pic18-lt\cxx-framework\src\traditional\stdclib\__init.c
       InterruptVectorLow   0x000018    program     extern C:\Users\PC\Desktop\Digital Clock\interrupt\interrupt.c
       ___return_lbl00002   0x00001c    program     static                          
              menuControl   0x000080    program     extern C:\Users\PC\Desktop\Digital Clock\menu\menu.c
            run_stopwatch   0x000860    program     extern C:\Users\PC\Desktop\Digital Clock\menu\menu.c
        display_stopwatch   0x0008b6    program     extern C:\Users\PC\Desktop\Digital Clock\menu\menu.c
      display_timer_clock   0x000a72    program     extern C:\Users\PC\Desktop\Digital Clock\menu\menu.c
          run_timer_clock   0x000cb8    program     extern C:\Users\PC\Desktop\Digital Clock\menu\menu.c
        getUartBufferChar   0x00114c    program     extern C:\Users\PC\Desktop\Digital Clock\menu\menu.c
            flushRecvBuff   0x00117a    program     extern C:\Users\PC\Desktop\Digital Clock\menu\menu.c
             uart_console   0x001188    program     extern C:\Users\PC\Desktop\Digital Clock\menu\menu.c
            command_parse   0x0011a8    program     extern C:\Users\PC\Desktop\Digital Clock\menu\menu.c
           fsm_timeModify   0x001b68    program     extern C:\Users\PC\Desktop\Digital Clock\menu\menu.c
            fsm_uart_mode   0x001d5a    program     extern C:\Users\PC\Desktop\Digital Clock\menu\menu.c
            fsm_worldTime   0x001fa0    program     extern C:\Users\PC\Desktop\Digital Clock\menu\menu.c
               change_UTC   0x0023e6    program     extern C:\Users\PC\Desktop\Digital Clock\menu\menu.c
                check_UTC   0x0024f4    program     extern C:\Users\PC\Desktop\Digital Clock\menu\menu.c
        check_number_uart   0x002564    program     extern C:\Users\PC\Desktop\Digital Clock\menu\menu.c
[...]
                 DDRBbits   0x000f93       data     extern E:\3.46\pic18-lt\cxx-framework\src\traditional\proc\p18f4620.asm
                    TRISB   0x000f93       data     extern E:\3.46\pic18-lt\cxx-framework\src\traditional\proc\p18f4620.asm
                TRISBbits   0x000f93       data     extern E:\3.46\pic18-lt\cxx-framework\src\traditional\proc\p18f4620.asm
                TRISCbits   0x000f94       data     extern E:\3.46\pic18-lt\cxx-framework\src\traditional\proc\p18f4620.asm
                    TRISC   0x000f94       data     extern E:\3.46\pic18-lt\cxx-framework\src\traditional\proc\p18f4620.asm
                 DDRCbits   0x000f94       data     extern E:\3.46\pic18-lt\cxx-framework\src\traditional\proc\p18f4620.asm
                     DDRC   0x000f94       data     extern E:\3.46\pic18-lt\cxx-framework\src\traditional\proc\p18f4620.asm
                    TRISD   0x000f95       data     extern E:\3.46\pic18-lt\cxx-framework\src\traditional\proc\p18f4620.asm
                TRISDbits   0x000f95       data     extern E:\3.46\pic18-lt\cxx-framework\src\traditional\proc\p18f4620.asm
                 DDRDbits   0x000f95       data     extern E:\3.46\pic18-lt\cxx-framework\src\traditional\proc\p18f4620.asm
                     DDRD   0x000f95       data     extern E:\3.46\pic18-lt\cxx-framework\src\traditional\proc\p18f4620.asm
                    TRISE   0x000f96       data     extern E:\3.46\pic18-lt\cxx-framework\src\traditional\proc\p18f4620.asm
                TRISEbits   0x000f96       data     extern E:\3.46\pic18-lt\cxx-framework\src\traditional\proc\p18f4620.asm
                 DDREbits   0x000f96       data     extern E:\3.46\pic18-lt\cxx-framework\src\traditional\proc\p18f4620.asm
                     DDRE   0x000f96       data     extern E:\3.46\pic18-lt\cxx-framework\src\traditional\proc\p18f4620.asm
                  OSCTUNE   0x000f9b       data     extern E:\3.46\pic18-lt\cxx-framework\src\traditional\proc\p18f4620.asm
              OSCTUNEbits   0x000f9b       data     extern E:\3.46\pic18-lt\cxx-framework\src\traditional\proc\p18f4620.asm
                 PIE1bits   0x000f9d       data     extern E:\3.46\pic18-lt\cxx-framework\src\traditional\proc\p18f4620.asm
                     PIE1   0x000f9d       data     extern E:\3.46\pic18-lt\cxx-framework\src\traditional\proc\p18f4620.asm
                     PIR1   0x000f9e       data     extern E:\3.46\pic18-lt\cxx-framework\src\traditional\proc\p18f4620.asm
                 PIR1bits   0x000f9e       data     extern E:\3.46\pic18-lt\cxx-framework\src\traditional\proc\p18f4620.asm
                     IPR1   0x000f9f       data     extern E:\3.46\pic18-lt\cxx-framework\src\traditional\proc\p18f4620.asm
                 IPR1bits   0x000f9f       data     extern E:\3.46\pic18-lt\cxx-framework\src\traditional\proc\p18f4620.asm
                     PIE2   0x000fa0       data     extern E:\3.46\pic18-lt\cxx-framework\src\traditional\proc\p18f4620.asm
                 PIE2bits   0x000fa0       data     extern E:\3.46\pic18-lt\cxx-framework\src\traditional\proc\p18f4620.asm
                     PIR2   0x000fa1       data     extern E:\3.46\pic18-lt\cxx-framework\src\traditional\proc\p18f4620.asm
                 PIR2bits   0x000fa1       data     extern E:\3.46\pic18-lt\cxx-framework\src\traditional\proc\p18f4620.asm
                 IPR2bits   0x000fa2       data     extern E:\3.46\pic18-lt\cxx-framework\src\traditional\proc\p18f4620.asm
                     IPR2   0x000fa2       data     extern E:\3.46\pic18-lt\cxx-framework\src\traditional\proc\p18f4620.asm
               EECON1bits   0x000fa6       data     extern E:\3.46\pic18-lt\cxx-framework\src\traditional\proc\p18f4620.asm
                   EECON1   0x000fa6       data     extern E:\3.46\pic18-lt\cxx-framework\src\traditional\proc\p18f4620.asm
                   EECON2   0x000fa7       data     extern E:\3.46\pic18-lt\cxx-framework\src\traditional\proc\p18f4620.asm
                   EEDATA   0x000fa8       data     extern E:\3.46\pic18-lt\cxx-framework\src\traditional\proc\p18f4620.asm
                    EEADR   0x000fa9       data     extern E:\3.46\pic18-lt\cxx-framework\src\traditional\proc\p18f4620.asm
                   EEADRH   0x000faa       data     extern E:\3.46\pic18-lt\cxx-framework\src\traditional\proc\p18f4620.asm
                RCSTAbits   0x000fab       data     extern E:\3.46\pic18-lt\cxx-framework\src\traditional\proc\p18f4620.asm
                    RCSTA   0x000fab       data     extern E:\3.46\pic18-lt\cxx-framework\src\traditional\proc\p18f4620.asm
                TXSTAbits   0x000fac       data     extern E:\3.46\pic18-lt\cxx-framework\src\traditional\proc\p18f4620.asm
                    TXSTA   0x000fac       data     extern E:\3.46\pic18-lt\cxx-framework\src\traditional\proc\p18f4620.asm
                    TXREG   0x000fad       data     extern E:\3.46\pic18-lt\cxx-framework\src\traditional\proc\p18f4620.asm
                    RCREG   0x000fae       data     extern E:\3.46\pic18-lt\cxx-framework\src\traditional\proc\p18f4620.asm
                    SPBRG   0x000faf       data     extern E:\3.46\pic18-lt\cxx-framework\src\traditional\proc\p18f4620.asm
                   SPBRGH   0x000fb0       data     extern E:\3.46\pic18-lt\cxx-framework\src\traditional\proc\p18f4620.asm
                    T3CON   0x000fb1       data     extern E:\3.46\pic18-lt\cxx-framework\src\traditional\proc\p18f4620.asm
                T3CONbits   0x000fb1       data     extern E:\3.46\pic18-lt\cxx-framework\src\traditional\proc\p18f4620.asm
                    TMR3L   0x000fb2       data     extern E:\3.46\pic18-lt\cxx-framework\src\traditional\proc\p18f4620.asm
                    TMR3H   0x000fb3       data     extern E:\3.46\pic18-lt\cxx-framework\src\traditional\proc\p18f4620.asm
                CMCONbits   0x000fb4       data     extern E:\3.46\pic18-lt\cxx-framework\src\traditional\proc\p18f4620.asm
                    CMCON   0x000fb4       data     extern E:\3.46\pic18-lt\cxx-framework\src\traditional\proc\p18f4620.asm
               CVRCONbits   0x000fb5       data     extern E:\3.46\pic18-lt\cxx-framework\src\traditional\proc\p18f4620.asm
                   CVRCON   0x000fb5       data     extern E:\3.46\pic18-lt\cxx-framework\src\traditional\proc\p18f4620.asm
              ECCP1ASbits   0x000fb6       data     extern E:\3.46\pic18-lt\cxx-framework\src\traditional\proc\p18f4620.asm
                  ECCP1AS   0x000fb6       data     extern E:\3.46\pic18-lt\cxx-framework\src\traditional\proc\p18f4620.asm
              PWM1CONbits   0x000fb7       data     extern E:\3.46\pic18-lt\cxx-framework\src\traditional\proc\p18f4620.asm
                  PWM1CON   0x000fb7       data     extern E:\3.46\pic18-lt\cxx-framework\src\traditional\proc\p18f4620.asm
              BAUDCTLbits   0x000fb8       data     extern E:\3.46\pic18-lt\cxx-framework\src\traditional\proc\p18f4620.asm
                  BAUDCTL   0x000fb8       data     extern E:\3.46\pic18-lt\cxx-framework\src\traditional\proc\p18f4620.asm
              BAUDCONbits   0x000fb8       data     extern E:\3.46\pic18-lt\cxx-framework\src\traditional\proc\p18f4620.asm
                  BAUDCON   0x000fb8       data     extern E:\3.46\pic18-lt\cxx-framework\src\traditional\proc\p18f4620.asm
              CCP2CONbits   0x000fba       data     extern E:\3.46\pic18-lt\cxx-framework\src\traditional\proc\p18f4620.asm
                  CCP2CON   0x000fba       data     extern E:\3.46\pic18-lt\cxx-framework\src\traditional\proc\p18f4620.asm
                    CCPR2   0x000fbb       data     extern E:\3.46\pic18-lt\cxx-framework\src\traditional\proc\p18f4620.asm
                   CCPR2L   0x000fbb       data     extern E:\3.46\pic18-lt\cxx-framework\src\traditional\proc\p18f4620.asm
                   CCPR2H   0x000fbc       data     extern E:\3.46\pic18-lt\cxx-framework\src\traditional\proc\p18f4620.asm
              CCP1CONbits   0x000fbd       data     extern E:\3.46\pic18-lt\cxx-framework\src\traditional\proc\p18f4620.asm
                  CCP1CON   0x000fbd       data     extern E:\3.46\pic18-lt\cxx-framework\src\traditional\proc\p18f4620.asm
                   CCPR1L   0x000fbe       data     extern E:\3.46\pic18-lt\cxx-framework\src\traditional\proc\p18f4620.asm
                    CCPR1   0x000fbe       data     extern E:\3.46\pic18-lt\cxx-framework\src\traditional\proc\p18f4620.asm
                   CCPR1H   0x000fbf       data     extern E:\3.46\pic18-lt\cxx-framework\src\traditional\proc\p18f4620.asm
               ADCON2bits   0x000fc0       data     extern E:\3.46\pic18-lt\cxx-framework\src\traditional\proc\p18f4620.asm
                   ADCON2   0x000fc0       data     extern E:\3.46\pic18-lt\cxx-framework\src\traditional\proc\p18f4620.asm
               ADCON1bits   0x000fc1       data     extern E:\3.46\pic18-lt\cxx-framework\src\traditional\proc\p18f4620.asm
                   ADCON1   0x000fc1       data     extern E:\3.46\pic18-lt\cxx-framework\src\traditional\proc\p18f4620.asm
               ADCON0bits   0x000fc2       data     extern E:\3.46\pic18-lt\cxx-framework\src\traditional\proc\p18f4620.asm
                   ADCON0   0x000fc2       data     extern E:\3.46\pic18-lt\cxx-framework\src\traditional\proc\p18f4620.asm
                    ADRES   0x000fc3       data     extern E:\3.46\pic18-lt\cxx-framework\src\traditional\proc\p18f4620.asm
                   ADRESL   0x000fc3       data     extern E:\3.46\pic18-lt\cxx-framework\src\traditional\proc\p18f4620.asm
                   ADRESH   0x000fc4       data     extern E:\3.46\pic18-lt\cxx-framework\src\traditional\proc\p18f4620.asm
              SSPCON2bits   0x000fc5       data     extern E:\3.46\pic18-lt\cxx-framework\src\traditional\proc\p18f4620.asm
                  SSPCON2   0x000fc5       data     extern E:\3.46\pic18-lt\cxx-framework\src\traditional\proc\p18f4620.asm
              SSPCON1bits   0x000fc6       data     extern E:\3.46\pic18-lt\cxx-framework\src\traditional\proc\p18f4620.asm
                  SSPCON1   0x000fc6       data     extern E:\3.46\pic18-lt\cxx-framework\src\traditional\proc\p18f4620.asm
              SSPSTATbits   0x000fc7       data     extern E:\3.46\pic18-lt\cxx-framework\src\traditional\proc\p18f4620.asm
                  SSPSTAT   0x000fc7       data     extern E:\3.46\pic18-lt\cxx-framework\src\traditional\proc\p18f4620.asm
                   SSPADD   0x000fc8       data     extern E:\3.46\pic18-lt\cxx-framework\src\traditional\proc\p18f4620.asm
                   SSPBUF   0x000fc9       data     extern E:\3.46\pic18-lt\cxx-framework\src\traditional\proc\p18f4620.asm
                    T2CON   0x000fca       data     extern E:\3.46\pic18-lt\cxx-framework\src\traditional\proc\p18f4620.asm
                T2CONbits   0x000fca       data     extern E:\3.46\pic18-lt\cxx-framework\src\traditional\proc\p18f4620.asm
                      PR2   0x000fcb       data     extern E:\3.46\pic18-lt\cxx-framework\src\traditional\proc\p18f4620.asm
                     TMR2   0x000fcc       data     extern E:\3.46\pic18-lt\cxx-framework\src\traditional\proc\p18f4620.asm
                T1CONbits   0x000fcd       data     extern E:\3.46\pic18-lt\cxx-framework\src\traditional\proc\p18f4620.asm
                    T1CON   0x000fcd       data     extern E:\3.46\pic18-lt\cxx-framework\src\traditional\proc\p18f4620.asm
                    TMR1L   0x000fce       data     extern E:\3.46\pic18-lt\cxx-framework\src\traditional\proc\p18f4620.asm
                    TMR1H   0x000fcf       data     extern E:\3.46\pic18-lt\cxx-framework\src\traditional\proc\p18f4620.asm
                     RCON   0x000fd0       data     extern E:\3.46\pic18-lt\cxx-framework\src\traditional\proc\p18f4620.asm
                 RCONbits   0x000fd0       data     extern E:\3.46\pic18-lt\cxx-framework\src\traditional\proc\p18f4620.asm
               WDTCONbits   0x000fd1       data     extern E:\3.46\pic18-lt\cxx-framework\src\traditional\proc\p18f4620.asm
                   WDTCON   0x000fd1       data     extern E:\3.46\pic18-lt\cxx-framework\src\traditional\proc\p18f4620.asm
                  HLVDCON   0x000fd2       data     extern E:\3.46\pic18-lt\cxx-framework\src\traditional\proc\p18f4620.asm
              HLVDCONbits   0x000fd2       data     extern E:\3.46\pic18-lt\cxx-framework\src\traditional\proc\p18f4620.asm
                   LVDCON   0x000fd2       data     extern E:\3.46\pic18-lt\cxx-framework\src\traditional\proc\p18f4620.asm
               LVDCONbits   0x000fd2       data     extern E:\3.46\pic18-lt\cxx-framework\src\traditional\proc\p18f4620.asm
                   OSCCON   0x000fd3       data     extern E:\3.46\pic18-lt\cxx-framework\src\traditional\proc\p18f4620.asm
               OSCCONbits   0x000fd3       data     extern E:\3.46\pic18-lt\cxx-framework\src\traditional\proc\p18f4620.asm
                    T0CON   0x000fd5       data     extern E:\3.46\pic18-lt\cxx-framework\src\traditional\proc\p18f4620.asm
                T0CONbits   0x000fd5       data     extern E:\3.46\pic18-lt\cxx-framework\src\traditional\proc\p18f4620.asm
                    TMR0L   0x000fd6       data     extern E:\3.46\pic18-lt\cxx-framework\src\traditional\proc\p18f4620.asm
                    TMR0H   0x000fd7       data     extern E:\3.46\pic18-lt\cxx-framework\src\traditional\proc\p18f4620.asm
               STATUSbits   0x000fd8       data     extern E:\3.46\pic18-lt\cxx-framework\src\traditional\proc\p18f4620.asm
                   STATUS   0x000fd8       data     extern E:\3.46\pic18-lt\cxx-framework\src\traditional\proc\p18f4620.asm
                     FSR2   0x000fd9       data     extern E:\3.46\pic18-lt\cxx-framework\src\traditional\proc\p18f4620.asm
                    FSR2L   0x000fd9       data     extern E:\3.46\pic18-lt\cxx-framework\src\traditional\proc\p18f4620.asm
                    FSR2H   0x000fda       data     extern E:\3.46\pic18-lt\cxx-framework\src\traditional\proc\p18f4620.asm
                   PLUSW2   0x000fdb       data     extern E:\3.46\pic18-lt\cxx-framework\src\traditional\proc\p18f4620.asm
                  PREINC2   0x000fdc       data     extern E:\3.46\pic18-lt\cxx-framework\src\traditional\proc\p18f4620.asm
                 POSTDEC2   0x000fdd       data     extern E:\3.46\pic18-lt\cxx-framework\src\traditional\proc\p18f4620.asm
                 POSTINC2   0x000fde       data     extern E:\3.46\pic18-lt\cxx-framework\src\traditional\proc\p18f4620.asm
                    INDF2   0x000fdf       data     extern E:\3.46\pic18-lt\cxx-framework\src\traditional\proc\p18f4620.asm
                      BSR   0x000fe0       data     extern E:\3.46\pic18-lt\cxx-framework\src\traditional\proc\p18f4620.asm
                     FSR1   0x000fe1       data     extern E:\3.46\pic18-lt\cxx-framework\src\traditional\proc\p18f4620.asm
                    FSR1L   0x000fe1       data     extern E:\3.46\pic18-lt\cxx-framework\src\traditional\proc\p18f4620.asm
                    FSR1H   0x000fe2       data     extern E:\3.46\pic18-lt\cxx-framework\src\traditional\proc\p18f4620.asm
                   PLUSW1   0x000fe3       data     extern E:\3.46\pic18-lt\cxx-framework\src\traditional\proc\p18f4620.asm
                  PREINC1   0x000fe4       data     extern E:\3.46\pic18-lt\cxx-framework\src\traditional\proc\p18f4620.asm
                 POSTDEC1   0x000fe5       data     extern E:\3.46\pic18-lt\cxx-framework\src\traditional\proc\p18f4620.asm
                 POSTINC1   0x000fe6       data     extern E:\3.46\pic18-lt\cxx-framework\src\traditional\proc\p18f4620.asm
                    INDF1   0x000fe7       data     extern E:\3.46\pic18-lt\cxx-framework\src\traditional\proc\p18f4620.asm
                     WREG   0x000fe8       data     extern E:\3.46\pic18-lt\cxx-framework\src\traditional\proc\p18f4620.asm
                        W   0x000fe8       data     extern E:\3.46\pic18-lt\cxx-framework\src\traditional\proc\p18f4620.asm
                    FSR0L   0x000fe9       data     extern E:\3.46\pic18-lt\cxx-framework\src\traditional\proc\p18f4620.asm
                     FSR0   0x000fe9       data     extern E:\3.46\pic18-lt\cxx-framework\src\traditional\proc\p18f4620.asm
                    FSR0H   0x000fea       data     extern E:\3.46\pic18-lt\cxx-framework\src\traditional\proc\p18f4620.asm
                   PLUSW0   0x000feb       data     extern E:\3.46\pic18-lt\cxx-framework\src\traditional\proc\p18f4620.asm
                  PREINC0   0x000fec       data     extern E:\3.46\pic18-lt\cxx-framework\src\traditional\proc\p18f4620.asm
                 POSTDEC0   0x000fed       data     extern E:\3.46\pic18-lt\cxx-framework\src\traditional\proc\p18f4620.asm
                 POSTINC0   0x000fee       data     extern E:\3.46\pic18-lt\cxx-framework\src\traditional\proc\p18f4620.asm
                    INDF0   0x000fef       data     extern E:\3.46\pic18-lt\cxx-framework\src\traditional\proc\p18f4620.asm
                  INTCON3   0x000ff0       data     extern E:\3.46\pic18-lt\cxx-framework\src\traditional\proc\p18f4620.asm
              INTCON3bits   0x000ff0       data     extern E:\3.46\pic18-lt\cxx-framework\src\traditional\proc\p18f4620.asm
              INTCON2bits   0x000ff1       data     extern E:\3.46\pic18-lt\cxx-framework\src\traditional\proc\p18f4620.asm
                  INTCON2   0x000ff1       data     extern E:\3.46\pic18-lt\cxx-framework\src\traditional\proc\p18f4620.asm
                   INTCON   0x000ff2       data     extern E:\3.46\pic18-lt\cxx-framework\src\traditional\proc\p18f4620.asm
               INTCONbits   0x000ff2       data     extern E:\3.46\pic18-lt\cxx-framework\src\traditional\proc\p18f4620.asm
                     PROD   0x000ff3       data     extern E:\3.46\pic18-lt\cxx-framework\src\traditional\proc\p18f4620.asm
                    PRODL   0x000ff3       data     extern E:\3.46\pic18-lt\cxx-framework\src\traditional\proc\p18f4620.asm
                    PRODH   0x000ff4       data     extern E:\3.46\pic18-lt\cxx-framework\src\traditional\proc\p18f4620.asm
                   TABLAT   0x000ff5       data     extern E:\3.46\pic18-lt\cxx-framework\src\traditional\proc\p18f4620.asm
                  TBLPTRL   0x000ff6       data     extern E:\3.46\pic18-lt\cxx-framework\src\traditional\proc\p18f4620.asm
                   TBLPTR   0x000ff6       data     extern E:\3.46\pic18-lt\cxx-framework\src\traditional\proc\p18f4620.asm
                  TBLPTRH   0x000ff7       data     extern E:\3.46\pic18-lt\cxx-framework\src\traditional\proc\p18f4620.asm
                  TBLPTRU   0x000ff8       data     extern E:\3.46\pic18-lt\cxx-framework\src\traditional\proc\p18f4620.asm
                      PCL   0x000ff9       data     extern E:\3.46\pic18-lt\cxx-framework\src\traditional\proc\p18f4620.asm
                       PC   0x000ff9       data     extern E:\3.46\pic18-lt\cxx-framework\src\traditional\proc\p18f4620.asm
                   PCLATH   0x000ffa       data     extern E:\3.46\pic18-lt\cxx-framework\src\traditional\proc\p18f4620.asm
                   PCLATU   0x000ffb       data     extern E:\3.46\pic18-lt\cxx-framework\src\traditional\proc\p18f4620.asm
               STKPTRbits   0x000ffc       data     extern E:\3.46\pic18-lt\cxx-framework\src\traditional\proc\p18f4620.asm
                   STKPTR   0x000ffc       data     extern E:\3.46\pic18-lt\cxx-framework\src\traditional\proc\p18f4620.asm
                      TOS   0x000ffd       data     extern E:\3.46\pic18-lt\cxx-framework\src\traditional\proc\p18f4620.asm
                     TOSL   0x000ffd       data     extern E:\3.46\pic18-lt\cxx-framework\src\traditional\proc\p18f4620.asm
                     TOSH   0x000ffe       data     extern E:\3.46\pic18-lt\cxx-framework\src\traditional\proc\p18f4620.asm
                     TOSU   0x000fff       data     extern E:\3.46\pic18-lt\cxx-framework\src\traditional\proc\p18f4620.asm


