MPLINK 5.00, LINKER
Linker Map File - Created Tue Jan 03 22:59:39 2023

                                 Section Info
                  Section       Type    Address   Location Size(Bytes)
                ---------  ---------  ---------  ---------  ---------
               _entry_scn       code   0x000000    program   0x000006
           .code___init.o       code   0x000006    program   0x000002
      InterruptVectorHigh       code   0x000008    program   0x000006
          .idata_uart.o_i    romdata   0x00000e    program   0x000003
     .idata_interrupt.o_i    romdata   0x000011    program   0x000004
       InterruptVectorLow       code   0x000018    program   0x000006
                   .cinit    romdata   0x00001e    program   0x00006e
             .code_menu.o       code   0x00008c    program   0x0044b0
             .code_main.o       code   0x00453c    program   0x000fc6
              .code_lcd.o       code   0x005502    program   0x000e20
             .stringtable    romdata   0x006322    program   0x00077b
          .romdata_menu.o    romdata   0x006a9d    program   0x000000
          .romdata_uart.o    romdata   0x006a9d    program   0x000000
      .idata_fxd0808u.o_i    romdata   0x006a9d    program   0x000000
      .romdata_fxd0808u.o    romdata   0x006a9d    program   0x000000
        .romdata___init.o    romdata   0x006a9d    program   0x000000
        .idata___init.o_i    romdata   0x006a9d    program   0x000000
      .idata_fxd1616u.o_i    romdata   0x006a9d    program   0x000000
      .romdata_fxd1616u.o    romdata   0x006a9d    program   0x000000
       .romdata_fxm3232.o    romdata   0x006a9d    program   0x000000
      .idata_fxd2424u.o_i    romdata   0x006a9d    program   0x000000
      .romdata_fxd2424u.o    romdata   0x006a9d    program   0x000000
      .idata_fxd3232u.o_i    romdata   0x006a9d    program   0x000000
      .romdata_fxd3232u.o    romdata   0x006a9d    program   0x000000
       .idata_fxm3232.o_i    romdata   0x006a9d    program   0x000000
         .idata_c018i.o_i    romdata   0x006a9d    program   0x000000
         .romdata_c018i.o    romdata   0x006a9d    program   0x000000
        .romdata_button.o    romdata   0x006a9d    program   0x000000
           .romdata_lcd.o    romdata   0x006a9d    program   0x000000
     .romdata_interrupt.o    romdata   0x006a9d    program   0x000000
         .romdata_timer.o    romdata   0x006a9d    program   0x000000
           .romdata_i2c.o    romdata   0x006a9d    program   0x000000
          .romdata_main.o    romdata   0x006a9d    program   0x000000
            .code_c018i.o       code   0x006a9e    program   0x000000
           .code_button.o       code   0x006a9e    program   0x000520
            .code_timer.o       code   0x006fbe    program   0x00051c
             .code_uart.o       code   0x0074da    program   0x000498
              .code_i2c.o       code   0x007972    program   0x00023a
        .code_interrupt.o       code   0x007bac    program   0x0001ca
                     PROG       code   0x007d76    program   0x000100
               _cinit_scn       code   0x007e76    program   0x00009e
          .code_fxm3232.o       code   0x007f14    program   0x000070
         .code_fxd3232u.o       code   0x007f84    program   0x000048
         .code_fxd2424u.o       code   0x007fcc    program   0x00003a
         .code_fxd1616u.o       code   0x008006    program   0x00002c
                    .code       code   0x008032    program   0x000020
             _startup_scn       code   0x008052    program   0x00001c
         .code_fxd0808u.o       code   0x00806e    program   0x00001c
                   CONG_i    romdata   0x00808a    program   0x0000f0
         .idata_timer.o_i    romdata   0x00817a    program   0x000020
          .idata_menu.o_i    romdata   0x00819a    program   0x000044
          .idata_main.o_i    romdata   0x0081de    program   0x000012
           .idata_lcd.o_i    romdata   0x0081f0    program   0x000061
           .idata_i2c.o_i    romdata   0x008251    program   0x00001b
        .idata_button.o_i    romdata   0x00826c    program   0x000028
    .config_300001_main.o    romdata   0x300001    program   0x000001
    .config_300002_main.o    romdata   0x300002    program   0x000001
    .config_300003_main.o    romdata   0x300003    program   0x000001
    .config_300005_main.o    romdata   0x300005    program   0x000001
    .config_300006_main.o    romdata   0x300006    program   0x000001
    .config_300008_main.o    romdata   0x300008    program   0x000001
    .config_300009_main.o    romdata   0x300009    program   0x000001
    .config_30000a_main.o    romdata   0x30000a    program   0x000001
    .config_30000b_main.o    romdata   0x30000b    program   0x000001
    .config_30000c_main.o    romdata   0x30000c    program   0x000001
    .config_30000d_main.o    romdata   0x30000d    program   0x000001
                MATH_DATA      udata   0x000000       data   0x000014
                 .tmpdata      udata   0x000014       data   0x00000a
             .idata_lcd.o      idata   0x000080       data   0x000061
             .idata_i2c.o      idata   0x0000e1       data   0x00001b
             .udata_lcd.o      udata   0x0000fc       data   0x000004
                     CONG      idata   0x000100       data   0x0000f0
           .udata_c018i.o      udata   0x0001f0       data   0x00000a
       .idata_interrupt.o      idata   0x0001fa       data   0x000004
             .udata_i2c.o      udata   0x0001fe       data   0x000001
        .udata_fxd3232u.o      udata   0x0001ff       data   0x000000
        .idata_fxd3232u.o      idata   0x0001ff       data   0x000000
        .idata_fxd2424u.o      idata   0x0001ff       data   0x000000
        .udata_fxd2424u.o      udata   0x0001ff       data   0x000000
        .idata_fxd1616u.o      idata   0x0001ff       data   0x000000
         .udata_fxm3232.o      udata   0x0001ff       data   0x000000
        .udata_fxd1616u.o      udata   0x0001ff       data   0x000000
        .idata_fxd0808u.o      idata   0x0001ff       data   0x000000
        .udata_fxd0808u.o      udata   0x0001ff       data   0x000000
         .idata_fxm3232.o      idata   0x0001ff       data   0x000000
          .udata___init.o      udata   0x0001ff       data   0x000000
          .idata___init.o      idata   0x0001ff       data   0x000000
            .udata_main.o      udata   0x0001ff       data   0x000000
           .udata_timer.o      udata   0x0001ff       data   0x000000
       .udata_interrupt.o      udata   0x0001ff       data   0x000000
          .udata_button.o      udata   0x0001ff       data   0x000000
           .idata_c018i.o      idata   0x0001ff       data   0x000000
            .udata_uart.o      udata   0x000200       data   0x000041
          .idata_button.o      idata   0x000241       data   0x000028
           .idata_timer.o      idata   0x000269       data   0x000020
            .idata_uart.o      idata   0x000289       data   0x000003
                   .stack      udata   0x000e00       data   0x000100
            .idata_menu.o      idata   0x000f00       data   0x000044
            .udata_menu.o      udata   0x000f44       data   0x000028
            .idata_main.o      idata   0x000f6c       data   0x000012
            SFR_UNBANKED0      udata   0x000f80       data   0x000080



                              Program Memory Usage 
                               Start         End      
                           ---------   ---------      
                            0x000000    0x000014      
                            0x000018    0x006a9c      
                            0x006a9e    0x008293      
                            0x300001    0x300003      
                            0x300005    0x300006      
                            0x300008    0x30000d      
            33435 out of 66584 program addresses used, program memory utilization is 50%



                              Symbols - Sorted by Name
                     Name    Address   Location    Storage File                     
                ---------  ---------  ---------  --------- ---------                
                    Alarm   0x00544a    program     extern C:\Users\PC\Desktop\Digital Clock\main.c
                  BCD2Dec   0x007972    program     extern C:\Users\PC\Desktop\Digital Clock\i2c\i2c.c
               BaiTap_I2C   0x0047d2    program     extern C:\Users\PC\Desktop\Digital Clock\main.c
              CompareTime   0x00542c    program     extern C:\Users\PC\Desktop\Digital Clock\main.c
                   D1616S   0x007d98    program     static E:\3.46\pic18-lt\cxx-framework\src\traditional\math\fxd1616s.asm
                D1616SNEG   0x007da6    program     static E:\3.46\pic18-lt\cxx-framework\src\traditional\math\fxd1616s.asm
                 D1616SOK   0x007da2    program     static E:\3.46\pic18-lt\cxx-framework\src\traditional\math\fxd1616s.asm
                  D1616SX   0x007db8    program     static E:\3.46\pic18-lt\cxx-framework\src\traditional\math\fxd1616s.asm
                   D2424S   0x007dec    program     static E:\3.46\pic18-lt\cxx-framework\src\traditional\math\fxd2424s.asm
                D2424SNEG   0x007dfa    program     static E:\3.46\pic18-lt\cxx-framework\src\traditional\math\fxd2424s.asm
                 D2424SOK   0x007df6    program     static E:\3.46\pic18-lt\cxx-framework\src\traditional\math\fxd2424s.asm
                  D2424SX   0x007e12    program     static E:\3.46\pic18-lt\cxx-framework\src\traditional\math\fxd2424s.asm
                  DA1616S   0x007d88    program     static E:\3.46\pic18-lt\cxx-framework\src\traditional\math\fxd1616s.asm
                  DA2424S   0x007dd8    program     static E:\3.46\pic18-lt\cxx-framework\src\traditional\math\fxd2424s.asm
                  Dec2BCD   0x0079b0    program     extern C:\Users\PC\Desktop\Digital Clock\i2c\i2c.c
         DisplayAlarmTime   0x004de4    program     extern C:\Users\PC\Desktop\Digital Clock\main.c
         DisplayLcdScreen   0x005e40    program     extern C:\Users\PC\Desktop\Digital Clock\lcd\lcd.c
        DisplayLcdScreen2   0x005f38    program     extern C:\Users\PC\Desktop\Digital Clock\lcd\lcd.c
      DisplayLcdScreenOld   0x005fbe    program     extern C:\Users\PC\Desktop\Digital Clock\lcd\lcd.c
              DisplayTime   0x004966    program     extern C:\Users\PC\Desktop\Digital Clock\main.c
     DisplayTimeForModify   0x0035e0    program     extern C:\Users\PC\Desktop\Digital Clock\menu\menu.c
                 FXD0808U   0x00806e    program     extern E:\3.46\pic18-lt\cxx-framework\src\traditional\math\fxd0808u.c
                 FXD1616S   0x007d76    program     extern E:\3.46\pic18-lt\cxx-framework\src\traditional\math\fxd1616s.asm
                 FXD1616U   0x008006    program     extern E:\3.46\pic18-lt\cxx-framework\src\traditional\math\fxd1616u.c
                 FXD2424S   0x007dc2    program     extern E:\3.46\pic18-lt\cxx-framework\src\traditional\math\fxd2424s.asm
                 FXD2424U   0x007fcc    program     extern E:\3.46\pic18-lt\cxx-framework\src\traditional\math\fxd2424u.c
                 FXD3232U   0x007f84    program     extern E:\3.46\pic18-lt\cxx-framework\src\traditional\math\fxd3232u.c
                 FXM1616S   0x007e1c    program     extern E:\3.46\pic18-lt\cxx-framework\src\traditional\math\fxm1616s.asm
                  FXM3232   0x007f14    program     extern E:\3.46\pic18-lt\cxx-framework\src\traditional\math\fxm3232.c
      InterruptVectorHigh   0x000008    program     extern C:\Users\PC\Desktop\Digital Clock\interrupt\interrupt.c
       InterruptVectorLow   0x000018    program     extern C:\Users\PC\Desktop\Digital Clock\interrupt\interrupt.c
                LcdClearS   0x005de2    program     extern C:\Users\PC\Desktop\Digital Clock\lcd\lcd.c
            LcdPrintCharS   0x006028    program     extern C:\Users\PC\Desktop\Digital Clock\lcd\lcd.c
              LcdPrintNum   0x005d20    program     extern C:\Users\PC\Desktop\Digital Clock\lcd\lcd.c
             LcdPrintNumS   0x00607e    program     extern C:\Users\PC\Desktop\Digital Clock\lcd\lcd.c
           LcdPrintString   0x005d68    program     extern C:\Users\PC\Desktop\Digital Clock\lcd\lcd.c
          LcdPrintStringS   0x0062cc    program     extern C:\Users\PC\Desktop\Digital Clock\lcd\lcd.c
       ReadDataFromDS1307   0x004798    program     extern C:\Users\PC\Desktop\Digital Clock\main.c
              Read_DS1307   0x007b92    program     extern C:\Users\PC\Desktop\Digital Clock\i2c\i2c.c
             SetTimer0_ms   0x00743a    program     extern C:\Users\PC\Desktop\Digital Clock\timer\timer.c
             SetTimer1_ms   0x00745e    program     extern C:\Users\PC\Desktop\Digital Clock\timer\timer.c
             SetTimer3_ms   0x00749c    program     extern C:\Users\PC\Desktop\Digital Clock\timer\timer.c
               SetUpAlarm   0x004f7c    program     extern C:\Users\PC\Desktop\Digital Clock\main.c
                SetUpTime   0x0039fa    program     extern C:\Users\PC\Desktop\Digital Clock\menu\menu.c
     SetupForFirstProgram   0x00473e    program     extern C:\Users\PC\Desktop\Digital Clock\main.c
     SetupTimeForRealTime   0x0046b0    program     extern C:\Users\PC\Desktop\Digital Clock\main.c
               TSIGN1616A   0x007e68    program     static E:\3.46\pic18-lt\cxx-framework\src\traditional\math\fxm1616s.asm
              UartSendNum   0x0076be    program     extern C:\Users\PC\Desktop\Digital Clock\uart\uart.c
           UartSendString   0x0078f4    program     extern C:\Users\PC\Desktop\Digital Clock\uart\uart.c
             Write_DS1307   0x007b70    program     extern C:\Users\PC\Desktop\Digital Clock\i2c\i2c.c
       ___return_lbl00000   0x008088    program     static                          
       ___return_lbl00000   0x008030    program     static                          
       ___return_lbl00000   0x007f82    program     static                          
       ___return_lbl00000   0x008004    program     static                          
       ___return_lbl00000   0x000004    program     static                          
       ___return_lbl00000   0x007fca    program     static                          
       ___return_lbl00001   0x00806c    program     static                          
       ___return_lbl00002   0x00001c    program     static                          
       ___return_lbl00002   0x007f12    program     static                          
       ___return_lbl00003   0x00000c    program     static                          
               __config_0   0x300001    program     static C:\Users\PC\Desktop\Digital Clock\main.c
               __config_1   0x300002    program     static C:\Users\PC\Desktop\Digital Clock\main.c
              __config_10   0x30000d    program     static C:\Users\PC\Desktop\Digital Clock\main.c
               __config_2   0x300003    program     static C:\Users\PC\Desktop\Digital Clock\main.c
               __config_3   0x300005    program     static C:\Users\PC\Desktop\Digital Clock\main.c
               __config_4   0x300006    program     static C:\Users\PC\Desktop\Digital Clock\main.c
               __config_5   0x300008    program     static C:\Users\PC\Desktop\Digital Clock\main.c
               __config_6   0x300009    program     static C:\Users\PC\Desktop\Digital Clock\main.c
               __config_7   0x30000a    program     static C:\Users\PC\Desktop\Digital Clock\main.c
               __config_8   0x30000b    program     static C:\Users\PC\Desktop\Digital Clock\main.c
               __config_9   0x30000c    program     static C:\Users\PC\Desktop\Digital Clock\main.c
                   __init   0x000006    program     extern E:\3.46\pic18-lt\cxx-framework\src\traditional\stdclib\__init.c
               __string_0   0x006a90    program     static C:\Users\PC\Desktop\Digital Clock\menu\menu.c
               __string_0   0x0063a2    program     static C:\Users\PC\Desktop\Digital Clock\main.c
               __string_1   0x00639e    program     static C:\Users\PC\Desktop\Digital Clock\main.c
               __string_1   0x006a80    program     static C:\Users\PC\Desktop\Digital Clock\menu\menu.c
              __string_10   0x00637e    program     static C:\Users\PC\Desktop\Digital Clock\main.c
              __string_10   0x006a1f    program     static C:\Users\PC\Desktop\Digital Clock\menu\menu.c
             __string_100   0x006472    program     static C:\Users\PC\Desktop\Digital Clock\menu\menu.c
             __string_101   0x00646e    program     static C:\Users\PC\Desktop\Digital Clock\menu\menu.c
             __string_102   0x00646a    program     static C:\Users\PC\Desktop\Digital Clock\menu\menu.c
             __string_103   0x006466    program     static C:\Users\PC\Desktop\Digital Clock\menu\menu.c
             __string_104   0x006462    program     static C:\Users\PC\Desktop\Digital Clock\menu\menu.c
             __string_105   0x00645e    program     static C:\Users\PC\Desktop\Digital Clock\menu\menu.c
             __string_106   0x00645a    program     static C:\Users\PC\Desktop\Digital Clock\menu\menu.c
             __string_107   0x006456    program     static C:\Users\PC\Desktop\Digital Clock\menu\menu.c
             __string_108   0x006452    program     static C:\Users\PC\Desktop\Digital Clock\menu\menu.c
             __string_109   0x00644e    program     static C:\Users\PC\Desktop\Digital Clock\menu\menu.c
              __string_11   0x00637a    program     static C:\Users\PC\Desktop\Digital Clock\main.c
              __string_11   0x006a12    program     static C:\Users\PC\Desktop\Digital Clock\menu\menu.c
             __string_110   0x00644a    program     static C:\Users\PC\Desktop\Digital Clock\menu\menu.c
             __string_111   0x006446    program     static C:\Users\PC\Desktop\Digital Clock\menu\menu.c
             __string_112   0x006442    program     static C:\Users\PC\Desktop\Digital Clock\menu\menu.c
             __string_113   0x00643e    program     static C:\Users\PC\Desktop\Digital Clock\menu\menu.c
             __string_114   0x00643c    program     static C:\Users\PC\Desktop\Digital Clock\menu\menu.c
             __string_115   0x00642b    program     static C:\Users\PC\Desktop\Digital Clock\menu\menu.c
             __string_116   0x00641a    program     static C:\Users\PC\Desktop\Digital Clock\menu\menu.c
             __string_117   0x006416    program     static C:\Users\PC\Desktop\Digital Clock\menu\menu.c
             __string_118   0x006410    program     static C:\Users\PC\Desktop\Digital Clock\menu\menu.c
             __string_119   0x00640c    program     static C:\Users\PC\Desktop\Digital Clock\menu\menu.c
              __string_12   0x006376    program     static C:\Users\PC\Desktop\Digital Clock\main.c
              __string_12   0x006a05    program     static C:\Users\PC\Desktop\Digital Clock\menu\menu.c
             __string_120   0x006406    program     static C:\Users\PC\Desktop\Digital Clock\menu\menu.c
             __string_121   0x006400    program     static C:\Users\PC\Desktop\Digital Clock\menu\menu.c
             __string_122   0x0063fb    program     static C:\Users\PC\Desktop\Digital Clock\menu\menu.c
             __string_123   0x0063f7    program     static C:\Users\PC\Desktop\Digital Clock\menu\menu.c
             __string_124   0x0063f1    program     static C:\Users\PC\Desktop\Digital Clock\menu\menu.c
             __string_125   0x0063ec    program     static C:\Users\PC\Desktop\Digital Clock\menu\menu.c
             __string_126   0x0063e6    program     static C:\Users\PC\Desktop\Digital Clock\menu\menu.c
             __string_127   0x0063e1    program     static C:\Users\PC\Desktop\Digital Clock\menu\menu.c
             __string_128   0x0063de    program     static C:\Users\PC\Desktop\Digital Clock\menu\menu.c
             __string_129   0x0063da    program     static C:\Users\PC\Desktop\Digital Clock\menu\menu.c
              __string_13   0x0069f8    program     static C:\Users\PC\Desktop\Digital Clock\menu\menu.c
              __string_13   0x006371    program     static C:\Users\PC\Desktop\Digital Clock\main.c
             __string_130   0x0063d6    program     static C:\Users\PC\Desktop\Digital Clock\menu\menu.c
             __string_131   0x0063d2    program     static C:\Users\PC\Desktop\Digital Clock\menu\menu.c
             __string_132   0x0063cd    program     static C:\Users\PC\Desktop\Digital Clock\menu\menu.c
             __string_133   0x0063ca    program     static C:\Users\PC\Desktop\Digital Clock\menu\menu.c
             __string_134   0x0063c6    program     static C:\Users\PC\Desktop\Digital Clock\menu\menu.c
             __string_135   0x0063c2    program     static C:\Users\PC\Desktop\Digital Clock\menu\menu.c
             __string_136   0x0063bd    program     static C:\Users\PC\Desktop\Digital Clock\menu\menu.c
             __string_137   0x0063b9    program     static C:\Users\PC\Desktop\Digital Clock\menu\menu.c
             __string_138   0x0063b4    program     static C:\Users\PC\Desktop\Digital Clock\menu\menu.c
             __string_139   0x0063b0    program     static C:\Users\PC\Desktop\Digital Clock\menu\menu.c
              __string_14   0x00636d    program     static C:\Users\PC\Desktop\Digital Clock\main.c
              __string_14   0x0069e9    program     static C:\Users\PC\Desktop\Digital Clock\menu\menu.c
              __string_15   0x0069da    program     static C:\Users\PC\Desktop\Digital Clock\menu\menu.c
              __string_15   0x006369    program     static C:\Users\PC\Desktop\Digital Clock\main.c
              __string_16   0x0069cd    program     static C:\Users\PC\Desktop\Digital Clock\menu\menu.c
              __string_16   0x006365    program     static C:\Users\PC\Desktop\Digital Clock\main.c
              __string_17   0x0069c4    program     static C:\Users\PC\Desktop\Digital Clock\menu\menu.c
              __string_17   0x006361    program     static C:\Users\PC\Desktop\Digital Clock\main.c
              __string_18   0x0069bb    program     static C:\Users\PC\Desktop\Digital Clock\menu\menu.c
              __string_18   0x00635d    program     static C:\Users\PC\Desktop\Digital Clock\main.c
              __string_19   0x006359    program     static C:\Users\PC\Desktop\Digital Clock\main.c
              __string_19   0x0069b5    program     static C:\Users\PC\Desktop\Digital Clock\menu\menu.c
               __string_2   0x006a73    program     static C:\Users\PC\Desktop\Digital Clock\menu\menu.c
               __string_2   0x00639a    program     static C:\Users\PC\Desktop\Digital Clock\main.c
              __string_20   0x006355    program     static C:\Users\PC\Desktop\Digital Clock\main.c
              __string_20   0x0069ad    program     static C:\Users\PC\Desktop\Digital Clock\menu\menu.c
              __string_21   0x00699d    program     static C:\Users\PC\Desktop\Digital Clock\menu\menu.c
              __string_21   0x006351    program     static C:\Users\PC\Desktop\Digital Clock\main.c
              __string_22   0x00634d    program     static C:\Users\PC\Desktop\Digital Clock\main.c
              __string_22   0x006993    program     static C:\Users\PC\Desktop\Digital Clock\menu\menu.c
              __string_23   0x006989    program     static C:\Users\PC\Desktop\Digital Clock\menu\menu.c
              __string_23   0x006349    program     static C:\Users\PC\Desktop\Digital Clock\main.c
              __string_24   0x006983    program     static C:\Users\PC\Desktop\Digital Clock\menu\menu.c
              __string_24   0x006345    program     static C:\Users\PC\Desktop\Digital Clock\main.c
              __string_25   0x00697e    program     static C:\Users\PC\Desktop\Digital Clock\menu\menu.c
              __string_25   0x006341    program     static C:\Users\PC\Desktop\Digital Clock\main.c
              __string_26   0x006979    program     static C:\Users\PC\Desktop\Digital Clock\menu\menu.c
              __string_26   0x00633f    program     static C:\Users\PC\Desktop\Digital Clock\main.c
              __string_27   0x00632e    program     static C:\Users\PC\Desktop\Digital Clock\main.c
              __string_27   0x006977    program     static C:\Users\PC\Desktop\Digital Clock\menu\menu.c
              __string_28   0x00632b    program     static C:\Users\PC\Desktop\Digital Clock\main.c
              __string_28   0x006972    program     static C:\Users\PC\Desktop\Digital Clock\menu\menu.c
              __string_29   0x006327    program     static C:\Users\PC\Desktop\Digital Clock\main.c
              __string_29   0x00696d    program     static C:\Users\PC\Desktop\Digital Clock\menu\menu.c
               __string_3   0x006396    program     static C:\Users\PC\Desktop\Digital Clock\main.c
               __string_3   0x006a63    program     static C:\Users\PC\Desktop\Digital Clock\menu\menu.c
              __string_30   0x006322    program     static C:\Users\PC\Desktop\Digital Clock\main.c
              __string_30   0x006968    program     static C:\Users\PC\Desktop\Digital Clock\menu\menu.c
              __string_31   0x006963    program     static C:\Users\PC\Desktop\Digital Clock\menu\menu.c
              __string_32   0x00695e    program     static C:\Users\PC\Desktop\Digital Clock\menu\menu.c
              __string_33   0x006959    program     static C:\Users\PC\Desktop\Digital Clock\menu\menu.c
              __string_34   0x006954    program     static C:\Users\PC\Desktop\Digital Clock\menu\menu.c
              __string_35   0x00694f    program     static C:\Users\PC\Desktop\Digital Clock\menu\menu.c
              __string_36   0x00693f    program     static C:\Users\PC\Desktop\Digital Clock\menu\menu.c
              __string_37   0x00693c    program     static C:\Users\PC\Desktop\Digital Clock\menu\menu.c
              __string_38   0x00693a    program     static C:\Users\PC\Desktop\Digital Clock\menu\menu.c
              __string_39   0x006929    program     static C:\Users\PC\Desktop\Digital Clock\menu\menu.c
               __string_4   0x006392    program     static C:\Users\PC\Desktop\Digital Clock\main.c
               __string_4   0x006a57    program     static C:\Users\PC\Desktop\Digital Clock\menu\menu.c
              __string_40   0x006924    program     static C:\Users\PC\Desktop\Digital Clock\menu\menu.c
              __string_41   0x006920    program     static C:\Users\PC\Desktop\Digital Clock\menu\menu.c
              __string_42   0x00691b    program     static C:\Users\PC\Desktop\Digital Clock\menu\menu.c
              __string_43   0x006902    program     static C:\Users\PC\Desktop\Digital Clock\menu\menu.c
              __string_44   0x0068df    program     static C:\Users\PC\Desktop\Digital Clock\menu\menu.c
              __string_45   0x0068c9    program     static C:\Users\PC\Desktop\Digital Clock\menu\menu.c
              __string_46   0x0068a4    program     static C:\Users\PC\Desktop\Digital Clock\menu\menu.c
              __string_47   0x00687f    program     static C:\Users\PC\Desktop\Digital Clock\menu\menu.c
              __string_48   0x006865    program     static C:\Users\PC\Desktop\Digital Clock\menu\menu.c
              __string_49   0x006845    program     static C:\Users\PC\Desktop\Digital Clock\menu\menu.c
               __string_5   0x00638e    program     static C:\Users\PC\Desktop\Digital Clock\main.c
               __string_5   0x006a52    program     static C:\Users\PC\Desktop\Digital Clock\menu\menu.c
              __string_50   0x00682d    program     static C:\Users\PC\Desktop\Digital Clock\menu\menu.c
              __string_51   0x006810    program     static C:\Users\PC\Desktop\Digital Clock\menu\menu.c
              __string_52   0x0067f7    program     static C:\Users\PC\Desktop\Digital Clock\menu\menu.c
              __string_53   0x0067d3    program     static C:\Users\PC\Desktop\Digital Clock\menu\menu.c
              __string_54   0x0067bd    program     static C:\Users\PC\Desktop\Digital Clock\menu\menu.c
              __string_55   0x00679b    program     static C:\Users\PC\Desktop\Digital Clock\menu\menu.c
              __string_56   0x006785    program     static C:\Users\PC\Desktop\Digital Clock\menu\menu.c
              __string_57   0x006763    program     static C:\Users\PC\Desktop\Digital Clock\menu\menu.c
              __string_58   0x006741    program     static C:\Users\PC\Desktop\Digital Clock\menu\menu.c
              __string_59   0x00671f    program     static C:\Users\PC\Desktop\Digital Clock\menu\menu.c
               __string_6   0x006a4c    program     static C:\Users\PC\Desktop\Digital Clock\menu\menu.c
               __string_6   0x00638a    program     static C:\Users\PC\Desktop\Digital Clock\main.c
              __string_60   0x0066fd    program     static C:\Users\PC\Desktop\Digital Clock\menu\menu.c
              __string_61   0x0066dd    program     static C:\Users\PC\Desktop\Digital Clock\menu\menu.c
              __string_62   0x0066be    program     static C:\Users\PC\Desktop\Digital Clock\menu\menu.c
              __string_63   0x0066af    program     static C:\Users\PC\Desktop\Digital Clock\menu\menu.c
              __string_64   0x00669e    program     static C:\Users\PC\Desktop\Digital Clock\menu\menu.c
              __string_65   0x006694    program     static C:\Users\PC\Desktop\Digital Clock\menu\menu.c
              __string_66   0x006688    program     static C:\Users\PC\Desktop\Digital Clock\menu\menu.c
              __string_67   0x00667c    program     static C:\Users\PC\Desktop\Digital Clock\menu\menu.c
              __string_68   0x006676    program     static C:\Users\PC\Desktop\Digital Clock\menu\menu.c
              __string_69   0x00666c    program     static C:\Users\PC\Desktop\Digital Clock\menu\menu.c
               __string_7   0x006386    program     static C:\Users\PC\Desktop\Digital Clock\main.c
               __string_7   0x006a45    program     static C:\Users\PC\Desktop\Digital Clock\menu\menu.c
              __string_70   0x006666    program     static C:\Users\PC\Desktop\Digital Clock\menu\menu.c
              __string_71   0x006655    program     static C:\Users\PC\Desktop\Digital Clock\menu\menu.c
              __string_72   0x00664b    program     static C:\Users\PC\Desktop\Digital Clock\menu\menu.c
              __string_73   0x006623    program     static C:\Users\PC\Desktop\Digital Clock\menu\menu.c
              __string_74   0x0065f2    program     static C:\Users\PC\Desktop\Digital Clock\menu\menu.c
              __string_75   0x0065e2    program     static C:\Users\PC\Desktop\Digital Clock\menu\menu.c
              __string_76   0x0065c0    program     static C:\Users\PC\Desktop\Digital Clock\menu\menu.c
              __string_77   0x00658f    program     static C:\Users\PC\Desktop\Digital Clock\menu\menu.c
              __string_78   0x00657e    program     static C:\Users\PC\Desktop\Digital Clock\menu\menu.c
              __string_79   0x00656d    program     static C:\Users\PC\Desktop\Digital Clock\menu\menu.c
               __string_8   0x006a39    program     static C:\Users\PC\Desktop\Digital Clock\menu\menu.c
               __string_8   0x006384    program     static C:\Users\PC\Desktop\Digital Clock\main.c
              __string_80   0x006563    program     static C:\Users\PC\Desktop\Digital Clock\menu\menu.c
              __string_81   0x00655a    program     static C:\Users\PC\Desktop\Digital Clock\menu\menu.c
              __string_82   0x006549    program     static C:\Users\PC\Desktop\Digital Clock\menu\menu.c
              __string_83   0x006538    program     static C:\Users\PC\Desktop\Digital Clock\menu\menu.c
              __string_84   0x006527    program     static C:\Users\PC\Desktop\Digital Clock\menu\menu.c
              __string_85   0x006516    program     static C:\Users\PC\Desktop\Digital Clock\menu\menu.c
              __string_86   0x006505    program     static C:\Users\PC\Desktop\Digital Clock\menu\menu.c
              __string_87   0x0064f4    program     static C:\Users\PC\Desktop\Digital Clock\menu\menu.c
              __string_88   0x0064e3    program     static C:\Users\PC\Desktop\Digital Clock\menu\menu.c
              __string_89   0x0064d2    program     static C:\Users\PC\Desktop\Digital Clock\menu\menu.c
               __string_9   0x006382    program     static C:\Users\PC\Desktop\Digital Clock\main.c
               __string_9   0x006a2c    program     static C:\Users\PC\Desktop\Digital Clock\menu\menu.c
              __string_90   0x0064c1    program     static C:\Users\PC\Desktop\Digital Clock\menu\menu.c
              __string_91   0x0064b0    program     static C:\Users\PC\Desktop\Digital Clock\menu\menu.c
              __string_92   0x00649f    program     static C:\Users\PC\Desktop\Digital Clock\menu\menu.c
              __string_93   0x00648e    program     static C:\Users\PC\Desktop\Digital Clock\menu\menu.c
              __string_94   0x00648a    program     static C:\Users\PC\Desktop\Digital Clock\menu\menu.c
              __string_95   0x006486    program     static C:\Users\PC\Desktop\Digital Clock\menu\menu.c
              __string_96   0x006482    program     static C:\Users\PC\Desktop\Digital Clock\menu\menu.c
              __string_97   0x00647e    program     static C:\Users\PC\Desktop\Digital Clock\menu\menu.c
              __string_98   0x00647a    program     static C:\Users\PC\Desktop\Digital Clock\menu\menu.c
              __string_99   0x006476    program     static C:\Users\PC\Desktop\Digital Clock\menu\menu.c
             __tmplbl_158   0x000ad8    program     static                          
             __tmplbl_159   0x0009d6    program     static                          
             __tmplbl_160   0x000990    program     static                          
             __tmplbl_161   0x0008c8    program     static                          
             __tmplbl_173   0x000b66    program     static                          
             __tmplbl_174   0x000b66    program     static                          
             __tmplbl_175   0x000b66    program     static                          
             __tmplbl_176   0x000b60    program     static                          
             __tmplbl_177   0x000b66    program     static                          
             __tmplbl_178   0x000b5e    program     static                          
            __zero_memory   0x008032    program     extern E:\3.46\pic18-lt\cxx-framework\src\traditional\proc\p18f4620.asm
                _do_cinit   0x007e76    program     extern E:\3.46\pic18-lt\cxx-framework\src\traditional\startup\c018i.c
                   _entry   0x000000    program     extern E:\3.46\pic18-lt\cxx-framework\src\traditional\startup\c018i.c
                   _false   0x008000    program     static                          
                   _false   0x007fc6    program     static                          
                 _startup   0x008052    program     extern E:\3.46\pic18-lt\cxx-framework\src\traditional\startup\c018i.c
          button_delay_ms   0x006e10    program     extern C:\Users\PC\Desktop\Digital Clock\button_matrix\button.c
               change_UTC   0x0030ba    program     extern C:\Users\PC\Desktop\Digital Clock\menu\menu.c
                check_UTC   0x0031a2    program     extern C:\Users\PC\Desktop\Digital Clock\menu\menu.c
                check_day   0x003388    program     extern C:\Users\PC\Desktop\Digital Clock\menu\menu.c
              check_month   0x003260    program     extern C:\Users\PC\Desktop\Digital Clock\menu\menu.c
        check_number_uart   0x0031dc    program     extern C:\Users\PC\Desktop\Digital Clock\menu\menu.c
               check_year   0x0032ec    program     extern C:\Users\PC\Desktop\Digital Clock\menu\menu.c
            command_parse   0x001e50    program     extern C:\Users\PC\Desktop\Digital Clock\menu\menu.c
                compare_l   0x008048    program     static E:\3.46\pic18-lt\cxx-framework\src\traditional\proc\p18f4620.asm
                copy_loop   0x007ee8    program     static                          
            copy_one_byte   0x007eee    program     static                          
                 delay_ms   0x0045a8    program     extern C:\Users\PC\Desktop\Digital Clock\main.c
        display_stop_time   0x000c7e    program     extern C:\Users\PC\Desktop\Digital Clock\menu\menu.c
        display_stopwatch   0x00155e    program     extern C:\Users\PC\Desktop\Digital Clock\menu\menu.c
      display_timer_clock   0x00171a    program     extern C:\Users\PC\Desktop\Digital Clock\menu\menu.c
            display_value   0x0013ce    program     extern C:\Users\PC\Desktop\Digital Clock\menu\menu.c
                     done   0x007f12    program     static                          
             done_copying   0x007efc    program     static                          
                  endloop   0x008084    program     static                          
                  endloop   0x00802c    program     static                          
            flushRecvBuff   0x001e22    program     extern C:\Users\PC\Desktop\Digital Clock\menu\menu.c
           fsm_timeModify   0x0027e8    program     extern C:\Users\PC\Desktop\Digital Clock\menu\menu.c
            fsm_uart_mode   0x002a3c    program     extern C:\Users\PC\Desktop\Digital Clock\menu\menu.c
            fsm_worldTime   0x002c74    program     extern C:\Users\PC\Desktop\Digital Clock\menu\menu.c
        getUartBufferChar   0x001df4    program     extern C:\Users\PC\Desktop\Digital Clock\menu\menu.c
                 high_isr   0x007ca0    program     extern C:\Users\PC\Desktop\Digital Clock\interrupt\interrupt.c
                  i2c_ack   0x007a78    program     extern C:\Users\PC\Desktop\Digital Clock\i2c\i2c.c
              i2c_control   0x007a1e    program     extern C:\Users\PC\Desktop\Digital Clock\i2c\i2c.c
                  i2c_nak   0x007a84    program     extern C:\Users\PC\Desktop\Digital Clock\i2c\i2c.c
                 i2c_read   0x007a6c    program     extern C:\Users\PC\Desktop\Digital Clock\i2c\i2c.c
                i2c_start   0x007a3c    program     extern C:\Users\PC\Desktop\Digital Clock\i2c\i2c.c
                 i2c_stop   0x007a46    program     extern C:\Users\PC\Desktop\Digital Clock\i2c\i2c.c
                i2c_write   0x007a50    program     extern C:\Users\PC\Desktop\Digital Clock\i2c\i2c.c
            init_ext_int0   0x007bb4    program     extern C:\Users\PC\Desktop\Digital Clock\interrupt\interrupt.c
                 init_i2c   0x007a06    program     extern C:\Users\PC\Desktop\Digital Clock\i2c\i2c.c
           init_interrupt   0x007bac    program     extern C:\Users\PC\Desktop\Digital Clock\interrupt\interrupt.c
          init_key_matrix   0x006a9e    program     extern C:\Users\PC\Desktop\Digital Clock\button_matrix\button.c
init_key_matrix_with_uart_i2c   0x006aa6    program     extern C:\Users\PC\Desktop\Digital Clock\button_matrix\button.c
                 init_lcd   0x0056a2    program     extern C:\Users\PC\Desktop\Digital Clock\lcd\lcd.c
              init_system   0x004630    program     extern C:\Users\PC\Desktop\Digital Clock\main.c
              init_timer0   0x006fbe    program     extern C:\Users\PC\Desktop\Digital Clock\timer\timer.c
              init_timer1   0x007102    program     extern C:\Users\PC\Desktop\Digital Clock\timer\timer.c
              init_timer2   0x00724c    program     extern C:\Users\PC\Desktop\Digital Clock\timer\timer.c
              init_timer3   0x007284    program     extern C:\Users\PC\Desktop\Digital Clock\timer\timer.c
                init_uart   0x0074da    program     extern C:\Users\PC\Desktop\Digital Clock\uart\uart.c
            isButtonAlarm   0x005384    program     extern C:\Users\PC\Desktop\Digital Clock\main.c
        isButtonAlarmHold   0x005394    program     extern C:\Users\PC\Desktop\Digital Clock\main.c
         isButtonDecrease   0x0053e8    program     extern C:\Users\PC\Desktop\Digital Clock\main.c
         isButtonIncrease   0x0053a4    program     extern C:\Users\PC\Desktop\Digital Clock\main.c
             isButtonMode   0x005364    program     extern C:\Users\PC\Desktop\Digital Clock\main.c
         isButtonModeHold   0x005374    program     extern C:\Users\PC\Desktop\Digital Clock\main.c
                isKeyHold   0x006d90    program     extern C:\Users\PC\Desktop\Digital Clock\button_matrix\button.c
       isKeyHold_nonreset   0x006ddc    program     extern C:\Users\PC\Desktop\Digital Clock\button_matrix\button.c
             isKeyPressed   0x006d5c    program     extern C:\Users\PC\Desktop\Digital Clock\button_matrix\button.c
                lcd_clear   0x0059f4    program     extern C:\Users\PC\Desktop\Digital Clock\lcd\lcd.c
                lcd_delay   0x005502    program     extern C:\Users\PC\Desktop\Digital Clock\lcd\lcd.c
             lcd_power_of   0x005a08    program     extern C:\Users\PC\Desktop\Digital Clock\lcd\lcd.c
           lcd_print_char   0x005960    program     extern C:\Users\PC\Desktop\Digital Clock\lcd\lcd.c
          lcd_print_charS   0x005d9c    program     extern C:\Users\PC\Desktop\Digital Clock\lcd\lcd.c
            lcd_print_num   0x005aea    program     extern C:\Users\PC\Desktop\Digital Clock\lcd\lcd.c
            lcd_print_str   0x00597a    program     extern C:\Users\PC\Desktop\Digital Clock\lcd\lcd.c
              lcd_putchar   0x005946    program     extern C:\Users\PC\Desktop\Digital Clock\lcd\lcd.c
          lcd_read_status   0x0057b0    program     extern C:\Users\PC\Desktop\Digital Clock\lcd\lcd.c
          lcd_sendCommand   0x005622    program     extern C:\Users\PC\Desktop\Digital Clock\lcd\lcd.c
           lcd_set_cursor   0x0059ba    program     extern C:\Users\PC\Desktop\Digital Clock\lcd\lcd.c
            lcd_wait_busy   0x005866    program     extern C:\Users\PC\Desktop\Digital Clock\lcd\lcd.c
          lcd_write_4bits   0x005886    program     extern C:\Users\PC\Desktop\Digital Clock\lcd\lcd.c
            lcd_write_cmd   0x0058cc    program     extern C:\Users\PC\Desktop\Digital Clock\lcd\lcd.c
           lcd_write_data   0x005908    program     extern C:\Users\PC\Desktop\Digital Clock\lcd\lcd.c
                     loop   0x007fd8    program     static                          
                     loop   0x008076    program     static                          
                     loop   0x008010    program     static                          
                     loop   0x008062    program     static                          
                     loop   0x007f92    program     static                          
                   loop_h   0x008040    program     static E:\3.46\pic18-lt\cxx-framework\src\traditional\proc\p18f4620.asm
                   loop_l   0x00804a    program     static E:\3.46\pic18-lt\cxx-framework\src\traditional\proc\p18f4620.asm
                  low_isr   0x007bbc    program     extern C:\Users\PC\Desktop\Digital Clock\interrupt\interrupt.c
          lunar_calculate   0x00418c    program     extern C:\Users\PC\Desktop\Digital Clock\menu\menu.c
                     main   0x00453c    program     extern C:\Users\PC\Desktop\Digital Clock\main.c
              menuControl   0x00008c    program     extern C:\Users\PC\Desktop\Digital Clock\menu\menu.c
                 printCan   0x004358    program     extern C:\Users\PC\Desktop\Digital Clock\menu\menu.c
                 printChi   0x004438    program     extern C:\Users\PC\Desktop\Digital Clock\menu\menu.c
              read_ds1307   0x007afa    program     extern C:\Users\PC\Desktop\Digital Clock\i2c\i2c.c
         reset_array_time   0x000bbe    program     extern C:\Users\PC\Desktop\Digital Clock\menu\menu.c
            run_stopwatch   0x000b68    program     extern C:\Users\PC\Desktop\Digital Clock\menu\menu.c
          run_timer_clock   0x001960    program     extern C:\Users\PC\Desktop\Digital Clock\menu\menu.c
          scan_key_matrix   0x006ab6    program     extern C:\Users\PC\Desktop\Digital Clock\button_matrix\button.c
     scan_key_matrix_demo   0x006e98    program     extern C:\Users\PC\Desktop\Digital Clock\button_matrix\button.c
scan_key_matrix_with_uart_i2c   0x006c14    program     extern C:\Users\PC\Desktop\Digital Clock\button_matrix\button.c
             start_timer0   0x007076    program     extern C:\Users\PC\Desktop\Digital Clock\timer\timer.c
             start_timer1   0x0071bc    program     extern C:\Users\PC\Desktop\Digital Clock\timer\timer.c
             start_timer2   0x007278    program     extern C:\Users\PC\Desktop\Digital Clock\timer\timer.c
             start_timer3   0x00733a    program     extern C:\Users\PC\Desktop\Digital Clock\timer\timer.c
              stop_timer0   0x007072    program     extern C:\Users\PC\Desktop\Digital Clock\timer\timer.c
              stop_timer1   0x007248    program     extern C:\Users\PC\Desktop\Digital Clock\timer\timer.c
              stop_timer2   0x007280    program     extern C:\Users\PC\Desktop\Digital Clock\timer\timer.c
              stop_timer3   0x0073c6    program     extern C:\Users\PC\Desktop\Digital Clock\timer\timer.c
                     test   0x007e90    program     static                          
               timer0_isr   0x0073ca    program     extern C:\Users\PC\Desktop\Digital Clock\timer\timer.c
               timer1_isr   0x0073e6    program     extern C:\Users\PC\Desktop\Digital Clock\timer\timer.c
               timer2_isr   0x007402    program     extern C:\Users\PC\Desktop\Digital Clock\timer\timer.c
               timer3_isr   0x00741e    program     extern C:\Users\PC\Desktop\Digital Clock\timer\timer.c
             uart_console   0x001e30    program     extern C:\Users\PC\Desktop\Digital Clock\menu\menu.c
            uart_delay_ms   0x0074f8    program     extern C:\Users\PC\Desktop\Digital Clock\uart\uart.c
                 uart_isr   0x007940    program     extern C:\Users\PC\Desktop\Digital Clock\uart\uart.c
            uart_power_of   0x0075dc    program     extern C:\Users\PC\Desktop\Digital Clock\uart\uart.c
             uart_putchar   0x007580    program     extern C:\Users\PC\Desktop\Digital Clock\uart\uart.c
            uart_send_str   0x00759c    program     extern C:\Users\PC\Desktop\Digital Clock\uart\uart.c
                 v_timer0   0x005592    program     extern C:\Users\PC\Desktop\Digital Clock\lcd\lcd.c
                 validate   0x003218    program     extern C:\Users\PC\Desktop\Digital Clock\menu\menu.c
             write_ds1307   0x007a90    program     extern C:\Users\PC\Desktop\Digital Clock\i2c\i2c.c
               zero_block   0x008040    program     static E:\3.46\pic18-lt\cxx-framework\src\traditional\proc\p18f4620.asm
                   ADCON0   0x000fc2       data     extern E:\3.46\pic18-lt\cxx-framework\src\traditional\proc\p18f4620.asm
               ADCON0bits   0x000fc2       data     extern E:\3.46\pic18-lt\cxx-framework\src\traditional\proc\p18f4620.asm
                   ADCON1   0x000fc1       data     extern E:\3.46\pic18-lt\cxx-framework\src\traditional\proc\p18f4620.asm
               ADCON1bits   0x000fc1       data     extern E:\3.46\pic18-lt\cxx-framework\src\traditional\proc\p18f4620.asm
                   ADCON2   0x000fc0       data     extern E:\3.46\pic18-lt\cxx-framework\src\traditional\proc\p18f4620.asm
               ADCON2bits   0x000fc0       data     extern E:\3.46\pic18-lt\cxx-framework\src\traditional\proc\p18f4620.asm
                    ADRES   0x000fc3       data     extern E:\3.46\pic18-lt\cxx-framework\src\traditional\proc\p18f4620.asm
                   ADRESH   0x000fc4       data     extern E:\3.46\pic18-lt\cxx-framework\src\traditional\proc\p18f4620.asm
                   ADRESL   0x000fc3       data     extern E:\3.46\pic18-lt\cxx-framework\src\traditional\proc\p18f4620.asm
             ALdauthangDL   0x000100       data     extern C:\Users\PC\Desktop\Digital Clock\menu\menu.c
                  BAUDCON   0x000fb8       data     extern E:\3.46\pic18-lt\cxx-framework\src\traditional\proc\p18f4620.asm
              BAUDCONbits   0x000fb8       data     extern E:\3.46\pic18-lt\cxx-framework\src\traditional\proc\p18f4620.asm
                  BAUDCTL   0x000fb8       data     extern E:\3.46\pic18-lt\cxx-framework\src\traditional\proc\p18f4620.asm
              BAUDCTLbits   0x000fb8       data     extern E:\3.46\pic18-lt\cxx-framework\src\traditional\proc\p18f4620.asm
                      BSR   0x000fe0       data     extern E:\3.46\pic18-lt\cxx-framework\src\traditional\proc\p18f4620.asm
                  CCP1CON   0x000fbd       data     extern E:\3.46\pic18-lt\cxx-framework\src\traditional\proc\p18f4620.asm
              CCP1CONbits   0x000fbd       data     extern E:\3.46\pic18-lt\cxx-framework\src\traditional\proc\p18f4620.asm
                  CCP2CON   0x000fba       data     extern E:\3.46\pic18-lt\cxx-framework\src\traditional\proc\p18f4620.asm
              CCP2CONbits   0x000fba       data     extern E:\3.46\pic18-lt\cxx-framework\src\traditional\proc\p18f4620.asm
                    CCPR1   0x000fbe       data     extern E:\3.46\pic18-lt\cxx-framework\src\traditional\proc\p18f4620.asm
                   CCPR1H   0x000fbf       data     extern E:\3.46\pic18-lt\cxx-framework\src\traditional\proc\p18f4620.asm
                   CCPR1L   0x000fbe       data     extern E:\3.46\pic18-lt\cxx-framework\src\traditional\proc\p18f4620.asm
                    CCPR2   0x000fbb       data     extern E:\3.46\pic18-lt\cxx-framework\src\traditional\proc\p18f4620.asm
                   CCPR2H   0x000fbc       data     extern E:\3.46\pic18-lt\cxx-framework\src\traditional\proc\p18f4620.asm
                   CCPR2L   0x000fbb       data     extern E:\3.46\pic18-lt\cxx-framework\src\traditional\proc\p18f4620.asm
                    CMCON   0x000fb4       data     extern E:\3.46\pic18-lt\cxx-framework\src\traditional\proc\p18f4620.asm
                CMCONbits   0x000fb4       data     extern E:\3.46\pic18-lt\cxx-framework\src\traditional\proc\p18f4620.asm
                   CVRCON   0x000fb5       data     extern E:\3.46\pic18-lt\cxx-framework\src\traditional\proc\p18f4620.asm
               CVRCONbits   0x000fb5       data     extern E:\3.46\pic18-lt\cxx-framework\src\traditional\proc\p18f4620.asm
                     DDRA   0x000f92       data     extern E:\3.46\pic18-lt\cxx-framework\src\traditional\proc\p18f4620.asm
                 DDRAbits   0x000f92       data     extern E:\3.46\pic18-lt\cxx-framework\src\traditional\proc\p18f4620.asm
                     DDRB   0x000f93       data     extern E:\3.46\pic18-lt\cxx-framework\src\traditional\proc\p18f4620.asm
                 DDRBbits   0x000f93       data     extern E:\3.46\pic18-lt\cxx-framework\src\traditional\proc\p18f4620.asm
                     DDRC   0x000f94       data     extern E:\3.46\pic18-lt\cxx-framework\src\traditional\proc\p18f4620.asm
                 DDRCbits   0x000f94       data     extern E:\3.46\pic18-lt\cxx-framework\src\traditional\proc\p18f4620.asm
                     DDRD   0x000f95       data     extern E:\3.46\pic18-lt\cxx-framework\src\traditional\proc\p18f4620.asm
                 DDRDbits   0x000f95       data     extern E:\3.46\pic18-lt\cxx-framework\src\traditional\proc\p18f4620.asm
                     DDRE   0x000f96       data     extern E:\3.46\pic18-lt\cxx-framework\src\traditional\proc\p18f4620.asm
                 DDREbits   0x000f96       data     extern E:\3.46\pic18-lt\cxx-framework\src\traditional\proc\p18f4620.asm
             DLdauthangAL   0x000178       data     extern C:\Users\PC\Desktop\Digital Clock\menu\menu.c
                  ECCP1AS   0x000fb6       data     extern E:\3.46\pic18-lt\cxx-framework\src\traditional\proc\p18f4620.asm
              ECCP1ASbits   0x000fb6       data     extern E:\3.46\pic18-lt\cxx-framework\src\traditional\proc\p18f4620.asm
                    EEADR   0x000fa9       data     extern E:\3.46\pic18-lt\cxx-framework\src\traditional\proc\p18f4620.asm
                   EEADRH   0x000faa       data     extern E:\3.46\pic18-lt\cxx-framework\src\traditional\proc\p18f4620.asm
                   EECON1   0x000fa6       data     extern E:\3.46\pic18-lt\cxx-framework\src\traditional\proc\p18f4620.asm
               EECON1bits   0x000fa6       data     extern E:\3.46\pic18-lt\cxx-framework\src\traditional\proc\p18f4620.asm
                   EECON2   0x000fa7       data     extern E:\3.46\pic18-lt\cxx-framework\src\traditional\proc\p18f4620.asm
                   EEDATA   0x000fa8       data     extern E:\3.46\pic18-lt\cxx-framework\src\traditional\proc\p18f4620.asm
                     FSR0   0x000fe9       data     extern E:\3.46\pic18-lt\cxx-framework\src\traditional\proc\p18f4620.asm
                    FSR0H   0x000fea       data     extern E:\3.46\pic18-lt\cxx-framework\src\traditional\proc\p18f4620.asm
                    FSR0L   0x000fe9       data     extern E:\3.46\pic18-lt\cxx-framework\src\traditional\proc\p18f4620.asm
                     FSR1   0x000fe1       data     extern E:\3.46\pic18-lt\cxx-framework\src\traditional\proc\p18f4620.asm
                    FSR1H   0x000fe2       data     extern E:\3.46\pic18-lt\cxx-framework\src\traditional\proc\p18f4620.asm
                    FSR1L   0x000fe1       data     extern E:\3.46\pic18-lt\cxx-framework\src\traditional\proc\p18f4620.asm
                     FSR2   0x000fd9       data     extern E:\3.46\pic18-lt\cxx-framework\src\traditional\proc\p18f4620.asm
                    FSR2H   0x000fda       data     extern E:\3.46\pic18-lt\cxx-framework\src\traditional\proc\p18f4620.asm
                    FSR2L   0x000fd9       data     extern E:\3.46\pic18-lt\cxx-framework\src\traditional\proc\p18f4620.asm
                  HLVDCON   0x000fd2       data     extern E:\3.46\pic18-lt\cxx-framework\src\traditional\proc\p18f4620.asm
              HLVDCONbits   0x000fd2       data     extern E:\3.46\pic18-lt\cxx-framework\src\traditional\proc\p18f4620.asm
                    INDF0   0x000fef       data     extern E:\3.46\pic18-lt\cxx-framework\src\traditional\proc\p18f4620.asm
                    INDF1   0x000fe7       data     extern E:\3.46\pic18-lt\cxx-framework\src\traditional\proc\p18f4620.asm
                    INDF2   0x000fdf       data     extern E:\3.46\pic18-lt\cxx-framework\src\traditional\proc\p18f4620.asm
                   INTCON   0x000ff2       data     extern E:\3.46\pic18-lt\cxx-framework\src\traditional\proc\p18f4620.asm
                  INTCON2   0x000ff1       data     extern E:\3.46\pic18-lt\cxx-framework\src\traditional\proc\p18f4620.asm
              INTCON2bits   0x000ff1       data     extern E:\3.46\pic18-lt\cxx-framework\src\traditional\proc\p18f4620.asm
                  INTCON3   0x000ff0       data     extern E:\3.46\pic18-lt\cxx-framework\src\traditional\proc\p18f4620.asm
              INTCON3bits   0x000ff0       data     extern E:\3.46\pic18-lt\cxx-framework\src\traditional\proc\p18f4620.asm
               INTCONbits   0x000ff2       data     extern E:\3.46\pic18-lt\cxx-framework\src\traditional\proc\p18f4620.asm
                     IPR1   0x000f9f       data     extern E:\3.46\pic18-lt\cxx-framework\src\traditional\proc\p18f4620.asm
                 IPR1bits   0x000f9f       data     extern E:\3.46\pic18-lt\cxx-framework\src\traditional\proc\p18f4620.asm
                     IPR2   0x000fa2       data     extern E:\3.46\pic18-lt\cxx-framework\src\traditional\proc\p18f4620.asm
                 IPR2bits   0x000fa2       data     extern E:\3.46\pic18-lt\cxx-framework\src\traditional\proc\p18f4620.asm
                     LATA   0x000f89       data     extern E:\3.46\pic18-lt\cxx-framework\src\traditional\proc\p18f4620.asm
                 LATAbits   0x000f89       data     extern E:\3.46\pic18-lt\cxx-framework\src\traditional\proc\p18f4620.asm
                     LATB   0x000f8a       data     extern E:\3.46\pic18-lt\cxx-framework\src\traditional\proc\p18f4620.asm
                 LATBbits   0x000f8a       data     extern E:\3.46\pic18-lt\cxx-framework\src\traditional\proc\p18f4620.asm
                     LATC   0x000f8b       data     extern E:\3.46\pic18-lt\cxx-framework\src\traditional\proc\p18f4620.asm
                 LATCbits   0x000f8b       data     extern E:\3.46\pic18-lt\cxx-framework\src\traditional\proc\p18f4620.asm
                     LATD   0x000f8c       data     extern E:\3.46\pic18-lt\cxx-framework\src\traditional\proc\p18f4620.asm
                 LATDbits   0x000f8c       data     extern E:\3.46\pic18-lt\cxx-framework\src\traditional\proc\p18f4620.asm
                     LATE   0x000f8d       data     extern E:\3.46\pic18-lt\cxx-framework\src\traditional\proc\p18f4620.asm
                 LATEbits   0x000f8d       data     extern E:\3.46\pic18-lt\cxx-framework\src\traditional\proc\p18f4620.asm
                   LVDCON   0x000fd2       data     extern E:\3.46\pic18-lt\cxx-framework\src\traditional\proc\p18f4620.asm
               LVDCONbits   0x000fd2       data     extern E:\3.46\pic18-lt\cxx-framework\src\traditional\proc\p18f4620.asm
                LcdScreen   0x0000c1       data     extern C:\Users\PC\Desktop\Digital Clock\lcd\lcd.c
                 LunarDay   0x000f56       data     extern C:\Users\PC\Desktop\Digital Clock\menu\menu.c
               LunarMonth   0x000f57       data     extern C:\Users\PC\Desktop\Digital Clock\menu\menu.c
                LunarYear   0x000f58       data     extern C:\Users\PC\Desktop\Digital Clock\menu\menu.c
                   OSCCON   0x000fd3       data     extern E:\3.46\pic18-lt\cxx-framework\src\traditional\proc\p18f4620.asm
               OSCCONbits   0x000fd3       data     extern E:\3.46\pic18-lt\cxx-framework\src\traditional\proc\p18f4620.asm
                  OSCTUNE   0x000f9b       data     extern E:\3.46\pic18-lt\cxx-framework\src\traditional\proc\p18f4620.asm
              OSCTUNEbits   0x000f9b       data     extern E:\3.46\pic18-lt\cxx-framework\src\traditional\proc\p18f4620.asm
                       PC   0x000ff9       data     extern E:\3.46\pic18-lt\cxx-framework\src\traditional\proc\p18f4620.asm
                      PCL   0x000ff9       data     extern E:\3.46\pic18-lt\cxx-framework\src\traditional\proc\p18f4620.asm
                   PCLATH   0x000ffa       data     extern E:\3.46\pic18-lt\cxx-framework\src\traditional\proc\p18f4620.asm
                   PCLATU   0x000ffb       data     extern E:\3.46\pic18-lt\cxx-framework\src\traditional\proc\p18f4620.asm
                     PIE1   0x000f9d       data     extern E:\3.46\pic18-lt\cxx-framework\src\traditional\proc\p18f4620.asm
                 PIE1bits   0x000f9d       data     extern E:\3.46\pic18-lt\cxx-framework\src\traditional\proc\p18f4620.asm
                     PIE2   0x000fa0       data     extern E:\3.46\pic18-lt\cxx-framework\src\traditional\proc\p18f4620.asm
                 PIE2bits   0x000fa0       data     extern E:\3.46\pic18-lt\cxx-framework\src\traditional\proc\p18f4620.asm
                     PIR1   0x000f9e       data     extern E:\3.46\pic18-lt\cxx-framework\src\traditional\proc\p18f4620.asm
                 PIR1bits   0x000f9e       data     extern E:\3.46\pic18-lt\cxx-framework\src\traditional\proc\p18f4620.asm
                     PIR2   0x000fa1       data     extern E:\3.46\pic18-lt\cxx-framework\src\traditional\proc\p18f4620.asm
                 PIR2bits   0x000fa1       data     extern E:\3.46\pic18-lt\cxx-framework\src\traditional\proc\p18f4620.asm
                   PLUSW0   0x000feb       data     extern E:\3.46\pic18-lt\cxx-framework\src\traditional\proc\p18f4620.asm
                   PLUSW1   0x000fe3       data     extern E:\3.46\pic18-lt\cxx-framework\src\traditional\proc\p18f4620.asm
                   PLUSW2   0x000fdb       data     extern E:\3.46\pic18-lt\cxx-framework\src\traditional\proc\p18f4620.asm
                    PORTA   0x000f80       data     extern E:\3.46\pic18-lt\cxx-framework\src\traditional\proc\p18f4620.asm
                PORTAbits   0x000f80       data     extern E:\3.46\pic18-lt\cxx-framework\src\traditional\proc\p18f4620.asm
                    PORTB   0x000f81       data     extern E:\3.46\pic18-lt\cxx-framework\src\traditional\proc\p18f4620.asm
                PORTBbits   0x000f81       data     extern E:\3.46\pic18-lt\cxx-framework\src\traditional\proc\p18f4620.asm
                    PORTC   0x000f82       data     extern E:\3.46\pic18-lt\cxx-framework\src\traditional\proc\p18f4620.asm
                PORTCbits   0x000f82       data     extern E:\3.46\pic18-lt\cxx-framework\src\traditional\proc\p18f4620.asm
                    PORTD   0x000f83       data     extern E:\3.46\pic18-lt\cxx-framework\src\traditional\proc\p18f4620.asm
                PORTDbits   0x000f83       data     extern E:\3.46\pic18-lt\cxx-framework\src\traditional\proc\p18f4620.asm
                    PORTE   0x000f84       data     extern E:\3.46\pic18-lt\cxx-framework\src\traditional\proc\p18f4620.asm
                PORTEbits   0x000f84       data     extern E:\3.46\pic18-lt\cxx-framework\src\traditional\proc\p18f4620.asm
                 POSTDEC0   0x000fed       data     extern E:\3.46\pic18-lt\cxx-framework\src\traditional\proc\p18f4620.asm
                 POSTDEC1   0x000fe5       data     extern E:\3.46\pic18-lt\cxx-framework\src\traditional\proc\p18f4620.asm
                 POSTDEC2   0x000fdd       data     extern E:\3.46\pic18-lt\cxx-framework\src\traditional\proc\p18f4620.asm
                 POSTINC0   0x000fee       data     extern E:\3.46\pic18-lt\cxx-framework\src\traditional\proc\p18f4620.asm
                 POSTINC1   0x000fe6       data     extern E:\3.46\pic18-lt\cxx-framework\src\traditional\proc\p18f4620.asm
                 POSTINC2   0x000fde       data     extern E:\3.46\pic18-lt\cxx-framework\src\traditional\proc\p18f4620.asm
                      PR2   0x000fcb       data     extern E:\3.46\pic18-lt\cxx-framework\src\traditional\proc\p18f4620.asm
                  PREINC0   0x000fec       data     extern E:\3.46\pic18-lt\cxx-framework\src\traditional\proc\p18f4620.asm
                  PREINC1   0x000fe4       data     extern E:\3.46\pic18-lt\cxx-framework\src\traditional\proc\p18f4620.asm
                  PREINC2   0x000fdc       data     extern E:\3.46\pic18-lt\cxx-framework\src\traditional\proc\p18f4620.asm
                     PROD   0x000ff3       data     extern E:\3.46\pic18-lt\cxx-framework\src\traditional\proc\p18f4620.asm
                    PRODH   0x000ff4       data     extern E:\3.46\pic18-lt\cxx-framework\src\traditional\proc\p18f4620.asm
                    PRODL   0x000ff3       data     extern E:\3.46\pic18-lt\cxx-framework\src\traditional\proc\p18f4620.asm
                  PWM1CON   0x000fb7       data     extern E:\3.46\pic18-lt\cxx-framework\src\traditional\proc\p18f4620.asm
              PWM1CONbits   0x000fb7       data     extern E:\3.46\pic18-lt\cxx-framework\src\traditional\proc\p18f4620.asm
                     RCON   0x000fd0       data     extern E:\3.46\pic18-lt\cxx-framework\src\traditional\proc\p18f4620.asm
                 RCONbits   0x000fd0       data     extern E:\3.46\pic18-lt\cxx-framework\src\traditional\proc\p18f4620.asm
                    RCREG   0x000fae       data     extern E:\3.46\pic18-lt\cxx-framework\src\traditional\proc\p18f4620.asm
                    RCSTA   0x000fab       data     extern E:\3.46\pic18-lt\cxx-framework\src\traditional\proc\p18f4620.asm
                RCSTAbits   0x000fab       data     extern E:\3.46\pic18-lt\cxx-framework\src\traditional\proc\p18f4620.asm
                     SIGN   0x000000       data     extern E:\3.46\pic18-lt\cxx-framework\src\traditional\math\cmath18.asm
                    SPBRG   0x000faf       data     extern E:\3.46\pic18-lt\cxx-framework\src\traditional\proc\p18f4620.asm
                   SPBRGH   0x000fb0       data     extern E:\3.46\pic18-lt\cxx-framework\src\traditional\proc\p18f4620.asm
                   SSPADD   0x000fc8       data     extern E:\3.46\pic18-lt\cxx-framework\src\traditional\proc\p18f4620.asm
                   SSPBUF   0x000fc9       data     extern E:\3.46\pic18-lt\cxx-framework\src\traditional\proc\p18f4620.asm
                  SSPCON1   0x000fc6       data     extern E:\3.46\pic18-lt\cxx-framework\src\traditional\proc\p18f4620.asm
              SSPCON1bits   0x000fc6       data     extern E:\3.46\pic18-lt\cxx-framework\src\traditional\proc\p18f4620.asm
                  SSPCON2   0x000fc5       data     extern E:\3.46\pic18-lt\cxx-framework\src\traditional\proc\p18f4620.asm
              SSPCON2bits   0x000fc5       data     extern E:\3.46\pic18-lt\cxx-framework\src\traditional\proc\p18f4620.asm
                  SSPSTAT   0x000fc7       data     extern E:\3.46\pic18-lt\cxx-framework\src\traditional\proc\p18f4620.asm
              SSPSTATbits   0x000fc7       data     extern E:\3.46\pic18-lt\cxx-framework\src\traditional\proc\p18f4620.asm
                   STATUS   0x000fd8       data     extern E:\3.46\pic18-lt\cxx-framework\src\traditional\proc\p18f4620.asm
               STATUSbits   0x000fd8       data     extern E:\3.46\pic18-lt\cxx-framework\src\traditional\proc\p18f4620.asm
                   STKPTR   0x000ffc       data     extern E:\3.46\pic18-lt\cxx-framework\src\traditional\proc\p18f4620.asm
               STKPTRbits   0x000ffc       data     extern E:\3.46\pic18-lt\cxx-framework\src\traditional\proc\p18f4620.asm
                    T0CON   0x000fd5       data     extern E:\3.46\pic18-lt\cxx-framework\src\traditional\proc\p18f4620.asm
                T0CONbits   0x000fd5       data     extern E:\3.46\pic18-lt\cxx-framework\src\traditional\proc\p18f4620.asm
                    T1CON   0x000fcd       data     extern E:\3.46\pic18-lt\cxx-framework\src\traditional\proc\p18f4620.asm
                T1CONbits   0x000fcd       data     extern E:\3.46\pic18-lt\cxx-framework\src\traditional\proc\p18f4620.asm
                    T2CON   0x000fca       data     extern E:\3.46\pic18-lt\cxx-framework\src\traditional\proc\p18f4620.asm
                T2CONbits   0x000fca       data     extern E:\3.46\pic18-lt\cxx-framework\src\traditional\proc\p18f4620.asm
                    T3CON   0x000fb1       data     extern E:\3.46\pic18-lt\cxx-framework\src\traditional\proc\p18f4620.asm
                T3CONbits   0x000fb1       data     extern E:\3.46\pic18-lt\cxx-framework\src\traditional\proc\p18f4620.asm
                   TABLAT   0x000ff5       data     extern E:\3.46\pic18-lt\cxx-framework\src\traditional\proc\p18f4620.asm
                   TBLPTR   0x000ff6       data     extern E:\3.46\pic18-lt\cxx-framework\src\traditional\proc\p18f4620.asm
                  TBLPTRH   0x000ff7       data     extern E:\3.46\pic18-lt\cxx-framework\src\traditional\proc\p18f4620.asm
                  TBLPTRL   0x000ff6       data     extern E:\3.46\pic18-lt\cxx-framework\src\traditional\proc\p18f4620.asm
                  TBLPTRU   0x000ff8       data     extern E:\3.46\pic18-lt\cxx-framework\src\traditional\proc\p18f4620.asm
                    TMR0H   0x000fd7       data     extern E:\3.46\pic18-lt\cxx-framework\src\traditional\proc\p18f4620.asm
                    TMR0L   0x000fd6       data     extern E:\3.46\pic18-lt\cxx-framework\src\traditional\proc\p18f4620.asm
                    TMR1H   0x000fcf       data     extern E:\3.46\pic18-lt\cxx-framework\src\traditional\proc\p18f4620.asm
                    TMR1L   0x000fce       data     extern E:\3.46\pic18-lt\cxx-framework\src\traditional\proc\p18f4620.asm
                     TMR2   0x000fcc       data     extern E:\3.46\pic18-lt\cxx-framework\src\traditional\proc\p18f4620.asm
                    TMR3H   0x000fb3       data     extern E:\3.46\pic18-lt\cxx-framework\src\traditional\proc\p18f4620.asm
                    TMR3L   0x000fb2       data     extern E:\3.46\pic18-lt\cxx-framework\src\traditional\proc\p18f4620.asm
                      TOS   0x000ffd       data     extern E:\3.46\pic18-lt\cxx-framework\src\traditional\proc\p18f4620.asm
                     TOSH   0x000ffe       data     extern E:\3.46\pic18-lt\cxx-framework\src\traditional\proc\p18f4620.asm
                     TOSL   0x000ffd       data     extern E:\3.46\pic18-lt\cxx-framework\src\traditional\proc\p18f4620.asm
                     TOSU   0x000fff       data     extern E:\3.46\pic18-lt\cxx-framework\src\traditional\proc\p18f4620.asm
                    TRISA   0x000f92       data     extern E:\3.46\pic18-lt\cxx-framework\src\traditional\proc\p18f4620.asm
                TRISAbits   0x000f92       data     extern E:\3.46\pic18-lt\cxx-framework\src\traditional\proc\p18f4620.asm
                    TRISB   0x000f93       data     extern E:\3.46\pic18-lt\cxx-framework\src\traditional\proc\p18f4620.asm
                TRISBbits   0x000f93       data     extern E:\3.46\pic18-lt\cxx-framework\src\traditional\proc\p18f4620.asm
                    TRISC   0x000f94       data     extern E:\3.46\pic18-lt\cxx-framework\src\traditional\proc\p18f4620.asm
                TRISCbits   0x000f94       data     extern E:\3.46\pic18-lt\cxx-framework\src\traditional\proc\p18f4620.asm
                    TRISD   0x000f95       data     extern E:\3.46\pic18-lt\cxx-framework\src\traditional\proc\p18f4620.asm
                TRISDbits   0x000f95       data     extern E:\3.46\pic18-lt\cxx-framework\src\traditional\proc\p18f4620.asm
                    TRISE   0x000f96       data     extern E:\3.46\pic18-lt\cxx-framework\src\traditional\proc\p18f4620.asm
                TRISEbits   0x000f96       data     extern E:\3.46\pic18-lt\cxx-framework\src\traditional\proc\p18f4620.asm
                    TXREG   0x000fad       data     extern E:\3.46\pic18-lt\cxx-framework\src\traditional\proc\p18f4620.asm
                    TXSTA   0x000fac       data     extern E:\3.46\pic18-lt\cxx-framework\src\traditional\proc\p18f4620.asm
                TXSTAbits   0x000fac       data     extern E:\3.46\pic18-lt\cxx-framework\src\traditional\proc\p18f4620.asm
                      UTC   0x000f0f       data     extern C:\Users\PC\Desktop\Digital Clock\menu\menu.c
                 UserFont   0x000080       data     extern C:\Users\PC\Desktop\Digital Clock\lcd\lcd.c
                        W   0x000fe8       data     extern E:\3.46\pic18-lt\cxx-framework\src\traditional\proc\p18f4620.asm
                   WDTCON   0x000fd1       data     extern E:\3.46\pic18-lt\cxx-framework\src\traditional\proc\p18f4620.asm
               WDTCONbits   0x000fd1       data     extern E:\3.46\pic18-lt\cxx-framework\src\traditional\proc\p18f4620.asm
                     WREG   0x000fe8       data     extern E:\3.46\pic18-lt\cxx-framework\src\traditional\proc\p18f4620.asm
                 __AARGB0   0x000009       data     extern E:\3.46\pic18-lt\cxx-framework\src\traditional\math\aarg.asm
                 __AARGB1   0x000008       data     extern E:\3.46\pic18-lt\cxx-framework\src\traditional\math\aarg.asm
                 __AARGB2   0x000007       data     extern E:\3.46\pic18-lt\cxx-framework\src\traditional\math\aarg.asm
                 __AARGB3   0x000006       data     extern E:\3.46\pic18-lt\cxx-framework\src\traditional\math\aarg.asm
                 __AARGB4   0x000005       data     extern E:\3.46\pic18-lt\cxx-framework\src\traditional\math\aarg.asm
                 __AARGB5   0x000004       data     extern E:\3.46\pic18-lt\cxx-framework\src\traditional\math\aarg.asm
                 __AARGB6   0x000003       data     extern E:\3.46\pic18-lt\cxx-framework\src\traditional\math\aarg.asm
                 __AARGB7   0x000002       data     extern E:\3.46\pic18-lt\cxx-framework\src\traditional\math\aarg.asm
                   __AEXP   0x00000a       data     extern E:\3.46\pic18-lt\cxx-framework\src\traditional\math\aarg.asm
                 __BARGB0   0x00000e       data     extern E:\3.46\pic18-lt\cxx-framework\src\traditional\math\barg.asm
                 __BARGB1   0x00000d       data     extern E:\3.46\pic18-lt\cxx-framework\src\traditional\math\barg.asm
                 __BARGB2   0x00000c       data     extern E:\3.46\pic18-lt\cxx-framework\src\traditional\math\barg.asm
                 __BARGB3   0x00000b       data     extern E:\3.46\pic18-lt\cxx-framework\src\traditional\math\barg.asm
                   __BEXP   0x00000f       data     extern E:\3.46\pic18-lt\cxx-framework\src\traditional\math\barg.asm
                __FPFLAGS   0x000001       data     extern E:\3.46\pic18-lt\cxx-framework\src\traditional\math\cmath18.asm
            __FPFLAGSbits   0x000001       data     extern E:\3.46\pic18-lt\cxx-framework\src\traditional\math\cmath18.asm
                  __REMB0   0x000005       data     extern E:\3.46\pic18-lt\cxx-framework\src\traditional\math\aarg.asm
                  __REMB1   0x000004       data     extern E:\3.46\pic18-lt\cxx-framework\src\traditional\math\aarg.asm
                  __REMB2   0x000003       data     extern E:\3.46\pic18-lt\cxx-framework\src\traditional\math\aarg.asm
                  __REMB3   0x000002       data     extern E:\3.46\pic18-lt\cxx-framework\src\traditional\math\aarg.asm
                   __TEMP   0x000013       data     extern E:\3.46\pic18-lt\cxx-framework\src\traditional\math\temparg.asm
                 __TEMPB0   0x000013       data     extern E:\3.46\pic18-lt\cxx-framework\src\traditional\math\temparg.asm
                 __TEMPB1   0x000012       data     extern E:\3.46\pic18-lt\cxx-framework\src\traditional\math\temparg.asm
                 __TEMPB2   0x000011       data     extern E:\3.46\pic18-lt\cxx-framework\src\traditional\math\temparg.asm
                 __TEMPB3   0x000010       data     extern E:\3.46\pic18-lt\cxx-framework\src\traditional\math\temparg.asm
                  __tmp_0   0x000014       data     static C:\Users\PC\Desktop\Digital Clock\uart\uart.c
                  __tmp_0   0x000014       data     static C:\Users\PC\Desktop\Digital Clock\button_matrix\button.c
                  __tmp_0   0x000014       data     static C:\Users\PC\Desktop\Digital Clock\main.c
                  __tmp_0   0x000014       data     static C:\Users\PC\Desktop\Digital Clock\menu\menu.c
                  __tmp_0   0x000014       data     static C:\Users\PC\Desktop\Digital Clock\lcd\lcd.c
                  __tmp_0   0x000014       data     static C:\Users\PC\Desktop\Digital Clock\timer\timer.c
                  __tmp_0   0x000014       data     static C:\Users\PC\Desktop\Digital Clock\i2c\i2c.c
                  ack_bit   0x0001fe       data     extern C:\Users\PC\Desktop\Digital Clock\i2c\i2c.c
                 ack_flag   0x0000f9       data     extern C:\Users\PC\Desktop\Digital Clock\i2c\i2c.c
                 arr_time   0x000f44       data     extern C:\Users\PC\Desktop\Digital Clock\menu\menu.c
      arrayMaskInputOfKey   0x000265       data     extern C:\Users\PC\Desktop\Digital Clock\button_matrix\button.c
     arrayMaskOutputOfKey   0x000261       data     extern C:\Users\PC\Desktop\Digital Clock\button_matrix\button.c
                 bitAlarm   0x000f77       data     extern C:\Users\PC\Desktop\Digital Clock\main.c
                bitEnable   0x000f7c       data     extern C:\Users\PC\Desktop\Digital Clock\main.c
              bitEnable_1   0x000f34       data     extern C:\Users\PC\Desktop\Digital Clock\menu\menu.c
                    blink   0x000f1d       data     extern C:\Users\PC\Desktop\Digital Clock\menu\menu.c
                 byte_num   0x0000e2       data     extern C:\Users\PC\Desktop\Digital Clock\i2c\i2c.c
                 cmd_date   0x000f37       data     extern C:\Users\PC\Desktop\Digital Clock\menu\menu.c
                cmd_state   0x000f35       data     extern C:\Users\PC\Desktop\Digital Clock\menu\menu.c
                     cnt0   0x0001fa       data     extern C:\Users\PC\Desktop\Digital Clock\interrupt\interrupt.c
                     cnt1   0x0001fc       data     extern C:\Users\PC\Desktop\Digital Clock\interrupt\interrupt.c
             confirm_flag   0x000f3b       data     extern C:\Users\PC\Desktop\Digital Clock\menu\menu.c
            console_state   0x000f42       data     extern C:\Users\PC\Desktop\Digital Clock\menu\menu.c
                    count   0x000f29       data     extern C:\Users\PC\Desktop\Digital Clock\menu\menu.c
                curr_byte   0x0001f3       data     static E:\3.46\pic18-lt\cxx-framework\src\traditional\startup\c018i.c
               curr_entry   0x0001f5       data     static E:\3.46\pic18-lt\cxx-framework\src\traditional\startup\c018i.c
                 curr_sec   0x000f21       data     extern C:\Users\PC\Desktop\Digital Clock\menu\menu.c
              current_col   0x0000fe       data     extern C:\Users\PC\Desktop\Digital Clock\lcd\lcd.c
              current_row   0x0000fc       data     extern C:\Users\PC\Desktop\Digital Clock\lcd\lcd.c
              dataReceive   0x000200       data     extern C:\Users\PC\Desktop\Digital Clock\uart\uart.c
                 data_ptr   0x0001f7       data     static E:\3.46\pic18-lt\cxx-framework\src\traditional\startup\c018i.c
                     date   0x000f70       data     extern C:\Users\PC\Desktop\Digital Clock\main.c
               date_lunar   0x000f59       data     extern C:\Users\PC\Desktop\Digital Clock\menu\menu.c
                  date_mf   0x000f31       data     extern C:\Users\PC\Desktop\Digital Clock\menu\menu.c
                   date_t   0x000f67       data     extern C:\Users\PC\Desktop\Digital Clock\menu\menu.c
                      day   0x000f6f       data     extern C:\Users\PC\Desktop\Digital Clock\main.c
                   day_mf   0x000f30       data     extern C:\Users\PC\Desktop\Digital Clock\menu\menu.c
                    day_t   0x000f69       data     extern C:\Users\PC\Desktop\Digital Clock\menu\menu.c
                dhtBuffer   0x000f26       data     extern C:\Users\PC\Desktop\Digital Clock\menu\menu.c
                dht_state   0x000f23       data     extern C:\Users\PC\Desktop\Digital Clock\menu\menu.c
                flagAlarm   0x000f7b       data     extern C:\Users\PC\Desktop\Digital Clock\main.c
                  flagDHT   0x000f2a       data     extern C:\Users\PC\Desktop\Digital Clock\menu\menu.c
             flagInternet   0x000f2b       data     extern C:\Users\PC\Desktop\Digital Clock\menu\menu.c
                 flagUart   0x000f2c       data     extern C:\Users\PC\Desktop\Digital Clock\menu\menu.c
                flag_read   0x0000e1       data     extern C:\Users\PC\Desktop\Digital Clock\i2c\i2c.c
              flag_timer0   0x000271       data     extern C:\Users\PC\Desktop\Digital Clock\timer\timer.c
              flag_timer1   0x000272       data     extern C:\Users\PC\Desktop\Digital Clock\timer\timer.c
              flag_timer2   0x000273       data     extern C:\Users\PC\Desktop\Digital Clock\timer\timer.c
              flag_timer3   0x000274       data     extern C:\Users\PC\Desktop\Digital Clock\timer\timer.c
                     hour   0x000f6e       data     extern C:\Users\PC\Desktop\Digital Clock\main.c
                hourAlarm   0x000f75       data     extern C:\Users\PC\Desktop\Digital Clock\main.c
              hour_change   0x000f5c       data     extern C:\Users\PC\Desktop\Digital Clock\menu\menu.c
                  hour_mf   0x000f2f       data     extern C:\Users\PC\Desktop\Digital Clock\menu\menu.c
                  hour_st   0x000f3d       data     extern C:\Users\PC\Desktop\Digital Clock\menu\menu.c
                   hour_t   0x000f5e       data     extern C:\Users\PC\Desktop\Digital Clock\menu\menu.c
                  hour_tc   0x000f17       data     extern C:\Users\PC\Desktop\Digital Clock\menu\menu.c
                 humidity   0x000f25       data     extern C:\Users\PC\Desktop\Digital Clock\menu\menu.c
                 i2c_data   0x0000fb       data     extern C:\Users\PC\Desktop\Digital Clock\i2c\i2c.c
[...]
                 DDRBbits   0x000f93       data     extern E:\3.46\pic18-lt\cxx-framework\src\traditional\proc\p18f4620.asm
                    TRISB   0x000f93       data     extern E:\3.46\pic18-lt\cxx-framework\src\traditional\proc\p18f4620.asm
                TRISBbits   0x000f93       data     extern E:\3.46\pic18-lt\cxx-framework\src\traditional\proc\p18f4620.asm
                     DDRC   0x000f94       data     extern E:\3.46\pic18-lt\cxx-framework\src\traditional\proc\p18f4620.asm
                 DDRCbits   0x000f94       data     extern E:\3.46\pic18-lt\cxx-framework\src\traditional\proc\p18f4620.asm
                    TRISC   0x000f94       data     extern E:\3.46\pic18-lt\cxx-framework\src\traditional\proc\p18f4620.asm
                TRISCbits   0x000f94       data     extern E:\3.46\pic18-lt\cxx-framework\src\traditional\proc\p18f4620.asm
                 DDRDbits   0x000f95       data     extern E:\3.46\pic18-lt\cxx-framework\src\traditional\proc\p18f4620.asm
                     DDRD   0x000f95       data     extern E:\3.46\pic18-lt\cxx-framework\src\traditional\proc\p18f4620.asm
                TRISDbits   0x000f95       data     extern E:\3.46\pic18-lt\cxx-framework\src\traditional\proc\p18f4620.asm
                    TRISD   0x000f95       data     extern E:\3.46\pic18-lt\cxx-framework\src\traditional\proc\p18f4620.asm
                    TRISE   0x000f96       data     extern E:\3.46\pic18-lt\cxx-framework\src\traditional\proc\p18f4620.asm
                TRISEbits   0x000f96       data     extern E:\3.46\pic18-lt\cxx-framework\src\traditional\proc\p18f4620.asm
                     DDRE   0x000f96       data     extern E:\3.46\pic18-lt\cxx-framework\src\traditional\proc\p18f4620.asm
                 DDREbits   0x000f96       data     extern E:\3.46\pic18-lt\cxx-framework\src\traditional\proc\p18f4620.asm
              OSCTUNEbits   0x000f9b       data     extern E:\3.46\pic18-lt\cxx-framework\src\traditional\proc\p18f4620.asm
                  OSCTUNE   0x000f9b       data     extern E:\3.46\pic18-lt\cxx-framework\src\traditional\proc\p18f4620.asm
                 PIE1bits   0x000f9d       data     extern E:\3.46\pic18-lt\cxx-framework\src\traditional\proc\p18f4620.asm
                     PIE1   0x000f9d       data     extern E:\3.46\pic18-lt\cxx-framework\src\traditional\proc\p18f4620.asm
                     PIR1   0x000f9e       data     extern E:\3.46\pic18-lt\cxx-framework\src\traditional\proc\p18f4620.asm
                 PIR1bits   0x000f9e       data     extern E:\3.46\pic18-lt\cxx-framework\src\traditional\proc\p18f4620.asm
                     IPR1   0x000f9f       data     extern E:\3.46\pic18-lt\cxx-framework\src\traditional\proc\p18f4620.asm
                 IPR1bits   0x000f9f       data     extern E:\3.46\pic18-lt\cxx-framework\src\traditional\proc\p18f4620.asm
                 PIE2bits   0x000fa0       data     extern E:\3.46\pic18-lt\cxx-framework\src\traditional\proc\p18f4620.asm
                     PIE2   0x000fa0       data     extern E:\3.46\pic18-lt\cxx-framework\src\traditional\proc\p18f4620.asm
                 PIR2bits   0x000fa1       data     extern E:\3.46\pic18-lt\cxx-framework\src\traditional\proc\p18f4620.asm
                     PIR2   0x000fa1       data     extern E:\3.46\pic18-lt\cxx-framework\src\traditional\proc\p18f4620.asm
                     IPR2   0x000fa2       data     extern E:\3.46\pic18-lt\cxx-framework\src\traditional\proc\p18f4620.asm
                 IPR2bits   0x000fa2       data     extern E:\3.46\pic18-lt\cxx-framework\src\traditional\proc\p18f4620.asm
               EECON1bits   0x000fa6       data     extern E:\3.46\pic18-lt\cxx-framework\src\traditional\proc\p18f4620.asm
                   EECON1   0x000fa6       data     extern E:\3.46\pic18-lt\cxx-framework\src\traditional\proc\p18f4620.asm
                   EECON2   0x000fa7       data     extern E:\3.46\pic18-lt\cxx-framework\src\traditional\proc\p18f4620.asm
                   EEDATA   0x000fa8       data     extern E:\3.46\pic18-lt\cxx-framework\src\traditional\proc\p18f4620.asm
                    EEADR   0x000fa9       data     extern E:\3.46\pic18-lt\cxx-framework\src\traditional\proc\p18f4620.asm
                   EEADRH   0x000faa       data     extern E:\3.46\pic18-lt\cxx-framework\src\traditional\proc\p18f4620.asm
                RCSTAbits   0x000fab       data     extern E:\3.46\pic18-lt\cxx-framework\src\traditional\proc\p18f4620.asm
                    RCSTA   0x000fab       data     extern E:\3.46\pic18-lt\cxx-framework\src\traditional\proc\p18f4620.asm
                    TXSTA   0x000fac       data     extern E:\3.46\pic18-lt\cxx-framework\src\traditional\proc\p18f4620.asm
                TXSTAbits   0x000fac       data     extern E:\3.46\pic18-lt\cxx-framework\src\traditional\proc\p18f4620.asm
                    TXREG   0x000fad       data     extern E:\3.46\pic18-lt\cxx-framework\src\traditional\proc\p18f4620.asm
                    RCREG   0x000fae       data     extern E:\3.46\pic18-lt\cxx-framework\src\traditional\proc\p18f4620.asm
                    SPBRG   0x000faf       data     extern E:\3.46\pic18-lt\cxx-framework\src\traditional\proc\p18f4620.asm
                   SPBRGH   0x000fb0       data     extern E:\3.46\pic18-lt\cxx-framework\src\traditional\proc\p18f4620.asm
                    T3CON   0x000fb1       data     extern E:\3.46\pic18-lt\cxx-framework\src\traditional\proc\p18f4620.asm
                T3CONbits   0x000fb1       data     extern E:\3.46\pic18-lt\cxx-framework\src\traditional\proc\p18f4620.asm
                    TMR3L   0x000fb2       data     extern E:\3.46\pic18-lt\cxx-framework\src\traditional\proc\p18f4620.asm
                    TMR3H   0x000fb3       data     extern E:\3.46\pic18-lt\cxx-framework\src\traditional\proc\p18f4620.asm
                    CMCON   0x000fb4       data     extern E:\3.46\pic18-lt\cxx-framework\src\traditional\proc\p18f4620.asm
                CMCONbits   0x000fb4       data     extern E:\3.46\pic18-lt\cxx-framework\src\traditional\proc\p18f4620.asm
               CVRCONbits   0x000fb5       data     extern E:\3.46\pic18-lt\cxx-framework\src\traditional\proc\p18f4620.asm
                   CVRCON   0x000fb5       data     extern E:\3.46\pic18-lt\cxx-framework\src\traditional\proc\p18f4620.asm
              ECCP1ASbits   0x000fb6       data     extern E:\3.46\pic18-lt\cxx-framework\src\traditional\proc\p18f4620.asm
                  ECCP1AS   0x000fb6       data     extern E:\3.46\pic18-lt\cxx-framework\src\traditional\proc\p18f4620.asm
              PWM1CONbits   0x000fb7       data     extern E:\3.46\pic18-lt\cxx-framework\src\traditional\proc\p18f4620.asm
                  PWM1CON   0x000fb7       data     extern E:\3.46\pic18-lt\cxx-framework\src\traditional\proc\p18f4620.asm
                  BAUDCON   0x000fb8       data     extern E:\3.46\pic18-lt\cxx-framework\src\traditional\proc\p18f4620.asm
              BAUDCONbits   0x000fb8       data     extern E:\3.46\pic18-lt\cxx-framework\src\traditional\proc\p18f4620.asm
                  BAUDCTL   0x000fb8       data     extern E:\3.46\pic18-lt\cxx-framework\src\traditional\proc\p18f4620.asm
              BAUDCTLbits   0x000fb8       data     extern E:\3.46\pic18-lt\cxx-framework\src\traditional\proc\p18f4620.asm
                  CCP2CON   0x000fba       data     extern E:\3.46\pic18-lt\cxx-framework\src\traditional\proc\p18f4620.asm
              CCP2CONbits   0x000fba       data     extern E:\3.46\pic18-lt\cxx-framework\src\traditional\proc\p18f4620.asm
                    CCPR2   0x000fbb       data     extern E:\3.46\pic18-lt\cxx-framework\src\traditional\proc\p18f4620.asm
                   CCPR2L   0x000fbb       data     extern E:\3.46\pic18-lt\cxx-framework\src\traditional\proc\p18f4620.asm
                   CCPR2H   0x000fbc       data     extern E:\3.46\pic18-lt\cxx-framework\src\traditional\proc\p18f4620.asm
              CCP1CONbits   0x000fbd       data     extern E:\3.46\pic18-lt\cxx-framework\src\traditional\proc\p18f4620.asm
                  CCP1CON   0x000fbd       data     extern E:\3.46\pic18-lt\cxx-framework\src\traditional\proc\p18f4620.asm
                    CCPR1   0x000fbe       data     extern E:\3.46\pic18-lt\cxx-framework\src\traditional\proc\p18f4620.asm
                   CCPR1L   0x000fbe       data     extern E:\3.46\pic18-lt\cxx-framework\src\traditional\proc\p18f4620.asm
                   CCPR1H   0x000fbf       data     extern E:\3.46\pic18-lt\cxx-framework\src\traditional\proc\p18f4620.asm
               ADCON2bits   0x000fc0       data     extern E:\3.46\pic18-lt\cxx-framework\src\traditional\proc\p18f4620.asm
                   ADCON2   0x000fc0       data     extern E:\3.46\pic18-lt\cxx-framework\src\traditional\proc\p18f4620.asm
               ADCON1bits   0x000fc1       data     extern E:\3.46\pic18-lt\cxx-framework\src\traditional\proc\p18f4620.asm
                   ADCON1   0x000fc1       data     extern E:\3.46\pic18-lt\cxx-framework\src\traditional\proc\p18f4620.asm
               ADCON0bits   0x000fc2       data     extern E:\3.46\pic18-lt\cxx-framework\src\traditional\proc\p18f4620.asm
                   ADCON0   0x000fc2       data     extern E:\3.46\pic18-lt\cxx-framework\src\traditional\proc\p18f4620.asm
                    ADRES   0x000fc3       data     extern E:\3.46\pic18-lt\cxx-framework\src\traditional\proc\p18f4620.asm
                   ADRESL   0x000fc3       data     extern E:\3.46\pic18-lt\cxx-framework\src\traditional\proc\p18f4620.asm
                   ADRESH   0x000fc4       data     extern E:\3.46\pic18-lt\cxx-framework\src\traditional\proc\p18f4620.asm
              SSPCON2bits   0x000fc5       data     extern E:\3.46\pic18-lt\cxx-framework\src\traditional\proc\p18f4620.asm
                  SSPCON2   0x000fc5       data     extern E:\3.46\pic18-lt\cxx-framework\src\traditional\proc\p18f4620.asm
                  SSPCON1   0x000fc6       data     extern E:\3.46\pic18-lt\cxx-framework\src\traditional\proc\p18f4620.asm
              SSPCON1bits   0x000fc6       data     extern E:\3.46\pic18-lt\cxx-framework\src\traditional\proc\p18f4620.asm
              SSPSTATbits   0x000fc7       data     extern E:\3.46\pic18-lt\cxx-framework\src\traditional\proc\p18f4620.asm
                  SSPSTAT   0x000fc7       data     extern E:\3.46\pic18-lt\cxx-framework\src\traditional\proc\p18f4620.asm
                   SSPADD   0x000fc8       data     extern E:\3.46\pic18-lt\cxx-framework\src\traditional\proc\p18f4620.asm
                   SSPBUF   0x000fc9       data     extern E:\3.46\pic18-lt\cxx-framework\src\traditional\proc\p18f4620.asm
                    T2CON   0x000fca       data     extern E:\3.46\pic18-lt\cxx-framework\src\traditional\proc\p18f4620.asm
                T2CONbits   0x000fca       data     extern E:\3.46\pic18-lt\cxx-framework\src\traditional\proc\p18f4620.asm
                      PR2   0x000fcb       data     extern E:\3.46\pic18-lt\cxx-framework\src\traditional\proc\p18f4620.asm
                     TMR2   0x000fcc       data     extern E:\3.46\pic18-lt\cxx-framework\src\traditional\proc\p18f4620.asm
                T1CONbits   0x000fcd       data     extern E:\3.46\pic18-lt\cxx-framework\src\traditional\proc\p18f4620.asm
                    T1CON   0x000fcd       data     extern E:\3.46\pic18-lt\cxx-framework\src\traditional\proc\p18f4620.asm
                    TMR1L   0x000fce       data     extern E:\3.46\pic18-lt\cxx-framework\src\traditional\proc\p18f4620.asm
                    TMR1H   0x000fcf       data     extern E:\3.46\pic18-lt\cxx-framework\src\traditional\proc\p18f4620.asm
                     RCON   0x000fd0       data     extern E:\3.46\pic18-lt\cxx-framework\src\traditional\proc\p18f4620.asm
                 RCONbits   0x000fd0       data     extern E:\3.46\pic18-lt\cxx-framework\src\traditional\proc\p18f4620.asm
               WDTCONbits   0x000fd1       data     extern E:\3.46\pic18-lt\cxx-framework\src\traditional\proc\p18f4620.asm
                   WDTCON   0x000fd1       data     extern E:\3.46\pic18-lt\cxx-framework\src\traditional\proc\p18f4620.asm
                  HLVDCON   0x000fd2       data     extern E:\3.46\pic18-lt\cxx-framework\src\traditional\proc\p18f4620.asm
              HLVDCONbits   0x000fd2       data     extern E:\3.46\pic18-lt\cxx-framework\src\traditional\proc\p18f4620.asm
                   LVDCON   0x000fd2       data     extern E:\3.46\pic18-lt\cxx-framework\src\traditional\proc\p18f4620.asm
               LVDCONbits   0x000fd2       data     extern E:\3.46\pic18-lt\cxx-framework\src\traditional\proc\p18f4620.asm
               OSCCONbits   0x000fd3       data     extern E:\3.46\pic18-lt\cxx-framework\src\traditional\proc\p18f4620.asm
                   OSCCON   0x000fd3       data     extern E:\3.46\pic18-lt\cxx-framework\src\traditional\proc\p18f4620.asm
                    T0CON   0x000fd5       data     extern E:\3.46\pic18-lt\cxx-framework\src\traditional\proc\p18f4620.asm
                T0CONbits   0x000fd5       data     extern E:\3.46\pic18-lt\cxx-framework\src\traditional\proc\p18f4620.asm
                    TMR0L   0x000fd6       data     extern E:\3.46\pic18-lt\cxx-framework\src\traditional\proc\p18f4620.asm
                    TMR0H   0x000fd7       data     extern E:\3.46\pic18-lt\cxx-framework\src\traditional\proc\p18f4620.asm
               STATUSbits   0x000fd8       data     extern E:\3.46\pic18-lt\cxx-framework\src\traditional\proc\p18f4620.asm
                   STATUS   0x000fd8       data     extern E:\3.46\pic18-lt\cxx-framework\src\traditional\proc\p18f4620.asm
                    FSR2L   0x000fd9       data     extern E:\3.46\pic18-lt\cxx-framework\src\traditional\proc\p18f4620.asm
                     FSR2   0x000fd9       data     extern E:\3.46\pic18-lt\cxx-framework\src\traditional\proc\p18f4620.asm
                    FSR2H   0x000fda       data     extern E:\3.46\pic18-lt\cxx-framework\src\traditional\proc\p18f4620.asm
                   PLUSW2   0x000fdb       data     extern E:\3.46\pic18-lt\cxx-framework\src\traditional\proc\p18f4620.asm
                  PREINC2   0x000fdc       data     extern E:\3.46\pic18-lt\cxx-framework\src\traditional\proc\p18f4620.asm
                 POSTDEC2   0x000fdd       data     extern E:\3.46\pic18-lt\cxx-framework\src\traditional\proc\p18f4620.asm
                 POSTINC2   0x000fde       data     extern E:\3.46\pic18-lt\cxx-framework\src\traditional\proc\p18f4620.asm
                    INDF2   0x000fdf       data     extern E:\3.46\pic18-lt\cxx-framework\src\traditional\proc\p18f4620.asm
                      BSR   0x000fe0       data     extern E:\3.46\pic18-lt\cxx-framework\src\traditional\proc\p18f4620.asm
                     FSR1   0x000fe1       data     extern E:\3.46\pic18-lt\cxx-framework\src\traditional\proc\p18f4620.asm
                    FSR1L   0x000fe1       data     extern E:\3.46\pic18-lt\cxx-framework\src\traditional\proc\p18f4620.asm
                    FSR1H   0x000fe2       data     extern E:\3.46\pic18-lt\cxx-framework\src\traditional\proc\p18f4620.asm
                   PLUSW1   0x000fe3       data     extern E:\3.46\pic18-lt\cxx-framework\src\traditional\proc\p18f4620.asm
                  PREINC1   0x000fe4       data     extern E:\3.46\pic18-lt\cxx-framework\src\traditional\proc\p18f4620.asm
                 POSTDEC1   0x000fe5       data     extern E:\3.46\pic18-lt\cxx-framework\src\traditional\proc\p18f4620.asm
                 POSTINC1   0x000fe6       data     extern E:\3.46\pic18-lt\cxx-framework\src\traditional\proc\p18f4620.asm
                    INDF1   0x000fe7       data     extern E:\3.46\pic18-lt\cxx-framework\src\traditional\proc\p18f4620.asm
                        W   0x000fe8       data     extern E:\3.46\pic18-lt\cxx-framework\src\traditional\proc\p18f4620.asm
                     WREG   0x000fe8       data     extern E:\3.46\pic18-lt\cxx-framework\src\traditional\proc\p18f4620.asm
                     FSR0   0x000fe9       data     extern E:\3.46\pic18-lt\cxx-framework\src\traditional\proc\p18f4620.asm
                    FSR0L   0x000fe9       data     extern E:\3.46\pic18-lt\cxx-framework\src\traditional\proc\p18f4620.asm
                    FSR0H   0x000fea       data     extern E:\3.46\pic18-lt\cxx-framework\src\traditional\proc\p18f4620.asm
                   PLUSW0   0x000feb       data     extern E:\3.46\pic18-lt\cxx-framework\src\traditional\proc\p18f4620.asm
                  PREINC0   0x000fec       data     extern E:\3.46\pic18-lt\cxx-framework\src\traditional\proc\p18f4620.asm
                 POSTDEC0   0x000fed       data     extern E:\3.46\pic18-lt\cxx-framework\src\traditional\proc\p18f4620.asm
                 POSTINC0   0x000fee       data     extern E:\3.46\pic18-lt\cxx-framework\src\traditional\proc\p18f4620.asm
                    INDF0   0x000fef       data     extern E:\3.46\pic18-lt\cxx-framework\src\traditional\proc\p18f4620.asm
              INTCON3bits   0x000ff0       data     extern E:\3.46\pic18-lt\cxx-framework\src\traditional\proc\p18f4620.asm
                  INTCON3   0x000ff0       data     extern E:\3.46\pic18-lt\cxx-framework\src\traditional\proc\p18f4620.asm
              INTCON2bits   0x000ff1       data     extern E:\3.46\pic18-lt\cxx-framework\src\traditional\proc\p18f4620.asm
                  INTCON2   0x000ff1       data     extern E:\3.46\pic18-lt\cxx-framework\src\traditional\proc\p18f4620.asm
               INTCONbits   0x000ff2       data     extern E:\3.46\pic18-lt\cxx-framework\src\traditional\proc\p18f4620.asm
                   INTCON   0x000ff2       data     extern E:\3.46\pic18-lt\cxx-framework\src\traditional\proc\p18f4620.asm
                    PRODL   0x000ff3       data     extern E:\3.46\pic18-lt\cxx-framework\src\traditional\proc\p18f4620.asm
                     PROD   0x000ff3       data     extern E:\3.46\pic18-lt\cxx-framework\src\traditional\proc\p18f4620.asm
                    PRODH   0x000ff4       data     extern E:\3.46\pic18-lt\cxx-framework\src\traditional\proc\p18f4620.asm
                   TABLAT   0x000ff5       data     extern E:\3.46\pic18-lt\cxx-framework\src\traditional\proc\p18f4620.asm
                  TBLPTRL   0x000ff6       data     extern E:\3.46\pic18-lt\cxx-framework\src\traditional\proc\p18f4620.asm
                   TBLPTR   0x000ff6       data     extern E:\3.46\pic18-lt\cxx-framework\src\traditional\proc\p18f4620.asm
                  TBLPTRH   0x000ff7       data     extern E:\3.46\pic18-lt\cxx-framework\src\traditional\proc\p18f4620.asm
                  TBLPTRU   0x000ff8       data     extern E:\3.46\pic18-lt\cxx-framework\src\traditional\proc\p18f4620.asm
                       PC   0x000ff9       data     extern E:\3.46\pic18-lt\cxx-framework\src\traditional\proc\p18f4620.asm
                      PCL   0x000ff9       data     extern E:\3.46\pic18-lt\cxx-framework\src\traditional\proc\p18f4620.asm
                   PCLATH   0x000ffa       data     extern E:\3.46\pic18-lt\cxx-framework\src\traditional\proc\p18f4620.asm
                   PCLATU   0x000ffb       data     extern E:\3.46\pic18-lt\cxx-framework\src\traditional\proc\p18f4620.asm
               STKPTRbits   0x000ffc       data     extern E:\3.46\pic18-lt\cxx-framework\src\traditional\proc\p18f4620.asm
                   STKPTR   0x000ffc       data     extern E:\3.46\pic18-lt\cxx-framework\src\traditional\proc\p18f4620.asm
                     TOSL   0x000ffd       data     extern E:\3.46\pic18-lt\cxx-framework\src\traditional\proc\p18f4620.asm
                      TOS   0x000ffd       data     extern E:\3.46\pic18-lt\cxx-framework\src\traditional\proc\p18f4620.asm
                     TOSH   0x000ffe       data     extern E:\3.46\pic18-lt\cxx-framework\src\traditional\proc\p18f4620.asm
                     TOSU   0x000fff       data     extern E:\3.46\pic18-lt\cxx-framework\src\traditional\proc\p18f4620.asm


