MPLINK 5.00, LINKER
Linker Map File - Created Sat Dec 03 22:01:19 2022

                                 Section Info
                  Section       Type    Address   Location Size(Bytes)
                ---------  ---------  ---------  ---------  ---------
               _entry_scn       code   0x000000    program   0x000006
       .code__user_putc.o       code   0x000006    program   0x000002
      InterruptVectorHigh       code   0x000008    program   0x000006
           .code___init.o       code   0x00000e    program   0x000002
          .idata_uart.o_i    romdata   0x000010    program   0x000003
     .idata_interrupt.o_i    romdata   0x000013    program   0x000004
         .idata_c018i.o_i    romdata   0x000017    program   0x000000
        .idata___init.o_i    romdata   0x000017    program   0x000000
      .idata_fxd3232u.o_i    romdata   0x000017    program   0x000000
      .idata_fxd1616u.o_i    romdata   0x000017    program   0x000000
       InterruptVectorLow       code   0x000018    program   0x000006
                   .cinit    romdata   0x00001e    program   0x000062
         .code_vfprintf.o       code   0x000080    program   0x000c22
             .code_main.o       code   0x000ca2    program   0x000b48
              .code_lcd.o       code   0x0017ea    program   0x00085a
             .code_menu.o       code   0x002044    program   0x00068a
             .code_uart.o       code   0x0026ce    program   0x0003a4
           .code_button.o       code   0x002a72    program   0x000298
            .code_timer.o       code   0x002d0a    program   0x000264
             .stringtable    romdata   0x002f6e    program   0x0001fb
    .romdata__user_putc.o    romdata   0x003169    program   0x000000
    .idata__user_putc.o_i    romdata   0x003169    program   0x000000
          .romdata_uart.o    romdata   0x003169    program   0x000000
          .romdata_putc.o    romdata   0x003169    program   0x000000
      .idata_fxd0808u.o_i    romdata   0x003169    program   0x000000
      .romdata_fxd0808u.o    romdata   0x003169    program   0x000000
        .romdata_button.o    romdata   0x003169    program   0x000000
      .romdata_fxd1616u.o    romdata   0x003169    program   0x000000
      .idata_fxd2424u.o_i    romdata   0x003169    program   0x000000
      .romdata_fxd2424u.o    romdata   0x003169    program   0x000000
      .romdata_fxd3232u.o    romdata   0x003169    program   0x000000
       .idata_fxm3232.o_i    romdata   0x003169    program   0x000000
          .idata_putc.o_i    romdata   0x003169    program   0x000000
         .romdata_c018i.o    romdata   0x003169    program   0x000000
       .romdata_fxm3232.o    romdata   0x003169    program   0x000000
        .romdata___init.o    romdata   0x003169    program   0x000000
       .idata_sprintf.o_i    romdata   0x003169    program   0x000000
       .romdata_sprintf.o    romdata   0x003169    program   0x000000
      .idata_vfprintf.o_i    romdata   0x003169    program   0x000000
     .romdata_interrupt.o    romdata   0x003169    program   0x000000
           .romdata_lcd.o    romdata   0x003169    program   0x000000
         .romdata_timer.o    romdata   0x003169    program   0x000000
           .romdata_i2c.o    romdata   0x003169    program   0x000000
          .romdata_main.o    romdata   0x003169    program   0x000000
          .romdata_menu.o    romdata   0x003169    program   0x000000
            .code_c018i.o       code   0x00316a    program   0x000000
              .code_i2c.o       code   0x00316a    program   0x0001cc
        .code_interrupt.o       code   0x003336    program   0x000160
                     PROG       code   0x003496    program   0x000100
          .code_sprintf.o       code   0x003596    program   0x0000ac
               _cinit_scn       code   0x003642    program   0x00009e
             .code_putc.o       code   0x0036e0    program   0x000084
          .code_fxm3232.o       code   0x003764    program   0x000070
                   STRING       code   0x0037d4    program   0x000066
         .code_fxd3232u.o       code   0x00383a    program   0x000048
         .code_fxd2424u.o       code   0x003882    program   0x00003a
         .code_fxd1616u.o       code   0x0038bc    program   0x00002c
                    CTYPE       code   0x0038e8    program   0x000024
                    .code       code   0x00390c    program   0x000020
             _startup_scn       code   0x00392c    program   0x00001c
                    STDIO       code   0x003948    program   0x00001c
         .code_fxd0808u.o       code   0x003964    program   0x00001c
      .romdata_vfprintf.o    romdata   0x003980    program   0x000011
         .idata_timer.o_i    romdata   0x003991    program   0x000020
          .idata_menu.o_i    romdata   0x0039b1    program   0x00000e
          .idata_main.o_i    romdata   0x0039bf    program   0x000013
           .idata_lcd.o_i    romdata   0x0039d2    program   0x000061
           .idata_i2c.o_i    romdata   0x003a33    program   0x00001b
        .idata_button.o_i    romdata   0x003a4e    program   0x000028
    .config_300001_main.o    romdata   0x300001    program   0x000001
    .config_300002_main.o    romdata   0x300002    program   0x000001
    .config_300003_main.o    romdata   0x300003    program   0x000001
    .config_300005_main.o    romdata   0x300005    program   0x000001
    .config_300006_main.o    romdata   0x300006    program   0x000001
    .config_300008_main.o    romdata   0x300008    program   0x000001
    .config_300009_main.o    romdata   0x300009    program   0x000001
    .config_30000a_main.o    romdata   0x30000a    program   0x000001
    .config_30000b_main.o    romdata   0x30000b    program   0x000001
    .config_30000c_main.o    romdata   0x30000c    program   0x000001
    .config_30000d_main.o    romdata   0x30000d    program   0x000001
                MATH_DATA      udata   0x000000       data   0x000014
                 .tmpdata      udata   0x000014       data   0x00000a
             .idata_lcd.o      idata   0x000080       data   0x000061
             .idata_i2c.o      idata   0x0000e1       data   0x00001b
             .udata_lcd.o      udata   0x0000fc       data   0x000004
            .udata_uart.o      udata   0x000100       data   0x000041
           .idata_timer.o      idata   0x000141       data   0x000020
            .idata_main.o      idata   0x000161       data   0x000013
           .udata_c018i.o      udata   0x000174       data   0x00000a
            .idata_uart.o      idata   0x00017e       data   0x000003
             .udata_i2c.o      udata   0x000181       data   0x000001
        .idata_fxd2424u.o      idata   0x000182       data   0x000000
        .udata_fxd3232u.o      udata   0x000182       data   0x000000
        .idata_fxd3232u.o      idata   0x000182       data   0x000000
         .udata_fxm3232.o      udata   0x000182       data   0x000000
         .idata_fxm3232.o      idata   0x000182       data   0x000000
          .udata___init.o      udata   0x000182       data   0x000000
          .idata___init.o      idata   0x000182       data   0x000000
         .udata_sprintf.o      udata   0x000182       data   0x000000
         .idata_sprintf.o      idata   0x000182       data   0x000000
        .udata_vfprintf.o      udata   0x000182       data   0x000000
        .idata_vfprintf.o      idata   0x000182       data   0x000000
            .udata_putc.o      udata   0x000182       data   0x000000
      .idata__user_putc.o      idata   0x000182       data   0x000000
            .idata_putc.o      idata   0x000182       data   0x000000
      .udata__user_putc.o      udata   0x000182       data   0x000000
        .udata_fxd2424u.o      udata   0x000182       data   0x000000
        .idata_fxd1616u.o      idata   0x000182       data   0x000000
        .udata_fxd1616u.o      udata   0x000182       data   0x000000
        .idata_fxd0808u.o      idata   0x000182       data   0x000000
        .udata_fxd0808u.o      udata   0x000182       data   0x000000
            .udata_main.o      udata   0x000182       data   0x000000
           .udata_timer.o      udata   0x000182       data   0x000000
       .udata_interrupt.o      udata   0x000182       data   0x000000
          .udata_button.o      udata   0x000182       data   0x000000
           .idata_c018i.o      idata   0x000182       data   0x000000
                   .stack      udata   0x000e00       data   0x000100
            .udata_menu.o      udata   0x000f00       data   0x000046
          .idata_button.o      idata   0x000f46       data   0x000028
            .idata_menu.o      idata   0x000f6e       data   0x00000e
       .idata_interrupt.o      idata   0x000f7c       data   0x000004
            SFR_UNBANKED0      udata   0x000f80       data   0x000080



                              Program Memory Usage 
                               Start         End      
                           ---------   ---------      
                            0x000000    0x000016      
                            0x000018    0x003168      
                            0x00316a    0x003a75      
                            0x300001    0x300003      
                            0x300005    0x300006      
                            0x300008    0x30000d      
            14975 out of 66584 program addresses used, program memory utilization is 22%



                              Symbols - Sorted by Name
                     Name    Address   Location    Storage File                     
                ---------  ---------  ---------  --------- ---------                
                    Alarm   0x00154e    program     extern C:\Users\PC\Desktop\Digital Clock\main.c
                  BCD2Dec   0x00316a    program     extern C:\Users\PC\Desktop\Digital Clock\i2c\i2c.c
               BaiTap_I2C   0x000ea6    program     extern C:\Users\PC\Desktop\Digital Clock\main.c
              CompareTime   0x001530    program     extern C:\Users\PC\Desktop\Digital Clock\main.c
                   D1616S   0x0034b8    program     static E:\3.46\pic18-lt\cxx-framework\src\traditional\math\fxd1616s.asm
                D1616SNEG   0x0034c6    program     static E:\3.46\pic18-lt\cxx-framework\src\traditional\math\fxd1616s.asm
                 D1616SOK   0x0034c2    program     static E:\3.46\pic18-lt\cxx-framework\src\traditional\math\fxd1616s.asm
                  D1616SX   0x0034d8    program     static E:\3.46\pic18-lt\cxx-framework\src\traditional\math\fxd1616s.asm
                   D2424S   0x00350c    program     static E:\3.46\pic18-lt\cxx-framework\src\traditional\math\fxd2424s.asm
                D2424SNEG   0x00351a    program     static E:\3.46\pic18-lt\cxx-framework\src\traditional\math\fxd2424s.asm
                 D2424SOK   0x003516    program     static E:\3.46\pic18-lt\cxx-framework\src\traditional\math\fxd2424s.asm
                  D2424SX   0x003532    program     static E:\3.46\pic18-lt\cxx-framework\src\traditional\math\fxd2424s.asm
                  DA1616S   0x0034a8    program     static E:\3.46\pic18-lt\cxx-framework\src\traditional\math\fxd1616s.asm
                  DA2424S   0x0034f8    program     static E:\3.46\pic18-lt\cxx-framework\src\traditional\math\fxd2424s.asm
                  Dec2BCD   0x00318e    program     extern C:\Users\PC\Desktop\Digital Clock\i2c\i2c.c
         DisplayAlarmTime   0x0010c8    program     extern C:\Users\PC\Desktop\Digital Clock\main.c
         DisplayLcdScreen   0x001ba4    program     extern C:\Users\PC\Desktop\Digital Clock\lcd\lcd.c
        DisplayLcdScreen2   0x001c24    program     extern C:\Users\PC\Desktop\Digital Clock\lcd\lcd.c
      DisplayLcdScreenOld   0x001c62    program     extern C:\Users\PC\Desktop\Digital Clock\lcd\lcd.c
              DisplayTime   0x000f04    program     extern C:\Users\PC\Desktop\Digital Clock\main.c
                 FXD0808U   0x003964    program     extern E:\3.46\pic18-lt\cxx-framework\src\traditional\math\fxd0808u.c
                 FXD1616S   0x003496    program     extern E:\3.46\pic18-lt\cxx-framework\src\traditional\math\fxd1616s.asm
                 FXD1616U   0x0038bc    program     extern E:\3.46\pic18-lt\cxx-framework\src\traditional\math\fxd1616u.c
                 FXD2424S   0x0034e2    program     extern E:\3.46\pic18-lt\cxx-framework\src\traditional\math\fxd2424s.asm
                 FXD2424U   0x003882    program     extern E:\3.46\pic18-lt\cxx-framework\src\traditional\math\fxd2424u.c
                 FXD3232U   0x00383a    program     extern E:\3.46\pic18-lt\cxx-framework\src\traditional\math\fxd3232u.c
                 FXM1616S   0x00353c    program     extern E:\3.46\pic18-lt\cxx-framework\src\traditional\math\fxm1616s.asm
                  FXM3232   0x003764    program     extern E:\3.46\pic18-lt\cxx-framework\src\traditional\math\fxm3232.c
      InterruptVectorHigh   0x000008    program     extern C:\Users\PC\Desktop\Digital Clock\interrupt\interrupt.c
       InterruptVectorLow   0x000018    program     extern C:\Users\PC\Desktop\Digital Clock\interrupt\interrupt.c
                LcdClearS   0x001b54    program     extern C:\Users\PC\Desktop\Digital Clock\lcd\lcd.c
            LcdPrintCharS   0x001c84    program     extern C:\Users\PC\Desktop\Digital Clock\lcd\lcd.c
              LcdPrintNum   0x001af0    program     extern C:\Users\PC\Desktop\Digital Clock\lcd\lcd.c
             LcdPrintNumS   0x001ca6    program     extern C:\Users\PC\Desktop\Digital Clock\lcd\lcd.c
           LcdPrintString   0x001b16    program     extern C:\Users\PC\Desktop\Digital Clock\lcd\lcd.c
          LcdPrintStringS   0x001d42    program     extern C:\Users\PC\Desktop\Digital Clock\lcd\lcd.c
       ReadDataFromDS1307   0x000e7c    program     extern C:\Users\PC\Desktop\Digital Clock\main.c
              Read_DS1307   0x0032da    program     extern C:\Users\PC\Desktop\Digital Clock\i2c\i2c.c
             SetTimer0_ms   0x002e46    program     extern C:\Users\PC\Desktop\Digital Clock\timer\timer.c
             SetTimer1_ms   0x002e5e    program     extern C:\Users\PC\Desktop\Digital Clock\timer\timer.c
             SetTimer3_ms   0x002e90    program     extern C:\Users\PC\Desktop\Digital Clock\timer\timer.c
               SetUpAlarm   0x00133a    program     extern C:\Users\PC\Desktop\Digital Clock\main.c
                SetUpTime   0x001144    program     extern C:\Users\PC\Desktop\Digital Clock\main.c
     SetupForFirstProgram   0x000e4e    program     extern C:\Users\PC\Desktop\Digital Clock\main.c
     SetupTimeForRealTime   0x000e02    program     extern C:\Users\PC\Desktop\Digital Clock\main.c
               TSIGN1616A   0x003588    program     static E:\3.46\pic18-lt\cxx-framework\src\traditional\math\fxm1616s.asm
              UartSendNum   0x002840    program     extern C:\Users\PC\Desktop\Digital Clock\uart\uart.c
           UartSendString   0x00294e    program     extern C:\Users\PC\Desktop\Digital Clock\uart\uart.c
             Write_DS1307   0x0032c4    program     extern C:\Users\PC\Desktop\Digital Clock\i2c\i2c.c
                   _2jEnd   0x003824    program     static E:\3.46\pic18-lt\cxx-framework\src\traditional\stdclib\slenpgm.asm
       ___return_lbl00000   0x0038e6    program     static                          
       ___return_lbl00000   0x0037d2    program     static                          
       ___return_lbl00000   0x000004    program     static                          
       ___return_lbl00000   0x00397e    program     static                          
       ___return_lbl00000   0x003880    program     static                          
       ___return_lbl00000   0x0038ba    program     static                          
       ___return_lbl00001   0x003946    program     static                          
       ___return_lbl00002   0x00001c    program     static                          
       ___return_lbl00002   0x0036de    program     static                          
       ___return_lbl00003   0x00000c    program     static                          
               __config_0   0x300001    program     static C:\Users\PC\Desktop\Digital Clock\main.c
               __config_1   0x300002    program     static C:\Users\PC\Desktop\Digital Clock\main.c
              __config_10   0x30000d    program     static C:\Users\PC\Desktop\Digital Clock\main.c
               __config_2   0x300003    program     static C:\Users\PC\Desktop\Digital Clock\main.c
               __config_3   0x300005    program     static C:\Users\PC\Desktop\Digital Clock\main.c
               __config_4   0x300006    program     static C:\Users\PC\Desktop\Digital Clock\main.c
               __config_5   0x300008    program     static C:\Users\PC\Desktop\Digital Clock\main.c
               __config_6   0x300009    program     static C:\Users\PC\Desktop\Digital Clock\main.c
               __config_7   0x30000a    program     static C:\Users\PC\Desktop\Digital Clock\main.c
               __config_8   0x30000b    program     static C:\Users\PC\Desktop\Digital Clock\main.c
               __config_9   0x30000c    program     static C:\Users\PC\Desktop\Digital Clock\main.c
                   __init   0x00000e    program     extern E:\3.46\pic18-lt\cxx-framework\src\traditional\stdclib\__init.c
                   __pa_0   0x0009c0    program     static E:\3.46\pic18-lt\cxx-framework\src\traditional\stdclib\vfprintf.c
                   __pa_0   0x0015ce    program     static C:\Users\PC\Desktop\Digital Clock\main.c
                   __pa_0   0x002bf2    program     static C:\Users\PC\Desktop\Digital Clock\button_matrix\button.c
                   __pa_0   0x002566    program     static C:\Users\PC\Desktop\Digital Clock\menu\menu.c
                   __pa_0   0x0032e8    program     static C:\Users\PC\Desktop\Digital Clock\i2c\i2c.c
                   __pa_0   0x002994    program     static C:\Users\PC\Desktop\Digital Clock\uart\uart.c
                   __pa_0   0x001d74    program     static C:\Users\PC\Desktop\Digital Clock\lcd\lcd.c
                   __pa_0   0x002ec2    program     static C:\Users\PC\Desktop\Digital Clock\timer\timer.c
                   __pa_0   0x00341c    program     static C:\Users\PC\Desktop\Digital Clock\interrupt\interrupt.c
                   __pa_1   0x002eee    program     static C:\Users\PC\Desktop\Digital Clock\timer\timer.c
                   __pa_1   0x001d82    program     static C:\Users\PC\Desktop\Digital Clock\lcd\lcd.c
                   __pa_1   0x0032f2    program     static C:\Users\PC\Desktop\Digital Clock\i2c\i2c.c
                   __pa_1   0x0009c8    program     static E:\3.46\pic18-lt\cxx-framework\src\traditional\stdclib\vfprintf.c
                   __pa_1   0x0015dc    program     static C:\Users\PC\Desktop\Digital Clock\main.c
                   __pa_1   0x002c12    program     static C:\Users\PC\Desktop\Digital Clock\button_matrix\button.c
                   __pa_1   0x0029b2    program     static C:\Users\PC\Desktop\Digital Clock\uart\uart.c
                   __pa_1   0x002574    program     static C:\Users\PC\Desktop\Digital Clock\menu\menu.c
                   __pa_1   0x003446    program     static C:\Users\PC\Desktop\Digital Clock\interrupt\interrupt.c
                  __pa_10   0x001e06    program     static C:\Users\PC\Desktop\Digital Clock\lcd\lcd.c
                  __pa_10   0x00167c    program     static C:\Users\PC\Desktop\Digital Clock\main.c
                  __pa_10   0x0025e8    program     static C:\Users\PC\Desktop\Digital Clock\menu\menu.c
                  __pa_10   0x002a2e    program     static C:\Users\PC\Desktop\Digital Clock\uart\uart.c
                  __pa_10   0x002f60    program     static C:\Users\PC\Desktop\Digital Clock\timer\timer.c
                  __pa_10   0x002ca6    program     static C:\Users\PC\Desktop\Digital Clock\button_matrix\button.c
                  __pa_10   0x000a7c    program     static E:\3.46\pic18-lt\cxx-framework\src\traditional\stdclib\vfprintf.c
                  __pa_11   0x0025f0    program     static C:\Users\PC\Desktop\Digital Clock\menu\menu.c
                  __pa_11   0x000a8a    program     static E:\3.46\pic18-lt\cxx-framework\src\traditional\stdclib\vfprintf.c
                  __pa_11   0x002a3c    program     static C:\Users\PC\Desktop\Digital Clock\uart\uart.c
                  __pa_11   0x001e20    program     static C:\Users\PC\Desktop\Digital Clock\lcd\lcd.c
                  __pa_11   0x00168a    program     static C:\Users\PC\Desktop\Digital Clock\main.c
                  __pa_11   0x002ce6    program     static C:\Users\PC\Desktop\Digital Clock\button_matrix\button.c
                  __pa_12   0x000aa0    program     static E:\3.46\pic18-lt\cxx-framework\src\traditional\stdclib\vfprintf.c
                  __pa_12   0x002cee    program     static C:\Users\PC\Desktop\Digital Clock\button_matrix\button.c
                  __pa_12   0x001694    program     static C:\Users\PC\Desktop\Digital Clock\main.c
                  __pa_12   0x001e3a    program     static C:\Users\PC\Desktop\Digital Clock\lcd\lcd.c
                  __pa_12   0x0025fa    program     static C:\Users\PC\Desktop\Digital Clock\menu\menu.c
                  __pa_12   0x002a4e    program     static C:\Users\PC\Desktop\Digital Clock\uart\uart.c
                  __pa_13   0x002cf8    program     static C:\Users\PC\Desktop\Digital Clock\button_matrix\button.c
                  __pa_13   0x0016a6    program     static C:\Users\PC\Desktop\Digital Clock\main.c
                  __pa_13   0x001e52    program     static C:\Users\PC\Desktop\Digital Clock\lcd\lcd.c
                  __pa_13   0x000aba    program     static E:\3.46\pic18-lt\cxx-framework\src\traditional\stdclib\vfprintf.c
                  __pa_13   0x002a60    program     static C:\Users\PC\Desktop\Digital Clock\uart\uart.c
                  __pa_13   0x002608    program     static C:\Users\PC\Desktop\Digital Clock\menu\menu.c
                  __pa_14   0x002616    program     static C:\Users\PC\Desktop\Digital Clock\menu\menu.c
                  __pa_14   0x0016ae    program     static C:\Users\PC\Desktop\Digital Clock\main.c
                  __pa_14   0x001e6a    program     static C:\Users\PC\Desktop\Digital Clock\lcd\lcd.c
                  __pa_14   0x000ad2    program     static E:\3.46\pic18-lt\cxx-framework\src\traditional\stdclib\vfprintf.c
                  __pa_15   0x002624    program     static C:\Users\PC\Desktop\Digital Clock\menu\menu.c
                  __pa_15   0x0016b6    program     static C:\Users\PC\Desktop\Digital Clock\main.c
                  __pa_15   0x000ae2    program     static E:\3.46\pic18-lt\cxx-framework\src\traditional\stdclib\vfprintf.c
                  __pa_15   0x001e82    program     static C:\Users\PC\Desktop\Digital Clock\lcd\lcd.c
                  __pa_16   0x00262e    program     static C:\Users\PC\Desktop\Digital Clock\menu\menu.c
                  __pa_16   0x0016c2    program     static C:\Users\PC\Desktop\Digital Clock\main.c
                  __pa_16   0x000af8    program     static E:\3.46\pic18-lt\cxx-framework\src\traditional\stdclib\vfprintf.c
                  __pa_16   0x001e92    program     static C:\Users\PC\Desktop\Digital Clock\lcd\lcd.c
                  __pa_17   0x001ea4    program     static C:\Users\PC\Desktop\Digital Clock\lcd\lcd.c
                  __pa_17   0x0016cc    program     static C:\Users\PC\Desktop\Digital Clock\main.c
                  __pa_17   0x002638    program     static C:\Users\PC\Desktop\Digital Clock\menu\menu.c
                  __pa_17   0x000b0a    program     static E:\3.46\pic18-lt\cxx-framework\src\traditional\stdclib\vfprintf.c
                  __pa_18   0x001eb0    program     static C:\Users\PC\Desktop\Digital Clock\lcd\lcd.c
                  __pa_18   0x0016d2    program     static C:\Users\PC\Desktop\Digital Clock\main.c
                  __pa_18   0x002640    program     static C:\Users\PC\Desktop\Digital Clock\menu\menu.c
                  __pa_18   0x000b1c    program     static E:\3.46\pic18-lt\cxx-framework\src\traditional\stdclib\vfprintf.c
                  __pa_19   0x000b26    program     static E:\3.46\pic18-lt\cxx-framework\src\traditional\stdclib\vfprintf.c
                  __pa_19   0x001ec2    program     static C:\Users\PC\Desktop\Digital Clock\lcd\lcd.c
                  __pa_19   0x0016d8    program     static C:\Users\PC\Desktop\Digital Clock\main.c
                  __pa_19   0x00264a    program     static C:\Users\PC\Desktop\Digital Clock\menu\menu.c
                   __pa_2   0x002ef8    program     static C:\Users\PC\Desktop\Digital Clock\timer\timer.c
                   __pa_2   0x001d8e    program     static C:\Users\PC\Desktop\Digital Clock\lcd\lcd.c
                   __pa_2   0x0032fa    program     static C:\Users\PC\Desktop\Digital Clock\i2c\i2c.c
                   __pa_2   0x0015f0    program     static C:\Users\PC\Desktop\Digital Clock\main.c
                   __pa_2   0x0009d2    program     static E:\3.46\pic18-lt\cxx-framework\src\traditional\stdclib\vfprintf.c
                   __pa_2   0x002c2c    program     static C:\Users\PC\Desktop\Digital Clock\button_matrix\button.c
                   __pa_2   0x002580    program     static C:\Users\PC\Desktop\Digital Clock\menu\menu.c
                   __pa_2   0x00346c    program     static C:\Users\PC\Desktop\Digital Clock\interrupt\interrupt.c
                   __pa_2   0x0029c0    program     static C:\Users\PC\Desktop\Digital Clock\uart\uart.c
                  __pa_20   0x0016de    program     static C:\Users\PC\Desktop\Digital Clock\main.c
                  __pa_20   0x001ed4    program     static C:\Users\PC\Desktop\Digital Clock\lcd\lcd.c
                  __pa_20   0x000b36    program     static E:\3.46\pic18-lt\cxx-framework\src\traditional\stdclib\vfprintf.c
                  __pa_20   0x00265e    program     static C:\Users\PC\Desktop\Digital Clock\menu\menu.c
                  __pa_21   0x001ede    program     static C:\Users\PC\Desktop\Digital Clock\lcd\lcd.c
                  __pa_21   0x00266c    program     static C:\Users\PC\Desktop\Digital Clock\menu\menu.c
                  __pa_21   0x000b46    program     static E:\3.46\pic18-lt\cxx-framework\src\traditional\stdclib\vfprintf.c
                  __pa_21   0x0016e4    program     static C:\Users\PC\Desktop\Digital Clock\main.c
                  __pa_22   0x00267a    program     static C:\Users\PC\Desktop\Digital Clock\menu\menu.c
                  __pa_22   0x0016f2    program     static C:\Users\PC\Desktop\Digital Clock\main.c
                  __pa_22   0x001ee6    program     static C:\Users\PC\Desktop\Digital Clock\lcd\lcd.c
                  __pa_22   0x000b56    program     static E:\3.46\pic18-lt\cxx-framework\src\traditional\stdclib\vfprintf.c
                  __pa_23   0x001ef4    program     static C:\Users\PC\Desktop\Digital Clock\lcd\lcd.c
                  __pa_23   0x000b62    program     static E:\3.46\pic18-lt\cxx-framework\src\traditional\stdclib\vfprintf.c
                  __pa_23   0x001700    program     static C:\Users\PC\Desktop\Digital Clock\main.c
                  __pa_23   0x002688    program     static C:\Users\PC\Desktop\Digital Clock\menu\menu.c
                  __pa_24   0x001f02    program     static C:\Users\PC\Desktop\Digital Clock\lcd\lcd.c
                  __pa_24   0x002696    program     static C:\Users\PC\Desktop\Digital Clock\menu\menu.c
                  __pa_24   0x000b70    program     static E:\3.46\pic18-lt\cxx-framework\src\traditional\stdclib\vfprintf.c
                  __pa_24   0x00170a    program     static C:\Users\PC\Desktop\Digital Clock\main.c
                  __pa_25   0x001f10    program     static C:\Users\PC\Desktop\Digital Clock\lcd\lcd.c
                  __pa_25   0x000b78    program     static E:\3.46\pic18-lt\cxx-framework\src\traditional\stdclib\vfprintf.c
                  __pa_25   0x00269c    program     static C:\Users\PC\Desktop\Digital Clock\menu\menu.c
                  __pa_25   0x001714    program     static C:\Users\PC\Desktop\Digital Clock\main.c
                  __pa_26   0x001f1a    program     static C:\Users\PC\Desktop\Digital Clock\lcd\lcd.c
                  __pa_26   0x000b82    program     static E:\3.46\pic18-lt\cxx-framework\src\traditional\stdclib\vfprintf.c
                  __pa_26   0x0026a8    program     static C:\Users\PC\Desktop\Digital Clock\menu\menu.c
                  __pa_26   0x00171e    program     static C:\Users\PC\Desktop\Digital Clock\main.c
                  __pa_27   0x001f2c    program     static C:\Users\PC\Desktop\Digital Clock\lcd\lcd.c
                  __pa_27   0x000b8c    program     static E:\3.46\pic18-lt\cxx-framework\src\traditional\stdclib\vfprintf.c
                  __pa_27   0x001724    program     static C:\Users\PC\Desktop\Digital Clock\main.c
                  __pa_27   0x0026b4    program     static C:\Users\PC\Desktop\Digital Clock\menu\menu.c
                  __pa_28   0x00172e    program     static C:\Users\PC\Desktop\Digital Clock\main.c
                  __pa_28   0x0026ba    program     static C:\Users\PC\Desktop\Digital Clock\menu\menu.c
                  __pa_28   0x000b94    program     static E:\3.46\pic18-lt\cxx-framework\src\traditional\stdclib\vfprintf.c
                  __pa_28   0x001f38    program     static C:\Users\PC\Desktop\Digital Clock\lcd\lcd.c
                  __pa_29   0x000ba2    program     static E:\3.46\pic18-lt\cxx-framework\src\traditional\stdclib\vfprintf.c
                  __pa_29   0x001f44    program     static C:\Users\PC\Desktop\Digital Clock\lcd\lcd.c
                  __pa_29   0x0026c2    program     static C:\Users\PC\Desktop\Digital Clock\menu\menu.c
                  __pa_29   0x001736    program     static C:\Users\PC\Desktop\Digital Clock\main.c
                   __pa_3   0x00347a    program     static C:\Users\PC\Desktop\Digital Clock\interrupt\interrupt.c
                   __pa_3   0x002c3e    program     static C:\Users\PC\Desktop\Digital Clock\button_matrix\button.c
                   __pa_3   0x0029ca    program     static C:\Users\PC\Desktop\Digital Clock\uart\uart.c
                   __pa_3   0x0009dc    program     static E:\3.46\pic18-lt\cxx-framework\src\traditional\stdclib\vfprintf.c
                   __pa_3   0x0015fc    program     static C:\Users\PC\Desktop\Digital Clock\main.c
                   __pa_3   0x001d9c    program     static C:\Users\PC\Desktop\Digital Clock\lcd\lcd.c
                   __pa_3   0x00330c    program     static C:\Users\PC\Desktop\Digital Clock\i2c\i2c.c
                   __pa_3   0x00258e    program     static C:\Users\PC\Desktop\Digital Clock\menu\menu.c
                   __pa_3   0x002f00    program     static C:\Users\PC\Desktop\Digital Clock\timer\timer.c
                  __pa_30   0x001f50    program     static C:\Users\PC\Desktop\Digital Clock\lcd\lcd.c
                  __pa_30   0x000bbe    program     static E:\3.46\pic18-lt\cxx-framework\src\traditional\stdclib\vfprintf.c
                  __pa_30   0x001744    program     static C:\Users\PC\Desktop\Digital Clock\main.c
                  __pa_31   0x000bd8    program     static E:\3.46\pic18-lt\cxx-framework\src\traditional\stdclib\vfprintf.c
                  __pa_31   0x001752    program     static C:\Users\PC\Desktop\Digital Clock\main.c
                  __pa_31   0x001f5a    program     static C:\Users\PC\Desktop\Digital Clock\lcd\lcd.c
                  __pa_32   0x001760    program     static C:\Users\PC\Desktop\Digital Clock\main.c
                  __pa_32   0x000bf2    program     static E:\3.46\pic18-lt\cxx-framework\src\traditional\stdclib\vfprintf.c
                  __pa_32   0x001f6c    program     static C:\Users\PC\Desktop\Digital Clock\lcd\lcd.c
                  __pa_33   0x00176e    program     static C:\Users\PC\Desktop\Digital Clock\main.c
                  __pa_33   0x000c0a    program     static E:\3.46\pic18-lt\cxx-framework\src\traditional\stdclib\vfprintf.c
                  __pa_33   0x001f82    program     static C:\Users\PC\Desktop\Digital Clock\lcd\lcd.c
                  __pa_34   0x001f98    program     static C:\Users\PC\Desktop\Digital Clock\lcd\lcd.c
                  __pa_34   0x001778    program     static C:\Users\PC\Desktop\Digital Clock\main.c
                  __pa_34   0x000c14    program     static E:\3.46\pic18-lt\cxx-framework\src\traditional\stdclib\vfprintf.c
                  __pa_35   0x001fa0    program     static C:\Users\PC\Desktop\Digital Clock\lcd\lcd.c
                  __pa_35   0x001784    program     static C:\Users\PC\Desktop\Digital Clock\main.c
                  __pa_35   0x000c22    program     static E:\3.46\pic18-lt\cxx-framework\src\traditional\stdclib\vfprintf.c
                  __pa_36   0x001faa    program     static C:\Users\PC\Desktop\Digital Clock\lcd\lcd.c
                  __pa_36   0x000c2a    program     static E:\3.46\pic18-lt\cxx-framework\src\traditional\stdclib\vfprintf.c
                  __pa_36   0x00178c    program     static C:\Users\PC\Desktop\Digital Clock\main.c
                  __pa_37   0x001792    program     static C:\Users\PC\Desktop\Digital Clock\main.c
                  __pa_37   0x001fb8    program     static C:\Users\PC\Desktop\Digital Clock\lcd\lcd.c
                  __pa_37   0x000c34    program     static E:\3.46\pic18-lt\cxx-framework\src\traditional\stdclib\vfprintf.c
                  __pa_38   0x001fc2    program     static C:\Users\PC\Desktop\Digital Clock\lcd\lcd.c
                  __pa_38   0x000c44    program     static E:\3.46\pic18-lt\cxx-framework\src\traditional\stdclib\vfprintf.c
                  __pa_38   0x0017a0    program     static C:\Users\PC\Desktop\Digital Clock\main.c
                  __pa_39   0x000c52    program     static E:\3.46\pic18-lt\cxx-framework\src\traditional\stdclib\vfprintf.c
                  __pa_39   0x0017ae    program     static C:\Users\PC\Desktop\Digital Clock\main.c
                  __pa_39   0x001fd4    program     static C:\Users\PC\Desktop\Digital Clock\lcd\lcd.c
                   __pa_4   0x0009f4    program     static E:\3.46\pic18-lt\cxx-framework\src\traditional\stdclib\vfprintf.c
                   __pa_4   0x002c50    program     static C:\Users\PC\Desktop\Digital Clock\button_matrix\button.c
                   __pa_4   0x00331c    program     static C:\Users\PC\Desktop\Digital Clock\i2c\i2c.c
                   __pa_4   0x002f08    program     static C:\Users\PC\Desktop\Digital Clock\timer\timer.c
                   __pa_4   0x003488    program     static C:\Users\PC\Desktop\Digital Clock\interrupt\interrupt.c
                   __pa_4   0x0029d2    program     static C:\Users\PC\Desktop\Digital Clock\uart\uart.c
                   __pa_4   0x00259a    program     static C:\Users\PC\Desktop\Digital Clock\menu\menu.c
                   __pa_4   0x001da6    program     static C:\Users\PC\Desktop\Digital Clock\lcd\lcd.c
                   __pa_4   0x00160a    program     static C:\Users\PC\Desktop\Digital Clock\main.c
                  __pa_40   0x001fe6    program     static C:\Users\PC\Desktop\Digital Clock\lcd\lcd.c
                  __pa_40   0x000c5e    program     static E:\3.46\pic18-lt\cxx-framework\src\traditional\stdclib\vfprintf.c
                  __pa_40   0x0017b8    program     static C:\Users\PC\Desktop\Digital Clock\main.c
                  __pa_41   0x001ff8    program     static C:\Users\PC\Desktop\Digital Clock\lcd\lcd.c
                  __pa_41   0x0017c2    program     static C:\Users\PC\Desktop\Digital Clock\main.c
                  __pa_41   0x000c6a    program     static E:\3.46\pic18-lt\cxx-framework\src\traditional\stdclib\vfprintf.c
                  __pa_42   0x000c72    program     static E:\3.46\pic18-lt\cxx-framework\src\traditional\stdclib\vfprintf.c
                  __pa_42   0x002002    program     static C:\Users\PC\Desktop\Digital Clock\lcd\lcd.c
                  __pa_42   0x0017cc    program     static C:\Users\PC\Desktop\Digital Clock\main.c
                  __pa_43   0x00200c    program     static C:\Users\PC\Desktop\Digital Clock\lcd\lcd.c
                  __pa_43   0x000c7c    program     static E:\3.46\pic18-lt\cxx-framework\src\traditional\stdclib\vfprintf.c
                  __pa_43   0x0017d6    program     static C:\Users\PC\Desktop\Digital Clock\main.c
                  __pa_44   0x000c82    program     static E:\3.46\pic18-lt\cxx-framework\src\traditional\stdclib\vfprintf.c
                  __pa_44   0x002012    program     static C:\Users\PC\Desktop\Digital Clock\lcd\lcd.c
                  __pa_44   0x0017dc    program     static C:\Users\PC\Desktop\Digital Clock\main.c
                  __pa_45   0x000c8c    program     static E:\3.46\pic18-lt\cxx-framework\src\traditional\stdclib\vfprintf.c
                  __pa_45   0x00201e    program     static C:\Users\PC\Desktop\Digital Clock\lcd\lcd.c
                  __pa_45   0x0017e4    program     static C:\Users\PC\Desktop\Digital Clock\main.c
                  __pa_46   0x000c98    program     static E:\3.46\pic18-lt\cxx-framework\src\traditional\stdclib\vfprintf.c
                  __pa_46   0x00202a    program     static C:\Users\PC\Desktop\Digital Clock\lcd\lcd.c
                  __pa_47   0x002032    program     static C:\Users\PC\Desktop\Digital Clock\lcd\lcd.c
                  __pa_48   0x00203a    program     static C:\Users\PC\Desktop\Digital Clock\lcd\lcd.c
                   __pa_5   0x0025a4    program     static C:\Users\PC\Desktop\Digital Clock\menu\menu.c
                   __pa_5   0x0029e0    program     static C:\Users\PC\Desktop\Digital Clock\uart\uart.c
                   __pa_5   0x001dae    program     static C:\Users\PC\Desktop\Digital Clock\lcd\lcd.c
                   __pa_5   0x002c64    program     static C:\Users\PC\Desktop\Digital Clock\button_matrix\button.c
                   __pa_5   0x003328    program     static C:\Users\PC\Desktop\Digital Clock\i2c\i2c.c
                   __pa_5   0x001618    program     static C:\Users\PC\Desktop\Digital Clock\main.c
                   __pa_5   0x002f18    program     static C:\Users\PC\Desktop\Digital Clock\timer\timer.c
                   __pa_5   0x000a08    program     static E:\3.46\pic18-lt\cxx-framework\src\traditional\stdclib\vfprintf.c
                   __pa_6   0x0025b6    program     static C:\Users\PC\Desktop\Digital Clock\menu\menu.c
                   __pa_6   0x002c82    program     static C:\Users\PC\Desktop\Digital Clock\button_matrix\button.c
                   __pa_6   0x002f28    program     static C:\Users\PC\Desktop\Digital Clock\timer\timer.c
                   __pa_6   0x000a24    program     static E:\3.46\pic18-lt\cxx-framework\src\traditional\stdclib\vfprintf.c
                   __pa_6   0x0029e8    program     static C:\Users\PC\Desktop\Digital Clock\uart\uart.c
                   __pa_6   0x001656    program     static C:\Users\PC\Desktop\Digital Clock\main.c
                   __pa_6   0x001db8    program     static C:\Users\PC\Desktop\Digital Clock\lcd\lcd.c
                   __pa_7   0x0029fa    program     static C:\Users\PC\Desktop\Digital Clock\uart\uart.c
                   __pa_7   0x0025c8    program     static C:\Users\PC\Desktop\Digital Clock\menu\menu.c
                   __pa_7   0x000a2e    program     static E:\3.46\pic18-lt\cxx-framework\src\traditional\stdclib\vfprintf.c
                   __pa_7   0x001662    program     static C:\Users\PC\Desktop\Digital Clock\main.c
                   __pa_7   0x001dca    program     static C:\Users\PC\Desktop\Digital Clock\lcd\lcd.c
                   __pa_7   0x002f36    program     static C:\Users\PC\Desktop\Digital Clock\timer\timer.c
                   __pa_7   0x002c8a    program     static C:\Users\PC\Desktop\Digital Clock\button_matrix\button.c
                   __pa_8   0x00166a    program     static C:\Users\PC\Desktop\Digital Clock\main.c
                   __pa_8   0x0025d4    program     static C:\Users\PC\Desktop\Digital Clock\menu\menu.c
                   __pa_8   0x002c94    program     static C:\Users\PC\Desktop\Digital Clock\button_matrix\button.c
                   __pa_8   0x002f44    program     static C:\Users\PC\Desktop\Digital Clock\timer\timer.c
                   __pa_8   0x001de8    program     static C:\Users\PC\Desktop\Digital Clock\lcd\lcd.c
                   __pa_8   0x002a0c    program     static C:\Users\PC\Desktop\Digital Clock\uart\uart.c
                   __pa_8   0x000a3a    program     static E:\3.46\pic18-lt\cxx-framework\src\traditional\stdclib\vfprintf.c
                   __pa_9   0x002c9e    program     static C:\Users\PC\Desktop\Digital Clock\button_matrix\button.c
                   __pa_9   0x002f52    program     static C:\Users\PC\Desktop\Digital Clock\timer\timer.c
                   __pa_9   0x001dee    program     static C:\Users\PC\Desktop\Digital Clock\lcd\lcd.c
                   __pa_9   0x000a5c    program     static E:\3.46\pic18-lt\cxx-framework\src\traditional\stdclib\vfprintf.c
                   __pa_9   0x0025dc    program     static C:\Users\PC\Desktop\Digital Clock\menu\menu.c
                   __pa_9   0x002a1e    program     static C:\Users\PC\Desktop\Digital Clock\uart\uart.c
                   __pa_9   0x001672    program     static C:\Users\PC\Desktop\Digital Clock\main.c
               __string_0   0x002fe5    program     static C:\Users\PC\Desktop\Digital Clock\main.c
               __string_0   0x00315c    program     static C:\Users\PC\Desktop\Digital Clock\menu\menu.c
               __string_1   0x002fe1    program     static C:\Users\PC\Desktop\Digital Clock\main.c
               __string_1   0x00314d    program     static C:\Users\PC\Desktop\Digital Clock\menu\menu.c
              __string_10   0x00309e    program     static C:\Users\PC\Desktop\Digital Clock\menu\menu.c
              __string_10   0x002fc1    program     static C:\Users\PC\Desktop\Digital Clock\main.c
              __string_11   0x00308e    program     static C:\Users\PC\Desktop\Digital Clock\menu\menu.c
              __string_11   0x002fbd    program     static C:\Users\PC\Desktop\Digital Clock\main.c
              __string_12   0x00306c    program     static C:\Users\PC\Desktop\Digital Clock\menu\menu.c
              __string_12   0x002fb9    program     static C:\Users\PC\Desktop\Digital Clock\main.c
              __string_13   0x003062    program     static C:\Users\PC\Desktop\Digital Clock\menu\menu.c
              __string_13   0x002fb5    program     static C:\Users\PC\Desktop\Digital Clock\main.c
              __string_14   0x002fb1    program     static C:\Users\PC\Desktop\Digital Clock\main.c
              __string_14   0x00305c    program     static C:\Users\PC\Desktop\Digital Clock\menu\menu.c
              __string_15   0x002fad    program     static C:\Users\PC\Desktop\Digital Clock\main.c
              __string_15   0x003056    program     static C:\Users\PC\Desktop\Digital Clock\menu\menu.c
              __string_16   0x002fa9    program     static C:\Users\PC\Desktop\Digital Clock\main.c
              __string_16   0x003046    program     static C:\Users\PC\Desktop\Digital Clock\menu\menu.c
              __string_17   0x002fa5    program     static C:\Users\PC\Desktop\Digital Clock\main.c
              __string_17   0x003043    program     static C:\Users\PC\Desktop\Digital Clock\menu\menu.c
              __string_18   0x002fa1    program     static C:\Users\PC\Desktop\Digital Clock\main.c
              __string_18   0x003041    program     static C:\Users\PC\Desktop\Digital Clock\menu\menu.c
              __string_19   0x002f9d    program     static C:\Users\PC\Desktop\Digital Clock\main.c
              __string_19   0x00303f    program     static C:\Users\PC\Desktop\Digital Clock\menu\menu.c
               __string_2   0x002fdd    program     static C:\Users\PC\Desktop\Digital Clock\main.c
               __string_2   0x003140    program     static C:\Users\PC\Desktop\Digital Clock\menu\menu.c
              __string_20   0x002f99    program     static C:\Users\PC\Desktop\Digital Clock\main.c
              __string_20   0x00302e    program     static C:\Users\PC\Desktop\Digital Clock\menu\menu.c
              __string_21   0x002f95    program     static C:\Users\PC\Desktop\Digital Clock\main.c
              __string_21   0x003009    program     static C:\Users\PC\Desktop\Digital Clock\menu\menu.c
              __string_22   0x002f91    program     static C:\Users\PC\Desktop\Digital Clock\main.c
              __string_22   0x002ff1    program     static C:\Users\PC\Desktop\Digital Clock\menu\menu.c
              __string_23   0x002f8d    program     static C:\Users\PC\Desktop\Digital Clock\main.c
              __string_24   0x002f8b    program     static C:\Users\PC\Desktop\Digital Clock\main.c
              __string_25   0x002f7a    program     static C:\Users\PC\Desktop\Digital Clock\main.c
              __string_26   0x002f77    program     static C:\Users\PC\Desktop\Digital Clock\main.c
              __string_27   0x002f73    program     static C:\Users\PC\Desktop\Digital Clock\main.c
              __string_28   0x002f6e    program     static C:\Users\PC\Desktop\Digital Clock\main.c
               __string_3   0x002fd9    program     static C:\Users\PC\Desktop\Digital Clock\main.c
               __string_3   0x003131    program     static C:\Users\PC\Desktop\Digital Clock\menu\menu.c
               __string_4   0x003124    program     static C:\Users\PC\Desktop\Digital Clock\menu\menu.c
               __string_4   0x002fd5    program     static C:\Users\PC\Desktop\Digital Clock\main.c
               __string_5   0x003117    program     static C:\Users\PC\Desktop\Digital Clock\menu\menu.c
               __string_5   0x002fd1    program     static C:\Users\PC\Desktop\Digital Clock\main.c
               __string_6   0x00310a    program     static C:\Users\PC\Desktop\Digital Clock\menu\menu.c
               __string_6   0x002fcd    program     static C:\Users\PC\Desktop\Digital Clock\main.c
               __string_7   0x002fc9    program     static C:\Users\PC\Desktop\Digital Clock\main.c
               __string_7   0x0030fd    program     static C:\Users\PC\Desktop\Digital Clock\menu\menu.c
               __string_8   0x002fc7    program     static C:\Users\PC\Desktop\Digital Clock\main.c
               __string_8   0x0030f3    program     static C:\Users\PC\Desktop\Digital Clock\menu\menu.c
               __string_9   0x002fc5    program     static C:\Users\PC\Desktop\Digital Clock\main.c
               __string_9   0x0030cd    program     static C:\Users\PC\Desktop\Digital Clock\menu\menu.c
              __tmplbl_42   0x000b56    program     static                          
              __tmplbl_43   0x00099e    program     static                          
              __tmplbl_44   0x000984    program     static                          
              __tmplbl_85   0x0000d6    program     static                          
            __zero_memory   0x00390c    program     extern E:\3.46\pic18-lt\cxx-framework\src\traditional\proc\p18f4620.asm
                _do_cinit   0x003642    program     extern E:\3.46\pic18-lt\cxx-framework\src\traditional\startup\c018i.c
                   _entry   0x000000    program     extern E:\3.46\pic18-lt\cxx-framework\src\traditional\startup\c018i.c
                   _false   0x0038b6    program     static                          
                   _false   0x00387c    program     static                          
                 _startup   0x00392c    program     extern E:\3.46\pic18-lt\cxx-framework\src\traditional\startup\c018i.c
              _usart_putc   0x003948    program     extern E:\3.46\pic18-lt\cxx-framework\src\pmc_common\USART\_usartpc.asm
               _user_putc   0x000006    program     extern E:\3.46\pic18-lt\cxx-framework\src\traditional\stdclib\_user_putc.c
          button_delay_ms   0x002b3c    program     extern C:\Users\PC\Desktop\Digital Clock\button_matrix\button.c
            command_parse   0x00248a    program     extern C:\Users\PC\Desktop\Digital Clock\menu\menu.c
                compare_l   0x003922    program     static E:\3.46\pic18-lt\cxx-framework\src\traditional\proc\p18f4620.asm
                copy_loop   0x0036b4    program     static                          
            copy_one_byte   0x0036ba    program     static                          
                 delay_ms   0x000d04    program     extern C:\Users\PC\Desktop\Digital Clock\main.c
        display_stopwatch   0x0022d2    program     extern C:\Users\PC\Desktop\Digital Clock\menu\menu.c
                     done   0x0036de    program     static                          
             done_copying   0x0036c8    program     static                          
                  endloop   0x0038e2    program     static                          
                  endloop   0x00397a    program     static                          
              extractTime   0x0023a6    program     extern C:\Users\PC\Desktop\Digital Clock\menu\menu.c
            flushRecvBuff   0x002386    program     extern C:\Users\PC\Desktop\Digital Clock\menu\menu.c
        getUartBufferChar   0x002358    program     extern C:\Users\PC\Desktop\Digital Clock\menu\menu.c
                 high_isr   0x0033b8    program     extern C:\Users\PC\Desktop\Digital Clock\interrupt\interrupt.c
                  i2c_ack   0x003208    program     extern C:\Users\PC\Desktop\Digital Clock\i2c\i2c.c
              i2c_control   0x0031c6    program     extern C:\Users\PC\Desktop\Digital Clock\i2c\i2c.c
                  i2c_nak   0x003214    program     extern C:\Users\PC\Desktop\Digital Clock\i2c\i2c.c
                 i2c_read   0x0031fc    program     extern C:\Users\PC\Desktop\Digital Clock\i2c\i2c.c
                i2c_start   0x0031d8    program     extern C:\Users\PC\Desktop\Digital Clock\i2c\i2c.c
                 i2c_stop   0x0031e2    program     extern C:\Users\PC\Desktop\Digital Clock\i2c\i2c.c
                i2c_write   0x0031ec    program     extern C:\Users\PC\Desktop\Digital Clock\i2c\i2c.c
            init_ext_int0   0x00333e    program     extern C:\Users\PC\Desktop\Digital Clock\interrupt\interrupt.c
                 init_i2c   0x0031ae    program     extern C:\Users\PC\Desktop\Digital Clock\i2c\i2c.c
           init_interrupt   0x003336    program     extern C:\Users\PC\Desktop\Digital Clock\interrupt\interrupt.c
          init_key_matrix   0x002a72    program     extern C:\Users\PC\Desktop\Digital Clock\button_matrix\button.c
init_key_matrix_with_uart_i2c   0x002a7a    program     extern C:\Users\PC\Desktop\Digital Clock\button_matrix\button.c
                 init_lcd   0x001886    program     extern C:\Users\PC\Desktop\Digital Clock\lcd\lcd.c
              init_system   0x000d8c    program     extern C:\Users\PC\Desktop\Digital Clock\main.c
              init_timer0   0x002d0a    program     extern C:\Users\PC\Desktop\Digital Clock\timer\timer.c
              init_timer1   0x002d36    program     extern C:\Users\PC\Desktop\Digital Clock\timer\timer.c
              init_timer2   0x002d68    program     extern C:\Users\PC\Desktop\Digital Clock\timer\timer.c
              init_timer3   0x002d94    program     extern C:\Users\PC\Desktop\Digital Clock\timer\timer.c
                init_uart   0x0026ce    program     extern C:\Users\PC\Desktop\Digital Clock\uart\uart.c
            isButtonAlarm   0x00149c    program     extern C:\Users\PC\Desktop\Digital Clock\main.c
        isButtonAlarmHold   0x0014ac    program     extern C:\Users\PC\Desktop\Digital Clock\main.c
         isButtonDecrease   0x0014f6    program     extern C:\Users\PC\Desktop\Digital Clock\main.c
         isButtonIncrease   0x0014bc    program     extern C:\Users\PC\Desktop\Digital Clock\main.c
             isButtonMode   0x00147c    program     extern C:\Users\PC\Desktop\Digital Clock\main.c
         isButtonModeHold   0x00148c    program     extern C:\Users\PC\Desktop\Digital Clock\main.c
                isKeyHold   0x002b28    program     extern C:\Users\PC\Desktop\Digital Clock\button_matrix\button.c
             isKeyPressed   0x002b14    program     extern C:\Users\PC\Desktop\Digital Clock\button_matrix\button.c
                  isdigit   0x0038e8    program     extern E:\3.46\pic18-lt\cxx-framework\src\traditional\stdclib\isdigit.asm
                     jEnd   0x0037ee    program     static E:\3.46\pic18-lt\cxx-framework\src\traditional\stdclib\strlen.asm
                     jEnd   0x003826    program     static E:\3.46\pic18-lt\cxx-framework\src\traditional\stdclib\slenpgm.asm
                    jLoop   0x0037e4    program     static E:\3.46\pic18-lt\cxx-framework\src\traditional\stdclib\strlen.asm
                    jLoop   0x00380e    program     static E:\3.46\pic18-lt\cxx-framework\src\traditional\stdclib\slenpgm.asm
                   jMatch   0x003908    program     static E:\3.46\pic18-lt\cxx-framework\src\traditional\stdclib\isdigit.asm
                 jNoMatch   0x00390a    program     static E:\3.46\pic18-lt\cxx-framework\src\traditional\stdclib\isdigit.asm
                lcd_clear   0x001992    program     extern C:\Users\PC\Desktop\Digital Clock\lcd\lcd.c
                lcd_delay   0x0017ea    program     extern C:\Users\PC\Desktop\Digital Clock\lcd\lcd.c
             lcd_power_of   0x0019a2    program     extern C:\Users\PC\Desktop\Digital Clock\lcd\lcd.c
           lcd_print_char   0x001934    program     extern C:\Users\PC\Desktop\Digital Clock\lcd\lcd.c
          lcd_print_charS   0x001b2e    program     extern C:\Users\PC\Desktop\Digital Clock\lcd\lcd.c
            lcd_print_num   0x001a4c    program     extern C:\Users\PC\Desktop\Digital Clock\lcd\lcd.c
            lcd_print_str   0x001936    program     extern C:\Users\PC\Desktop\Digital Clock\lcd\lcd.c
              lcd_putchar   0x001932    program     extern C:\Users\PC\Desktop\Digital Clock\lcd\lcd.c
          lcd_read_status   0x0018bc    program     extern C:\Users\PC\Desktop\Digital Clock\lcd\lcd.c
          lcd_sendCommand   0x001874    program     extern C:\Users\PC\Desktop\Digital Clock\lcd\lcd.c
           lcd_set_cursor   0x001966    program     extern C:\Users\PC\Desktop\Digital Clock\lcd\lcd.c
            lcd_wait_busy   0x0018f4    program     extern C:\Users\PC\Desktop\Digital Clock\lcd\lcd.c
          lcd_write_4bits   0x001906    program     extern C:\Users\PC\Desktop\Digital Clock\lcd\lcd.c
            lcd_write_cmd   0x001918    program     extern C:\Users\PC\Desktop\Digital Clock\lcd\lcd.c
           lcd_write_data   0x001924    program     extern C:\Users\PC\Desktop\Digital Clock\lcd\lcd.c
                     loop   0x0038c6    program     static                          
                     loop   0x00393c    program     static                          
                     loop   0x003848    program     static                          
                     loop   0x00396c    program     static                          
                     loop   0x003958    program     static E:\3.46\pic18-lt\cxx-framework\src\pmc_common\USART\_usartpc.asm
                     loop   0x00388e    program     static                          
                   loop_h   0x00391a    program     static E:\3.46\pic18-lt\cxx-framework\src\traditional\proc\p18f4620.asm
                   loop_l   0x003924    program     static E:\3.46\pic18-lt\cxx-framework\src\traditional\proc\p18f4620.asm
                  low_isr   0x003346    program     extern C:\Users\PC\Desktop\Digital Clock\interrupt\interrupt.c
                     main   0x000ca2    program     extern C:\Users\PC\Desktop\Digital Clock\main.c
              menuControl   0x002044    program     extern C:\Users\PC\Desktop\Digital Clock\menu\menu.c
                     putc   0x0036e0    program     extern E:\3.46\pic18-lt\cxx-framework\src\traditional\stdclib\putc.c
              read_ds1307   0x00326c    program     extern C:\Users\PC\Desktop\Digital Clock\i2c\i2c.c
            run_stopwatch   0x0022ac    program     extern C:\Users\PC\Desktop\Digital Clock\menu\menu.c
                 s_digits   0x003980    program     static E:\3.46\pic18-lt\cxx-framework\src\traditional\stdclib\vfprintf.c
            s_put_n_chars   0x000080    program     static E:\3.46\pic18-lt\cxx-framework\src\traditional\stdclib\vfprintf.c
          scan_key_matrix   0x002a8a    program     extern C:\Users\PC\Desktop\Digital Clock\button_matrix\button.c
     scan_key_matrix_demo   0x002b96    program     extern C:\Users\PC\Desktop\Digital Clock\button_matrix\button.c
scan_key_matrix_with_uart_i2c   0x002ad0    program     extern C:\Users\PC\Desktop\Digital Clock\button_matrix\button.c
                  sprintf   0x003596    program     extern E:\3.46\pic18-lt\cxx-framework\src\traditional\stdclib\sprintf.c
             start_timer0   0x002d30    program     extern C:\Users\PC\Desktop\Digital Clock\timer\timer.c
             start_timer1   0x002d5e    program     extern C:\Users\PC\Desktop\Digital Clock\timer\timer.c
             start_timer2   0x002d88    program     extern C:\Users\PC\Desktop\Digital Clock\timer\timer.c
             start_timer3   0x002dc2    program     extern C:\Users\PC\Desktop\Digital Clock\timer\timer.c
              stop_timer0   0x002d2c    program     extern C:\Users\PC\Desktop\Digital Clock\timer\timer.c
              stop_timer1   0x002d64    program     extern C:\Users\PC\Desktop\Digital Clock\timer\timer.c
              stop_timer2   0x002d90    program     extern C:\Users\PC\Desktop\Digital Clock\timer\timer.c
              stop_timer3   0x002dd2    program     extern C:\Users\PC\Desktop\Digital Clock\timer\timer.c
                   strlen   0x0037d4    program     extern E:\3.46\pic18-lt\cxx-framework\src\traditional\stdclib\strlen.asm
                strlenpgm   0x0037f0    program     extern E:\3.46\pic18-lt\cxx-framework\src\traditional\stdclib\slenpgm.asm
                     test   0x00365c    program     static                          
               timer0_isr   0x002dd6    program     extern C:\Users\PC\Desktop\Digital Clock\timer\timer.c
               timer1_isr   0x002df2    program     extern C:\Users\PC\Desktop\Digital Clock\timer\timer.c
               timer2_isr   0x002e0e    program     extern C:\Users\PC\Desktop\Digital Clock\timer\timer.c
               timer3_isr   0x002e2a    program     extern C:\Users\PC\Desktop\Digital Clock\timer\timer.c
             uart_console   0x00238a    program     extern C:\Users\PC\Desktop\Digital Clock\menu\menu.c
            uart_delay_ms   0x0026ec    program     extern C:\Users\PC\Desktop\Digital Clock\uart\uart.c
                 uart_isr   0x00296e    program     extern C:\Users\PC\Desktop\Digital Clock\uart\uart.c
            uart_power_of   0x002786    program     extern C:\Users\PC\Desktop\Digital Clock\uart\uart.c
             uart_putchar   0x00275e    program     extern C:\Users\PC\Desktop\Digital Clock\uart\uart.c
            uart_send_str   0x00276e    program     extern C:\Users\PC\Desktop\Digital Clock\uart\uart.c
                 v_timer0   0x001830    program     extern C:\Users\PC\Desktop\Digital Clock\lcd\lcd.c
                 vfprintf   0x0000ac    program     extern E:\3.46\pic18-lt\cxx-framework\src\traditional\stdclib\vfprintf.c
             write_ds1307   0x003220    program     extern C:\Users\PC\Desktop\Digital Clock\i2c\i2c.c
               zero_block   0x00391a    program     static E:\3.46\pic18-lt\cxx-framework\src\traditional\proc\p18f4620.asm
                   ADCON0   0x000fc2       data     extern E:\3.46\pic18-lt\cxx-framework\src\traditional\proc\p18f4620.asm
               ADCON0bits   0x000fc2       data     extern E:\3.46\pic18-lt\cxx-framework\src\traditional\proc\p18f4620.asm
                   ADCON1   0x000fc1       data     extern E:\3.46\pic18-lt\cxx-framework\src\traditional\proc\p18f4620.asm
               ADCON1bits   0x000fc1       data     extern E:\3.46\pic18-lt\cxx-framework\src\traditional\proc\p18f4620.asm
                   ADCON2   0x000fc0       data     extern E:\3.46\pic18-lt\cxx-framework\src\traditional\proc\p18f4620.asm
               ADCON2bits   0x000fc0       data     extern E:\3.46\pic18-lt\cxx-framework\src\traditional\proc\p18f4620.asm
                    ADRES   0x000fc3       data     extern E:\3.46\pic18-lt\cxx-framework\src\traditional\proc\p18f4620.asm
                   ADRESH   0x000fc4       data     extern E:\3.46\pic18-lt\cxx-framework\src\traditional\proc\p18f4620.asm
                   ADRESL   0x000fc3       data     extern E:\3.46\pic18-lt\cxx-framework\src\traditional\proc\p18f4620.asm
                  BAUDCON   0x000fb8       data     extern E:\3.46\pic18-lt\cxx-framework\src\traditional\proc\p18f4620.asm
              BAUDCONbits   0x000fb8       data     extern E:\3.46\pic18-lt\cxx-framework\src\traditional\proc\p18f4620.asm
                  BAUDCTL   0x000fb8       data     extern E:\3.46\pic18-lt\cxx-framework\src\traditional\proc\p18f4620.asm
              BAUDCTLbits   0x000fb8       data     extern E:\3.46\pic18-lt\cxx-framework\src\traditional\proc\p18f4620.asm
                      BSR   0x000fe0       data     extern E:\3.46\pic18-lt\cxx-framework\src\traditional\proc\p18f4620.asm
                  CCP1CON   0x000fbd       data     extern E:\3.46\pic18-lt\cxx-framework\src\traditional\proc\p18f4620.asm
              CCP1CONbits   0x000fbd       data     extern E:\3.46\pic18-lt\cxx-framework\src\traditional\proc\p18f4620.asm
                  CCP2CON   0x000fba       data     extern E:\3.46\pic18-lt\cxx-framework\src\traditional\proc\p18f4620.asm
              CCP2CONbits   0x000fba       data     extern E:\3.46\pic18-lt\cxx-framework\src\traditional\proc\p18f4620.asm
                    CCPR1   0x000fbe       data     extern E:\3.46\pic18-lt\cxx-framework\src\traditional\proc\p18f4620.asm
                   CCPR1H   0x000fbf       data     extern E:\3.46\pic18-lt\cxx-framework\src\traditional\proc\p18f4620.asm
                   CCPR1L   0x000fbe       data     extern E:\3.46\pic18-lt\cxx-framework\src\traditional\proc\p18f4620.asm
                    CCPR2   0x000fbb       data     extern E:\3.46\pic18-lt\cxx-framework\src\traditional\proc\p18f4620.asm
                   CCPR2H   0x000fbc       data     extern E:\3.46\pic18-lt\cxx-framework\src\traditional\proc\p18f4620.asm
                   CCPR2L   0x000fbb       data     extern E:\3.46\pic18-lt\cxx-framework\src\traditional\proc\p18f4620.asm
                    CMCON   0x000fb4       data     extern E:\3.46\pic18-lt\cxx-framework\src\traditional\proc\p18f4620.asm
                CMCONbits   0x000fb4       data     extern E:\3.46\pic18-lt\cxx-framework\src\traditional\proc\p18f4620.asm
                   CVRCON   0x000fb5       data     extern E:\3.46\pic18-lt\cxx-framework\src\traditional\proc\p18f4620.asm
               CVRCONbits   0x000fb5       data     extern E:\3.46\pic18-lt\cxx-framework\src\traditional\proc\p18f4620.asm
                     DDRA   0x000f92       data     extern E:\3.46\pic18-lt\cxx-framework\src\traditional\proc\p18f4620.asm
                 DDRAbits   0x000f92       data     extern E:\3.46\pic18-lt\cxx-framework\src\traditional\proc\p18f4620.asm
                     DDRB   0x000f93       data     extern E:\3.46\pic18-lt\cxx-framework\src\traditional\proc\p18f4620.asm
                 DDRBbits   0x000f93       data     extern E:\3.46\pic18-lt\cxx-framework\src\traditional\proc\p18f4620.asm
                     DDRC   0x000f94       data     extern E:\3.46\pic18-lt\cxx-framework\src\traditional\proc\p18f4620.asm
                 DDRCbits   0x000f94       data     extern E:\3.46\pic18-lt\cxx-framework\src\traditional\proc\p18f4620.asm
                     DDRD   0x000f95       data     extern E:\3.46\pic18-lt\cxx-framework\src\traditional\proc\p18f4620.asm
                 DDRDbits   0x000f95       data     extern E:\3.46\pic18-lt\cxx-framework\src\traditional\proc\p18f4620.asm
                     DDRE   0x000f96       data     extern E:\3.46\pic18-lt\cxx-framework\src\traditional\proc\p18f4620.asm
                 DDREbits   0x000f96       data     extern E:\3.46\pic18-lt\cxx-framework\src\traditional\proc\p18f4620.asm
                  ECCP1AS   0x000fb6       data     extern E:\3.46\pic18-lt\cxx-framework\src\traditional\proc\p18f4620.asm
              ECCP1ASbits   0x000fb6       data     extern E:\3.46\pic18-lt\cxx-framework\src\traditional\proc\p18f4620.asm
                    EEADR   0x000fa9       data     extern E:\3.46\pic18-lt\cxx-framework\src\traditional\proc\p18f4620.asm
                   EEADRH   0x000faa       data     extern E:\3.46\pic18-lt\cxx-framework\src\traditional\proc\p18f4620.asm
                   EECON1   0x000fa6       data     extern E:\3.46\pic18-lt\cxx-framework\src\traditional\proc\p18f4620.asm
               EECON1bits   0x000fa6       data     extern E:\3.46\pic18-lt\cxx-framework\src\traditional\proc\p18f4620.asm
                   EECON2   0x000fa7       data     extern E:\3.46\pic18-lt\cxx-framework\src\traditional\proc\p18f4620.asm
                   EEDATA   0x000fa8       data     extern E:\3.46\pic18-lt\cxx-framework\src\traditional\proc\p18f4620.asm
                     FSR0   0x000fe9       data     extern E:\3.46\pic18-lt\cxx-framework\src\traditional\proc\p18f4620.asm
                    FSR0H   0x000fea       data     extern E:\3.46\pic18-lt\cxx-framework\src\traditional\proc\p18f4620.asm
                    FSR0L   0x000fe9       data     extern E:\3.46\pic18-lt\cxx-framework\src\traditional\proc\p18f4620.asm
                     FSR1   0x000fe1       data     extern E:\3.46\pic18-lt\cxx-framework\src\traditional\proc\p18f4620.asm
                    FSR1H   0x000fe2       data     extern E:\3.46\pic18-lt\cxx-framework\src\traditional\proc\p18f4620.asm
                    FSR1L   0x000fe1       data     extern E:\3.46\pic18-lt\cxx-framework\src\traditional\proc\p18f4620.asm
                     FSR2   0x000fd9       data     extern E:\3.46\pic18-lt\cxx-framework\src\traditional\proc\p18f4620.asm
                    FSR2H   0x000fda       data     extern E:\3.46\pic18-lt\cxx-framework\src\traditional\proc\p18f4620.asm
                    FSR2L   0x000fd9       data     extern E:\3.46\pic18-lt\cxx-framework\src\traditional\proc\p18f4620.asm
                  HLVDCON   0x000fd2       data     extern E:\3.46\pic18-lt\cxx-framework\src\traditional\proc\p18f4620.asm
              HLVDCONbits   0x000fd2       data     extern E:\3.46\pic18-lt\cxx-framework\src\traditional\proc\p18f4620.asm
                    INDF0   0x000fef       data     extern E:\3.46\pic18-lt\cxx-framework\src\traditional\proc\p18f4620.asm
                    INDF1   0x000fe7       data     extern E:\3.46\pic18-lt\cxx-framework\src\traditional\proc\p18f4620.asm
                    INDF2   0x000fdf       data     extern E:\3.46\pic18-lt\cxx-framework\src\traditional\proc\p18f4620.asm
                   INTCON   0x000ff2       data     extern E:\3.46\pic18-lt\cxx-framework\src\traditional\proc\p18f4620.asm
                  INTCON2   0x000ff1       data     extern E:\3.46\pic18-lt\cxx-framework\src\traditional\proc\p18f4620.asm
              INTCON2bits   0x000ff1       data     extern E:\3.46\pic18-lt\cxx-framework\src\traditional\proc\p18f4620.asm
                  INTCON3   0x000ff0       data     extern E:\3.46\pic18-lt\cxx-framework\src\traditional\proc\p18f4620.asm
              INTCON3bits   0x000ff0       data     extern E:\3.46\pic18-lt\cxx-framework\src\traditional\proc\p18f4620.asm
               INTCONbits   0x000ff2       data     extern E:\3.46\pic18-lt\cxx-framework\src\traditional\proc\p18f4620.asm
                     IPR1   0x000f9f       data     extern E:\3.46\pic18-lt\cxx-framework\src\traditional\proc\p18f4620.asm
                 IPR1bits   0x000f9f       data     extern E:\3.46\pic18-lt\cxx-framework\src\traditional\proc\p18f4620.asm
                     IPR2   0x000fa2       data     extern E:\3.46\pic18-lt\cxx-framework\src\traditional\proc\p18f4620.asm
                 IPR2bits   0x000fa2       data     extern E:\3.46\pic18-lt\cxx-framework\src\traditional\proc\p18f4620.asm
                     LATA   0x000f89       data     extern E:\3.46\pic18-lt\cxx-framework\src\traditional\proc\p18f4620.asm
                 LATAbits   0x000f89       data     extern E:\3.46\pic18-lt\cxx-framework\src\traditional\proc\p18f4620.asm
                     LATB   0x000f8a       data     extern E:\3.46\pic18-lt\cxx-framework\src\traditional\proc\p18f4620.asm
                 LATBbits   0x000f8a       data     extern E:\3.46\pic18-lt\cxx-framework\src\traditional\proc\p18f4620.asm
                     LATC   0x000f8b       data     extern E:\3.46\pic18-lt\cxx-framework\src\traditional\proc\p18f4620.asm
                 LATCbits   0x000f8b       data     extern E:\3.46\pic18-lt\cxx-framework\src\traditional\proc\p18f4620.asm
                     LATD   0x000f8c       data     extern E:\3.46\pic18-lt\cxx-framework\src\traditional\proc\p18f4620.asm
                 LATDbits   0x000f8c       data     extern E:\3.46\pic18-lt\cxx-framework\src\traditional\proc\p18f4620.asm
                     LATE   0x000f8d       data     extern E:\3.46\pic18-lt\cxx-framework\src\traditional\proc\p18f4620.asm
                 LATEbits   0x000f8d       data     extern E:\3.46\pic18-lt\cxx-framework\src\traditional\proc\p18f4620.asm
                   LVDCON   0x000fd2       data     extern E:\3.46\pic18-lt\cxx-framework\src\traditional\proc\p18f4620.asm
               LVDCONbits   0x000fd2       data     extern E:\3.46\pic18-lt\cxx-framework\src\traditional\proc\p18f4620.asm
                LcdScreen   0x0000c1       data     extern C:\Users\PC\Desktop\Digital Clock\lcd\lcd.c
                   OSCCON   0x000fd3       data     extern E:\3.46\pic18-lt\cxx-framework\src\traditional\proc\p18f4620.asm
               OSCCONbits   0x000fd3       data     extern E:\3.46\pic18-lt\cxx-framework\src\traditional\proc\p18f4620.asm
                  OSCTUNE   0x000f9b       data     extern E:\3.46\pic18-lt\cxx-framework\src\traditional\proc\p18f4620.asm
              OSCTUNEbits   0x000f9b       data     extern E:\3.46\pic18-lt\cxx-framework\src\traditional\proc\p18f4620.asm
                       PC   0x000ff9       data     extern E:\3.46\pic18-lt\cxx-framework\src\traditional\proc\p18f4620.asm
                      PCL   0x000ff9       data     extern E:\3.46\pic18-lt\cxx-framework\src\traditional\proc\p18f4620.asm
                   PCLATH   0x000ffa       data     extern E:\3.46\pic18-lt\cxx-framework\src\traditional\proc\p18f4620.asm
                   PCLATU   0x000ffb       data     extern E:\3.46\pic18-lt\cxx-framework\src\traditional\proc\p18f4620.asm
                     PIE1   0x000f9d       data     extern E:\3.46\pic18-lt\cxx-framework\src\traditional\proc\p18f4620.asm
                 PIE1bits   0x000f9d       data     extern E:\3.46\pic18-lt\cxx-framework\src\traditional\proc\p18f4620.asm
                     PIE2   0x000fa0       data     extern E:\3.46\pic18-lt\cxx-framework\src\traditional\proc\p18f4620.asm
                 PIE2bits   0x000fa0       data     extern E:\3.46\pic18-lt\cxx-framework\src\traditional\proc\p18f4620.asm
                     PIR1   0x000f9e       data     extern E:\3.46\pic18-lt\cxx-framework\src\traditional\proc\p18f4620.asm
                 PIR1bits   0x000f9e       data     extern E:\3.46\pic18-lt\cxx-framework\src\traditional\proc\p18f4620.asm
                     PIR2   0x000fa1       data     extern E:\3.46\pic18-lt\cxx-framework\src\traditional\proc\p18f4620.asm
                 PIR2bits   0x000fa1       data     extern E:\3.46\pic18-lt\cxx-framework\src\traditional\proc\p18f4620.asm
                   PLUSW0   0x000feb       data     extern E:\3.46\pic18-lt\cxx-framework\src\traditional\proc\p18f4620.asm
                   PLUSW1   0x000fe3       data     extern E:\3.46\pic18-lt\cxx-framework\src\traditional\proc\p18f4620.asm
                   PLUSW2   0x000fdb       data     extern E:\3.46\pic18-lt\cxx-framework\src\traditional\proc\p18f4620.asm
                    PORTA   0x000f80       data     extern E:\3.46\pic18-lt\cxx-framework\src\traditional\proc\p18f4620.asm
                PORTAbits   0x000f80       data     extern E:\3.46\pic18-lt\cxx-framework\src\traditional\proc\p18f4620.asm
                    PORTB   0x000f81       data     extern E:\3.46\pic18-lt\cxx-framework\src\traditional\proc\p18f4620.asm
                PORTBbits   0x000f81       data     extern E:\3.46\pic18-lt\cxx-framework\src\traditional\proc\p18f4620.asm
                    PORTC   0x000f82       data     extern E:\3.46\pic18-lt\cxx-framework\src\traditional\proc\p18f4620.asm
                PORTCbits   0x000f82       data     extern E:\3.46\pic18-lt\cxx-framework\src\traditional\proc\p18f4620.asm
                    PORTD   0x000f83       data     extern E:\3.46\pic18-lt\cxx-framework\src\traditional\proc\p18f4620.asm
                PORTDbits   0x000f83       data     extern E:\3.46\pic18-lt\cxx-framework\src\traditional\proc\p18f4620.asm
                    PORTE   0x000f84       data     extern E:\3.46\pic18-lt\cxx-framework\src\traditional\proc\p18f4620.asm
                PORTEbits   0x000f84       data     extern E:\3.46\pic18-lt\cxx-framework\src\traditional\proc\p18f4620.asm
                 POSTDEC0   0x000fed       data     extern E:\3.46\pic18-lt\cxx-framework\src\traditional\proc\p18f4620.asm
                 POSTDEC1   0x000fe5       data     extern E:\3.46\pic18-lt\cxx-framework\src\traditional\proc\p18f4620.asm
                 POSTDEC2   0x000fdd       data     extern E:\3.46\pic18-lt\cxx-framework\src\traditional\proc\p18f4620.asm
                 POSTINC0   0x000fee       data     extern E:\3.46\pic18-lt\cxx-framework\src\traditional\proc\p18f4620.asm
                 POSTINC1   0x000fe6       data     extern E:\3.46\pic18-lt\cxx-framework\src\traditional\proc\p18f4620.asm
                 POSTINC2   0x000fde       data     extern E:\3.46\pic18-lt\cxx-framework\src\traditional\proc\p18f4620.asm
                      PR2   0x000fcb       data     extern E:\3.46\pic18-lt\cxx-framework\src\traditional\proc\p18f4620.asm
                  PREINC0   0x000fec       data     extern E:\3.46\pic18-lt\cxx-framework\src\traditional\proc\p18f4620.asm
                  PREINC1   0x000fe4       data     extern E:\3.46\pic18-lt\cxx-framework\src\traditional\proc\p18f4620.asm
                  PREINC2   0x000fdc       data     extern E:\3.46\pic18-lt\cxx-framework\src\traditional\proc\p18f4620.asm
                     PROD   0x000ff3       data     extern E:\3.46\pic18-lt\cxx-framework\src\traditional\proc\p18f4620.asm
                    PRODH   0x000ff4       data     extern E:\3.46\pic18-lt\cxx-framework\src\traditional\proc\p18f4620.asm
                    PRODL   0x000ff3       data     extern E:\3.46\pic18-lt\cxx-framework\src\traditional\proc\p18f4620.asm
                  PWM1CON   0x000fb7       data     extern E:\3.46\pic18-lt\cxx-framework\src\traditional\proc\p18f4620.asm
              PWM1CONbits   0x000fb7       data     extern E:\3.46\pic18-lt\cxx-framework\src\traditional\proc\p18f4620.asm
                     RCON   0x000fd0       data     extern E:\3.46\pic18-lt\cxx-framework\src\traditional\proc\p18f4620.asm
                 RCONbits   0x000fd0       data     extern E:\3.46\pic18-lt\cxx-framework\src\traditional\proc\p18f4620.asm
                    RCREG   0x000fae       data     extern E:\3.46\pic18-lt\cxx-framework\src\traditional\proc\p18f4620.asm
                    RCSTA   0x000fab       data     extern E:\3.46\pic18-lt\cxx-framework\src\traditional\proc\p18f4620.asm
                RCSTAbits   0x000fab       data     extern E:\3.46\pic18-lt\cxx-framework\src\traditional\proc\p18f4620.asm
                     SIGN   0x000000       data     extern E:\3.46\pic18-lt\cxx-framework\src\traditional\math\cmath18.asm
                    SPBRG   0x000faf       data     extern E:\3.46\pic18-lt\cxx-framework\src\traditional\proc\p18f4620.asm
                   SPBRGH   0x000fb0       data     extern E:\3.46\pic18-lt\cxx-framework\src\traditional\proc\p18f4620.asm
                   SSPADD   0x000fc8       data     extern E:\3.46\pic18-lt\cxx-framework\src\traditional\proc\p18f4620.asm
                   SSPBUF   0x000fc9       data     extern E:\3.46\pic18-lt\cxx-framework\src\traditional\proc\p18f4620.asm
                  SSPCON1   0x000fc6       data     extern E:\3.46\pic18-lt\cxx-framework\src\traditional\proc\p18f4620.asm
              SSPCON1bits   0x000fc6       data     extern E:\3.46\pic18-lt\cxx-framework\src\traditional\proc\p18f4620.asm
                  SSPCON2   0x000fc5       data     extern E:\3.46\pic18-lt\cxx-framework\src\traditional\proc\p18f4620.asm
              SSPCON2bits   0x000fc5       data     extern E:\3.46\pic18-lt\cxx-framework\src\traditional\proc\p18f4620.asm
                  SSPSTAT   0x000fc7       data     extern E:\3.46\pic18-lt\cxx-framework\src\traditional\proc\p18f4620.asm
              SSPSTATbits   0x000fc7       data     extern E:\3.46\pic18-lt\cxx-framework\src\traditional\proc\p18f4620.asm
                   STATUS   0x000fd8       data     extern E:\3.46\pic18-lt\cxx-framework\src\traditional\proc\p18f4620.asm
               STATUSbits   0x000fd8       data     extern E:\3.46\pic18-lt\cxx-framework\src\traditional\proc\p18f4620.asm
                   STKPTR   0x000ffc       data     extern E:\3.46\pic18-lt\cxx-framework\src\traditional\proc\p18f4620.asm
               STKPTRbits   0x000ffc       data     extern E:\3.46\pic18-lt\cxx-framework\src\traditional\proc\p18f4620.asm
                    T0CON   0x000fd5       data     extern E:\3.46\pic18-lt\cxx-framework\src\traditional\proc\p18f4620.asm
                T0CONbits   0x000fd5       data     extern E:\3.46\pic18-lt\cxx-framework\src\traditional\proc\p18f4620.asm
                    T1CON   0x000fcd       data     extern E:\3.46\pic18-lt\cxx-framework\src\traditional\proc\p18f4620.asm
                T1CONbits   0x000fcd       data     extern E:\3.46\pic18-lt\cxx-framework\src\traditional\proc\p18f4620.asm
                    T2CON   0x000fca       data     extern E:\3.46\pic18-lt\cxx-framework\src\traditional\proc\p18f4620.asm
                T2CONbits   0x000fca       data     extern E:\3.46\pic18-lt\cxx-framework\src\traditional\proc\p18f4620.asm
                    T3CON   0x000fb1       data     extern E:\3.46\pic18-lt\cxx-framework\src\traditional\proc\p18f4620.asm
                T3CONbits   0x000fb1       data     extern E:\3.46\pic18-lt\cxx-framework\src\traditional\proc\p18f4620.asm
                   TABLAT   0x000ff5       data     extern E:\3.46\pic18-lt\cxx-framework\src\traditional\proc\p18f4620.asm
                   TBLPTR   0x000ff6       data     extern E:\3.46\pic18-lt\cxx-framework\src\traditional\proc\p18f4620.asm
                  TBLPTRH   0x000ff7       data     extern E:\3.46\pic18-lt\cxx-framework\src\traditional\proc\p18f4620.asm
                  TBLPTRL   0x000ff6       data     extern E:\3.46\pic18-lt\cxx-framework\src\traditional\proc\p18f4620.asm
                  TBLPTRU   0x000ff8       data     extern E:\3.46\pic18-lt\cxx-framework\src\traditional\proc\p18f4620.asm
                    TMR0H   0x000fd7       data     extern E:\3.46\pic18-lt\cxx-framework\src\traditional\proc\p18f4620.asm
                    TMR0L   0x000fd6       data     extern E:\3.46\pic18-lt\cxx-framework\src\traditional\proc\p18f4620.asm
                    TMR1H   0x000fcf       data     extern E:\3.46\pic18-lt\cxx-framework\src\traditional\proc\p18f4620.asm
                    TMR1L   0x000fce       data     extern E:\3.46\pic18-lt\cxx-framework\src\traditional\proc\p18f4620.asm
[...]
                 DDRBbits   0x000f93       data     extern E:\3.46\pic18-lt\cxx-framework\src\traditional\proc\p18f4620.asm
                TRISBbits   0x000f93       data     extern E:\3.46\pic18-lt\cxx-framework\src\traditional\proc\p18f4620.asm
                    TRISB   0x000f93       data     extern E:\3.46\pic18-lt\cxx-framework\src\traditional\proc\p18f4620.asm
                     DDRC   0x000f94       data     extern E:\3.46\pic18-lt\cxx-framework\src\traditional\proc\p18f4620.asm
                 DDRCbits   0x000f94       data     extern E:\3.46\pic18-lt\cxx-framework\src\traditional\proc\p18f4620.asm
                TRISCbits   0x000f94       data     extern E:\3.46\pic18-lt\cxx-framework\src\traditional\proc\p18f4620.asm
                    TRISC   0x000f94       data     extern E:\3.46\pic18-lt\cxx-framework\src\traditional\proc\p18f4620.asm
                 DDRDbits   0x000f95       data     extern E:\3.46\pic18-lt\cxx-framework\src\traditional\proc\p18f4620.asm
                     DDRD   0x000f95       data     extern E:\3.46\pic18-lt\cxx-framework\src\traditional\proc\p18f4620.asm
                TRISDbits   0x000f95       data     extern E:\3.46\pic18-lt\cxx-framework\src\traditional\proc\p18f4620.asm
                    TRISD   0x000f95       data     extern E:\3.46\pic18-lt\cxx-framework\src\traditional\proc\p18f4620.asm
                 DDREbits   0x000f96       data     extern E:\3.46\pic18-lt\cxx-framework\src\traditional\proc\p18f4620.asm
                     DDRE   0x000f96       data     extern E:\3.46\pic18-lt\cxx-framework\src\traditional\proc\p18f4620.asm
                    TRISE   0x000f96       data     extern E:\3.46\pic18-lt\cxx-framework\src\traditional\proc\p18f4620.asm
                TRISEbits   0x000f96       data     extern E:\3.46\pic18-lt\cxx-framework\src\traditional\proc\p18f4620.asm
              OSCTUNEbits   0x000f9b       data     extern E:\3.46\pic18-lt\cxx-framework\src\traditional\proc\p18f4620.asm
                  OSCTUNE   0x000f9b       data     extern E:\3.46\pic18-lt\cxx-framework\src\traditional\proc\p18f4620.asm
                 PIE1bits   0x000f9d       data     extern E:\3.46\pic18-lt\cxx-framework\src\traditional\proc\p18f4620.asm
                     PIE1   0x000f9d       data     extern E:\3.46\pic18-lt\cxx-framework\src\traditional\proc\p18f4620.asm
                     PIR1   0x000f9e       data     extern E:\3.46\pic18-lt\cxx-framework\src\traditional\proc\p18f4620.asm
                 PIR1bits   0x000f9e       data     extern E:\3.46\pic18-lt\cxx-framework\src\traditional\proc\p18f4620.asm
                 IPR1bits   0x000f9f       data     extern E:\3.46\pic18-lt\cxx-framework\src\traditional\proc\p18f4620.asm
                     IPR1   0x000f9f       data     extern E:\3.46\pic18-lt\cxx-framework\src\traditional\proc\p18f4620.asm
                     PIE2   0x000fa0       data     extern E:\3.46\pic18-lt\cxx-framework\src\traditional\proc\p18f4620.asm
                 PIE2bits   0x000fa0       data     extern E:\3.46\pic18-lt\cxx-framework\src\traditional\proc\p18f4620.asm
                 PIR2bits   0x000fa1       data     extern E:\3.46\pic18-lt\cxx-framework\src\traditional\proc\p18f4620.asm
                     PIR2   0x000fa1       data     extern E:\3.46\pic18-lt\cxx-framework\src\traditional\proc\p18f4620.asm
                 IPR2bits   0x000fa2       data     extern E:\3.46\pic18-lt\cxx-framework\src\traditional\proc\p18f4620.asm
                     IPR2   0x000fa2       data     extern E:\3.46\pic18-lt\cxx-framework\src\traditional\proc\p18f4620.asm
                   EECON1   0x000fa6       data     extern E:\3.46\pic18-lt\cxx-framework\src\traditional\proc\p18f4620.asm
               EECON1bits   0x000fa6       data     extern E:\3.46\pic18-lt\cxx-framework\src\traditional\proc\p18f4620.asm
                   EECON2   0x000fa7       data     extern E:\3.46\pic18-lt\cxx-framework\src\traditional\proc\p18f4620.asm
                   EEDATA   0x000fa8       data     extern E:\3.46\pic18-lt\cxx-framework\src\traditional\proc\p18f4620.asm
                    EEADR   0x000fa9       data     extern E:\3.46\pic18-lt\cxx-framework\src\traditional\proc\p18f4620.asm
                   EEADRH   0x000faa       data     extern E:\3.46\pic18-lt\cxx-framework\src\traditional\proc\p18f4620.asm
                    RCSTA   0x000fab       data     extern E:\3.46\pic18-lt\cxx-framework\src\traditional\proc\p18f4620.asm
                RCSTAbits   0x000fab       data     extern E:\3.46\pic18-lt\cxx-framework\src\traditional\proc\p18f4620.asm
                TXSTAbits   0x000fac       data     extern E:\3.46\pic18-lt\cxx-framework\src\traditional\proc\p18f4620.asm
                    TXSTA   0x000fac       data     extern E:\3.46\pic18-lt\cxx-framework\src\traditional\proc\p18f4620.asm
                    TXREG   0x000fad       data     extern E:\3.46\pic18-lt\cxx-framework\src\traditional\proc\p18f4620.asm
                    RCREG   0x000fae       data     extern E:\3.46\pic18-lt\cxx-framework\src\traditional\proc\p18f4620.asm
                    SPBRG   0x000faf       data     extern E:\3.46\pic18-lt\cxx-framework\src\traditional\proc\p18f4620.asm
                   SPBRGH   0x000fb0       data     extern E:\3.46\pic18-lt\cxx-framework\src\traditional\proc\p18f4620.asm
                T3CONbits   0x000fb1       data     extern E:\3.46\pic18-lt\cxx-framework\src\traditional\proc\p18f4620.asm
                    T3CON   0x000fb1       data     extern E:\3.46\pic18-lt\cxx-framework\src\traditional\proc\p18f4620.asm
                    TMR3L   0x000fb2       data     extern E:\3.46\pic18-lt\cxx-framework\src\traditional\proc\p18f4620.asm
                    TMR3H   0x000fb3       data     extern E:\3.46\pic18-lt\cxx-framework\src\traditional\proc\p18f4620.asm
                CMCONbits   0x000fb4       data     extern E:\3.46\pic18-lt\cxx-framework\src\traditional\proc\p18f4620.asm
                    CMCON   0x000fb4       data     extern E:\3.46\pic18-lt\cxx-framework\src\traditional\proc\p18f4620.asm
               CVRCONbits   0x000fb5       data     extern E:\3.46\pic18-lt\cxx-framework\src\traditional\proc\p18f4620.asm
                   CVRCON   0x000fb5       data     extern E:\3.46\pic18-lt\cxx-framework\src\traditional\proc\p18f4620.asm
                  ECCP1AS   0x000fb6       data     extern E:\3.46\pic18-lt\cxx-framework\src\traditional\proc\p18f4620.asm
              ECCP1ASbits   0x000fb6       data     extern E:\3.46\pic18-lt\cxx-framework\src\traditional\proc\p18f4620.asm
                  PWM1CON   0x000fb7       data     extern E:\3.46\pic18-lt\cxx-framework\src\traditional\proc\p18f4620.asm
              PWM1CONbits   0x000fb7       data     extern E:\3.46\pic18-lt\cxx-framework\src\traditional\proc\p18f4620.asm
                  BAUDCON   0x000fb8       data     extern E:\3.46\pic18-lt\cxx-framework\src\traditional\proc\p18f4620.asm
              BAUDCONbits   0x000fb8       data     extern E:\3.46\pic18-lt\cxx-framework\src\traditional\proc\p18f4620.asm
                  BAUDCTL   0x000fb8       data     extern E:\3.46\pic18-lt\cxx-framework\src\traditional\proc\p18f4620.asm
              BAUDCTLbits   0x000fb8       data     extern E:\3.46\pic18-lt\cxx-framework\src\traditional\proc\p18f4620.asm
              CCP2CONbits   0x000fba       data     extern E:\3.46\pic18-lt\cxx-framework\src\traditional\proc\p18f4620.asm
                  CCP2CON   0x000fba       data     extern E:\3.46\pic18-lt\cxx-framework\src\traditional\proc\p18f4620.asm
                    CCPR2   0x000fbb       data     extern E:\3.46\pic18-lt\cxx-framework\src\traditional\proc\p18f4620.asm
                   CCPR2L   0x000fbb       data     extern E:\3.46\pic18-lt\cxx-framework\src\traditional\proc\p18f4620.asm
                   CCPR2H   0x000fbc       data     extern E:\3.46\pic18-lt\cxx-framework\src\traditional\proc\p18f4620.asm
              CCP1CONbits   0x000fbd       data     extern E:\3.46\pic18-lt\cxx-framework\src\traditional\proc\p18f4620.asm
                  CCP1CON   0x000fbd       data     extern E:\3.46\pic18-lt\cxx-framework\src\traditional\proc\p18f4620.asm
                    CCPR1   0x000fbe       data     extern E:\3.46\pic18-lt\cxx-framework\src\traditional\proc\p18f4620.asm
                   CCPR1L   0x000fbe       data     extern E:\3.46\pic18-lt\cxx-framework\src\traditional\proc\p18f4620.asm
                   CCPR1H   0x000fbf       data     extern E:\3.46\pic18-lt\cxx-framework\src\traditional\proc\p18f4620.asm
               ADCON2bits   0x000fc0       data     extern E:\3.46\pic18-lt\cxx-framework\src\traditional\proc\p18f4620.asm
                   ADCON2   0x000fc0       data     extern E:\3.46\pic18-lt\cxx-framework\src\traditional\proc\p18f4620.asm
               ADCON1bits   0x000fc1       data     extern E:\3.46\pic18-lt\cxx-framework\src\traditional\proc\p18f4620.asm
                   ADCON1   0x000fc1       data     extern E:\3.46\pic18-lt\cxx-framework\src\traditional\proc\p18f4620.asm
                   ADCON0   0x000fc2       data     extern E:\3.46\pic18-lt\cxx-framework\src\traditional\proc\p18f4620.asm
               ADCON0bits   0x000fc2       data     extern E:\3.46\pic18-lt\cxx-framework\src\traditional\proc\p18f4620.asm
                    ADRES   0x000fc3       data     extern E:\3.46\pic18-lt\cxx-framework\src\traditional\proc\p18f4620.asm
                   ADRESL   0x000fc3       data     extern E:\3.46\pic18-lt\cxx-framework\src\traditional\proc\p18f4620.asm
                   ADRESH   0x000fc4       data     extern E:\3.46\pic18-lt\cxx-framework\src\traditional\proc\p18f4620.asm
                  SSPCON2   0x000fc5       data     extern E:\3.46\pic18-lt\cxx-framework\src\traditional\proc\p18f4620.asm
              SSPCON2bits   0x000fc5       data     extern E:\3.46\pic18-lt\cxx-framework\src\traditional\proc\p18f4620.asm
                  SSPCON1   0x000fc6       data     extern E:\3.46\pic18-lt\cxx-framework\src\traditional\proc\p18f4620.asm
              SSPCON1bits   0x000fc6       data     extern E:\3.46\pic18-lt\cxx-framework\src\traditional\proc\p18f4620.asm
                  SSPSTAT   0x000fc7       data     extern E:\3.46\pic18-lt\cxx-framework\src\traditional\proc\p18f4620.asm
              SSPSTATbits   0x000fc7       data     extern E:\3.46\pic18-lt\cxx-framework\src\traditional\proc\p18f4620.asm
                   SSPADD   0x000fc8       data     extern E:\3.46\pic18-lt\cxx-framework\src\traditional\proc\p18f4620.asm
                   SSPBUF   0x000fc9       data     extern E:\3.46\pic18-lt\cxx-framework\src\traditional\proc\p18f4620.asm
                    T2CON   0x000fca       data     extern E:\3.46\pic18-lt\cxx-framework\src\traditional\proc\p18f4620.asm
                T2CONbits   0x000fca       data     extern E:\3.46\pic18-lt\cxx-framework\src\traditional\proc\p18f4620.asm
                      PR2   0x000fcb       data     extern E:\3.46\pic18-lt\cxx-framework\src\traditional\proc\p18f4620.asm
                     TMR2   0x000fcc       data     extern E:\3.46\pic18-lt\cxx-framework\src\traditional\proc\p18f4620.asm
                T1CONbits   0x000fcd       data     extern E:\3.46\pic18-lt\cxx-framework\src\traditional\proc\p18f4620.asm
                    T1CON   0x000fcd       data     extern E:\3.46\pic18-lt\cxx-framework\src\traditional\proc\p18f4620.asm
                    TMR1L   0x000fce       data     extern E:\3.46\pic18-lt\cxx-framework\src\traditional\proc\p18f4620.asm
                    TMR1H   0x000fcf       data     extern E:\3.46\pic18-lt\cxx-framework\src\traditional\proc\p18f4620.asm
                     RCON   0x000fd0       data     extern E:\3.46\pic18-lt\cxx-framework\src\traditional\proc\p18f4620.asm
                 RCONbits   0x000fd0       data     extern E:\3.46\pic18-lt\cxx-framework\src\traditional\proc\p18f4620.asm
               WDTCONbits   0x000fd1       data     extern E:\3.46\pic18-lt\cxx-framework\src\traditional\proc\p18f4620.asm
                   WDTCON   0x000fd1       data     extern E:\3.46\pic18-lt\cxx-framework\src\traditional\proc\p18f4620.asm
               LVDCONbits   0x000fd2       data     extern E:\3.46\pic18-lt\cxx-framework\src\traditional\proc\p18f4620.asm
                   LVDCON   0x000fd2       data     extern E:\3.46\pic18-lt\cxx-framework\src\traditional\proc\p18f4620.asm
              HLVDCONbits   0x000fd2       data     extern E:\3.46\pic18-lt\cxx-framework\src\traditional\proc\p18f4620.asm
                  HLVDCON   0x000fd2       data     extern E:\3.46\pic18-lt\cxx-framework\src\traditional\proc\p18f4620.asm
               OSCCONbits   0x000fd3       data     extern E:\3.46\pic18-lt\cxx-framework\src\traditional\proc\p18f4620.asm
                   OSCCON   0x000fd3       data     extern E:\3.46\pic18-lt\cxx-framework\src\traditional\proc\p18f4620.asm
                T0CONbits   0x000fd5       data     extern E:\3.46\pic18-lt\cxx-framework\src\traditional\proc\p18f4620.asm
                    T0CON   0x000fd5       data     extern E:\3.46\pic18-lt\cxx-framework\src\traditional\proc\p18f4620.asm
                    TMR0L   0x000fd6       data     extern E:\3.46\pic18-lt\cxx-framework\src\traditional\proc\p18f4620.asm
                    TMR0H   0x000fd7       data     extern E:\3.46\pic18-lt\cxx-framework\src\traditional\proc\p18f4620.asm
                   STATUS   0x000fd8       data     extern E:\3.46\pic18-lt\cxx-framework\src\traditional\proc\p18f4620.asm
               STATUSbits   0x000fd8       data     extern E:\3.46\pic18-lt\cxx-framework\src\traditional\proc\p18f4620.asm
                     FSR2   0x000fd9       data     extern E:\3.46\pic18-lt\cxx-framework\src\traditional\proc\p18f4620.asm
                    FSR2L   0x000fd9       data     extern E:\3.46\pic18-lt\cxx-framework\src\traditional\proc\p18f4620.asm
                    FSR2H   0x000fda       data     extern E:\3.46\pic18-lt\cxx-framework\src\traditional\proc\p18f4620.asm
                   PLUSW2   0x000fdb       data     extern E:\3.46\pic18-lt\cxx-framework\src\traditional\proc\p18f4620.asm
                  PREINC2   0x000fdc       data     extern E:\3.46\pic18-lt\cxx-framework\src\traditional\proc\p18f4620.asm
                 POSTDEC2   0x000fdd       data     extern E:\3.46\pic18-lt\cxx-framework\src\traditional\proc\p18f4620.asm
                 POSTINC2   0x000fde       data     extern E:\3.46\pic18-lt\cxx-framework\src\traditional\proc\p18f4620.asm
                    INDF2   0x000fdf       data     extern E:\3.46\pic18-lt\cxx-framework\src\traditional\proc\p18f4620.asm
                      BSR   0x000fe0       data     extern E:\3.46\pic18-lt\cxx-framework\src\traditional\proc\p18f4620.asm
                     FSR1   0x000fe1       data     extern E:\3.46\pic18-lt\cxx-framework\src\traditional\proc\p18f4620.asm
                    FSR1L   0x000fe1       data     extern E:\3.46\pic18-lt\cxx-framework\src\traditional\proc\p18f4620.asm
                    FSR1H   0x000fe2       data     extern E:\3.46\pic18-lt\cxx-framework\src\traditional\proc\p18f4620.asm
                   PLUSW1   0x000fe3       data     extern E:\3.46\pic18-lt\cxx-framework\src\traditional\proc\p18f4620.asm
                  PREINC1   0x000fe4       data     extern E:\3.46\pic18-lt\cxx-framework\src\traditional\proc\p18f4620.asm
                 POSTDEC1   0x000fe5       data     extern E:\3.46\pic18-lt\cxx-framework\src\traditional\proc\p18f4620.asm
                 POSTINC1   0x000fe6       data     extern E:\3.46\pic18-lt\cxx-framework\src\traditional\proc\p18f4620.asm
                    INDF1   0x000fe7       data     extern E:\3.46\pic18-lt\cxx-framework\src\traditional\proc\p18f4620.asm
                        W   0x000fe8       data     extern E:\3.46\pic18-lt\cxx-framework\src\traditional\proc\p18f4620.asm
                     WREG   0x000fe8       data     extern E:\3.46\pic18-lt\cxx-framework\src\traditional\proc\p18f4620.asm
                    FSR0L   0x000fe9       data     extern E:\3.46\pic18-lt\cxx-framework\src\traditional\proc\p18f4620.asm
                     FSR0   0x000fe9       data     extern E:\3.46\pic18-lt\cxx-framework\src\traditional\proc\p18f4620.asm
                    FSR0H   0x000fea       data     extern E:\3.46\pic18-lt\cxx-framework\src\traditional\proc\p18f4620.asm
                   PLUSW0   0x000feb       data     extern E:\3.46\pic18-lt\cxx-framework\src\traditional\proc\p18f4620.asm
                  PREINC0   0x000fec       data     extern E:\3.46\pic18-lt\cxx-framework\src\traditional\proc\p18f4620.asm
                 POSTDEC0   0x000fed       data     extern E:\3.46\pic18-lt\cxx-framework\src\traditional\proc\p18f4620.asm
                 POSTINC0   0x000fee       data     extern E:\3.46\pic18-lt\cxx-framework\src\traditional\proc\p18f4620.asm
                    INDF0   0x000fef       data     extern E:\3.46\pic18-lt\cxx-framework\src\traditional\proc\p18f4620.asm
              INTCON3bits   0x000ff0       data     extern E:\3.46\pic18-lt\cxx-framework\src\traditional\proc\p18f4620.asm
                  INTCON3   0x000ff0       data     extern E:\3.46\pic18-lt\cxx-framework\src\traditional\proc\p18f4620.asm
                  INTCON2   0x000ff1       data     extern E:\3.46\pic18-lt\cxx-framework\src\traditional\proc\p18f4620.asm
              INTCON2bits   0x000ff1       data     extern E:\3.46\pic18-lt\cxx-framework\src\traditional\proc\p18f4620.asm
                   INTCON   0x000ff2       data     extern E:\3.46\pic18-lt\cxx-framework\src\traditional\proc\p18f4620.asm
               INTCONbits   0x000ff2       data     extern E:\3.46\pic18-lt\cxx-framework\src\traditional\proc\p18f4620.asm
                     PROD   0x000ff3       data     extern E:\3.46\pic18-lt\cxx-framework\src\traditional\proc\p18f4620.asm
                    PRODL   0x000ff3       data     extern E:\3.46\pic18-lt\cxx-framework\src\traditional\proc\p18f4620.asm
                    PRODH   0x000ff4       data     extern E:\3.46\pic18-lt\cxx-framework\src\traditional\proc\p18f4620.asm
                   TABLAT   0x000ff5       data     extern E:\3.46\pic18-lt\cxx-framework\src\traditional\proc\p18f4620.asm
                  TBLPTRL   0x000ff6       data     extern E:\3.46\pic18-lt\cxx-framework\src\traditional\proc\p18f4620.asm
                   TBLPTR   0x000ff6       data     extern E:\3.46\pic18-lt\cxx-framework\src\traditional\proc\p18f4620.asm
                  TBLPTRH   0x000ff7       data     extern E:\3.46\pic18-lt\cxx-framework\src\traditional\proc\p18f4620.asm
                  TBLPTRU   0x000ff8       data     extern E:\3.46\pic18-lt\cxx-framework\src\traditional\proc\p18f4620.asm
                       PC   0x000ff9       data     extern E:\3.46\pic18-lt\cxx-framework\src\traditional\proc\p18f4620.asm
                      PCL   0x000ff9       data     extern E:\3.46\pic18-lt\cxx-framework\src\traditional\proc\p18f4620.asm
                   PCLATH   0x000ffa       data     extern E:\3.46\pic18-lt\cxx-framework\src\traditional\proc\p18f4620.asm
                   PCLATU   0x000ffb       data     extern E:\3.46\pic18-lt\cxx-framework\src\traditional\proc\p18f4620.asm
                   STKPTR   0x000ffc       data     extern E:\3.46\pic18-lt\cxx-framework\src\traditional\proc\p18f4620.asm
               STKPTRbits   0x000ffc       data     extern E:\3.46\pic18-lt\cxx-framework\src\traditional\proc\p18f4620.asm
                      TOS   0x000ffd       data     extern E:\3.46\pic18-lt\cxx-framework\src\traditional\proc\p18f4620.asm
                     TOSL   0x000ffd       data     extern E:\3.46\pic18-lt\cxx-framework\src\traditional\proc\p18f4620.asm
                     TOSH   0x000ffe       data     extern E:\3.46\pic18-lt\cxx-framework\src\traditional\proc\p18f4620.asm
                     TOSU   0x000fff       data     extern E:\3.46\pic18-lt\cxx-framework\src\traditional\proc\p18f4620.asm


