MPLINK 5.00, LINKER
Linker Map File - Created Mon Dec 26 16:16:42 2022

                                 Section Info
                  Section       Type    Address   Location Size(Bytes)
                ---------  ---------  ---------  ---------  ---------
               _entry_scn       code   0x000000    program   0x000006
          .romdata_menu.o    romdata   0x000006    program   0x000002
      InterruptVectorHigh       code   0x000008    program   0x000006
           .code___init.o       code   0x00000e    program   0x000002
          .idata_uart.o_i    romdata   0x000010    program   0x000003
     .idata_interrupt.o_i    romdata   0x000013    program   0x000004
         .idata_c018i.o_i    romdata   0x000017    program   0x000000
      .idata_fxd3232u.o_i    romdata   0x000017    program   0x000000
      .idata_fxd1616u.o_i    romdata   0x000017    program   0x000000
            .code_c018i.o       code   0x000018    program   0x000000
       InterruptVectorLow       code   0x000018    program   0x000006
                   .cinit    romdata   0x00001e    program   0x000062
             .code_menu.o       code   0x000080    program   0x001ad8
             .code_main.o       code   0x001b58    program   0x000ca6
              .code_lcd.o       code   0x0027fe    program   0x00085a
             .stringtable    romdata   0x003058    program   0x000639
        .romdata___init.o    romdata   0x003691    program   0x000000
        .idata___init.o_i    romdata   0x003691    program   0x000000
       .romdata_fxm3232.o    romdata   0x003691    program   0x000000
       .idata_fxm3232.o_i    romdata   0x003691    program   0x000000
      .romdata_fxd3232u.o    romdata   0x003691    program   0x000000
      .romdata_fxd2424u.o    romdata   0x003691    program   0x000000
      .idata_fxd2424u.o_i    romdata   0x003691    program   0x000000
      .romdata_fxd1616u.o    romdata   0x003691    program   0x000000
      .romdata_fxd0808u.o    romdata   0x003691    program   0x000000
      .idata_fxd0808u.o_i    romdata   0x003691    program   0x000000
          .romdata_uart.o    romdata   0x003691    program   0x000000
         .romdata_c018i.o    romdata   0x003691    program   0x000000
        .romdata_button.o    romdata   0x003691    program   0x000000
     .romdata_interrupt.o    romdata   0x003691    program   0x000000
          .romdata_main.o    romdata   0x003691    program   0x000000
           .romdata_lcd.o    romdata   0x003691    program   0x000000
           .romdata_i2c.o    romdata   0x003691    program   0x000000
         .romdata_timer.o    romdata   0x003691    program   0x000000
             .code_uart.o       code   0x003692    program   0x0003a4
           .code_button.o       code   0x003a36    program   0x0002a2
            .code_timer.o       code   0x003cd8    program   0x000264
              .code_i2c.o       code   0x003f3c    program   0x0001cc
        .code_interrupt.o       code   0x004108    program   0x000160
                     PROG       code   0x004268    program   0x000100
               _cinit_scn       code   0x004368    program   0x00009e
          .code_fxm3232.o       code   0x004406    program   0x000070
         .code_fxd3232u.o       code   0x004476    program   0x000048
         .code_fxd2424u.o       code   0x0044be    program   0x00003a
         .code_fxd1616u.o       code   0x0044f8    program   0x00002c
                    .code       code   0x004524    program   0x000020
             _startup_scn       code   0x004544    program   0x00001c
         .code_fxd0808u.o       code   0x004560    program   0x00001c
         .idata_timer.o_i    romdata   0x00457c    program   0x000020
          .idata_menu.o_i    romdata   0x00459c    program   0x000037
          .idata_main.o_i    romdata   0x0045d3    program   0x000013
           .idata_lcd.o_i    romdata   0x0045e6    program   0x000061
           .idata_i2c.o_i    romdata   0x004647    program   0x00001b
        .idata_button.o_i    romdata   0x004662    program   0x000028
    .config_300001_main.o    romdata   0x300001    program   0x000001
    .config_300002_main.o    romdata   0x300002    program   0x000001
    .config_300003_main.o    romdata   0x300003    program   0x000001
    .config_300005_main.o    romdata   0x300005    program   0x000001
    .config_300006_main.o    romdata   0x300006    program   0x000001
    .config_300008_main.o    romdata   0x300008    program   0x000001
    .config_300009_main.o    romdata   0x300009    program   0x000001
    .config_30000a_main.o    romdata   0x30000a    program   0x000001
    .config_30000b_main.o    romdata   0x30000b    program   0x000001
    .config_30000c_main.o    romdata   0x30000c    program   0x000001
    .config_30000d_main.o    romdata   0x30000d    program   0x000001
                MATH_DATA      udata   0x000000       data   0x000014
                 .tmpdata      udata   0x000014       data   0x00000a
             .idata_lcd.o      idata   0x000080       data   0x000061
             .idata_i2c.o      idata   0x0000e1       data   0x00001b
             .udata_lcd.o      udata   0x0000fc       data   0x000004
          .idata_button.o      idata   0x000100       data   0x000028
           .idata_timer.o      idata   0x000128       data   0x000020
            .idata_main.o      idata   0x000148       data   0x000013
            .udata_menu.o      udata   0x00015b       data   0x000010
           .udata_c018i.o      udata   0x00016b       data   0x00000a
         .udata_fxm3232.o      udata   0x000175       data   0x000000
        .idata_fxd3232u.o      idata   0x000175       data   0x000000
        .udata_fxd0808u.o      udata   0x000175       data   0x000000
        .idata_fxd0808u.o      idata   0x000175       data   0x000000
        .udata_fxd1616u.o      udata   0x000175       data   0x000000
        .idata_fxd1616u.o      idata   0x000175       data   0x000000
        .udata_fxd2424u.o      udata   0x000175       data   0x000000
        .idata_fxd2424u.o      idata   0x000175       data   0x000000
        .udata_fxd3232u.o      udata   0x000175       data   0x000000
         .idata_fxm3232.o      idata   0x000175       data   0x000000
          .udata___init.o      udata   0x000175       data   0x000000
            .udata_main.o      udata   0x000175       data   0x000000
          .idata___init.o      idata   0x000175       data   0x000000
           .udata_timer.o      udata   0x000175       data   0x000000
       .udata_interrupt.o      udata   0x000175       data   0x000000
          .udata_button.o      udata   0x000175       data   0x000000
           .idata_c018i.o      idata   0x000175       data   0x000000
                   .stack      udata   0x000e00       data   0x000100
            .udata_uart.o      udata   0x000f00       data   0x000041
            .idata_menu.o      idata   0x000f41       data   0x000037
       .idata_interrupt.o      idata   0x000f78       data   0x000004
            .idata_uart.o      idata   0x000f7c       data   0x000003
             .udata_i2c.o      udata   0x000f7f       data   0x000001
            SFR_UNBANKED0      udata   0x000f80       data   0x000080



                              Program Memory Usage 
                               Start         End      
                           ---------   ---------      
                            0x000000    0x000016      
                            0x000018    0x003690      
                            0x003692    0x004689      
                            0x300001    0x300003      
                            0x300005    0x300006      
                            0x300008    0x30000d      
            18067 out of 66584 program addresses used, program memory utilization is 27%



                              Symbols - Sorted by Name
                     Name    Address   Location    Storage File                     
                ---------  ---------  ---------  --------- ---------                
                    Alarm   0x0024e6    program     extern D:\Subjects\DA TKLL document\Project\TKLL\main.c
                  BCD2Dec   0x003f3c    program     extern D:\Subjects\DA TKLL document\Project\TKLL\i2c\i2c.c
               BaiTap_I2C   0x001d5e    program     extern D:\Subjects\DA TKLL document\Project\TKLL\main.c
              CompareTime   0x0024c8    program     extern D:\Subjects\DA TKLL document\Project\TKLL\main.c
                   D1616S   0x00428a    program     static E:\3.46\pic18-lt\cxx-framework\src\traditional\math\fxd1616s.asm
                D1616SNEG   0x004298    program     static E:\3.46\pic18-lt\cxx-framework\src\traditional\math\fxd1616s.asm
                 D1616SOK   0x004294    program     static E:\3.46\pic18-lt\cxx-framework\src\traditional\math\fxd1616s.asm
                  D1616SX   0x0042aa    program     static E:\3.46\pic18-lt\cxx-framework\src\traditional\math\fxd1616s.asm
                   D2424S   0x0042de    program     static E:\3.46\pic18-lt\cxx-framework\src\traditional\math\fxd2424s.asm
                D2424SNEG   0x0042ec    program     static E:\3.46\pic18-lt\cxx-framework\src\traditional\math\fxd2424s.asm
                 D2424SOK   0x0042e8    program     static E:\3.46\pic18-lt\cxx-framework\src\traditional\math\fxd2424s.asm
                  D2424SX   0x004304    program     static E:\3.46\pic18-lt\cxx-framework\src\traditional\math\fxd2424s.asm
                  DA1616S   0x00427a    program     static E:\3.46\pic18-lt\cxx-framework\src\traditional\math\fxd1616s.asm
                  DA2424S   0x0042ca    program     static E:\3.46\pic18-lt\cxx-framework\src\traditional\math\fxd2424s.asm
                  Dec2BCD   0x003f60    program     extern D:\Subjects\DA TKLL document\Project\TKLL\i2c\i2c.c
         DisplayAlarmTime   0x001fd0    program     extern D:\Subjects\DA TKLL document\Project\TKLL\main.c
         DisplayLcdScreen   0x002bb8    program     extern D:\Subjects\DA TKLL document\Project\TKLL\lcd\lcd.c
        DisplayLcdScreen2   0x002c38    program     extern D:\Subjects\DA TKLL document\Project\TKLL\lcd\lcd.c
      DisplayLcdScreenOld   0x002c76    program     extern D:\Subjects\DA TKLL document\Project\TKLL\lcd\lcd.c
              DisplayTime   0x001dce    program     extern D:\Subjects\DA TKLL document\Project\TKLL\main.c
                 FXD0808U   0x004560    program     extern E:\3.46\pic18-lt\cxx-framework\src\traditional\math\fxd0808u.c
                 FXD1616S   0x004268    program     extern E:\3.46\pic18-lt\cxx-framework\src\traditional\math\fxd1616s.asm
                 FXD1616U   0x0044f8    program     extern E:\3.46\pic18-lt\cxx-framework\src\traditional\math\fxd1616u.c
                 FXD2424S   0x0042b4    program     extern E:\3.46\pic18-lt\cxx-framework\src\traditional\math\fxd2424s.asm
                 FXD2424U   0x0044be    program     extern E:\3.46\pic18-lt\cxx-framework\src\traditional\math\fxd2424u.c
                 FXD3232U   0x004476    program     extern E:\3.46\pic18-lt\cxx-framework\src\traditional\math\fxd3232u.c
                 FXM1616S   0x00430e    program     extern E:\3.46\pic18-lt\cxx-framework\src\traditional\math\fxm1616s.asm
                  FXM3232   0x004406    program     extern E:\3.46\pic18-lt\cxx-framework\src\traditional\math\fxm3232.c
      InterruptVectorHigh   0x000008    program     extern D:\Subjects\DA TKLL document\Project\TKLL\interrupt\interrupt.c
       InterruptVectorLow   0x000018    program     extern D:\Subjects\DA TKLL document\Project\TKLL\interrupt\interrupt.c
                LcdClearS   0x002b68    program     extern D:\Subjects\DA TKLL document\Project\TKLL\lcd\lcd.c
            LcdPrintCharS   0x002c98    program     extern D:\Subjects\DA TKLL document\Project\TKLL\lcd\lcd.c
              LcdPrintNum   0x002b04    program     extern D:\Subjects\DA TKLL document\Project\TKLL\lcd\lcd.c
             LcdPrintNumS   0x002cba    program     extern D:\Subjects\DA TKLL document\Project\TKLL\lcd\lcd.c
           LcdPrintString   0x002b2a    program     extern D:\Subjects\DA TKLL document\Project\TKLL\lcd\lcd.c
          LcdPrintStringS   0x002d56    program     extern D:\Subjects\DA TKLL document\Project\TKLL\lcd\lcd.c
       ReadDataFromDS1307   0x001d34    program     extern D:\Subjects\DA TKLL document\Project\TKLL\main.c
              Read_DS1307   0x0040ac    program     extern D:\Subjects\DA TKLL document\Project\TKLL\i2c\i2c.c
             SetTimer0_ms   0x003e14    program     extern D:\Subjects\DA TKLL document\Project\TKLL\timer\timer.c
             SetTimer1_ms   0x003e2c    program     extern D:\Subjects\DA TKLL document\Project\TKLL\timer\timer.c
             SetTimer3_ms   0x003e5e    program     extern D:\Subjects\DA TKLL document\Project\TKLL\timer\timer.c
               SetUpAlarm   0x00229c    program     extern D:\Subjects\DA TKLL document\Project\TKLL\main.c
                SetUpTime   0x00204e    program     extern D:\Subjects\DA TKLL document\Project\TKLL\main.c
     SetupForFirstProgram   0x001cfc    program     extern D:\Subjects\DA TKLL document\Project\TKLL\main.c
     SetupTimeForRealTime   0x001cb8    program     extern D:\Subjects\DA TKLL document\Project\TKLL\main.c
               TSIGN1616A   0x00435a    program     static E:\3.46\pic18-lt\cxx-framework\src\traditional\math\fxm1616s.asm
              UartSendNum   0x003804    program     extern D:\Subjects\DA TKLL document\Project\TKLL\uart\uart.c
           UartSendString   0x003912    program     extern D:\Subjects\DA TKLL document\Project\TKLL\uart\uart.c
             Write_DS1307   0x004096    program     extern D:\Subjects\DA TKLL document\Project\TKLL\i2c\i2c.c
       ___return_lbl00000   0x004474    program     static                          
       ___return_lbl00000   0x000004    program     static                          
       ___return_lbl00000   0x00457a    program     static                          
       ___return_lbl00000   0x004522    program     static                          
       ___return_lbl00000   0x0044f6    program     static                          
       ___return_lbl00000   0x0044bc    program     static                          
       ___return_lbl00001   0x00455e    program     static                          
       ___return_lbl00002   0x00001c    program     static                          
       ___return_lbl00002   0x004404    program     static                          
       ___return_lbl00003   0x00000c    program     static                          
               __config_0   0x300001    program     static D:\Subjects\DA TKLL document\Project\TKLL\main.c
               __config_1   0x300002    program     static D:\Subjects\DA TKLL document\Project\TKLL\main.c
              __config_10   0x30000d    program     static D:\Subjects\DA TKLL document\Project\TKLL\main.c
               __config_2   0x300003    program     static D:\Subjects\DA TKLL document\Project\TKLL\main.c
               __config_3   0x300005    program     static D:\Subjects\DA TKLL document\Project\TKLL\main.c
               __config_4   0x300006    program     static D:\Subjects\DA TKLL document\Project\TKLL\main.c
               __config_5   0x300008    program     static D:\Subjects\DA TKLL document\Project\TKLL\main.c
               __config_6   0x300009    program     static D:\Subjects\DA TKLL document\Project\TKLL\main.c
               __config_7   0x30000a    program     static D:\Subjects\DA TKLL document\Project\TKLL\main.c
               __config_8   0x30000b    program     static D:\Subjects\DA TKLL document\Project\TKLL\main.c
               __config_9   0x30000c    program     static D:\Subjects\DA TKLL document\Project\TKLL\main.c
                   __init   0x00000e    program     extern E:\3.46\pic18-lt\cxx-framework\src\traditional\stdclib\__init.c
                   __pa_0   0x0017ec    program     static D:\Subjects\DA TKLL document\Project\TKLL\menu\menu.c
                   __pa_0   0x003e90    program     static D:\Subjects\DA TKLL document\Project\TKLL\timer\timer.c
                   __pa_0   0x0041ee    program     static D:\Subjects\DA TKLL document\Project\TKLL\interrupt\interrupt.c
                   __pa_0   0x0040ba    program     static D:\Subjects\DA TKLL document\Project\TKLL\i2c\i2c.c
                   __pa_0   0x00256c    program     static D:\Subjects\DA TKLL document\Project\TKLL\main.c
                   __pa_0   0x003bbc    program     static D:\Subjects\DA TKLL document\Project\TKLL\button_matrix\button.c
                   __pa_0   0x003958    program     static D:\Subjects\DA TKLL document\Project\TKLL\uart\uart.c
                   __pa_0   0x002d88    program     static D:\Subjects\DA TKLL document\Project\TKLL\lcd\lcd.c
                   __pa_1   0x0040c4    program     static D:\Subjects\DA TKLL document\Project\TKLL\i2c\i2c.c
                   __pa_1   0x003976    program     static D:\Subjects\DA TKLL document\Project\TKLL\uart\uart.c
                   __pa_1   0x003ebc    program     static D:\Subjects\DA TKLL document\Project\TKLL\timer\timer.c
                   __pa_1   0x002d96    program     static D:\Subjects\DA TKLL document\Project\TKLL\lcd\lcd.c
                   __pa_1   0x003bdc    program     static D:\Subjects\DA TKLL document\Project\TKLL\button_matrix\button.c
                   __pa_1   0x0017fa    program     static D:\Subjects\DA TKLL document\Project\TKLL\menu\menu.c
                   __pa_1   0x004218    program     static D:\Subjects\DA TKLL document\Project\TKLL\interrupt\interrupt.c
                   __pa_1   0x002580    program     static D:\Subjects\DA TKLL document\Project\TKLL\main.c
                  __pa_10   0x001884    program     static D:\Subjects\DA TKLL document\Project\TKLL\menu\menu.c
                  __pa_10   0x002e1a    program     static D:\Subjects\DA TKLL document\Project\TKLL\lcd\lcd.c
                  __pa_10   0x00261c    program     static D:\Subjects\DA TKLL document\Project\TKLL\main.c
                  __pa_10   0x003f2e    program     static D:\Subjects\DA TKLL document\Project\TKLL\timer\timer.c
                  __pa_10   0x003c68    program     static D:\Subjects\DA TKLL document\Project\TKLL\button_matrix\button.c
                  __pa_10   0x0039f2    program     static D:\Subjects\DA TKLL document\Project\TKLL\uart\uart.c
                  __pa_11   0x001892    program     static D:\Subjects\DA TKLL document\Project\TKLL\menu\menu.c
                  __pa_11   0x003a00    program     static D:\Subjects\DA TKLL document\Project\TKLL\uart\uart.c
                  __pa_11   0x002e34    program     static D:\Subjects\DA TKLL document\Project\TKLL\lcd\lcd.c
                  __pa_11   0x002624    program     static D:\Subjects\DA TKLL document\Project\TKLL\main.c
                  __pa_11   0x003ca8    program     static D:\Subjects\DA TKLL document\Project\TKLL\button_matrix\button.c
                  __pa_12   0x003a12    program     static D:\Subjects\DA TKLL document\Project\TKLL\uart\uart.c
                  __pa_12   0x00262c    program     static D:\Subjects\DA TKLL document\Project\TKLL\main.c
                  __pa_12   0x003cb4    program     static D:\Subjects\DA TKLL document\Project\TKLL\button_matrix\button.c
                  __pa_12   0x002e4e    program     static D:\Subjects\DA TKLL document\Project\TKLL\lcd\lcd.c
                  __pa_12   0x00189e    program     static D:\Subjects\DA TKLL document\Project\TKLL\menu\menu.c
                  __pa_13   0x0018b2    program     static D:\Subjects\DA TKLL document\Project\TKLL\menu\menu.c
                  __pa_13   0x002e66    program     static D:\Subjects\DA TKLL document\Project\TKLL\lcd\lcd.c
                  __pa_13   0x002636    program     static D:\Subjects\DA TKLL document\Project\TKLL\main.c
                  __pa_13   0x003cbc    program     static D:\Subjects\DA TKLL document\Project\TKLL\button_matrix\button.c
                  __pa_13   0x003a24    program     static D:\Subjects\DA TKLL document\Project\TKLL\uart\uart.c
                  __pa_14   0x002640    program     static D:\Subjects\DA TKLL document\Project\TKLL\main.c
                  __pa_14   0x002e7e    program     static D:\Subjects\DA TKLL document\Project\TKLL\lcd\lcd.c
                  __pa_14   0x003cc6    program     static D:\Subjects\DA TKLL document\Project\TKLL\button_matrix\button.c
                  __pa_14   0x0018bc    program     static D:\Subjects\DA TKLL document\Project\TKLL\menu\menu.c
                  __pa_15   0x00264a    program     static D:\Subjects\DA TKLL document\Project\TKLL\main.c
                  __pa_15   0x0018ca    program     static D:\Subjects\DA TKLL document\Project\TKLL\menu\menu.c
                  __pa_15   0x002e96    program     static D:\Subjects\DA TKLL document\Project\TKLL\lcd\lcd.c
                  __pa_16   0x00265c    program     static D:\Subjects\DA TKLL document\Project\TKLL\main.c
                  __pa_16   0x002ea6    program     static D:\Subjects\DA TKLL document\Project\TKLL\lcd\lcd.c
                  __pa_16   0x0018f2    program     static D:\Subjects\DA TKLL document\Project\TKLL\menu\menu.c
                  __pa_17   0x002eb8    program     static D:\Subjects\DA TKLL document\Project\TKLL\lcd\lcd.c
                  __pa_17   0x002668    program     static D:\Subjects\DA TKLL document\Project\TKLL\main.c
                  __pa_17   0x0018fe    program     static D:\Subjects\DA TKLL document\Project\TKLL\menu\menu.c
                  __pa_18   0x002676    program     static D:\Subjects\DA TKLL document\Project\TKLL\main.c
                  __pa_18   0x002ec4    program     static D:\Subjects\DA TKLL document\Project\TKLL\lcd\lcd.c
                  __pa_18   0x001910    program     static D:\Subjects\DA TKLL document\Project\TKLL\menu\menu.c
                  __pa_19   0x001922    program     static D:\Subjects\DA TKLL document\Project\TKLL\menu\menu.c
                  __pa_19   0x002ed6    program     static D:\Subjects\DA TKLL document\Project\TKLL\lcd\lcd.c
                  __pa_19   0x002684    program     static D:\Subjects\DA TKLL document\Project\TKLL\main.c
                   __pa_2   0x003ec6    program     static D:\Subjects\DA TKLL document\Project\TKLL\timer\timer.c
                   __pa_2   0x0040cc    program     static D:\Subjects\DA TKLL document\Project\TKLL\i2c\i2c.c
                   __pa_2   0x003bf6    program     static D:\Subjects\DA TKLL document\Project\TKLL\button_matrix\button.c
                   __pa_2   0x002da2    program     static D:\Subjects\DA TKLL document\Project\TKLL\lcd\lcd.c
                   __pa_2   0x003984    program     static D:\Subjects\DA TKLL document\Project\TKLL\uart\uart.c
                   __pa_2   0x00258e    program     static D:\Subjects\DA TKLL document\Project\TKLL\main.c
                   __pa_2   0x001806    program     static D:\Subjects\DA TKLL document\Project\TKLL\menu\menu.c
                   __pa_2   0x00423e    program     static D:\Subjects\DA TKLL document\Project\TKLL\interrupt\interrupt.c
                  __pa_20   0x002ee8    program     static D:\Subjects\DA TKLL document\Project\TKLL\lcd\lcd.c
                  __pa_20   0x002692    program     static D:\Subjects\DA TKLL document\Project\TKLL\main.c
                  __pa_20   0x001934    program     static D:\Subjects\DA TKLL document\Project\TKLL\menu\menu.c
                  __pa_21   0x002ef2    program     static D:\Subjects\DA TKLL document\Project\TKLL\lcd\lcd.c
                  __pa_21   0x0026a0    program     static D:\Subjects\DA TKLL document\Project\TKLL\main.c
                  __pa_21   0x001942    program     static D:\Subjects\DA TKLL document\Project\TKLL\menu\menu.c
                  __pa_22   0x002efa    program     static D:\Subjects\DA TKLL document\Project\TKLL\lcd\lcd.c
                  __pa_22   0x0026aa    program     static D:\Subjects\DA TKLL document\Project\TKLL\main.c
                  __pa_22   0x00194e    program     static D:\Subjects\DA TKLL document\Project\TKLL\menu\menu.c
                  __pa_23   0x0026b4    program     static D:\Subjects\DA TKLL document\Project\TKLL\main.c
                  __pa_23   0x001956    program     static D:\Subjects\DA TKLL document\Project\TKLL\menu\menu.c
                  __pa_23   0x002f08    program     static D:\Subjects\DA TKLL document\Project\TKLL\lcd\lcd.c
                  __pa_24   0x001960    program     static D:\Subjects\DA TKLL document\Project\TKLL\menu\menu.c
                  __pa_24   0x002f16    program     static D:\Subjects\DA TKLL document\Project\TKLL\lcd\lcd.c
                  __pa_24   0x0026be    program     static D:\Subjects\DA TKLL document\Project\TKLL\main.c
                  __pa_25   0x00196a    program     static D:\Subjects\DA TKLL document\Project\TKLL\menu\menu.c
                  __pa_25   0x002f24    program     static D:\Subjects\DA TKLL document\Project\TKLL\lcd\lcd.c
                  __pa_25   0x0026c4    program     static D:\Subjects\DA TKLL document\Project\TKLL\main.c
                  __pa_26   0x0026ce    program     static D:\Subjects\DA TKLL document\Project\TKLL\main.c
                  __pa_26   0x002f2e    program     static D:\Subjects\DA TKLL document\Project\TKLL\lcd\lcd.c
                  __pa_26   0x001972    program     static D:\Subjects\DA TKLL document\Project\TKLL\menu\menu.c
                  __pa_27   0x0026d6    program     static D:\Subjects\DA TKLL document\Project\TKLL\main.c
                  __pa_27   0x001982    program     static D:\Subjects\DA TKLL document\Project\TKLL\menu\menu.c
                  __pa_27   0x002f40    program     static D:\Subjects\DA TKLL document\Project\TKLL\lcd\lcd.c
                  __pa_28   0x002f4c    program     static D:\Subjects\DA TKLL document\Project\TKLL\lcd\lcd.c
                  __pa_28   0x001990    program     static D:\Subjects\DA TKLL document\Project\TKLL\menu\menu.c
                  __pa_28   0x0026e4    program     static D:\Subjects\DA TKLL document\Project\TKLL\main.c
                  __pa_29   0x002f58    program     static D:\Subjects\DA TKLL document\Project\TKLL\lcd\lcd.c
                  __pa_29   0x0026f2    program     static D:\Subjects\DA TKLL document\Project\TKLL\main.c
                  __pa_29   0x00199a    program     static D:\Subjects\DA TKLL document\Project\TKLL\menu\menu.c
                   __pa_3   0x00424c    program     static D:\Subjects\DA TKLL document\Project\TKLL\interrupt\interrupt.c
                   __pa_3   0x001812    program     static D:\Subjects\DA TKLL document\Project\TKLL\menu\menu.c
                   __pa_3   0x00259a    program     static D:\Subjects\DA TKLL document\Project\TKLL\main.c
                   __pa_3   0x002db0    program     static D:\Subjects\DA TKLL document\Project\TKLL\lcd\lcd.c
                   __pa_3   0x003ece    program     static D:\Subjects\DA TKLL document\Project\TKLL\timer\timer.c
                   __pa_3   0x003c08    program     static D:\Subjects\DA TKLL document\Project\TKLL\button_matrix\button.c
                   __pa_3   0x00398e    program     static D:\Subjects\DA TKLL document\Project\TKLL\uart\uart.c
                   __pa_3   0x0040de    program     static D:\Subjects\DA TKLL document\Project\TKLL\i2c\i2c.c
                  __pa_30   0x002700    program     static D:\Subjects\DA TKLL document\Project\TKLL\main.c
                  __pa_30   0x0019a4    program     static D:\Subjects\DA TKLL document\Project\TKLL\menu\menu.c
                  __pa_30   0x002f64    program     static D:\Subjects\DA TKLL document\Project\TKLL\lcd\lcd.c
                  __pa_31   0x00270e    program     static D:\Subjects\DA TKLL document\Project\TKLL\main.c
                  __pa_31   0x0019a6    program     static D:\Subjects\DA TKLL document\Project\TKLL\menu\menu.c
                  __pa_31   0x002f6e    program     static D:\Subjects\DA TKLL document\Project\TKLL\lcd\lcd.c
                  __pa_32   0x0019ae    program     static D:\Subjects\DA TKLL document\Project\TKLL\menu\menu.c
                  __pa_32   0x002718    program     static D:\Subjects\DA TKLL document\Project\TKLL\main.c
                  __pa_32   0x002f80    program     static D:\Subjects\DA TKLL document\Project\TKLL\lcd\lcd.c
                  __pa_33   0x0019b2    program     static D:\Subjects\DA TKLL document\Project\TKLL\menu\menu.c
                  __pa_33   0x002724    program     static D:\Subjects\DA TKLL document\Project\TKLL\main.c
                  __pa_33   0x002f96    program     static D:\Subjects\DA TKLL document\Project\TKLL\lcd\lcd.c
                  __pa_34   0x00272a    program     static D:\Subjects\DA TKLL document\Project\TKLL\main.c
                  __pa_34   0x0019bc    program     static D:\Subjects\DA TKLL document\Project\TKLL\menu\menu.c
                  __pa_34   0x002fac    program     static D:\Subjects\DA TKLL document\Project\TKLL\lcd\lcd.c
                  __pa_35   0x0019ca    program     static D:\Subjects\DA TKLL document\Project\TKLL\menu\menu.c
                  __pa_35   0x002fb4    program     static D:\Subjects\DA TKLL document\Project\TKLL\lcd\lcd.c
                  __pa_35   0x002730    program     static D:\Subjects\DA TKLL document\Project\TKLL\main.c
                  __pa_36   0x0019d8    program     static D:\Subjects\DA TKLL document\Project\TKLL\menu\menu.c
                  __pa_36   0x002fbe    program     static D:\Subjects\DA TKLL document\Project\TKLL\lcd\lcd.c
                  __pa_36   0x002738    program     static D:\Subjects\DA TKLL document\Project\TKLL\main.c
                  __pa_37   0x0019e6    program     static D:\Subjects\DA TKLL document\Project\TKLL\menu\menu.c
                  __pa_37   0x002fcc    program     static D:\Subjects\DA TKLL document\Project\TKLL\lcd\lcd.c
                  __pa_37   0x00273e    program     static D:\Subjects\DA TKLL document\Project\TKLL\main.c
                  __pa_38   0x0019f4    program     static D:\Subjects\DA TKLL document\Project\TKLL\menu\menu.c
                  __pa_38   0x002fd6    program     static D:\Subjects\DA TKLL document\Project\TKLL\lcd\lcd.c
                  __pa_38   0x002744    program     static D:\Subjects\DA TKLL document\Project\TKLL\main.c
                  __pa_39   0x001a02    program     static D:\Subjects\DA TKLL document\Project\TKLL\menu\menu.c
                  __pa_39   0x00274a    program     static D:\Subjects\DA TKLL document\Project\TKLL\main.c
                  __pa_39   0x002fe8    program     static D:\Subjects\DA TKLL document\Project\TKLL\lcd\lcd.c
                   __pa_4   0x00425a    program     static D:\Subjects\DA TKLL document\Project\TKLL\interrupt\interrupt.c
                   __pa_4   0x003ed6    program     static D:\Subjects\DA TKLL document\Project\TKLL\timer\timer.c
                   __pa_4   0x0040ee    program     static D:\Subjects\DA TKLL document\Project\TKLL\i2c\i2c.c
                   __pa_4   0x003996    program     static D:\Subjects\DA TKLL document\Project\TKLL\uart\uart.c
                   __pa_4   0x0025a6    program     static D:\Subjects\DA TKLL document\Project\TKLL\main.c
                   __pa_4   0x001820    program     static D:\Subjects\DA TKLL document\Project\TKLL\menu\menu.c
                   __pa_4   0x003c1a    program     static D:\Subjects\DA TKLL document\Project\TKLL\button_matrix\button.c
                   __pa_4   0x002dba    program     static D:\Subjects\DA TKLL document\Project\TKLL\lcd\lcd.c
                  __pa_40   0x00275a    program     static D:\Subjects\DA TKLL document\Project\TKLL\main.c
                  __pa_40   0x002ffa    program     static D:\Subjects\DA TKLL document\Project\TKLL\lcd\lcd.c
                  __pa_40   0x001a10    program     static D:\Subjects\DA TKLL document\Project\TKLL\menu\menu.c
                  __pa_41   0x00276a    program     static D:\Subjects\DA TKLL document\Project\TKLL\main.c
                  __pa_41   0x001a1e    program     static D:\Subjects\DA TKLL document\Project\TKLL\menu\menu.c
                  __pa_41   0x00300c    program     static D:\Subjects\DA TKLL document\Project\TKLL\lcd\lcd.c
                  __pa_42   0x001a28    program     static D:\Subjects\DA TKLL document\Project\TKLL\menu\menu.c
                  __pa_42   0x00277a    program     static D:\Subjects\DA TKLL document\Project\TKLL\main.c
                  __pa_42   0x003016    program     static D:\Subjects\DA TKLL document\Project\TKLL\lcd\lcd.c
                  __pa_43   0x00278a    program     static D:\Subjects\DA TKLL document\Project\TKLL\main.c
                  __pa_43   0x003020    program     static D:\Subjects\DA TKLL document\Project\TKLL\lcd\lcd.c
                  __pa_43   0x001a32    program     static D:\Subjects\DA TKLL document\Project\TKLL\menu\menu.c
                  __pa_44   0x003026    program     static D:\Subjects\DA TKLL document\Project\TKLL\lcd\lcd.c
                  __pa_44   0x002798    program     static D:\Subjects\DA TKLL document\Project\TKLL\main.c
                  __pa_44   0x001a3c    program     static D:\Subjects\DA TKLL document\Project\TKLL\menu\menu.c
                  __pa_45   0x003032    program     static D:\Subjects\DA TKLL document\Project\TKLL\lcd\lcd.c
                  __pa_45   0x0027a6    program     static D:\Subjects\DA TKLL document\Project\TKLL\main.c
                  __pa_45   0x001a42    program     static D:\Subjects\DA TKLL document\Project\TKLL\menu\menu.c
                  __pa_46   0x00303e    program     static D:\Subjects\DA TKLL document\Project\TKLL\lcd\lcd.c
                  __pa_46   0x0027b4    program     static D:\Subjects\DA TKLL document\Project\TKLL\main.c
                  __pa_46   0x001a46    program     static D:\Subjects\DA TKLL document\Project\TKLL\menu\menu.c
                  __pa_47   0x001a4c    program     static D:\Subjects\DA TKLL document\Project\TKLL\menu\menu.c
                  __pa_47   0x0027be    program     static D:\Subjects\DA TKLL document\Project\TKLL\main.c
                  __pa_47   0x003046    program     static D:\Subjects\DA TKLL document\Project\TKLL\lcd\lcd.c
                  __pa_48   0x001a52    program     static D:\Subjects\DA TKLL document\Project\TKLL\menu\menu.c
                  __pa_48   0x0027c8    program     static D:\Subjects\DA TKLL document\Project\TKLL\main.c
                  __pa_48   0x00304e    program     static D:\Subjects\DA TKLL document\Project\TKLL\lcd\lcd.c
                  __pa_49   0x001a62    program     static D:\Subjects\DA TKLL document\Project\TKLL\menu\menu.c
                  __pa_49   0x0027d2    program     static D:\Subjects\DA TKLL document\Project\TKLL\main.c
                   __pa_5   0x0040fa    program     static D:\Subjects\DA TKLL document\Project\TKLL\i2c\i2c.c
                   __pa_5   0x003c30    program     static D:\Subjects\DA TKLL document\Project\TKLL\button_matrix\button.c
                   __pa_5   0x002dc2    program     static D:\Subjects\DA TKLL document\Project\TKLL\lcd\lcd.c
                   __pa_5   0x001830    program     static D:\Subjects\DA TKLL document\Project\TKLL\menu\menu.c
                   __pa_5   0x0025b4    program     static D:\Subjects\DA TKLL document\Project\TKLL\main.c
                   __pa_5   0x0039a4    program     static D:\Subjects\DA TKLL document\Project\TKLL\uart\uart.c
                   __pa_5   0x003ee6    program     static D:\Subjects\DA TKLL document\Project\TKLL\timer\timer.c
                  __pa_50   0x001a6a    program     static D:\Subjects\DA TKLL document\Project\TKLL\menu\menu.c
                  __pa_50   0x0027dc    program     static D:\Subjects\DA TKLL document\Project\TKLL\main.c
                  __pa_51   0x001a7c    program     static D:\Subjects\DA TKLL document\Project\TKLL\menu\menu.c
                  __pa_51   0x0027e6    program     static D:\Subjects\DA TKLL document\Project\TKLL\main.c
                  __pa_52   0x001a8a    program     static D:\Subjects\DA TKLL document\Project\TKLL\menu\menu.c
                  __pa_52   0x0027f0    program     static D:\Subjects\DA TKLL document\Project\TKLL\main.c
                  __pa_53   0x001a98    program     static D:\Subjects\DA TKLL document\Project\TKLL\menu\menu.c
                  __pa_53   0x0027f6    program     static D:\Subjects\DA TKLL document\Project\TKLL\main.c
                  __pa_54   0x001aa6    program     static D:\Subjects\DA TKLL document\Project\TKLL\menu\menu.c
                  __pa_55   0x001ab4    program     static D:\Subjects\DA TKLL document\Project\TKLL\menu\menu.c
                  __pa_56   0x001ac2    program     static D:\Subjects\DA TKLL document\Project\TKLL\menu\menu.c
                  __pa_57   0x001aca    program     static D:\Subjects\DA TKLL document\Project\TKLL\menu\menu.c
                  __pa_58   0x001ad4    program     static D:\Subjects\DA TKLL document\Project\TKLL\menu\menu.c
                  __pa_59   0x001ade    program     static D:\Subjects\DA TKLL document\Project\TKLL\menu\menu.c
                   __pa_6   0x00183e    program     static D:\Subjects\DA TKLL document\Project\TKLL\menu\menu.c
                   __pa_6   0x002dcc    program     static D:\Subjects\DA TKLL document\Project\TKLL\lcd\lcd.c
                   __pa_6   0x003ef6    program     static D:\Subjects\DA TKLL document\Project\TKLL\timer\timer.c
                   __pa_6   0x0039ac    program     static D:\Subjects\DA TKLL document\Project\TKLL\uart\uart.c
                   __pa_6   0x003c44    program     static D:\Subjects\DA TKLL document\Project\TKLL\button_matrix\button.c
                   __pa_6   0x0025c2    program     static D:\Subjects\DA TKLL document\Project\TKLL\main.c
                  __pa_60   0x001ae4    program     static D:\Subjects\DA TKLL document\Project\TKLL\menu\menu.c
                  __pa_61   0x001aea    program     static D:\Subjects\DA TKLL document\Project\TKLL\menu\menu.c
                  __pa_62   0x001af0    program     static D:\Subjects\DA TKLL document\Project\TKLL\menu\menu.c
                  __pa_63   0x001af6    program     static D:\Subjects\DA TKLL document\Project\TKLL\menu\menu.c
                  __pa_64   0x001afc    program     static D:\Subjects\DA TKLL document\Project\TKLL\menu\menu.c
                  __pa_65   0x001b02    program     static D:\Subjects\DA TKLL document\Project\TKLL\menu\menu.c
                  __pa_66   0x001b08    program     static D:\Subjects\DA TKLL document\Project\TKLL\menu\menu.c
                  __pa_67   0x001b10    program     static D:\Subjects\DA TKLL document\Project\TKLL\menu\menu.c
                  __pa_68   0x001b18    program     static D:\Subjects\DA TKLL document\Project\TKLL\menu\menu.c
                  __pa_69   0x001b1e    program     static D:\Subjects\DA TKLL document\Project\TKLL\menu\menu.c
                   __pa_7   0x0039be    program     static D:\Subjects\DA TKLL document\Project\TKLL\uart\uart.c
                   __pa_7   0x002dde    program     static D:\Subjects\DA TKLL document\Project\TKLL\lcd\lcd.c
                   __pa_7   0x0025ce    program     static D:\Subjects\DA TKLL document\Project\TKLL\main.c
                   __pa_7   0x003c4c    program     static D:\Subjects\DA TKLL document\Project\TKLL\button_matrix\button.c
                   __pa_7   0x00185c    program     static D:\Subjects\DA TKLL document\Project\TKLL\menu\menu.c
                   __pa_7   0x003f04    program     static D:\Subjects\DA TKLL document\Project\TKLL\timer\timer.c
                  __pa_70   0x001b24    program     static D:\Subjects\DA TKLL document\Project\TKLL\menu\menu.c
                  __pa_71   0x001b2c    program     static D:\Subjects\DA TKLL document\Project\TKLL\menu\menu.c
                  __pa_72   0x001b32    program     static D:\Subjects\DA TKLL document\Project\TKLL\menu\menu.c
                  __pa_73   0x001b3c    program     static D:\Subjects\DA TKLL document\Project\TKLL\menu\menu.c
                  __pa_74   0x001b46    program     static D:\Subjects\DA TKLL document\Project\TKLL\menu\menu.c
                  __pa_75   0x001b50    program     static D:\Subjects\DA TKLL document\Project\TKLL\menu\menu.c
                   __pa_8   0x002dfc    program     static D:\Subjects\DA TKLL document\Project\TKLL\lcd\lcd.c
                   __pa_8   0x00186c    program     static D:\Subjects\DA TKLL document\Project\TKLL\menu\menu.c
                   __pa_8   0x003c56    program     static D:\Subjects\DA TKLL document\Project\TKLL\button_matrix\button.c
                   __pa_8   0x003f12    program     static D:\Subjects\DA TKLL document\Project\TKLL\timer\timer.c
                   __pa_8   0x00260c    program     static D:\Subjects\DA TKLL document\Project\TKLL\main.c
                   __pa_8   0x0039d0    program     static D:\Subjects\DA TKLL document\Project\TKLL\uart\uart.c
                   __pa_9   0x00187a    program     static D:\Subjects\DA TKLL document\Project\TKLL\menu\menu.c
                   __pa_9   0x003f20    program     static D:\Subjects\DA TKLL document\Project\TKLL\timer\timer.c
                   __pa_9   0x002614    program     static D:\Subjects\DA TKLL document\Project\TKLL\main.c
                   __pa_9   0x002e02    program     static D:\Subjects\DA TKLL document\Project\TKLL\lcd\lcd.c
                   __pa_9   0x003c60    program     static D:\Subjects\DA TKLL document\Project\TKLL\button_matrix\button.c
                   __pa_9   0x0039e2    program     static D:\Subjects\DA TKLL document\Project\TKLL\uart\uart.c
               __string_0   0x0030d3    program     static D:\Subjects\DA TKLL document\Project\TKLL\main.c
               __string_0   0x003684    program     static D:\Subjects\DA TKLL document\Project\TKLL\menu\menu.c
               __string_1   0x0030cf    program     static D:\Subjects\DA TKLL document\Project\TKLL\main.c
               __string_1   0x003675    program     static D:\Subjects\DA TKLL document\Project\TKLL\menu\menu.c
              __string_10   0x0030af    program     static D:\Subjects\DA TKLL document\Project\TKLL\main.c
              __string_10   0x0035fb    program     static D:\Subjects\DA TKLL document\Project\TKLL\menu\menu.c
              __string_11   0x0030ab    program     static D:\Subjects\DA TKLL document\Project\TKLL\main.c
              __string_11   0x0035ef    program     static D:\Subjects\DA TKLL document\Project\TKLL\menu\menu.c
              __string_12   0x0035e6    program     static D:\Subjects\DA TKLL document\Project\TKLL\menu\menu.c
              __string_12   0x0030a7    program     static D:\Subjects\DA TKLL document\Project\TKLL\main.c
              __string_13   0x0035dd    program     static D:\Subjects\DA TKLL document\Project\TKLL\menu\menu.c
              __string_13   0x0030a3    program     static D:\Subjects\DA TKLL document\Project\TKLL\main.c
              __string_14   0x0035d7    program     static D:\Subjects\DA TKLL document\Project\TKLL\menu\menu.c
              __string_14   0x00309f    program     static D:\Subjects\DA TKLL document\Project\TKLL\main.c
              __string_15   0x0035cf    program     static D:\Subjects\DA TKLL document\Project\TKLL\menu\menu.c
              __string_15   0x00309b    program     static D:\Subjects\DA TKLL document\Project\TKLL\main.c
              __string_16   0x0035bf    program     static D:\Subjects\DA TKLL document\Project\TKLL\menu\menu.c
              __string_16   0x003097    program     static D:\Subjects\DA TKLL document\Project\TKLL\main.c
              __string_17   0x0035b4    program     static D:\Subjects\DA TKLL document\Project\TKLL\menu\menu.c
              __string_17   0x003093    program     static D:\Subjects\DA TKLL document\Project\TKLL\main.c
              __string_18   0x0035aa    program     static D:\Subjects\DA TKLL document\Project\TKLL\menu\menu.c
              __string_18   0x00308f    program     static D:\Subjects\DA TKLL document\Project\TKLL\main.c
              __string_19   0x0035a4    program     static D:\Subjects\DA TKLL document\Project\TKLL\menu\menu.c
              __string_19   0x00308b    program     static D:\Subjects\DA TKLL document\Project\TKLL\main.c
               __string_2   0x003668    program     static D:\Subjects\DA TKLL document\Project\TKLL\menu\menu.c
               __string_2   0x0030cb    program     static D:\Subjects\DA TKLL document\Project\TKLL\main.c
              __string_20   0x003087    program     static D:\Subjects\DA TKLL document\Project\TKLL\main.c
              __string_20   0x003594    program     static D:\Subjects\DA TKLL document\Project\TKLL\menu\menu.c
              __string_21   0x003083    program     static D:\Subjects\DA TKLL document\Project\TKLL\main.c
              __string_21   0x003591    program     static D:\Subjects\DA TKLL document\Project\TKLL\menu\menu.c
              __string_22   0x00358f    program     static D:\Subjects\DA TKLL document\Project\TKLL\menu\menu.c
              __string_22   0x00307f    program     static D:\Subjects\DA TKLL document\Project\TKLL\main.c
              __string_23   0x00307b    program     static D:\Subjects\DA TKLL document\Project\TKLL\main.c
              __string_23   0x00358d    program     static D:\Subjects\DA TKLL document\Project\TKLL\menu\menu.c
              __string_24   0x003077    program     static D:\Subjects\DA TKLL document\Project\TKLL\main.c
              __string_24   0x00357c    program     static D:\Subjects\DA TKLL document\Project\TKLL\menu\menu.c
              __string_25   0x003075    program     static D:\Subjects\DA TKLL document\Project\TKLL\main.c
              __string_25   0x003577    program     static D:\Subjects\DA TKLL document\Project\TKLL\menu\menu.c
              __string_26   0x003064    program     static D:\Subjects\DA TKLL document\Project\TKLL\main.c
              __string_26   0x003573    program     static D:\Subjects\DA TKLL document\Project\TKLL\menu\menu.c
              __string_27   0x00356e    program     static D:\Subjects\DA TKLL document\Project\TKLL\menu\menu.c
              __string_27   0x003061    program     static D:\Subjects\DA TKLL document\Project\TKLL\main.c
              __string_28   0x003555    program     static D:\Subjects\DA TKLL document\Project\TKLL\menu\menu.c
              __string_28   0x00305d    program     static D:\Subjects\DA TKLL document\Project\TKLL\main.c
              __string_29   0x003532    program     static D:\Subjects\DA TKLL document\Project\TKLL\menu\menu.c
              __string_29   0x003058    program     static D:\Subjects\DA TKLL document\Project\TKLL\main.c
               __string_3   0x0030c7    program     static D:\Subjects\DA TKLL document\Project\TKLL\main.c
               __string_3   0x003659    program     static D:\Subjects\DA TKLL document\Project\TKLL\menu\menu.c
              __string_30   0x00351c    program     static D:\Subjects\DA TKLL document\Project\TKLL\menu\menu.c
              __string_31   0x0034f7    program     static D:\Subjects\DA TKLL document\Project\TKLL\menu\menu.c
              __string_32   0x0034d2    program     static D:\Subjects\DA TKLL document\Project\TKLL\menu\menu.c
              __string_33   0x0034b8    program     static D:\Subjects\DA TKLL document\Project\TKLL\menu\menu.c
              __string_34   0x003498    program     static D:\Subjects\DA TKLL document\Project\TKLL\menu\menu.c
              __string_35   0x003480    program     static D:\Subjects\DA TKLL document\Project\TKLL\menu\menu.c
              __string_36   0x003463    program     static D:\Subjects\DA TKLL document\Project\TKLL\menu\menu.c
              __string_37   0x00344a    program     static D:\Subjects\DA TKLL document\Project\TKLL\menu\menu.c
              __string_38   0x003426    program     static D:\Subjects\DA TKLL document\Project\TKLL\menu\menu.c
              __string_39   0x003410    program     static D:\Subjects\DA TKLL document\Project\TKLL\menu\menu.c
               __string_4   0x00364c    program     static D:\Subjects\DA TKLL document\Project\TKLL\menu\menu.c
               __string_4   0x0030c3    program     static D:\Subjects\DA TKLL document\Project\TKLL\main.c
              __string_40   0x0033ee    program     static D:\Subjects\DA TKLL document\Project\TKLL\menu\menu.c
              __string_41   0x0033d8    program     static D:\Subjects\DA TKLL document\Project\TKLL\menu\menu.c
              __string_42   0x0033b6    program     static D:\Subjects\DA TKLL document\Project\TKLL\menu\menu.c
              __string_43   0x003394    program     static D:\Subjects\DA TKLL document\Project\TKLL\menu\menu.c
              __string_44   0x003372    program     static D:\Subjects\DA TKLL document\Project\TKLL\menu\menu.c
              __string_45   0x003350    program     static D:\Subjects\DA TKLL document\Project\TKLL\menu\menu.c
              __string_46   0x003330    program     static D:\Subjects\DA TKLL document\Project\TKLL\menu\menu.c
              __string_47   0x003311    program     static D:\Subjects\DA TKLL document\Project\TKLL\menu\menu.c
              __string_48   0x003302    program     static D:\Subjects\DA TKLL document\Project\TKLL\menu\menu.c
              __string_49   0x0032f1    program     static D:\Subjects\DA TKLL document\Project\TKLL\menu\menu.c
               __string_5   0x0030bf    program     static D:\Subjects\DA TKLL document\Project\TKLL\main.c
               __string_5   0x00363f    program     static D:\Subjects\DA TKLL document\Project\TKLL\menu\menu.c
              __string_50   0x0032e7    program     static D:\Subjects\DA TKLL document\Project\TKLL\menu\menu.c
              __string_51   0x0032db    program     static D:\Subjects\DA TKLL document\Project\TKLL\menu\menu.c
              __string_52   0x0032cf    program     static D:\Subjects\DA TKLL document\Project\TKLL\menu\menu.c
              __string_53   0x0032c5    program     static D:\Subjects\DA TKLL document\Project\TKLL\menu\menu.c
              __string_54   0x0032b4    program     static D:\Subjects\DA TKLL document\Project\TKLL\menu\menu.c
              __string_55   0x0032aa    program     static D:\Subjects\DA TKLL document\Project\TKLL\menu\menu.c
              __string_56   0x003282    program     static D:\Subjects\DA TKLL document\Project\TKLL\menu\menu.c
              __string_57   0x003251    program     static D:\Subjects\DA TKLL document\Project\TKLL\menu\menu.c
              __string_58   0x003241    program     static D:\Subjects\DA TKLL document\Project\TKLL\menu\menu.c
              __string_59   0x00321f    program     static D:\Subjects\DA TKLL document\Project\TKLL\menu\menu.c
               __string_6   0x003632    program     static D:\Subjects\DA TKLL document\Project\TKLL\menu\menu.c
               __string_6   0x0030bb    program     static D:\Subjects\DA TKLL document\Project\TKLL\main.c
              __string_60   0x0031ee    program     static D:\Subjects\DA TKLL document\Project\TKLL\menu\menu.c
              __string_61   0x0031dd    program     static D:\Subjects\DA TKLL document\Project\TKLL\menu\menu.c
              __string_62   0x0031cc    program     static D:\Subjects\DA TKLL document\Project\TKLL\menu\menu.c
              __string_63   0x0031c2    program     static D:\Subjects\DA TKLL document\Project\TKLL\menu\menu.c
              __string_64   0x0031b9    program     static D:\Subjects\DA TKLL document\Project\TKLL\menu\menu.c
              __string_65   0x0031a8    program     static D:\Subjects\DA TKLL document\Project\TKLL\menu\menu.c
              __string_66   0x003197    program     static D:\Subjects\DA TKLL document\Project\TKLL\menu\menu.c
              __string_67   0x003186    program     static D:\Subjects\DA TKLL document\Project\TKLL\menu\menu.c
              __string_68   0x003175    program     static D:\Subjects\DA TKLL document\Project\TKLL\menu\menu.c
              __string_69   0x003164    program     static D:\Subjects\DA TKLL document\Project\TKLL\menu\menu.c
               __string_7   0x0030b7    program     static D:\Subjects\DA TKLL document\Project\TKLL\main.c
               __string_7   0x003625    program     static D:\Subjects\DA TKLL document\Project\TKLL\menu\menu.c
              __string_70   0x003153    program     static D:\Subjects\DA TKLL document\Project\TKLL\menu\menu.c
              __string_71   0x003142    program     static D:\Subjects\DA TKLL document\Project\TKLL\menu\menu.c
              __string_72   0x003131    program     static D:\Subjects\DA TKLL document\Project\TKLL\menu\menu.c
              __string_73   0x003120    program     static D:\Subjects\DA TKLL document\Project\TKLL\menu\menu.c
              __string_74   0x00310f    program     static D:\Subjects\DA TKLL document\Project\TKLL\menu\menu.c
              __string_75   0x0030fe    program     static D:\Subjects\DA TKLL document\Project\TKLL\menu\menu.c
              __string_76   0x0030ed    program     static D:\Subjects\DA TKLL document\Project\TKLL\menu\menu.c
              __string_77   0x0030e7    program     static D:\Subjects\DA TKLL document\Project\TKLL\menu\menu.c
              __string_78   0x0030e1    program     static D:\Subjects\DA TKLL document\Project\TKLL\menu\menu.c
               __string_8   0x0030b5    program     static D:\Subjects\DA TKLL document\Project\TKLL\main.c
               __string_8   0x003619    program     static D:\Subjects\DA TKLL document\Project\TKLL\menu\menu.c
               __string_9   0x0030b3    program     static D:\Subjects\DA TKLL document\Project\TKLL\main.c
               __string_9   0x00360a    program     static D:\Subjects\DA TKLL document\Project\TKLL\menu\menu.c
             __tmplbl_153   0x00194e    program     static                          
             __tmplbl_174   0x00194e    program     static                          
            __zero_memory   0x004524    program     extern E:\3.46\pic18-lt\cxx-framework\src\traditional\proc\p18f4620.asm
                _do_cinit   0x004368    program     extern E:\3.46\pic18-lt\cxx-framework\src\traditional\startup\c018i.c
                   _entry   0x000000    program     extern E:\3.46\pic18-lt\cxx-framework\src\traditional\startup\c018i.c
                   _false   0x0044f2    program     static                          
                   _false   0x0044b8    program     static                          
                 _startup   0x004544    program     extern E:\3.46\pic18-lt\cxx-framework\src\traditional\startup\c018i.c
          button_delay_ms   0x003b06    program     extern D:\Subjects\DA TKLL document\Project\TKLL\button_matrix\button.c
               change_UTC   0x0014bc    program     extern D:\Subjects\DA TKLL document\Project\TKLL\menu\menu.c
                check_UTC   0x001570    program     extern D:\Subjects\DA TKLL document\Project\TKLL\menu\menu.c
                check_day   0x001688    program     extern D:\Subjects\DA TKLL document\Project\TKLL\menu\menu.c
              check_month   0x001630    program     extern D:\Subjects\DA TKLL document\Project\TKLL\menu\menu.c
        check_number_uart   0x0015ce    program     extern D:\Subjects\DA TKLL document\Project\TKLL\menu\menu.c
            command_parse   0x0009e2    program     extern D:\Subjects\DA TKLL document\Project\TKLL\menu\menu.c
                compare_l   0x00453a    program     static E:\3.46\pic18-lt\cxx-framework\src\traditional\proc\p18f4620.asm
                copy_loop   0x0043da    program     static                          
            copy_one_byte   0x0043e0    program     static                          
                 delay_ms   0x001bba    program     extern D:\Subjects\DA TKLL document\Project\TKLL\main.c
        display_stopwatch   0x00050a    program     extern D:\Subjects\DA TKLL document\Project\TKLL\menu\menu.c
      display_timer_clock   0x000588    program     extern D:\Subjects\DA TKLL document\Project\TKLL\menu\menu.c
                     done   0x004404    program     static                          
             done_copying   0x0043ee    program     static                          
                  endloop   0x004576    program     static                          
                  endloop   0x00451e    program     static                          
            flushRecvBuff   0x0009be    program     extern D:\Subjects\DA TKLL document\Project\TKLL\menu\menu.c
           fsm_timeModify   0x001066    program     extern D:\Subjects\DA TKLL document\Project\TKLL\menu\menu.c
            fsm_uart_mode   0x001184    program     extern D:\Subjects\DA TKLL document\Project\TKLL\menu\menu.c
            fsm_worldTime   0x00129e    program     extern D:\Subjects\DA TKLL document\Project\TKLL\menu\menu.c
        getUartBufferChar   0x000998    program     extern D:\Subjects\DA TKLL document\Project\TKLL\menu\menu.c
                 high_isr   0x00418a    program     extern D:\Subjects\DA TKLL document\Project\TKLL\interrupt\interrupt.c
                  i2c_ack   0x003fda    program     extern D:\Subjects\DA TKLL document\Project\TKLL\i2c\i2c.c
              i2c_control   0x003f98    program     extern D:\Subjects\DA TKLL document\Project\TKLL\i2c\i2c.c
                  i2c_nak   0x003fe6    program     extern D:\Subjects\DA TKLL document\Project\TKLL\i2c\i2c.c
                 i2c_read   0x003fce    program     extern D:\Subjects\DA TKLL document\Project\TKLL\i2c\i2c.c
                i2c_start   0x003faa    program     extern D:\Subjects\DA TKLL document\Project\TKLL\i2c\i2c.c
                 i2c_stop   0x003fb4    program     extern D:\Subjects\DA TKLL document\Project\TKLL\i2c\i2c.c
                i2c_write   0x003fbe    program     extern D:\Subjects\DA TKLL document\Project\TKLL\i2c\i2c.c
            init_ext_int0   0x004110    program     extern D:\Subjects\DA TKLL document\Project\TKLL\interrupt\interrupt.c
                 init_i2c   0x003f80    program     extern D:\Subjects\DA TKLL document\Project\TKLL\i2c\i2c.c
           init_interrupt   0x004108    program     extern D:\Subjects\DA TKLL document\Project\TKLL\interrupt\interrupt.c
          init_key_matrix   0x003a36    program     extern D:\Subjects\DA TKLL document\Project\TKLL\button_matrix\button.c
init_key_matrix_with_uart_i2c   0x003a3e    program     extern D:\Subjects\DA TKLL document\Project\TKLL\button_matrix\button.c
                 init_lcd   0x00289a    program     extern D:\Subjects\DA TKLL document\Project\TKLL\lcd\lcd.c
              init_system   0x001c42    program     extern D:\Subjects\DA TKLL document\Project\TKLL\main.c
              init_timer0   0x003cd8    program     extern D:\Subjects\DA TKLL document\Project\TKLL\timer\timer.c
              init_timer1   0x003d04    program     extern D:\Subjects\DA TKLL document\Project\TKLL\timer\timer.c
              init_timer2   0x003d36    program     extern D:\Subjects\DA TKLL document\Project\TKLL\timer\timer.c
              init_timer3   0x003d62    program     extern D:\Subjects\DA TKLL document\Project\TKLL\timer\timer.c
                init_uart   0x003692    program     extern D:\Subjects\DA TKLL document\Project\TKLL\uart\uart.c
            isButtonAlarm   0x002434    program     extern D:\Subjects\DA TKLL document\Project\TKLL\main.c
        isButtonAlarmHold   0x002444    program     extern D:\Subjects\DA TKLL document\Project\TKLL\main.c
         isButtonDecrease   0x00248e    program     extern D:\Subjects\DA TKLL document\Project\TKLL\main.c
         isButtonIncrease   0x002454    program     extern D:\Subjects\DA TKLL document\Project\TKLL\main.c
             isButtonMode   0x002414    program     extern D:\Subjects\DA TKLL document\Project\TKLL\main.c
         isButtonModeHold   0x002424    program     extern D:\Subjects\DA TKLL document\Project\TKLL\main.c
                isKeyHold   0x003aec    program     extern D:\Subjects\DA TKLL document\Project\TKLL\button_matrix\button.c
             isKeyPressed   0x003ad8    program     extern D:\Subjects\DA TKLL document\Project\TKLL\button_matrix\button.c
                lcd_clear   0x0029a6    program     extern D:\Subjects\DA TKLL document\Project\TKLL\lcd\lcd.c
                lcd_delay   0x0027fe    program     extern D:\Subjects\DA TKLL document\Project\TKLL\lcd\lcd.c
             lcd_power_of   0x0029b6    program     extern D:\Subjects\DA TKLL document\Project\TKLL\lcd\lcd.c
           lcd_print_char   0x002948    program     extern D:\Subjects\DA TKLL document\Project\TKLL\lcd\lcd.c
          lcd_print_charS   0x002b42    program     extern D:\Subjects\DA TKLL document\Project\TKLL\lcd\lcd.c
            lcd_print_num   0x002a60    program     extern D:\Subjects\DA TKLL document\Project\TKLL\lcd\lcd.c
            lcd_print_str   0x00294a    program     extern D:\Subjects\DA TKLL document\Project\TKLL\lcd\lcd.c
              lcd_putchar   0x002946    program     extern D:\Subjects\DA TKLL document\Project\TKLL\lcd\lcd.c
          lcd_read_status   0x0028d0    program     extern D:\Subjects\DA TKLL document\Project\TKLL\lcd\lcd.c
          lcd_sendCommand   0x002888    program     extern D:\Subjects\DA TKLL document\Project\TKLL\lcd\lcd.c
           lcd_set_cursor   0x00297a    program     extern D:\Subjects\DA TKLL document\Project\TKLL\lcd\lcd.c
            lcd_wait_busy   0x002908    program     extern D:\Subjects\DA TKLL document\Project\TKLL\lcd\lcd.c
          lcd_write_4bits   0x00291a    program     extern D:\Subjects\DA TKLL document\Project\TKLL\lcd\lcd.c
            lcd_write_cmd   0x00292c    program     extern D:\Subjects\DA TKLL document\Project\TKLL\lcd\lcd.c
           lcd_write_data   0x002938    program     extern D:\Subjects\DA TKLL document\Project\TKLL\lcd\lcd.c
                     loop   0x004502    program     static                          
                     loop   0x0044ca    program     static                          
                     loop   0x004568    program     static                          
                     loop   0x004484    program     static                          
                     loop   0x004554    program     static                          
                   loop_h   0x004532    program     static E:\3.46\pic18-lt\cxx-framework\src\traditional\proc\p18f4620.asm
                   loop_l   0x00453c    program     static E:\3.46\pic18-lt\cxx-framework\src\traditional\proc\p18f4620.asm
                  low_isr   0x004118    program     extern D:\Subjects\DA TKLL document\Project\TKLL\interrupt\interrupt.c
                     main   0x001b58    program     extern D:\Subjects\DA TKLL document\Project\TKLL\main.c
              menuControl   0x000080    program     extern D:\Subjects\DA TKLL document\Project\TKLL\menu\menu.c
              read_ds1307   0x00403e    program     extern D:\Subjects\DA TKLL document\Project\TKLL\i2c\i2c.c
            run_stopwatch   0x0004d2    program     extern D:\Subjects\DA TKLL document\Project\TKLL\menu\menu.c
          run_timer_clock   0x00069e    program     extern D:\Subjects\DA TKLL document\Project\TKLL\menu\menu.c
          scan_key_matrix   0x003a4e    program     extern D:\Subjects\DA TKLL document\Project\TKLL\button_matrix\button.c
     scan_key_matrix_demo   0x003b60    program     extern D:\Subjects\DA TKLL document\Project\TKLL\button_matrix\button.c
scan_key_matrix_with_uart_i2c   0x003a94    program     extern D:\Subjects\DA TKLL document\Project\TKLL\button_matrix\button.c
             start_timer0   0x003cfe    program     extern D:\Subjects\DA TKLL document\Project\TKLL\timer\timer.c
             start_timer1   0x003d2c    program     extern D:\Subjects\DA TKLL document\Project\TKLL\timer\timer.c
             start_timer2   0x003d56    program     extern D:\Subjects\DA TKLL document\Project\TKLL\timer\timer.c
             start_timer3   0x003d90    program     extern D:\Subjects\DA TKLL document\Project\TKLL\timer\timer.c
              stop_timer0   0x003cfa    program     extern D:\Subjects\DA TKLL document\Project\TKLL\timer\timer.c
              stop_timer1   0x003d32    program     extern D:\Subjects\DA TKLL document\Project\TKLL\timer\timer.c
              stop_timer2   0x003d5e    program     extern D:\Subjects\DA TKLL document\Project\TKLL\timer\timer.c
              stop_timer3   0x003da0    program     extern D:\Subjects\DA TKLL document\Project\TKLL\timer\timer.c
                     test   0x004382    program     static                          
               timer0_isr   0x003da4    program     extern D:\Subjects\DA TKLL document\Project\TKLL\timer\timer.c
               timer1_isr   0x003dc0    program     extern D:\Subjects\DA TKLL document\Project\TKLL\timer\timer.c
               timer2_isr   0x003ddc    program     extern D:\Subjects\DA TKLL document\Project\TKLL\timer\timer.c
               timer3_isr   0x003df8    program     extern D:\Subjects\DA TKLL document\Project\TKLL\timer\timer.c
             uart_console   0x0009c2    program     extern D:\Subjects\DA TKLL document\Project\TKLL\menu\menu.c
            uart_delay_ms   0x0036b0    program     extern D:\Subjects\DA TKLL document\Project\TKLL\uart\uart.c
                 uart_isr   0x003932    program     extern D:\Subjects\DA TKLL document\Project\TKLL\uart\uart.c
            uart_power_of   0x00374a    program     extern D:\Subjects\DA TKLL document\Project\TKLL\uart\uart.c
             uart_putchar   0x003722    program     extern D:\Subjects\DA TKLL document\Project\TKLL\uart\uart.c
            uart_send_str   0x003732    program     extern D:\Subjects\DA TKLL document\Project\TKLL\uart\uart.c
                 v_timer0   0x002844    program     extern D:\Subjects\DA TKLL document\Project\TKLL\lcd\lcd.c
                 validate   0x0015fe    program     extern D:\Subjects\DA TKLL document\Project\TKLL\menu\menu.c
             write_ds1307   0x003ff2    program     extern D:\Subjects\DA TKLL document\Project\TKLL\i2c\i2c.c
               zero_block   0x004532    program     static E:\3.46\pic18-lt\cxx-framework\src\traditional\proc\p18f4620.asm
                     zone   0x000006    program     static D:\Subjects\DA TKLL document\Project\TKLL\menu\menu.c
                   ADCON0   0x000fc2       data     extern E:\3.46\pic18-lt\cxx-framework\src\traditional\proc\p18f4620.asm
               ADCON0bits   0x000fc2       data     extern E:\3.46\pic18-lt\cxx-framework\src\traditional\proc\p18f4620.asm
                   ADCON1   0x000fc1       data     extern E:\3.46\pic18-lt\cxx-framework\src\traditional\proc\p18f4620.asm
               ADCON1bits   0x000fc1       data     extern E:\3.46\pic18-lt\cxx-framework\src\traditional\proc\p18f4620.asm
                   ADCON2   0x000fc0       data     extern E:\3.46\pic18-lt\cxx-framework\src\traditional\proc\p18f4620.asm
               ADCON2bits   0x000fc0       data     extern E:\3.46\pic18-lt\cxx-framework\src\traditional\proc\p18f4620.asm
                    ADRES   0x000fc3       data     extern E:\3.46\pic18-lt\cxx-framework\src\traditional\proc\p18f4620.asm
                   ADRESH   0x000fc4       data     extern E:\3.46\pic18-lt\cxx-framework\src\traditional\proc\p18f4620.asm
                   ADRESL   0x000fc3       data     extern E:\3.46\pic18-lt\cxx-framework\src\traditional\proc\p18f4620.asm
                  BAUDCON   0x000fb8       data     extern E:\3.46\pic18-lt\cxx-framework\src\traditional\proc\p18f4620.asm
              BAUDCONbits   0x000fb8       data     extern E:\3.46\pic18-lt\cxx-framework\src\traditional\proc\p18f4620.asm
                  BAUDCTL   0x000fb8       data     extern E:\3.46\pic18-lt\cxx-framework\src\traditional\proc\p18f4620.asm
              BAUDCTLbits   0x000fb8       data     extern E:\3.46\pic18-lt\cxx-framework\src\traditional\proc\p18f4620.asm
                      BSR   0x000fe0       data     extern E:\3.46\pic18-lt\cxx-framework\src\traditional\proc\p18f4620.asm
                  CCP1CON   0x000fbd       data     extern E:\3.46\pic18-lt\cxx-framework\src\traditional\proc\p18f4620.asm
              CCP1CONbits   0x000fbd       data     extern E:\3.46\pic18-lt\cxx-framework\src\traditional\proc\p18f4620.asm
                  CCP2CON   0x000fba       data     extern E:\3.46\pic18-lt\cxx-framework\src\traditional\proc\p18f4620.asm
              CCP2CONbits   0x000fba       data     extern E:\3.46\pic18-lt\cxx-framework\src\traditional\proc\p18f4620.asm
                    CCPR1   0x000fbe       data     extern E:\3.46\pic18-lt\cxx-framework\src\traditional\proc\p18f4620.asm
                   CCPR1H   0x000fbf       data     extern E:\3.46\pic18-lt\cxx-framework\src\traditional\proc\p18f4620.asm
                   CCPR1L   0x000fbe       data     extern E:\3.46\pic18-lt\cxx-framework\src\traditional\proc\p18f4620.asm
                    CCPR2   0x000fbb       data     extern E:\3.46\pic18-lt\cxx-framework\src\traditional\proc\p18f4620.asm
                   CCPR2H   0x000fbc       data     extern E:\3.46\pic18-lt\cxx-framework\src\traditional\proc\p18f4620.asm
                   CCPR2L   0x000fbb       data     extern E:\3.46\pic18-lt\cxx-framework\src\traditional\proc\p18f4620.asm
                    CMCON   0x000fb4       data     extern E:\3.46\pic18-lt\cxx-framework\src\traditional\proc\p18f4620.asm
                CMCONbits   0x000fb4       data     extern E:\3.46\pic18-lt\cxx-framework\src\traditional\proc\p18f4620.asm
                   CVRCON   0x000fb5       data     extern E:\3.46\pic18-lt\cxx-framework\src\traditional\proc\p18f4620.asm
               CVRCONbits   0x000fb5       data     extern E:\3.46\pic18-lt\cxx-framework\src\traditional\proc\p18f4620.asm
                     DDRA   0x000f92       data     extern E:\3.46\pic18-lt\cxx-framework\src\traditional\proc\p18f4620.asm
                 DDRAbits   0x000f92       data     extern E:\3.46\pic18-lt\cxx-framework\src\traditional\proc\p18f4620.asm
                     DDRB   0x000f93       data     extern E:\3.46\pic18-lt\cxx-framework\src\traditional\proc\p18f4620.asm
                 DDRBbits   0x000f93       data     extern E:\3.46\pic18-lt\cxx-framework\src\traditional\proc\p18f4620.asm
                     DDRC   0x000f94       data     extern E:\3.46\pic18-lt\cxx-framework\src\traditional\proc\p18f4620.asm
                 DDRCbits   0x000f94       data     extern E:\3.46\pic18-lt\cxx-framework\src\traditional\proc\p18f4620.asm
                     DDRD   0x000f95       data     extern E:\3.46\pic18-lt\cxx-framework\src\traditional\proc\p18f4620.asm
                 DDRDbits   0x000f95       data     extern E:\3.46\pic18-lt\cxx-framework\src\traditional\proc\p18f4620.asm
                     DDRE   0x000f96       data     extern E:\3.46\pic18-lt\cxx-framework\src\traditional\proc\p18f4620.asm
                 DDREbits   0x000f96       data     extern E:\3.46\pic18-lt\cxx-framework\src\traditional\proc\p18f4620.asm
                  ECCP1AS   0x000fb6       data     extern E:\3.46\pic18-lt\cxx-framework\src\traditional\proc\p18f4620.asm
              ECCP1ASbits   0x000fb6       data     extern E:\3.46\pic18-lt\cxx-framework\src\traditional\proc\p18f4620.asm
                    EEADR   0x000fa9       data     extern E:\3.46\pic18-lt\cxx-framework\src\traditional\proc\p18f4620.asm
                   EEADRH   0x000faa       data     extern E:\3.46\pic18-lt\cxx-framework\src\traditional\proc\p18f4620.asm
                   EECON1   0x000fa6       data     extern E:\3.46\pic18-lt\cxx-framework\src\traditional\proc\p18f4620.asm
               EECON1bits   0x000fa6       data     extern E:\3.46\pic18-lt\cxx-framework\src\traditional\proc\p18f4620.asm
                   EECON2   0x000fa7       data     extern E:\3.46\pic18-lt\cxx-framework\src\traditional\proc\p18f4620.asm
                   EEDATA   0x000fa8       data     extern E:\3.46\pic18-lt\cxx-framework\src\traditional\proc\p18f4620.asm
                     FSR0   0x000fe9       data     extern E:\3.46\pic18-lt\cxx-framework\src\traditional\proc\p18f4620.asm
                    FSR0H   0x000fea       data     extern E:\3.46\pic18-lt\cxx-framework\src\traditional\proc\p18f4620.asm
                    FSR0L   0x000fe9       data     extern E:\3.46\pic18-lt\cxx-framework\src\traditional\proc\p18f4620.asm
                     FSR1   0x000fe1       data     extern E:\3.46\pic18-lt\cxx-framework\src\traditional\proc\p18f4620.asm
                    FSR1H   0x000fe2       data     extern E:\3.46\pic18-lt\cxx-framework\src\traditional\proc\p18f4620.asm
                    FSR1L   0x000fe1       data     extern E:\3.46\pic18-lt\cxx-framework\src\traditional\proc\p18f4620.asm
                     FSR2   0x000fd9       data     extern E:\3.46\pic18-lt\cxx-framework\src\traditional\proc\p18f4620.asm
                    FSR2H   0x000fda       data     extern E:\3.46\pic18-lt\cxx-framework\src\traditional\proc\p18f4620.asm
                    FSR2L   0x000fd9       data     extern E:\3.46\pic18-lt\cxx-framework\src\traditional\proc\p18f4620.asm
                  HLVDCON   0x000fd2       data     extern E:\3.46\pic18-lt\cxx-framework\src\traditional\proc\p18f4620.asm
              HLVDCONbits   0x000fd2       data     extern E:\3.46\pic18-lt\cxx-framework\src\traditional\proc\p18f4620.asm
                    INDF0   0x000fef       data     extern E:\3.46\pic18-lt\cxx-framework\src\traditional\proc\p18f4620.asm
                    INDF1   0x000fe7       data     extern E:\3.46\pic18-lt\cxx-framework\src\traditional\proc\p18f4620.asm
                    INDF2   0x000fdf       data     extern E:\3.46\pic18-lt\cxx-framework\src\traditional\proc\p18f4620.asm
                   INTCON   0x000ff2       data     extern E:\3.46\pic18-lt\cxx-framework\src\traditional\proc\p18f4620.asm
                  INTCON2   0x000ff1       data     extern E:\3.46\pic18-lt\cxx-framework\src\traditional\proc\p18f4620.asm
              INTCON2bits   0x000ff1       data     extern E:\3.46\pic18-lt\cxx-framework\src\traditional\proc\p18f4620.asm
                  INTCON3   0x000ff0       data     extern E:\3.46\pic18-lt\cxx-framework\src\traditional\proc\p18f4620.asm
              INTCON3bits   0x000ff0       data     extern E:\3.46\pic18-lt\cxx-framework\src\traditional\proc\p18f4620.asm
               INTCONbits   0x000ff2       data     extern E:\3.46\pic18-lt\cxx-framework\src\traditional\proc\p18f4620.asm
                     IPR1   0x000f9f       data     extern E:\3.46\pic18-lt\cxx-framework\src\traditional\proc\p18f4620.asm
                 IPR1bits   0x000f9f       data     extern E:\3.46\pic18-lt\cxx-framework\src\traditional\proc\p18f4620.asm
                     IPR2   0x000fa2       data     extern E:\3.46\pic18-lt\cxx-framework\src\traditional\proc\p18f4620.asm
                 IPR2bits   0x000fa2       data     extern E:\3.46\pic18-lt\cxx-framework\src\traditional\proc\p18f4620.asm
                     LATA   0x000f89       data     extern E:\3.46\pic18-lt\cxx-framework\src\traditional\proc\p18f4620.asm
                 LATAbits   0x000f89       data     extern E:\3.46\pic18-lt\cxx-framework\src\traditional\proc\p18f4620.asm
                     LATB   0x000f8a       data     extern E:\3.46\pic18-lt\cxx-framework\src\traditional\proc\p18f4620.asm
                 LATBbits   0x000f8a       data     extern E:\3.46\pic18-lt\cxx-framework\src\traditional\proc\p18f4620.asm
                     LATC   0x000f8b       data     extern E:\3.46\pic18-lt\cxx-framework\src\traditional\proc\p18f4620.asm
                 LATCbits   0x000f8b       data     extern E:\3.46\pic18-lt\cxx-framework\src\traditional\proc\p18f4620.asm
                     LATD   0x000f8c       data     extern E:\3.46\pic18-lt\cxx-framework\src\traditional\proc\p18f4620.asm
                 LATDbits   0x000f8c       data     extern E:\3.46\pic18-lt\cxx-framework\src\traditional\proc\p18f4620.asm
                     LATE   0x000f8d       data     extern E:\3.46\pic18-lt\cxx-framework\src\traditional\proc\p18f4620.asm
                 LATEbits   0x000f8d       data     extern E:\3.46\pic18-lt\cxx-framework\src\traditional\proc\p18f4620.asm
                   LVDCON   0x000fd2       data     extern E:\3.46\pic18-lt\cxx-framework\src\traditional\proc\p18f4620.asm
               LVDCONbits   0x000fd2       data     extern E:\3.46\pic18-lt\cxx-framework\src\traditional\proc\p18f4620.asm
                LcdScreen   0x0000c1       data     extern D:\Subjects\DA TKLL document\Project\TKLL\lcd\lcd.c
                   OSCCON   0x000fd3       data     extern E:\3.46\pic18-lt\cxx-framework\src\traditional\proc\p18f4620.asm
               OSCCONbits   0x000fd3       data     extern E:\3.46\pic18-lt\cxx-framework\src\traditional\proc\p18f4620.asm
                  OSCTUNE   0x000f9b       data     extern E:\3.46\pic18-lt\cxx-framework\src\traditional\proc\p18f4620.asm
              OSCTUNEbits   0x000f9b       data     extern E:\3.46\pic18-lt\cxx-framework\src\traditional\proc\p18f4620.asm
                       PC   0x000ff9       data     extern E:\3.46\pic18-lt\cxx-framework\src\traditional\proc\p18f4620.asm
                      PCL   0x000ff9       data     extern E:\3.46\pic18-lt\cxx-framework\src\traditional\proc\p18f4620.asm
                   PCLATH   0x000ffa       data     extern E:\3.46\pic18-lt\cxx-framework\src\traditional\proc\p18f4620.asm
                   PCLATU   0x000ffb       data     extern E:\3.46\pic18-lt\cxx-framework\src\traditional\proc\p18f4620.asm
                     PIE1   0x000f9d       data     extern E:\3.46\pic18-lt\cxx-framework\src\traditional\proc\p18f4620.asm
                 PIE1bits   0x000f9d       data     extern E:\3.46\pic18-lt\cxx-framework\src\traditional\proc\p18f4620.asm
                     PIE2   0x000fa0       data     extern E:\3.46\pic18-lt\cxx-framework\src\traditional\proc\p18f4620.asm
                 PIE2bits   0x000fa0       data     extern E:\3.46\pic18-lt\cxx-framework\src\traditional\proc\p18f4620.asm
                     PIR1   0x000f9e       data     extern E:\3.46\pic18-lt\cxx-framework\src\traditional\proc\p18f4620.asm
                 PIR1bits   0x000f9e       data     extern E:\3.46\pic18-lt\cxx-framework\src\traditional\proc\p18f4620.asm
                     PIR2   0x000fa1       data     extern E:\3.46\pic18-lt\cxx-framework\src\traditional\proc\p18f4620.asm
                 PIR2bits   0x000fa1       data     extern E:\3.46\pic18-lt\cxx-framework\src\traditional\proc\p18f4620.asm
                   PLUSW0   0x000feb       data     extern E:\3.46\pic18-lt\cxx-framework\src\traditional\proc\p18f4620.asm
                   PLUSW1   0x000fe3       data     extern E:\3.46\pic18-lt\cxx-framework\src\traditional\proc\p18f4620.asm
                   PLUSW2   0x000fdb       data     extern E:\3.46\pic18-lt\cxx-framework\src\traditional\proc\p18f4620.asm
                    PORTA   0x000f80       data     extern E:\3.46\pic18-lt\cxx-framework\src\traditional\proc\p18f4620.asm
                PORTAbits   0x000f80       data     extern E:\3.46\pic18-lt\cxx-framework\src\traditional\proc\p18f4620.asm
                    PORTB   0x000f81       data     extern E:\3.46\pic18-lt\cxx-framework\src\traditional\proc\p18f4620.asm
                PORTBbits   0x000f81       data     extern E:\3.46\pic18-lt\cxx-framework\src\traditional\proc\p18f4620.asm
                    PORTC   0x000f82       data     extern E:\3.46\pic18-lt\cxx-framework\src\traditional\proc\p18f4620.asm
                PORTCbits   0x000f82       data     extern E:\3.46\pic18-lt\cxx-framework\src\traditional\proc\p18f4620.asm
                    PORTD   0x000f83       data     extern E:\3.46\pic18-lt\cxx-framework\src\traditional\proc\p18f4620.asm
                PORTDbits   0x000f83       data     extern E:\3.46\pic18-lt\cxx-framework\src\traditional\proc\p18f4620.asm
[...]
                 DDRBbits   0x000f93       data     extern E:\3.46\pic18-lt\cxx-framework\src\traditional\proc\p18f4620.asm
                    TRISB   0x000f93       data     extern E:\3.46\pic18-lt\cxx-framework\src\traditional\proc\p18f4620.asm
                TRISBbits   0x000f93       data     extern E:\3.46\pic18-lt\cxx-framework\src\traditional\proc\p18f4620.asm
                TRISCbits   0x000f94       data     extern E:\3.46\pic18-lt\cxx-framework\src\traditional\proc\p18f4620.asm
                    TRISC   0x000f94       data     extern E:\3.46\pic18-lt\cxx-framework\src\traditional\proc\p18f4620.asm
                 DDRCbits   0x000f94       data     extern E:\3.46\pic18-lt\cxx-framework\src\traditional\proc\p18f4620.asm
                     DDRC   0x000f94       data     extern E:\3.46\pic18-lt\cxx-framework\src\traditional\proc\p18f4620.asm
                    TRISD   0x000f95       data     extern E:\3.46\pic18-lt\cxx-framework\src\traditional\proc\p18f4620.asm
                TRISDbits   0x000f95       data     extern E:\3.46\pic18-lt\cxx-framework\src\traditional\proc\p18f4620.asm
                 DDRDbits   0x000f95       data     extern E:\3.46\pic18-lt\cxx-framework\src\traditional\proc\p18f4620.asm
                     DDRD   0x000f95       data     extern E:\3.46\pic18-lt\cxx-framework\src\traditional\proc\p18f4620.asm
                    TRISE   0x000f96       data     extern E:\3.46\pic18-lt\cxx-framework\src\traditional\proc\p18f4620.asm
                TRISEbits   0x000f96       data     extern E:\3.46\pic18-lt\cxx-framework\src\traditional\proc\p18f4620.asm
                 DDREbits   0x000f96       data     extern E:\3.46\pic18-lt\cxx-framework\src\traditional\proc\p18f4620.asm
                     DDRE   0x000f96       data     extern E:\3.46\pic18-lt\cxx-framework\src\traditional\proc\p18f4620.asm
                  OSCTUNE   0x000f9b       data     extern E:\3.46\pic18-lt\cxx-framework\src\traditional\proc\p18f4620.asm
              OSCTUNEbits   0x000f9b       data     extern E:\3.46\pic18-lt\cxx-framework\src\traditional\proc\p18f4620.asm
                 PIE1bits   0x000f9d       data     extern E:\3.46\pic18-lt\cxx-framework\src\traditional\proc\p18f4620.asm
                     PIE1   0x000f9d       data     extern E:\3.46\pic18-lt\cxx-framework\src\traditional\proc\p18f4620.asm
                     PIR1   0x000f9e       data     extern E:\3.46\pic18-lt\cxx-framework\src\traditional\proc\p18f4620.asm
                 PIR1bits   0x000f9e       data     extern E:\3.46\pic18-lt\cxx-framework\src\traditional\proc\p18f4620.asm
                     IPR1   0x000f9f       data     extern E:\3.46\pic18-lt\cxx-framework\src\traditional\proc\p18f4620.asm
                 IPR1bits   0x000f9f       data     extern E:\3.46\pic18-lt\cxx-framework\src\traditional\proc\p18f4620.asm
                     PIE2   0x000fa0       data     extern E:\3.46\pic18-lt\cxx-framework\src\traditional\proc\p18f4620.asm
                 PIE2bits   0x000fa0       data     extern E:\3.46\pic18-lt\cxx-framework\src\traditional\proc\p18f4620.asm
                     PIR2   0x000fa1       data     extern E:\3.46\pic18-lt\cxx-framework\src\traditional\proc\p18f4620.asm
                 PIR2bits   0x000fa1       data     extern E:\3.46\pic18-lt\cxx-framework\src\traditional\proc\p18f4620.asm
                 IPR2bits   0x000fa2       data     extern E:\3.46\pic18-lt\cxx-framework\src\traditional\proc\p18f4620.asm
                     IPR2   0x000fa2       data     extern E:\3.46\pic18-lt\cxx-framework\src\traditional\proc\p18f4620.asm
               EECON1bits   0x000fa6       data     extern E:\3.46\pic18-lt\cxx-framework\src\traditional\proc\p18f4620.asm
                   EECON1   0x000fa6       data     extern E:\3.46\pic18-lt\cxx-framework\src\traditional\proc\p18f4620.asm
                   EECON2   0x000fa7       data     extern E:\3.46\pic18-lt\cxx-framework\src\traditional\proc\p18f4620.asm
                   EEDATA   0x000fa8       data     extern E:\3.46\pic18-lt\cxx-framework\src\traditional\proc\p18f4620.asm
                    EEADR   0x000fa9       data     extern E:\3.46\pic18-lt\cxx-framework\src\traditional\proc\p18f4620.asm
                   EEADRH   0x000faa       data     extern E:\3.46\pic18-lt\cxx-framework\src\traditional\proc\p18f4620.asm
                RCSTAbits   0x000fab       data     extern E:\3.46\pic18-lt\cxx-framework\src\traditional\proc\p18f4620.asm
                    RCSTA   0x000fab       data     extern E:\3.46\pic18-lt\cxx-framework\src\traditional\proc\p18f4620.asm
                TXSTAbits   0x000fac       data     extern E:\3.46\pic18-lt\cxx-framework\src\traditional\proc\p18f4620.asm
                    TXSTA   0x000fac       data     extern E:\3.46\pic18-lt\cxx-framework\src\traditional\proc\p18f4620.asm
                    TXREG   0x000fad       data     extern E:\3.46\pic18-lt\cxx-framework\src\traditional\proc\p18f4620.asm
                    RCREG   0x000fae       data     extern E:\3.46\pic18-lt\cxx-framework\src\traditional\proc\p18f4620.asm
                    SPBRG   0x000faf       data     extern E:\3.46\pic18-lt\cxx-framework\src\traditional\proc\p18f4620.asm
                   SPBRGH   0x000fb0       data     extern E:\3.46\pic18-lt\cxx-framework\src\traditional\proc\p18f4620.asm
                    T3CON   0x000fb1       data     extern E:\3.46\pic18-lt\cxx-framework\src\traditional\proc\p18f4620.asm
                T3CONbits   0x000fb1       data     extern E:\3.46\pic18-lt\cxx-framework\src\traditional\proc\p18f4620.asm
                    TMR3L   0x000fb2       data     extern E:\3.46\pic18-lt\cxx-framework\src\traditional\proc\p18f4620.asm
                    TMR3H   0x000fb3       data     extern E:\3.46\pic18-lt\cxx-framework\src\traditional\proc\p18f4620.asm
                CMCONbits   0x000fb4       data     extern E:\3.46\pic18-lt\cxx-framework\src\traditional\proc\p18f4620.asm
                    CMCON   0x000fb4       data     extern E:\3.46\pic18-lt\cxx-framework\src\traditional\proc\p18f4620.asm
               CVRCONbits   0x000fb5       data     extern E:\3.46\pic18-lt\cxx-framework\src\traditional\proc\p18f4620.asm
                   CVRCON   0x000fb5       data     extern E:\3.46\pic18-lt\cxx-framework\src\traditional\proc\p18f4620.asm
              ECCP1ASbits   0x000fb6       data     extern E:\3.46\pic18-lt\cxx-framework\src\traditional\proc\p18f4620.asm
                  ECCP1AS   0x000fb6       data     extern E:\3.46\pic18-lt\cxx-framework\src\traditional\proc\p18f4620.asm
              PWM1CONbits   0x000fb7       data     extern E:\3.46\pic18-lt\cxx-framework\src\traditional\proc\p18f4620.asm
                  PWM1CON   0x000fb7       data     extern E:\3.46\pic18-lt\cxx-framework\src\traditional\proc\p18f4620.asm
              BAUDCTLbits   0x000fb8       data     extern E:\3.46\pic18-lt\cxx-framework\src\traditional\proc\p18f4620.asm
                  BAUDCTL   0x000fb8       data     extern E:\3.46\pic18-lt\cxx-framework\src\traditional\proc\p18f4620.asm
              BAUDCONbits   0x000fb8       data     extern E:\3.46\pic18-lt\cxx-framework\src\traditional\proc\p18f4620.asm
                  BAUDCON   0x000fb8       data     extern E:\3.46\pic18-lt\cxx-framework\src\traditional\proc\p18f4620.asm
              CCP2CONbits   0x000fba       data     extern E:\3.46\pic18-lt\cxx-framework\src\traditional\proc\p18f4620.asm
                  CCP2CON   0x000fba       data     extern E:\3.46\pic18-lt\cxx-framework\src\traditional\proc\p18f4620.asm
                    CCPR2   0x000fbb       data     extern E:\3.46\pic18-lt\cxx-framework\src\traditional\proc\p18f4620.asm
                   CCPR2L   0x000fbb       data     extern E:\3.46\pic18-lt\cxx-framework\src\traditional\proc\p18f4620.asm
                   CCPR2H   0x000fbc       data     extern E:\3.46\pic18-lt\cxx-framework\src\traditional\proc\p18f4620.asm
              CCP1CONbits   0x000fbd       data     extern E:\3.46\pic18-lt\cxx-framework\src\traditional\proc\p18f4620.asm
                  CCP1CON   0x000fbd       data     extern E:\3.46\pic18-lt\cxx-framework\src\traditional\proc\p18f4620.asm
                   CCPR1L   0x000fbe       data     extern E:\3.46\pic18-lt\cxx-framework\src\traditional\proc\p18f4620.asm
                    CCPR1   0x000fbe       data     extern E:\3.46\pic18-lt\cxx-framework\src\traditional\proc\p18f4620.asm
                   CCPR1H   0x000fbf       data     extern E:\3.46\pic18-lt\cxx-framework\src\traditional\proc\p18f4620.asm
               ADCON2bits   0x000fc0       data     extern E:\3.46\pic18-lt\cxx-framework\src\traditional\proc\p18f4620.asm
                   ADCON2   0x000fc0       data     extern E:\3.46\pic18-lt\cxx-framework\src\traditional\proc\p18f4620.asm
               ADCON1bits   0x000fc1       data     extern E:\3.46\pic18-lt\cxx-framework\src\traditional\proc\p18f4620.asm
                   ADCON1   0x000fc1       data     extern E:\3.46\pic18-lt\cxx-framework\src\traditional\proc\p18f4620.asm
               ADCON0bits   0x000fc2       data     extern E:\3.46\pic18-lt\cxx-framework\src\traditional\proc\p18f4620.asm
                   ADCON0   0x000fc2       data     extern E:\3.46\pic18-lt\cxx-framework\src\traditional\proc\p18f4620.asm
                    ADRES   0x000fc3       data     extern E:\3.46\pic18-lt\cxx-framework\src\traditional\proc\p18f4620.asm
                   ADRESL   0x000fc3       data     extern E:\3.46\pic18-lt\cxx-framework\src\traditional\proc\p18f4620.asm
                   ADRESH   0x000fc4       data     extern E:\3.46\pic18-lt\cxx-framework\src\traditional\proc\p18f4620.asm
              SSPCON2bits   0x000fc5       data     extern E:\3.46\pic18-lt\cxx-framework\src\traditional\proc\p18f4620.asm
                  SSPCON2   0x000fc5       data     extern E:\3.46\pic18-lt\cxx-framework\src\traditional\proc\p18f4620.asm
              SSPCON1bits   0x000fc6       data     extern E:\3.46\pic18-lt\cxx-framework\src\traditional\proc\p18f4620.asm
                  SSPCON1   0x000fc6       data     extern E:\3.46\pic18-lt\cxx-framework\src\traditional\proc\p18f4620.asm
              SSPSTATbits   0x000fc7       data     extern E:\3.46\pic18-lt\cxx-framework\src\traditional\proc\p18f4620.asm
                  SSPSTAT   0x000fc7       data     extern E:\3.46\pic18-lt\cxx-framework\src\traditional\proc\p18f4620.asm
                   SSPADD   0x000fc8       data     extern E:\3.46\pic18-lt\cxx-framework\src\traditional\proc\p18f4620.asm
                   SSPBUF   0x000fc9       data     extern E:\3.46\pic18-lt\cxx-framework\src\traditional\proc\p18f4620.asm
                    T2CON   0x000fca       data     extern E:\3.46\pic18-lt\cxx-framework\src\traditional\proc\p18f4620.asm
                T2CONbits   0x000fca       data     extern E:\3.46\pic18-lt\cxx-framework\src\traditional\proc\p18f4620.asm
                      PR2   0x000fcb       data     extern E:\3.46\pic18-lt\cxx-framework\src\traditional\proc\p18f4620.asm
                     TMR2   0x000fcc       data     extern E:\3.46\pic18-lt\cxx-framework\src\traditional\proc\p18f4620.asm
                T1CONbits   0x000fcd       data     extern E:\3.46\pic18-lt\cxx-framework\src\traditional\proc\p18f4620.asm
                    T1CON   0x000fcd       data     extern E:\3.46\pic18-lt\cxx-framework\src\traditional\proc\p18f4620.asm
                    TMR1L   0x000fce       data     extern E:\3.46\pic18-lt\cxx-framework\src\traditional\proc\p18f4620.asm
                    TMR1H   0x000fcf       data     extern E:\3.46\pic18-lt\cxx-framework\src\traditional\proc\p18f4620.asm
                     RCON   0x000fd0       data     extern E:\3.46\pic18-lt\cxx-framework\src\traditional\proc\p18f4620.asm
                 RCONbits   0x000fd0       data     extern E:\3.46\pic18-lt\cxx-framework\src\traditional\proc\p18f4620.asm
               WDTCONbits   0x000fd1       data     extern E:\3.46\pic18-lt\cxx-framework\src\traditional\proc\p18f4620.asm
                   WDTCON   0x000fd1       data     extern E:\3.46\pic18-lt\cxx-framework\src\traditional\proc\p18f4620.asm
                  HLVDCON   0x000fd2       data     extern E:\3.46\pic18-lt\cxx-framework\src\traditional\proc\p18f4620.asm
              HLVDCONbits   0x000fd2       data     extern E:\3.46\pic18-lt\cxx-framework\src\traditional\proc\p18f4620.asm
                   LVDCON   0x000fd2       data     extern E:\3.46\pic18-lt\cxx-framework\src\traditional\proc\p18f4620.asm
               LVDCONbits   0x000fd2       data     extern E:\3.46\pic18-lt\cxx-framework\src\traditional\proc\p18f4620.asm
                   OSCCON   0x000fd3       data     extern E:\3.46\pic18-lt\cxx-framework\src\traditional\proc\p18f4620.asm
               OSCCONbits   0x000fd3       data     extern E:\3.46\pic18-lt\cxx-framework\src\traditional\proc\p18f4620.asm
                    T0CON   0x000fd5       data     extern E:\3.46\pic18-lt\cxx-framework\src\traditional\proc\p18f4620.asm
                T0CONbits   0x000fd5       data     extern E:\3.46\pic18-lt\cxx-framework\src\traditional\proc\p18f4620.asm
                    TMR0L   0x000fd6       data     extern E:\3.46\pic18-lt\cxx-framework\src\traditional\proc\p18f4620.asm
                    TMR0H   0x000fd7       data     extern E:\3.46\pic18-lt\cxx-framework\src\traditional\proc\p18f4620.asm
               STATUSbits   0x000fd8       data     extern E:\3.46\pic18-lt\cxx-framework\src\traditional\proc\p18f4620.asm
                   STATUS   0x000fd8       data     extern E:\3.46\pic18-lt\cxx-framework\src\traditional\proc\p18f4620.asm
                     FSR2   0x000fd9       data     extern E:\3.46\pic18-lt\cxx-framework\src\traditional\proc\p18f4620.asm
                    FSR2L   0x000fd9       data     extern E:\3.46\pic18-lt\cxx-framework\src\traditional\proc\p18f4620.asm
                    FSR2H   0x000fda       data     extern E:\3.46\pic18-lt\cxx-framework\src\traditional\proc\p18f4620.asm
                   PLUSW2   0x000fdb       data     extern E:\3.46\pic18-lt\cxx-framework\src\traditional\proc\p18f4620.asm
                  PREINC2   0x000fdc       data     extern E:\3.46\pic18-lt\cxx-framework\src\traditional\proc\p18f4620.asm
                 POSTDEC2   0x000fdd       data     extern E:\3.46\pic18-lt\cxx-framework\src\traditional\proc\p18f4620.asm
                 POSTINC2   0x000fde       data     extern E:\3.46\pic18-lt\cxx-framework\src\traditional\proc\p18f4620.asm
                    INDF2   0x000fdf       data     extern E:\3.46\pic18-lt\cxx-framework\src\traditional\proc\p18f4620.asm
                      BSR   0x000fe0       data     extern E:\3.46\pic18-lt\cxx-framework\src\traditional\proc\p18f4620.asm
                     FSR1   0x000fe1       data     extern E:\3.46\pic18-lt\cxx-framework\src\traditional\proc\p18f4620.asm
                    FSR1L   0x000fe1       data     extern E:\3.46\pic18-lt\cxx-framework\src\traditional\proc\p18f4620.asm
                    FSR1H   0x000fe2       data     extern E:\3.46\pic18-lt\cxx-framework\src\traditional\proc\p18f4620.asm
                   PLUSW1   0x000fe3       data     extern E:\3.46\pic18-lt\cxx-framework\src\traditional\proc\p18f4620.asm
                  PREINC1   0x000fe4       data     extern E:\3.46\pic18-lt\cxx-framework\src\traditional\proc\p18f4620.asm
                 POSTDEC1   0x000fe5       data     extern E:\3.46\pic18-lt\cxx-framework\src\traditional\proc\p18f4620.asm
                 POSTINC1   0x000fe6       data     extern E:\3.46\pic18-lt\cxx-framework\src\traditional\proc\p18f4620.asm
                    INDF1   0x000fe7       data     extern E:\3.46\pic18-lt\cxx-framework\src\traditional\proc\p18f4620.asm
                     WREG   0x000fe8       data     extern E:\3.46\pic18-lt\cxx-framework\src\traditional\proc\p18f4620.asm
                        W   0x000fe8       data     extern E:\3.46\pic18-lt\cxx-framework\src\traditional\proc\p18f4620.asm
                    FSR0L   0x000fe9       data     extern E:\3.46\pic18-lt\cxx-framework\src\traditional\proc\p18f4620.asm
                     FSR0   0x000fe9       data     extern E:\3.46\pic18-lt\cxx-framework\src\traditional\proc\p18f4620.asm
                    FSR0H   0x000fea       data     extern E:\3.46\pic18-lt\cxx-framework\src\traditional\proc\p18f4620.asm
                   PLUSW0   0x000feb       data     extern E:\3.46\pic18-lt\cxx-framework\src\traditional\proc\p18f4620.asm
                  PREINC0   0x000fec       data     extern E:\3.46\pic18-lt\cxx-framework\src\traditional\proc\p18f4620.asm
                 POSTDEC0   0x000fed       data     extern E:\3.46\pic18-lt\cxx-framework\src\traditional\proc\p18f4620.asm
                 POSTINC0   0x000fee       data     extern E:\3.46\pic18-lt\cxx-framework\src\traditional\proc\p18f4620.asm
                    INDF0   0x000fef       data     extern E:\3.46\pic18-lt\cxx-framework\src\traditional\proc\p18f4620.asm
                  INTCON3   0x000ff0       data     extern E:\3.46\pic18-lt\cxx-framework\src\traditional\proc\p18f4620.asm
              INTCON3bits   0x000ff0       data     extern E:\3.46\pic18-lt\cxx-framework\src\traditional\proc\p18f4620.asm
              INTCON2bits   0x000ff1       data     extern E:\3.46\pic18-lt\cxx-framework\src\traditional\proc\p18f4620.asm
                  INTCON2   0x000ff1       data     extern E:\3.46\pic18-lt\cxx-framework\src\traditional\proc\p18f4620.asm
                   INTCON   0x000ff2       data     extern E:\3.46\pic18-lt\cxx-framework\src\traditional\proc\p18f4620.asm
               INTCONbits   0x000ff2       data     extern E:\3.46\pic18-lt\cxx-framework\src\traditional\proc\p18f4620.asm
                     PROD   0x000ff3       data     extern E:\3.46\pic18-lt\cxx-framework\src\traditional\proc\p18f4620.asm
                    PRODL   0x000ff3       data     extern E:\3.46\pic18-lt\cxx-framework\src\traditional\proc\p18f4620.asm
                    PRODH   0x000ff4       data     extern E:\3.46\pic18-lt\cxx-framework\src\traditional\proc\p18f4620.asm
                   TABLAT   0x000ff5       data     extern E:\3.46\pic18-lt\cxx-framework\src\traditional\proc\p18f4620.asm
                  TBLPTRL   0x000ff6       data     extern E:\3.46\pic18-lt\cxx-framework\src\traditional\proc\p18f4620.asm
                   TBLPTR   0x000ff6       data     extern E:\3.46\pic18-lt\cxx-framework\src\traditional\proc\p18f4620.asm
                  TBLPTRH   0x000ff7       data     extern E:\3.46\pic18-lt\cxx-framework\src\traditional\proc\p18f4620.asm
                  TBLPTRU   0x000ff8       data     extern E:\3.46\pic18-lt\cxx-framework\src\traditional\proc\p18f4620.asm
                      PCL   0x000ff9       data     extern E:\3.46\pic18-lt\cxx-framework\src\traditional\proc\p18f4620.asm
                       PC   0x000ff9       data     extern E:\3.46\pic18-lt\cxx-framework\src\traditional\proc\p18f4620.asm
                   PCLATH   0x000ffa       data     extern E:\3.46\pic18-lt\cxx-framework\src\traditional\proc\p18f4620.asm
                   PCLATU   0x000ffb       data     extern E:\3.46\pic18-lt\cxx-framework\src\traditional\proc\p18f4620.asm
               STKPTRbits   0x000ffc       data     extern E:\3.46\pic18-lt\cxx-framework\src\traditional\proc\p18f4620.asm
                   STKPTR   0x000ffc       data     extern E:\3.46\pic18-lt\cxx-framework\src\traditional\proc\p18f4620.asm
                      TOS   0x000ffd       data     extern E:\3.46\pic18-lt\cxx-framework\src\traditional\proc\p18f4620.asm
                     TOSL   0x000ffd       data     extern E:\3.46\pic18-lt\cxx-framework\src\traditional\proc\p18f4620.asm
                     TOSH   0x000ffe       data     extern E:\3.46\pic18-lt\cxx-framework\src\traditional\proc\p18f4620.asm
                     TOSU   0x000fff       data     extern E:\3.46\pic18-lt\cxx-framework\src\traditional\proc\p18f4620.asm


