MPLINK 5.00, LINKER
Linker Map File - Created Fri Dec 16 15:29:34 2022

                                 Section Info
                  Section       Type    Address   Location Size(Bytes)
                ---------  ---------  ---------  ---------  ---------
               _entry_scn       code   0x000000    program   0x000006
           .code___init.o       code   0x000006    program   0x000002
      InterruptVectorHigh       code   0x000008    program   0x000006
          .idata_uart.o_i    romdata   0x00000e    program   0x000003
     .idata_interrupt.o_i    romdata   0x000011    program   0x000004
       InterruptVectorLow       code   0x000018    program   0x000006
                   .cinit    romdata   0x00001e    program   0x000062
             .code_menu.o       code   0x000080    program   0x0019de
             .code_main.o       code   0x001a5e    program   0x000bc4
              .code_lcd.o       code   0x002622    program   0x00085a
             .stringtable    romdata   0x002e7c    program   0x000639
          .romdata_menu.o    romdata   0x0034b5    program   0x000000
          .romdata_uart.o    romdata   0x0034b5    program   0x000000
      .idata_fxd0808u.o_i    romdata   0x0034b5    program   0x000000
      .romdata_fxd0808u.o    romdata   0x0034b5    program   0x000000
        .romdata___init.o    romdata   0x0034b5    program   0x000000
        .idata___init.o_i    romdata   0x0034b5    program   0x000000
      .idata_fxd1616u.o_i    romdata   0x0034b5    program   0x000000
      .romdata_fxd1616u.o    romdata   0x0034b5    program   0x000000
       .romdata_fxm3232.o    romdata   0x0034b5    program   0x000000
      .idata_fxd2424u.o_i    romdata   0x0034b5    program   0x000000
      .romdata_fxd2424u.o    romdata   0x0034b5    program   0x000000
      .idata_fxd3232u.o_i    romdata   0x0034b5    program   0x000000
      .romdata_fxd3232u.o    romdata   0x0034b5    program   0x000000
       .idata_fxm3232.o_i    romdata   0x0034b5    program   0x000000
         .idata_c018i.o_i    romdata   0x0034b5    program   0x000000
         .romdata_c018i.o    romdata   0x0034b5    program   0x000000
        .romdata_button.o    romdata   0x0034b5    program   0x000000
           .romdata_lcd.o    romdata   0x0034b5    program   0x000000
     .romdata_interrupt.o    romdata   0x0034b5    program   0x000000
         .romdata_timer.o    romdata   0x0034b5    program   0x000000
           .romdata_i2c.o    romdata   0x0034b5    program   0x000000
          .romdata_main.o    romdata   0x0034b5    program   0x000000
            .code_c018i.o       code   0x0034b6    program   0x000000
             .code_uart.o       code   0x0034b6    program   0x0003a4
           .code_button.o       code   0x00385a    program   0x000298
            .code_timer.o       code   0x003af2    program   0x000264
              .code_i2c.o       code   0x003d56    program   0x0001cc
        .code_interrupt.o       code   0x003f22    program   0x000160
                     PROG       code   0x004082    program   0x000100
               _cinit_scn       code   0x004182    program   0x00009e
          .code_fxm3232.o       code   0x004220    program   0x000070
         .code_fxd3232u.o       code   0x004290    program   0x000048
         .code_fxd2424u.o       code   0x0042d8    program   0x00003a
         .code_fxd1616u.o       code   0x004312    program   0x00002c
                    .code       code   0x00433e    program   0x000020
             _startup_scn       code   0x00435e    program   0x00001c
         .code_fxd0808u.o       code   0x00437a    program   0x00001c
         .idata_timer.o_i    romdata   0x004396    program   0x000020
          .idata_menu.o_i    romdata   0x0043b6    program   0x000039
          .idata_main.o_i    romdata   0x0043ef    program   0x000013
           .idata_lcd.o_i    romdata   0x004402    program   0x000061
           .idata_i2c.o_i    romdata   0x004463    program   0x00001b
        .idata_button.o_i    romdata   0x00447e    program   0x000028
    .config_300001_main.o    romdata   0x300001    program   0x000001
    .config_300002_main.o    romdata   0x300002    program   0x000001
    .config_300003_main.o    romdata   0x300003    program   0x000001
    .config_300005_main.o    romdata   0x300005    program   0x000001
    .config_300006_main.o    romdata   0x300006    program   0x000001
    .config_300008_main.o    romdata   0x300008    program   0x000001
    .config_300009_main.o    romdata   0x300009    program   0x000001
    .config_30000a_main.o    romdata   0x30000a    program   0x000001
    .config_30000b_main.o    romdata   0x30000b    program   0x000001
    .config_30000c_main.o    romdata   0x30000c    program   0x000001
    .config_30000d_main.o    romdata   0x30000d    program   0x000001
                MATH_DATA      udata   0x000000       data   0x000014
                 .tmpdata      udata   0x000014       data   0x00000a
             .idata_lcd.o      idata   0x000080       data   0x000061
             .idata_i2c.o      idata   0x0000e1       data   0x00001b
             .udata_lcd.o      udata   0x0000fc       data   0x000004
          .idata_button.o      idata   0x000100       data   0x000028
           .idata_timer.o      idata   0x000128       data   0x000020
            .idata_main.o      idata   0x000148       data   0x000013
            .udata_menu.o      udata   0x00015b       data   0x000010
           .udata_c018i.o      udata   0x00016b       data   0x00000a
            .idata_uart.o      idata   0x000175       data   0x000003
                   .stack      udata   0x000e00       data   0x000100
            .udata_uart.o      udata   0x000f00       data   0x000041
            .idata_menu.o      idata   0x000f41       data   0x000039
       .idata_interrupt.o      idata   0x000f7a       data   0x000004
             .udata_i2c.o      udata   0x000f7e       data   0x000001
           .idata_c018i.o      idata   0x000f7f       data   0x000000
          .idata___init.o      idata   0x000f7f       data   0x000000
          .udata___init.o      udata   0x000f7f       data   0x000000
         .idata_fxm3232.o      idata   0x000f7f       data   0x000000
         .udata_fxm3232.o      udata   0x000f7f       data   0x000000
        .idata_fxd3232u.o      idata   0x000f7f       data   0x000000
        .udata_fxd3232u.o      udata   0x000f7f       data   0x000000
        .idata_fxd2424u.o      idata   0x000f7f       data   0x000000
        .udata_fxd2424u.o      udata   0x000f7f       data   0x000000
        .idata_fxd1616u.o      idata   0x000f7f       data   0x000000
        .udata_fxd1616u.o      udata   0x000f7f       data   0x000000
        .idata_fxd0808u.o      idata   0x000f7f       data   0x000000
        .udata_fxd0808u.o      udata   0x000f7f       data   0x000000
          .udata_button.o      udata   0x000f7f       data   0x000000
       .udata_interrupt.o      udata   0x000f7f       data   0x000000
            .udata_main.o      udata   0x000f7f       data   0x000000
           .udata_timer.o      udata   0x000f7f       data   0x000000
            SFR_UNBANKED0      udata   0x000f80       data   0x000080



                              Program Memory Usage 
                               Start         End      
                           ---------   ---------      
                            0x000000    0x000014      
                            0x000018    0x0034b4      
                            0x0034b6    0x0044a5      
                            0x300001    0x300003      
                            0x300005    0x300006      
                            0x300008    0x30000d      
            17581 out of 66584 program addresses used, program memory utilization is 26%



                              Symbols - Sorted by Name
                     Name    Address   Location    Storage File                     
                ---------  ---------  ---------  --------- ---------                
                    Alarm   0x002362    program     extern D:\Subjects\DA TKLL document\Project\TKLL\main.c
                  BCD2Dec   0x003d56    program     extern D:\Subjects\DA TKLL document\Project\TKLL\i2c\i2c.c
               BaiTap_I2C   0x001c6e    program     extern D:\Subjects\DA TKLL document\Project\TKLL\main.c
              CompareTime   0x002344    program     extern D:\Subjects\DA TKLL document\Project\TKLL\main.c
                   D1616S   0x0040a4    program     static E:\3.46\pic18-lt\cxx-framework\src\traditional\math\fxd1616s.asm
                D1616SNEG   0x0040b2    program     static E:\3.46\pic18-lt\cxx-framework\src\traditional\math\fxd1616s.asm
                 D1616SOK   0x0040ae    program     static E:\3.46\pic18-lt\cxx-framework\src\traditional\math\fxd1616s.asm
                  D1616SX   0x0040c4    program     static E:\3.46\pic18-lt\cxx-framework\src\traditional\math\fxd1616s.asm
                   D2424S   0x0040f8    program     static E:\3.46\pic18-lt\cxx-framework\src\traditional\math\fxd2424s.asm
                D2424SNEG   0x004106    program     static E:\3.46\pic18-lt\cxx-framework\src\traditional\math\fxd2424s.asm
                 D2424SOK   0x004102    program     static E:\3.46\pic18-lt\cxx-framework\src\traditional\math\fxd2424s.asm
                  D2424SX   0x00411e    program     static E:\3.46\pic18-lt\cxx-framework\src\traditional\math\fxd2424s.asm
                  DA1616S   0x004094    program     static E:\3.46\pic18-lt\cxx-framework\src\traditional\math\fxd1616s.asm
                  DA2424S   0x0040e4    program     static E:\3.46\pic18-lt\cxx-framework\src\traditional\math\fxd2424s.asm
                  Dec2BCD   0x003d7a    program     extern D:\Subjects\DA TKLL document\Project\TKLL\i2c\i2c.c
         DisplayAlarmTime   0x001ec2    program     extern D:\Subjects\DA TKLL document\Project\TKLL\main.c
         DisplayLcdScreen   0x0029dc    program     extern D:\Subjects\DA TKLL document\Project\TKLL\lcd\lcd.c
        DisplayLcdScreen2   0x002a5c    program     extern D:\Subjects\DA TKLL document\Project\TKLL\lcd\lcd.c
      DisplayLcdScreenOld   0x002a9a    program     extern D:\Subjects\DA TKLL document\Project\TKLL\lcd\lcd.c
              DisplayTime   0x001cd2    program     extern D:\Subjects\DA TKLL document\Project\TKLL\main.c
                 FXD0808U   0x00437a    program     extern E:\3.46\pic18-lt\cxx-framework\src\traditional\math\fxd0808u.c
                 FXD1616S   0x004082    program     extern E:\3.46\pic18-lt\cxx-framework\src\traditional\math\fxd1616s.asm
                 FXD1616U   0x004312    program     extern E:\3.46\pic18-lt\cxx-framework\src\traditional\math\fxd1616u.c
                 FXD2424S   0x0040ce    program     extern E:\3.46\pic18-lt\cxx-framework\src\traditional\math\fxd2424s.asm
                 FXD2424U   0x0042d8    program     extern E:\3.46\pic18-lt\cxx-framework\src\traditional\math\fxd2424u.c
                 FXD3232U   0x004290    program     extern E:\3.46\pic18-lt\cxx-framework\src\traditional\math\fxd3232u.c
                 FXM1616S   0x004128    program     extern E:\3.46\pic18-lt\cxx-framework\src\traditional\math\fxm1616s.asm
                  FXM3232   0x004220    program     extern E:\3.46\pic18-lt\cxx-framework\src\traditional\math\fxm3232.c
      InterruptVectorHigh   0x000008    program     extern D:\Subjects\DA TKLL document\Project\TKLL\interrupt\interrupt.c
       InterruptVectorLow   0x000018    program     extern D:\Subjects\DA TKLL document\Project\TKLL\interrupt\interrupt.c
                LcdClearS   0x00298c    program     extern D:\Subjects\DA TKLL document\Project\TKLL\lcd\lcd.c
            LcdPrintCharS   0x002abc    program     extern D:\Subjects\DA TKLL document\Project\TKLL\lcd\lcd.c
              LcdPrintNum   0x002928    program     extern D:\Subjects\DA TKLL document\Project\TKLL\lcd\lcd.c
             LcdPrintNumS   0x002ade    program     extern D:\Subjects\DA TKLL document\Project\TKLL\lcd\lcd.c
           LcdPrintString   0x00294e    program     extern D:\Subjects\DA TKLL document\Project\TKLL\lcd\lcd.c
          LcdPrintStringS   0x002b7a    program     extern D:\Subjects\DA TKLL document\Project\TKLL\lcd\lcd.c
       ReadDataFromDS1307   0x001c44    program     extern D:\Subjects\DA TKLL document\Project\TKLL\main.c
              Read_DS1307   0x003ec6    program     extern D:\Subjects\DA TKLL document\Project\TKLL\i2c\i2c.c
             SetTimer0_ms   0x003c2e    program     extern D:\Subjects\DA TKLL document\Project\TKLL\timer\timer.c
             SetTimer1_ms   0x003c46    program     extern D:\Subjects\DA TKLL document\Project\TKLL\timer\timer.c
             SetTimer3_ms   0x003c78    program     extern D:\Subjects\DA TKLL document\Project\TKLL\timer\timer.c
               SetUpAlarm   0x00215e    program     extern D:\Subjects\DA TKLL document\Project\TKLL\main.c
                SetUpTime   0x001f3e    program     extern D:\Subjects\DA TKLL document\Project\TKLL\main.c
     SetupForFirstProgram   0x001c0e    program     extern D:\Subjects\DA TKLL document\Project\TKLL\main.c
     SetupTimeForRealTime   0x001bbe    program     extern D:\Subjects\DA TKLL document\Project\TKLL\main.c
               TSIGN1616A   0x004174    program     static E:\3.46\pic18-lt\cxx-framework\src\traditional\math\fxm1616s.asm
              UartSendNum   0x003628    program     extern D:\Subjects\DA TKLL document\Project\TKLL\uart\uart.c
           UartSendString   0x003736    program     extern D:\Subjects\DA TKLL document\Project\TKLL\uart\uart.c
             Write_DS1307   0x003eb0    program     extern D:\Subjects\DA TKLL document\Project\TKLL\i2c\i2c.c
       ___return_lbl00000   0x00433c    program     static                          
       ___return_lbl00000   0x004394    program     static                          
       ___return_lbl00000   0x000004    program     static                          
       ___return_lbl00000   0x0042d6    program     static                          
       ___return_lbl00000   0x00428e    program     static                          
       ___return_lbl00000   0x004310    program     static                          
       ___return_lbl00001   0x004378    program     static                          
       ___return_lbl00002   0x00001c    program     static                          
       ___return_lbl00002   0x00421e    program     static                          
       ___return_lbl00003   0x00000c    program     static                          
               __config_0   0x300001    program     static D:\Subjects\DA TKLL document\Project\TKLL\main.c
               __config_1   0x300002    program     static D:\Subjects\DA TKLL document\Project\TKLL\main.c
              __config_10   0x30000d    program     static D:\Subjects\DA TKLL document\Project\TKLL\main.c
               __config_2   0x300003    program     static D:\Subjects\DA TKLL document\Project\TKLL\main.c
               __config_3   0x300005    program     static D:\Subjects\DA TKLL document\Project\TKLL\main.c
               __config_4   0x300006    program     static D:\Subjects\DA TKLL document\Project\TKLL\main.c
               __config_5   0x300008    program     static D:\Subjects\DA TKLL document\Project\TKLL\main.c
               __config_6   0x300009    program     static D:\Subjects\DA TKLL document\Project\TKLL\main.c
               __config_7   0x30000a    program     static D:\Subjects\DA TKLL document\Project\TKLL\main.c
               __config_8   0x30000b    program     static D:\Subjects\DA TKLL document\Project\TKLL\main.c
               __config_9   0x30000c    program     static D:\Subjects\DA TKLL document\Project\TKLL\main.c
                   __init   0x000006    program     extern E:\3.46\pic18-lt\cxx-framework\src\traditional\stdclib\__init.c
                   __pa_0   0x0039da    program     static D:\Subjects\DA TKLL document\Project\TKLL\button_matrix\button.c
                   __pa_0   0x0023e8    program     static D:\Subjects\DA TKLL document\Project\TKLL\main.c
                   __pa_0   0x001726    program     static D:\Subjects\DA TKLL document\Project\TKLL\menu\menu.c
                   __pa_0   0x004008    program     static D:\Subjects\DA TKLL document\Project\TKLL\interrupt\interrupt.c
                   __pa_0   0x003ed4    program     static D:\Subjects\DA TKLL document\Project\TKLL\i2c\i2c.c
                   __pa_0   0x002bac    program     static D:\Subjects\DA TKLL document\Project\TKLL\lcd\lcd.c
                   __pa_0   0x00377c    program     static D:\Subjects\DA TKLL document\Project\TKLL\uart\uart.c
                   __pa_0   0x003caa    program     static D:\Subjects\DA TKLL document\Project\TKLL\timer\timer.c
                   __pa_1   0x001734    program     static D:\Subjects\DA TKLL document\Project\TKLL\menu\menu.c
                   __pa_1   0x004032    program     static D:\Subjects\DA TKLL document\Project\TKLL\interrupt\interrupt.c
                   __pa_1   0x002bba    program     static D:\Subjects\DA TKLL document\Project\TKLL\lcd\lcd.c
                   __pa_1   0x00379a    program     static D:\Subjects\DA TKLL document\Project\TKLL\uart\uart.c
                   __pa_1   0x003cd6    program     static D:\Subjects\DA TKLL document\Project\TKLL\timer\timer.c
                   __pa_1   0x003ede    program     static D:\Subjects\DA TKLL document\Project\TKLL\i2c\i2c.c
                   __pa_1   0x0023fc    program     static D:\Subjects\DA TKLL document\Project\TKLL\main.c
                   __pa_1   0x0039fa    program     static D:\Subjects\DA TKLL document\Project\TKLL\button_matrix\button.c
                  __pa_10   0x003d48    program     static D:\Subjects\DA TKLL document\Project\TKLL\timer\timer.c
                  __pa_10   0x003816    program     static D:\Subjects\DA TKLL document\Project\TKLL\uart\uart.c
                  __pa_10   0x00249a    program     static D:\Subjects\DA TKLL document\Project\TKLL\main.c
                  __pa_10   0x003a8e    program     static D:\Subjects\DA TKLL document\Project\TKLL\button_matrix\button.c
                  __pa_10   0x0017be    program     static D:\Subjects\DA TKLL document\Project\TKLL\menu\menu.c
                  __pa_10   0x002c3e    program     static D:\Subjects\DA TKLL document\Project\TKLL\lcd\lcd.c
                  __pa_11   0x002c58    program     static D:\Subjects\DA TKLL document\Project\TKLL\lcd\lcd.c
                  __pa_11   0x003ace    program     static D:\Subjects\DA TKLL document\Project\TKLL\button_matrix\button.c
                  __pa_11   0x003824    program     static D:\Subjects\DA TKLL document\Project\TKLL\uart\uart.c
                  __pa_11   0x0024a4    program     static D:\Subjects\DA TKLL document\Project\TKLL\main.c
                  __pa_11   0x0017cc    program     static D:\Subjects\DA TKLL document\Project\TKLL\menu\menu.c
                  __pa_12   0x002c72    program     static D:\Subjects\DA TKLL document\Project\TKLL\lcd\lcd.c
                  __pa_12   0x003ad6    program     static D:\Subjects\DA TKLL document\Project\TKLL\button_matrix\button.c
                  __pa_12   0x0024ae    program     static D:\Subjects\DA TKLL document\Project\TKLL\main.c
                  __pa_12   0x003836    program     static D:\Subjects\DA TKLL document\Project\TKLL\uart\uart.c
                  __pa_12   0x0017d8    program     static D:\Subjects\DA TKLL document\Project\TKLL\menu\menu.c
                  __pa_13   0x003848    program     static D:\Subjects\DA TKLL document\Project\TKLL\uart\uart.c
                  __pa_13   0x003ae0    program     static D:\Subjects\DA TKLL document\Project\TKLL\button_matrix\button.c
                  __pa_13   0x002c8a    program     static D:\Subjects\DA TKLL document\Project\TKLL\lcd\lcd.c
                  __pa_13   0x0017ec    program     static D:\Subjects\DA TKLL document\Project\TKLL\menu\menu.c
                  __pa_13   0x0024b8    program     static D:\Subjects\DA TKLL document\Project\TKLL\main.c
                  __pa_14   0x0017f6    program     static D:\Subjects\DA TKLL document\Project\TKLL\menu\menu.c
                  __pa_14   0x002ca2    program     static D:\Subjects\DA TKLL document\Project\TKLL\lcd\lcd.c
                  __pa_14   0x0024ca    program     static D:\Subjects\DA TKLL document\Project\TKLL\main.c
                  __pa_15   0x001804    program     static D:\Subjects\DA TKLL document\Project\TKLL\menu\menu.c
                  __pa_15   0x0024d2    program     static D:\Subjects\DA TKLL document\Project\TKLL\main.c
                  __pa_15   0x002cba    program     static D:\Subjects\DA TKLL document\Project\TKLL\lcd\lcd.c
                  __pa_16   0x002cca    program     static D:\Subjects\DA TKLL document\Project\TKLL\lcd\lcd.c
                  __pa_16   0x0024da    program     static D:\Subjects\DA TKLL document\Project\TKLL\main.c
                  __pa_16   0x00182c    program     static D:\Subjects\DA TKLL document\Project\TKLL\menu\menu.c
                  __pa_17   0x002cdc    program     static D:\Subjects\DA TKLL document\Project\TKLL\lcd\lcd.c
                  __pa_17   0x0024e6    program     static D:\Subjects\DA TKLL document\Project\TKLL\main.c
                  __pa_17   0x00183e    program     static D:\Subjects\DA TKLL document\Project\TKLL\menu\menu.c
                  __pa_18   0x0024f4    program     static D:\Subjects\DA TKLL document\Project\TKLL\main.c
                  __pa_18   0x002ce8    program     static D:\Subjects\DA TKLL document\Project\TKLL\lcd\lcd.c
                  __pa_18   0x001850    program     static D:\Subjects\DA TKLL document\Project\TKLL\menu\menu.c
                  __pa_19   0x002cfa    program     static D:\Subjects\DA TKLL document\Project\TKLL\lcd\lcd.c
                  __pa_19   0x002502    program     static D:\Subjects\DA TKLL document\Project\TKLL\main.c
                  __pa_19   0x001862    program     static D:\Subjects\DA TKLL document\Project\TKLL\menu\menu.c
                   __pa_2   0x003ce0    program     static D:\Subjects\DA TKLL document\Project\TKLL\timer\timer.c
                   __pa_2   0x0037a8    program     static D:\Subjects\DA TKLL document\Project\TKLL\uart\uart.c
                   __pa_2   0x002bc6    program     static D:\Subjects\DA TKLL document\Project\TKLL\lcd\lcd.c
                   __pa_2   0x003ee6    program     static D:\Subjects\DA TKLL document\Project\TKLL\i2c\i2c.c
                   __pa_2   0x003a14    program     static D:\Subjects\DA TKLL document\Project\TKLL\button_matrix\button.c
                   __pa_2   0x001740    program     static D:\Subjects\DA TKLL document\Project\TKLL\menu\menu.c
                   __pa_2   0x004058    program     static D:\Subjects\DA TKLL document\Project\TKLL\interrupt\interrupt.c
                   __pa_2   0x00240a    program     static D:\Subjects\DA TKLL document\Project\TKLL\main.c
                  __pa_20   0x001870    program     static D:\Subjects\DA TKLL document\Project\TKLL\menu\menu.c
                  __pa_20   0x002510    program     static D:\Subjects\DA TKLL document\Project\TKLL\main.c
                  __pa_20   0x002d0c    program     static D:\Subjects\DA TKLL document\Project\TKLL\lcd\lcd.c
                  __pa_21   0x00187c    program     static D:\Subjects\DA TKLL document\Project\TKLL\menu\menu.c
                  __pa_21   0x00251e    program     static D:\Subjects\DA TKLL document\Project\TKLL\main.c
                  __pa_21   0x002d16    program     static D:\Subjects\DA TKLL document\Project\TKLL\lcd\lcd.c
                  __pa_22   0x001884    program     static D:\Subjects\DA TKLL document\Project\TKLL\menu\menu.c
                  __pa_22   0x002528    program     static D:\Subjects\DA TKLL document\Project\TKLL\main.c
                  __pa_22   0x002d1e    program     static D:\Subjects\DA TKLL document\Project\TKLL\lcd\lcd.c
                  __pa_23   0x002532    program     static D:\Subjects\DA TKLL document\Project\TKLL\main.c
                  __pa_23   0x00188e    program     static D:\Subjects\DA TKLL document\Project\TKLL\menu\menu.c
                  __pa_23   0x002d2c    program     static D:\Subjects\DA TKLL document\Project\TKLL\lcd\lcd.c
                  __pa_24   0x001898    program     static D:\Subjects\DA TKLL document\Project\TKLL\menu\menu.c
                  __pa_24   0x00253c    program     static D:\Subjects\DA TKLL document\Project\TKLL\main.c
                  __pa_24   0x002d3a    program     static D:\Subjects\DA TKLL document\Project\TKLL\lcd\lcd.c
                  __pa_25   0x002d48    program     static D:\Subjects\DA TKLL document\Project\TKLL\lcd\lcd.c
                  __pa_25   0x0018a0    program     static D:\Subjects\DA TKLL document\Project\TKLL\menu\menu.c
                  __pa_25   0x002542    program     static D:\Subjects\DA TKLL document\Project\TKLL\main.c
                  __pa_26   0x002d52    program     static D:\Subjects\DA TKLL document\Project\TKLL\lcd\lcd.c
                  __pa_26   0x00254c    program     static D:\Subjects\DA TKLL document\Project\TKLL\main.c
                  __pa_26   0x0018ae    program     static D:\Subjects\DA TKLL document\Project\TKLL\menu\menu.c
                  __pa_27   0x002554    program     static D:\Subjects\DA TKLL document\Project\TKLL\main.c
                  __pa_27   0x0018b8    program     static D:\Subjects\DA TKLL document\Project\TKLL\menu\menu.c
                  __pa_27   0x002d64    program     static D:\Subjects\DA TKLL document\Project\TKLL\lcd\lcd.c
                  __pa_28   0x0018c2    program     static D:\Subjects\DA TKLL document\Project\TKLL\menu\menu.c
                  __pa_28   0x002d70    program     static D:\Subjects\DA TKLL document\Project\TKLL\lcd\lcd.c
                  __pa_28   0x002562    program     static D:\Subjects\DA TKLL document\Project\TKLL\main.c
                  __pa_29   0x002d7c    program     static D:\Subjects\DA TKLL document\Project\TKLL\lcd\lcd.c
                  __pa_29   0x002570    program     static D:\Subjects\DA TKLL document\Project\TKLL\main.c
                  __pa_29   0x0018c4    program     static D:\Subjects\DA TKLL document\Project\TKLL\menu\menu.c
                   __pa_3   0x002416    program     static D:\Subjects\DA TKLL document\Project\TKLL\main.c
                   __pa_3   0x004066    program     static D:\Subjects\DA TKLL document\Project\TKLL\interrupt\interrupt.c
                   __pa_3   0x003a26    program     static D:\Subjects\DA TKLL document\Project\TKLL\button_matrix\button.c
                   __pa_3   0x00174c    program     static D:\Subjects\DA TKLL document\Project\TKLL\menu\menu.c
                   __pa_3   0x003ef8    program     static D:\Subjects\DA TKLL document\Project\TKLL\i2c\i2c.c
                   __pa_3   0x002bd4    program     static D:\Subjects\DA TKLL document\Project\TKLL\lcd\lcd.c
                   __pa_3   0x003ce8    program     static D:\Subjects\DA TKLL document\Project\TKLL\timer\timer.c
                   __pa_3   0x0037b2    program     static D:\Subjects\DA TKLL document\Project\TKLL\uart\uart.c
                  __pa_30   0x0018cc    program     static D:\Subjects\DA TKLL document\Project\TKLL\menu\menu.c
                  __pa_30   0x00257e    program     static D:\Subjects\DA TKLL document\Project\TKLL\main.c
                  __pa_30   0x002d88    program     static D:\Subjects\DA TKLL document\Project\TKLL\lcd\lcd.c
                  __pa_31   0x0018d0    program     static D:\Subjects\DA TKLL document\Project\TKLL\menu\menu.c
                  __pa_31   0x002d92    program     static D:\Subjects\DA TKLL document\Project\TKLL\lcd\lcd.c
                  __pa_31   0x00258c    program     static D:\Subjects\DA TKLL document\Project\TKLL\main.c
                  __pa_32   0x002da4    program     static D:\Subjects\DA TKLL document\Project\TKLL\lcd\lcd.c
                  __pa_32   0x002596    program     static D:\Subjects\DA TKLL document\Project\TKLL\main.c
                  __pa_32   0x0018da    program     static D:\Subjects\DA TKLL document\Project\TKLL\menu\menu.c
                  __pa_33   0x0025a2    program     static D:\Subjects\DA TKLL document\Project\TKLL\main.c
                  __pa_33   0x0018e8    program     static D:\Subjects\DA TKLL document\Project\TKLL\menu\menu.c
                  __pa_33   0x002dba    program     static D:\Subjects\DA TKLL document\Project\TKLL\lcd\lcd.c
                  __pa_34   0x0025a8    program     static D:\Subjects\DA TKLL document\Project\TKLL\main.c
                  __pa_34   0x0018f6    program     static D:\Subjects\DA TKLL document\Project\TKLL\menu\menu.c
                  __pa_34   0x002dd0    program     static D:\Subjects\DA TKLL document\Project\TKLL\lcd\lcd.c
                  __pa_35   0x0025ae    program     static D:\Subjects\DA TKLL document\Project\TKLL\main.c
                  __pa_35   0x002dd8    program     static D:\Subjects\DA TKLL document\Project\TKLL\lcd\lcd.c
                  __pa_35   0x001904    program     static D:\Subjects\DA TKLL document\Project\TKLL\menu\menu.c
                  __pa_36   0x0025b6    program     static D:\Subjects\DA TKLL document\Project\TKLL\main.c
                  __pa_36   0x002de2    program     static D:\Subjects\DA TKLL document\Project\TKLL\lcd\lcd.c
                  __pa_36   0x001912    program     static D:\Subjects\DA TKLL document\Project\TKLL\menu\menu.c
                  __pa_37   0x0025bc    program     static D:\Subjects\DA TKLL document\Project\TKLL\main.c
                  __pa_37   0x002df0    program     static D:\Subjects\DA TKLL document\Project\TKLL\lcd\lcd.c
                  __pa_37   0x001920    program     static D:\Subjects\DA TKLL document\Project\TKLL\menu\menu.c
                  __pa_38   0x00192e    program     static D:\Subjects\DA TKLL document\Project\TKLL\menu\menu.c
                  __pa_38   0x002dfa    program     static D:\Subjects\DA TKLL document\Project\TKLL\lcd\lcd.c
                  __pa_38   0x0025c2    program     static D:\Subjects\DA TKLL document\Project\TKLL\main.c
                  __pa_39   0x002e0c    program     static D:\Subjects\DA TKLL document\Project\TKLL\lcd\lcd.c
                  __pa_39   0x0025d0    program     static D:\Subjects\DA TKLL document\Project\TKLL\main.c
                  __pa_39   0x001938    program     static D:\Subjects\DA TKLL document\Project\TKLL\menu\menu.c
                   __pa_4   0x002bde    program     static D:\Subjects\DA TKLL document\Project\TKLL\lcd\lcd.c
                   __pa_4   0x003cf0    program     static D:\Subjects\DA TKLL document\Project\TKLL\timer\timer.c
                   __pa_4   0x004074    program     static D:\Subjects\DA TKLL document\Project\TKLL\interrupt\interrupt.c
                   __pa_4   0x002422    program     static D:\Subjects\DA TKLL document\Project\TKLL\main.c
                   __pa_4   0x0037ba    program     static D:\Subjects\DA TKLL document\Project\TKLL\uart\uart.c
                   __pa_4   0x003f08    program     static D:\Subjects\DA TKLL document\Project\TKLL\i2c\i2c.c
                   __pa_4   0x003a38    program     static D:\Subjects\DA TKLL document\Project\TKLL\button_matrix\button.c
                   __pa_4   0x00175a    program     static D:\Subjects\DA TKLL document\Project\TKLL\menu\menu.c
                  __pa_40   0x002e1e    program     static D:\Subjects\DA TKLL document\Project\TKLL\lcd\lcd.c
                  __pa_40   0x001942    program     static D:\Subjects\DA TKLL document\Project\TKLL\menu\menu.c
                  __pa_40   0x0025de    program     static D:\Subjects\DA TKLL document\Project\TKLL\main.c
                  __pa_41   0x002e30    program     static D:\Subjects\DA TKLL document\Project\TKLL\lcd\lcd.c
                  __pa_41   0x00194c    program     static D:\Subjects\DA TKLL document\Project\TKLL\menu\menu.c
                  __pa_41   0x0025ec    program     static D:\Subjects\DA TKLL document\Project\TKLL\main.c
                  __pa_42   0x0025f6    program     static D:\Subjects\DA TKLL document\Project\TKLL\main.c
                  __pa_42   0x001952    program     static D:\Subjects\DA TKLL document\Project\TKLL\menu\menu.c
                  __pa_42   0x002e3a    program     static D:\Subjects\DA TKLL document\Project\TKLL\lcd\lcd.c
                  __pa_43   0x001956    program     static D:\Subjects\DA TKLL document\Project\TKLL\menu\menu.c
                  __pa_43   0x002e44    program     static D:\Subjects\DA TKLL document\Project\TKLL\lcd\lcd.c
                  __pa_43   0x002600    program     static D:\Subjects\DA TKLL document\Project\TKLL\main.c
                  __pa_44   0x002e4a    program     static D:\Subjects\DA TKLL document\Project\TKLL\lcd\lcd.c
                  __pa_44   0x00195c    program     static D:\Subjects\DA TKLL document\Project\TKLL\menu\menu.c
                  __pa_44   0x00260a    program     static D:\Subjects\DA TKLL document\Project\TKLL\main.c
                  __pa_45   0x002e56    program     static D:\Subjects\DA TKLL document\Project\TKLL\lcd\lcd.c
                  __pa_45   0x001962    program     static D:\Subjects\DA TKLL document\Project\TKLL\menu\menu.c
                  __pa_45   0x002614    program     static D:\Subjects\DA TKLL document\Project\TKLL\main.c
                  __pa_46   0x001972    program     static D:\Subjects\DA TKLL document\Project\TKLL\menu\menu.c
                  __pa_46   0x00261a    program     static D:\Subjects\DA TKLL document\Project\TKLL\main.c
                  __pa_46   0x002e62    program     static D:\Subjects\DA TKLL document\Project\TKLL\lcd\lcd.c
                  __pa_47   0x002e6a    program     static D:\Subjects\DA TKLL document\Project\TKLL\lcd\lcd.c
                  __pa_47   0x00197a    program     static D:\Subjects\DA TKLL document\Project\TKLL\menu\menu.c
                  __pa_48   0x002e72    program     static D:\Subjects\DA TKLL document\Project\TKLL\lcd\lcd.c
                  __pa_48   0x00198c    program     static D:\Subjects\DA TKLL document\Project\TKLL\menu\menu.c
                  __pa_49   0x00199a    program     static D:\Subjects\DA TKLL document\Project\TKLL\menu\menu.c
                   __pa_5   0x002be6    program     static D:\Subjects\DA TKLL document\Project\TKLL\lcd\lcd.c
                   __pa_5   0x0037c8    program     static D:\Subjects\DA TKLL document\Project\TKLL\uart\uart.c
                   __pa_5   0x002430    program     static D:\Subjects\DA TKLL document\Project\TKLL\main.c
                   __pa_5   0x003a4c    program     static D:\Subjects\DA TKLL document\Project\TKLL\button_matrix\button.c
                   __pa_5   0x003d00    program     static D:\Subjects\DA TKLL document\Project\TKLL\timer\timer.c
                   __pa_5   0x00176a    program     static D:\Subjects\DA TKLL document\Project\TKLL\menu\menu.c
                   __pa_5   0x003f14    program     static D:\Subjects\DA TKLL document\Project\TKLL\i2c\i2c.c
                  __pa_50   0x0019a8    program     static D:\Subjects\DA TKLL document\Project\TKLL\menu\menu.c
                  __pa_51   0x0019b6    program     static D:\Subjects\DA TKLL document\Project\TKLL\menu\menu.c
                  __pa_52   0x0019c4    program     static D:\Subjects\DA TKLL document\Project\TKLL\menu\menu.c
                  __pa_53   0x0019d2    program     static D:\Subjects\DA TKLL document\Project\TKLL\menu\menu.c
                  __pa_54   0x0019da    program     static D:\Subjects\DA TKLL document\Project\TKLL\menu\menu.c
                  __pa_55   0x0019e4    program     static D:\Subjects\DA TKLL document\Project\TKLL\menu\menu.c
                  __pa_56   0x0019ea    program     static D:\Subjects\DA TKLL document\Project\TKLL\menu\menu.c
                  __pa_57   0x0019f0    program     static D:\Subjects\DA TKLL document\Project\TKLL\menu\menu.c
                  __pa_58   0x0019f6    program     static D:\Subjects\DA TKLL document\Project\TKLL\menu\menu.c
                  __pa_59   0x0019fc    program     static D:\Subjects\DA TKLL document\Project\TKLL\menu\menu.c
                   __pa_6   0x002bf0    program     static D:\Subjects\DA TKLL document\Project\TKLL\lcd\lcd.c
                   __pa_6   0x003d10    program     static D:\Subjects\DA TKLL document\Project\TKLL\timer\timer.c
                   __pa_6   0x001778    program     static D:\Subjects\DA TKLL document\Project\TKLL\menu\menu.c
                   __pa_6   0x0037d0    program     static D:\Subjects\DA TKLL document\Project\TKLL\uart\uart.c
                   __pa_6   0x003a6a    program     static D:\Subjects\DA TKLL document\Project\TKLL\button_matrix\button.c
                   __pa_6   0x00243e    program     static D:\Subjects\DA TKLL document\Project\TKLL\main.c
                  __pa_60   0x001a02    program     static D:\Subjects\DA TKLL document\Project\TKLL\menu\menu.c
                  __pa_61   0x001a08    program     static D:\Subjects\DA TKLL document\Project\TKLL\menu\menu.c
                  __pa_62   0x001a0e    program     static D:\Subjects\DA TKLL document\Project\TKLL\menu\menu.c
                  __pa_63   0x001a16    program     static D:\Subjects\DA TKLL document\Project\TKLL\menu\menu.c
                  __pa_64   0x001a1e    program     static D:\Subjects\DA TKLL document\Project\TKLL\menu\menu.c
                  __pa_65   0x001a24    program     static D:\Subjects\DA TKLL document\Project\TKLL\menu\menu.c
                  __pa_66   0x001a2a    program     static D:\Subjects\DA TKLL document\Project\TKLL\menu\menu.c
                  __pa_67   0x001a32    program     static D:\Subjects\DA TKLL document\Project\TKLL\menu\menu.c
                  __pa_68   0x001a38    program     static D:\Subjects\DA TKLL document\Project\TKLL\menu\menu.c
                  __pa_69   0x001a42    program     static D:\Subjects\DA TKLL document\Project\TKLL\menu\menu.c
                   __pa_7   0x001796    program     static D:\Subjects\DA TKLL document\Project\TKLL\menu\menu.c
                   __pa_7   0x002c02    program     static D:\Subjects\DA TKLL document\Project\TKLL\lcd\lcd.c
                   __pa_7   0x003a72    program     static D:\Subjects\DA TKLL document\Project\TKLL\button_matrix\button.c
                   __pa_7   0x00247c    program     static D:\Subjects\DA TKLL document\Project\TKLL\main.c
                   __pa_7   0x0037e2    program     static D:\Subjects\DA TKLL document\Project\TKLL\uart\uart.c
                   __pa_7   0x003d1e    program     static D:\Subjects\DA TKLL document\Project\TKLL\timer\timer.c
                  __pa_70   0x001a4c    program     static D:\Subjects\DA TKLL document\Project\TKLL\menu\menu.c
                  __pa_71   0x001a56    program     static D:\Subjects\DA TKLL document\Project\TKLL\menu\menu.c
                   __pa_8   0x002c20    program     static D:\Subjects\DA TKLL document\Project\TKLL\lcd\lcd.c
                   __pa_8   0x0017a6    program     static D:\Subjects\DA TKLL document\Project\TKLL\menu\menu.c
                   __pa_8   0x0037f4    program     static D:\Subjects\DA TKLL document\Project\TKLL\uart\uart.c
                   __pa_8   0x003a7c    program     static D:\Subjects\DA TKLL document\Project\TKLL\button_matrix\button.c
                   __pa_8   0x00248a    program     static D:\Subjects\DA TKLL document\Project\TKLL\main.c
                   __pa_8   0x003d2c    program     static D:\Subjects\DA TKLL document\Project\TKLL\timer\timer.c
                   __pa_9   0x0017b4    program     static D:\Subjects\DA TKLL document\Project\TKLL\menu\menu.c
                   __pa_9   0x003a86    program     static D:\Subjects\DA TKLL document\Project\TKLL\button_matrix\button.c
                   __pa_9   0x002c26    program     static D:\Subjects\DA TKLL document\Project\TKLL\lcd\lcd.c
                   __pa_9   0x002492    program     static D:\Subjects\DA TKLL document\Project\TKLL\main.c
                   __pa_9   0x003806    program     static D:\Subjects\DA TKLL document\Project\TKLL\uart\uart.c
                   __pa_9   0x003d3a    program     static D:\Subjects\DA TKLL document\Project\TKLL\timer\timer.c
               __string_0   0x002ef7    program     static D:\Subjects\DA TKLL document\Project\TKLL\main.c
               __string_0   0x0034a8    program     static D:\Subjects\DA TKLL document\Project\TKLL\menu\menu.c
               __string_1   0x003499    program     static D:\Subjects\DA TKLL document\Project\TKLL\menu\menu.c
               __string_1   0x002ef3    program     static D:\Subjects\DA TKLL document\Project\TKLL\main.c
              __string_10   0x00341f    program     static D:\Subjects\DA TKLL document\Project\TKLL\menu\menu.c
              __string_10   0x002ed3    program     static D:\Subjects\DA TKLL document\Project\TKLL\main.c
              __string_11   0x003413    program     static D:\Subjects\DA TKLL document\Project\TKLL\menu\menu.c
              __string_11   0x002ecf    program     static D:\Subjects\DA TKLL document\Project\TKLL\main.c
              __string_12   0x00340a    program     static D:\Subjects\DA TKLL document\Project\TKLL\menu\menu.c
              __string_12   0x002ecb    program     static D:\Subjects\DA TKLL document\Project\TKLL\main.c
              __string_13   0x003401    program     static D:\Subjects\DA TKLL document\Project\TKLL\menu\menu.c
              __string_13   0x002ec7    program     static D:\Subjects\DA TKLL document\Project\TKLL\main.c
              __string_14   0x002ec3    program     static D:\Subjects\DA TKLL document\Project\TKLL\main.c
              __string_14   0x0033fb    program     static D:\Subjects\DA TKLL document\Project\TKLL\menu\menu.c
              __string_15   0x0033f3    program     static D:\Subjects\DA TKLL document\Project\TKLL\menu\menu.c
              __string_15   0x002ebf    program     static D:\Subjects\DA TKLL document\Project\TKLL\main.c
              __string_16   0x0033e3    program     static D:\Subjects\DA TKLL document\Project\TKLL\menu\menu.c
              __string_16   0x002ebb    program     static D:\Subjects\DA TKLL document\Project\TKLL\main.c
              __string_17   0x0033d8    program     static D:\Subjects\DA TKLL document\Project\TKLL\menu\menu.c
              __string_17   0x002eb7    program     static D:\Subjects\DA TKLL document\Project\TKLL\main.c
              __string_18   0x0033ce    program     static D:\Subjects\DA TKLL document\Project\TKLL\menu\menu.c
              __string_18   0x002eb3    program     static D:\Subjects\DA TKLL document\Project\TKLL\main.c
              __string_19   0x0033c8    program     static D:\Subjects\DA TKLL document\Project\TKLL\menu\menu.c
              __string_19   0x002eaf    program     static D:\Subjects\DA TKLL document\Project\TKLL\main.c
               __string_2   0x002eef    program     static D:\Subjects\DA TKLL document\Project\TKLL\main.c
               __string_2   0x00348c    program     static D:\Subjects\DA TKLL document\Project\TKLL\menu\menu.c
              __string_20   0x0033b8    program     static D:\Subjects\DA TKLL document\Project\TKLL\menu\menu.c
              __string_20   0x002eab    program     static D:\Subjects\DA TKLL document\Project\TKLL\main.c
              __string_21   0x002ea7    program     static D:\Subjects\DA TKLL document\Project\TKLL\main.c
              __string_21   0x0033b5    program     static D:\Subjects\DA TKLL document\Project\TKLL\menu\menu.c
              __string_22   0x002ea3    program     static D:\Subjects\DA TKLL document\Project\TKLL\main.c
              __string_22   0x0033b3    program     static D:\Subjects\DA TKLL document\Project\TKLL\menu\menu.c
              __string_23   0x0033b1    program     static D:\Subjects\DA TKLL document\Project\TKLL\menu\menu.c
              __string_23   0x002e9f    program     static D:\Subjects\DA TKLL document\Project\TKLL\main.c
              __string_24   0x0033a0    program     static D:\Subjects\DA TKLL document\Project\TKLL\menu\menu.c
              __string_24   0x002e9b    program     static D:\Subjects\DA TKLL document\Project\TKLL\main.c
              __string_25   0x00339b    program     static D:\Subjects\DA TKLL document\Project\TKLL\menu\menu.c
              __string_25   0x002e99    program     static D:\Subjects\DA TKLL document\Project\TKLL\main.c
              __string_26   0x003397    program     static D:\Subjects\DA TKLL document\Project\TKLL\menu\menu.c
              __string_26   0x002e88    program     static D:\Subjects\DA TKLL document\Project\TKLL\main.c
              __string_27   0x003392    program     static D:\Subjects\DA TKLL document\Project\TKLL\menu\menu.c
              __string_27   0x002e85    program     static D:\Subjects\DA TKLL document\Project\TKLL\main.c
              __string_28   0x003379    program     static D:\Subjects\DA TKLL document\Project\TKLL\menu\menu.c
              __string_28   0x002e81    program     static D:\Subjects\DA TKLL document\Project\TKLL\main.c
              __string_29   0x002e7c    program     static D:\Subjects\DA TKLL document\Project\TKLL\main.c
              __string_29   0x003356    program     static D:\Subjects\DA TKLL document\Project\TKLL\menu\menu.c
               __string_3   0x002eeb    program     static D:\Subjects\DA TKLL document\Project\TKLL\main.c
               __string_3   0x00347d    program     static D:\Subjects\DA TKLL document\Project\TKLL\menu\menu.c
              __string_30   0x003340    program     static D:\Subjects\DA TKLL document\Project\TKLL\menu\menu.c
              __string_31   0x00331b    program     static D:\Subjects\DA TKLL document\Project\TKLL\menu\menu.c
              __string_32   0x0032f6    program     static D:\Subjects\DA TKLL document\Project\TKLL\menu\menu.c
              __string_33   0x0032dc    program     static D:\Subjects\DA TKLL document\Project\TKLL\menu\menu.c
              __string_34   0x0032bc    program     static D:\Subjects\DA TKLL document\Project\TKLL\menu\menu.c
              __string_35   0x0032a4    program     static D:\Subjects\DA TKLL document\Project\TKLL\menu\menu.c
              __string_36   0x003287    program     static D:\Subjects\DA TKLL document\Project\TKLL\menu\menu.c
              __string_37   0x00326e    program     static D:\Subjects\DA TKLL document\Project\TKLL\menu\menu.c
              __string_38   0x00324a    program     static D:\Subjects\DA TKLL document\Project\TKLL\menu\menu.c
              __string_39   0x003234    program     static D:\Subjects\DA TKLL document\Project\TKLL\menu\menu.c
               __string_4   0x002ee7    program     static D:\Subjects\DA TKLL document\Project\TKLL\main.c
               __string_4   0x003470    program     static D:\Subjects\DA TKLL document\Project\TKLL\menu\menu.c
              __string_40   0x003212    program     static D:\Subjects\DA TKLL document\Project\TKLL\menu\menu.c
              __string_41   0x0031fc    program     static D:\Subjects\DA TKLL document\Project\TKLL\menu\menu.c
              __string_42   0x0031da    program     static D:\Subjects\DA TKLL document\Project\TKLL\menu\menu.c
              __string_43   0x0031b8    program     static D:\Subjects\DA TKLL document\Project\TKLL\menu\menu.c
              __string_44   0x003196    program     static D:\Subjects\DA TKLL document\Project\TKLL\menu\menu.c
              __string_45   0x003174    program     static D:\Subjects\DA TKLL document\Project\TKLL\menu\menu.c
              __string_46   0x003154    program     static D:\Subjects\DA TKLL document\Project\TKLL\menu\menu.c
              __string_47   0x003135    program     static D:\Subjects\DA TKLL document\Project\TKLL\menu\menu.c
              __string_48   0x003126    program     static D:\Subjects\DA TKLL document\Project\TKLL\menu\menu.c
              __string_49   0x003115    program     static D:\Subjects\DA TKLL document\Project\TKLL\menu\menu.c
               __string_5   0x003463    program     static D:\Subjects\DA TKLL document\Project\TKLL\menu\menu.c
               __string_5   0x002ee3    program     static D:\Subjects\DA TKLL document\Project\TKLL\main.c
              __string_50   0x00310b    program     static D:\Subjects\DA TKLL document\Project\TKLL\menu\menu.c
              __string_51   0x0030ff    program     static D:\Subjects\DA TKLL document\Project\TKLL\menu\menu.c
              __string_52   0x0030f3    program     static D:\Subjects\DA TKLL document\Project\TKLL\menu\menu.c
              __string_53   0x0030e9    program     static D:\Subjects\DA TKLL document\Project\TKLL\menu\menu.c
              __string_54   0x0030d8    program     static D:\Subjects\DA TKLL document\Project\TKLL\menu\menu.c
              __string_55   0x0030ce    program     static D:\Subjects\DA TKLL document\Project\TKLL\menu\menu.c
              __string_56   0x0030a6    program     static D:\Subjects\DA TKLL document\Project\TKLL\menu\menu.c
              __string_57   0x003075    program     static D:\Subjects\DA TKLL document\Project\TKLL\menu\menu.c
              __string_58   0x003065    program     static D:\Subjects\DA TKLL document\Project\TKLL\menu\menu.c
              __string_59   0x003043    program     static D:\Subjects\DA TKLL document\Project\TKLL\menu\menu.c
               __string_6   0x002edf    program     static D:\Subjects\DA TKLL document\Project\TKLL\main.c
               __string_6   0x003456    program     static D:\Subjects\DA TKLL document\Project\TKLL\menu\menu.c
              __string_60   0x003012    program     static D:\Subjects\DA TKLL document\Project\TKLL\menu\menu.c
              __string_61   0x003001    program     static D:\Subjects\DA TKLL document\Project\TKLL\menu\menu.c
              __string_62   0x002ff0    program     static D:\Subjects\DA TKLL document\Project\TKLL\menu\menu.c
              __string_63   0x002fe6    program     static D:\Subjects\DA TKLL document\Project\TKLL\menu\menu.c
              __string_64   0x002fdd    program     static D:\Subjects\DA TKLL document\Project\TKLL\menu\menu.c
              __string_65   0x002fcc    program     static D:\Subjects\DA TKLL document\Project\TKLL\menu\menu.c
              __string_66   0x002fbb    program     static D:\Subjects\DA TKLL document\Project\TKLL\menu\menu.c
              __string_67   0x002faa    program     static D:\Subjects\DA TKLL document\Project\TKLL\menu\menu.c
              __string_68   0x002f99    program     static D:\Subjects\DA TKLL document\Project\TKLL\menu\menu.c
              __string_69   0x002f88    program     static D:\Subjects\DA TKLL document\Project\TKLL\menu\menu.c
               __string_7   0x003449    program     static D:\Subjects\DA TKLL document\Project\TKLL\menu\menu.c
               __string_7   0x002edb    program     static D:\Subjects\DA TKLL document\Project\TKLL\main.c
              __string_70   0x002f77    program     static D:\Subjects\DA TKLL document\Project\TKLL\menu\menu.c
              __string_71   0x002f66    program     static D:\Subjects\DA TKLL document\Project\TKLL\menu\menu.c
              __string_72   0x002f55    program     static D:\Subjects\DA TKLL document\Project\TKLL\menu\menu.c
              __string_73   0x002f44    program     static D:\Subjects\DA TKLL document\Project\TKLL\menu\menu.c
              __string_74   0x002f33    program     static D:\Subjects\DA TKLL document\Project\TKLL\menu\menu.c
              __string_75   0x002f22    program     static D:\Subjects\DA TKLL document\Project\TKLL\menu\menu.c
              __string_76   0x002f11    program     static D:\Subjects\DA TKLL document\Project\TKLL\menu\menu.c
              __string_77   0x002f0b    program     static D:\Subjects\DA TKLL document\Project\TKLL\menu\menu.c
              __string_78   0x002f05    program     static D:\Subjects\DA TKLL document\Project\TKLL\menu\menu.c
               __string_8   0x002ed9    program     static D:\Subjects\DA TKLL document\Project\TKLL\main.c
               __string_8   0x00343d    program     static D:\Subjects\DA TKLL document\Project\TKLL\menu\menu.c
               __string_9   0x002ed7    program     static D:\Subjects\DA TKLL document\Project\TKLL\main.c
               __string_9   0x00342e    program     static D:\Subjects\DA TKLL document\Project\TKLL\menu\menu.c
             __tmplbl_152   0x00187c    program     static                          
             __tmplbl_173   0x00187c    program     static                          
            __zero_memory   0x00433e    program     extern E:\3.46\pic18-lt\cxx-framework\src\traditional\proc\p18f4620.asm
                _do_cinit   0x004182    program     extern E:\3.46\pic18-lt\cxx-framework\src\traditional\startup\c018i.c
                   _entry   0x000000    program     extern E:\3.46\pic18-lt\cxx-framework\src\traditional\startup\c018i.c
                   _false   0x0042d2    program     static                          
                   _false   0x00430c    program     static                          
                 _startup   0x00435e    program     extern E:\3.46\pic18-lt\cxx-framework\src\traditional\startup\c018i.c
          button_delay_ms   0x003924    program     extern D:\Subjects\DA TKLL document\Project\TKLL\button_matrix\button.c
               change_UTC   0x0013ea    program     extern D:\Subjects\DA TKLL document\Project\TKLL\menu\menu.c
                check_UTC   0x0014a2    program     extern D:\Subjects\DA TKLL document\Project\TKLL\menu\menu.c
                check_day   0x0015c2    program     extern D:\Subjects\DA TKLL document\Project\TKLL\menu\menu.c
              check_month   0x00156a    program     extern D:\Subjects\DA TKLL document\Project\TKLL\menu\menu.c
        check_number_uart   0x0014fe    program     extern D:\Subjects\DA TKLL document\Project\TKLL\menu\menu.c
            command_parse   0x00091a    program     extern D:\Subjects\DA TKLL document\Project\TKLL\menu\menu.c
                compare_l   0x004354    program     static E:\3.46\pic18-lt\cxx-framework\src\traditional\proc\p18f4620.asm
                copy_loop   0x0041f4    program     static                          
            copy_one_byte   0x0041fa    program     static                          
                 delay_ms   0x001ac0    program     extern D:\Subjects\DA TKLL document\Project\TKLL\main.c
        display_stopwatch   0x00050a    program     extern D:\Subjects\DA TKLL document\Project\TKLL\menu\menu.c
      display_timer_clock   0x000588    program     extern D:\Subjects\DA TKLL document\Project\TKLL\menu\menu.c
                     done   0x00421e    program     static                          
             done_copying   0x004208    program     static                          
                  endloop   0x004338    program     static                          
                  endloop   0x004390    program     static                          
            flushRecvBuff   0x0008f6    program     extern D:\Subjects\DA TKLL document\Project\TKLL\menu\menu.c
           fsm_timeModify   0x000f9e    program     extern D:\Subjects\DA TKLL document\Project\TKLL\menu\menu.c
            fsm_uart_mode   0x0010bc    program     extern D:\Subjects\DA TKLL document\Project\TKLL\menu\menu.c
            fsm_worldTime   0x0011cc    program     extern D:\Subjects\DA TKLL document\Project\TKLL\menu\menu.c
        getUartBufferChar   0x0008d0    program     extern D:\Subjects\DA TKLL document\Project\TKLL\menu\menu.c
                 high_isr   0x003fa4    program     extern D:\Subjects\DA TKLL document\Project\TKLL\interrupt\interrupt.c
                  i2c_ack   0x003df4    program     extern D:\Subjects\DA TKLL document\Project\TKLL\i2c\i2c.c
              i2c_control   0x003db2    program     extern D:\Subjects\DA TKLL document\Project\TKLL\i2c\i2c.c
                  i2c_nak   0x003e00    program     extern D:\Subjects\DA TKLL document\Project\TKLL\i2c\i2c.c
                 i2c_read   0x003de8    program     extern D:\Subjects\DA TKLL document\Project\TKLL\i2c\i2c.c
                i2c_start   0x003dc4    program     extern D:\Subjects\DA TKLL document\Project\TKLL\i2c\i2c.c
                 i2c_stop   0x003dce    program     extern D:\Subjects\DA TKLL document\Project\TKLL\i2c\i2c.c
                i2c_write   0x003dd8    program     extern D:\Subjects\DA TKLL document\Project\TKLL\i2c\i2c.c
            init_ext_int0   0x003f2a    program     extern D:\Subjects\DA TKLL document\Project\TKLL\interrupt\interrupt.c
                 init_i2c   0x003d9a    program     extern D:\Subjects\DA TKLL document\Project\TKLL\i2c\i2c.c
           init_interrupt   0x003f22    program     extern D:\Subjects\DA TKLL document\Project\TKLL\interrupt\interrupt.c
          init_key_matrix   0x00385a    program     extern D:\Subjects\DA TKLL document\Project\TKLL\button_matrix\button.c
init_key_matrix_with_uart_i2c   0x003862    program     extern D:\Subjects\DA TKLL document\Project\TKLL\button_matrix\button.c
                 init_lcd   0x0026be    program     extern D:\Subjects\DA TKLL document\Project\TKLL\lcd\lcd.c
              init_system   0x001b48    program     extern D:\Subjects\DA TKLL document\Project\TKLL\main.c
              init_timer0   0x003af2    program     extern D:\Subjects\DA TKLL document\Project\TKLL\timer\timer.c
              init_timer1   0x003b1e    program     extern D:\Subjects\DA TKLL document\Project\TKLL\timer\timer.c
              init_timer2   0x003b50    program     extern D:\Subjects\DA TKLL document\Project\TKLL\timer\timer.c
              init_timer3   0x003b7c    program     extern D:\Subjects\DA TKLL document\Project\TKLL\timer\timer.c
                init_uart   0x0034b6    program     extern D:\Subjects\DA TKLL document\Project\TKLL\uart\uart.c
            isButtonAlarm   0x0022b0    program     extern D:\Subjects\DA TKLL document\Project\TKLL\main.c
        isButtonAlarmHold   0x0022c0    program     extern D:\Subjects\DA TKLL document\Project\TKLL\main.c
         isButtonDecrease   0x00230a    program     extern D:\Subjects\DA TKLL document\Project\TKLL\main.c
         isButtonIncrease   0x0022d0    program     extern D:\Subjects\DA TKLL document\Project\TKLL\main.c
             isButtonMode   0x002290    program     extern D:\Subjects\DA TKLL document\Project\TKLL\main.c
         isButtonModeHold   0x0022a0    program     extern D:\Subjects\DA TKLL document\Project\TKLL\main.c
                isKeyHold   0x003910    program     extern D:\Subjects\DA TKLL document\Project\TKLL\button_matrix\button.c
             isKeyPressed   0x0038fc    program     extern D:\Subjects\DA TKLL document\Project\TKLL\button_matrix\button.c
                lcd_clear   0x0027ca    program     extern D:\Subjects\DA TKLL document\Project\TKLL\lcd\lcd.c
                lcd_delay   0x002622    program     extern D:\Subjects\DA TKLL document\Project\TKLL\lcd\lcd.c
             lcd_power_of   0x0027da    program     extern D:\Subjects\DA TKLL document\Project\TKLL\lcd\lcd.c
           lcd_print_char   0x00276c    program     extern D:\Subjects\DA TKLL document\Project\TKLL\lcd\lcd.c
          lcd_print_charS   0x002966    program     extern D:\Subjects\DA TKLL document\Project\TKLL\lcd\lcd.c
            lcd_print_num   0x002884    program     extern D:\Subjects\DA TKLL document\Project\TKLL\lcd\lcd.c
            lcd_print_str   0x00276e    program     extern D:\Subjects\DA TKLL document\Project\TKLL\lcd\lcd.c
              lcd_putchar   0x00276a    program     extern D:\Subjects\DA TKLL document\Project\TKLL\lcd\lcd.c
          lcd_read_status   0x0026f4    program     extern D:\Subjects\DA TKLL document\Project\TKLL\lcd\lcd.c
          lcd_sendCommand   0x0026ac    program     extern D:\Subjects\DA TKLL document\Project\TKLL\lcd\lcd.c
           lcd_set_cursor   0x00279e    program     extern D:\Subjects\DA TKLL document\Project\TKLL\lcd\lcd.c
            lcd_wait_busy   0x00272c    program     extern D:\Subjects\DA TKLL document\Project\TKLL\lcd\lcd.c
          lcd_write_4bits   0x00273e    program     extern D:\Subjects\DA TKLL document\Project\TKLL\lcd\lcd.c
            lcd_write_cmd   0x002750    program     extern D:\Subjects\DA TKLL document\Project\TKLL\lcd\lcd.c
           lcd_write_data   0x00275c    program     extern D:\Subjects\DA TKLL document\Project\TKLL\lcd\lcd.c
                     loop   0x004382    program     static                          
                     loop   0x00431c    program     static                          
                     loop   0x0042e4    program     static                          
                     loop   0x00429e    program     static                          
                     loop   0x00436e    program     static                          
                   loop_h   0x00434c    program     static E:\3.46\pic18-lt\cxx-framework\src\traditional\proc\p18f4620.asm
                   loop_l   0x004356    program     static E:\3.46\pic18-lt\cxx-framework\src\traditional\proc\p18f4620.asm
                  low_isr   0x003f32    program     extern D:\Subjects\DA TKLL document\Project\TKLL\interrupt\interrupt.c
                     main   0x001a5e    program     extern D:\Subjects\DA TKLL document\Project\TKLL\main.c
              menuControl   0x000080    program     extern D:\Subjects\DA TKLL document\Project\TKLL\menu\menu.c
              read_ds1307   0x003e58    program     extern D:\Subjects\DA TKLL document\Project\TKLL\i2c\i2c.c
            run_stopwatch   0x0004d2    program     extern D:\Subjects\DA TKLL document\Project\TKLL\menu\menu.c
          run_timer_clock   0x00069e    program     extern D:\Subjects\DA TKLL document\Project\TKLL\menu\menu.c
          scan_key_matrix   0x003872    program     extern D:\Subjects\DA TKLL document\Project\TKLL\button_matrix\button.c
     scan_key_matrix_demo   0x00397e    program     extern D:\Subjects\DA TKLL document\Project\TKLL\button_matrix\button.c
scan_key_matrix_with_uart_i2c   0x0038b8    program     extern D:\Subjects\DA TKLL document\Project\TKLL\button_matrix\button.c
             start_timer0   0x003b18    program     extern D:\Subjects\DA TKLL document\Project\TKLL\timer\timer.c
             start_timer1   0x003b46    program     extern D:\Subjects\DA TKLL document\Project\TKLL\timer\timer.c
             start_timer2   0x003b70    program     extern D:\Subjects\DA TKLL document\Project\TKLL\timer\timer.c
             start_timer3   0x003baa    program     extern D:\Subjects\DA TKLL document\Project\TKLL\timer\timer.c
              stop_timer0   0x003b14    program     extern D:\Subjects\DA TKLL document\Project\TKLL\timer\timer.c
              stop_timer1   0x003b4c    program     extern D:\Subjects\DA TKLL document\Project\TKLL\timer\timer.c
              stop_timer2   0x003b78    program     extern D:\Subjects\DA TKLL document\Project\TKLL\timer\timer.c
              stop_timer3   0x003bba    program     extern D:\Subjects\DA TKLL document\Project\TKLL\timer\timer.c
                     test   0x00419c    program     static                          
               timer0_isr   0x003bbe    program     extern D:\Subjects\DA TKLL document\Project\TKLL\timer\timer.c
               timer1_isr   0x003bda    program     extern D:\Subjects\DA TKLL document\Project\TKLL\timer\timer.c
               timer2_isr   0x003bf6    program     extern D:\Subjects\DA TKLL document\Project\TKLL\timer\timer.c
               timer3_isr   0x003c12    program     extern D:\Subjects\DA TKLL document\Project\TKLL\timer\timer.c
             uart_console   0x0008fa    program     extern D:\Subjects\DA TKLL document\Project\TKLL\menu\menu.c
            uart_delay_ms   0x0034d4    program     extern D:\Subjects\DA TKLL document\Project\TKLL\uart\uart.c
                 uart_isr   0x003756    program     extern D:\Subjects\DA TKLL document\Project\TKLL\uart\uart.c
            uart_power_of   0x00356e    program     extern D:\Subjects\DA TKLL document\Project\TKLL\uart\uart.c
             uart_putchar   0x003546    program     extern D:\Subjects\DA TKLL document\Project\TKLL\uart\uart.c
            uart_send_str   0x003556    program     extern D:\Subjects\DA TKLL document\Project\TKLL\uart\uart.c
                 v_timer0   0x002668    program     extern D:\Subjects\DA TKLL document\Project\TKLL\lcd\lcd.c
                 validate   0x00152e    program     extern D:\Subjects\DA TKLL document\Project\TKLL\menu\menu.c
             write_ds1307   0x003e0c    program     extern D:\Subjects\DA TKLL document\Project\TKLL\i2c\i2c.c
               zero_block   0x00434c    program     static E:\3.46\pic18-lt\cxx-framework\src\traditional\proc\p18f4620.asm
                   ADCON0   0x000fc2       data     extern E:\3.46\pic18-lt\cxx-framework\src\traditional\proc\p18f4620.asm
               ADCON0bits   0x000fc2       data     extern E:\3.46\pic18-lt\cxx-framework\src\traditional\proc\p18f4620.asm
                   ADCON1   0x000fc1       data     extern E:\3.46\pic18-lt\cxx-framework\src\traditional\proc\p18f4620.asm
               ADCON1bits   0x000fc1       data     extern E:\3.46\pic18-lt\cxx-framework\src\traditional\proc\p18f4620.asm
                   ADCON2   0x000fc0       data     extern E:\3.46\pic18-lt\cxx-framework\src\traditional\proc\p18f4620.asm
               ADCON2bits   0x000fc0       data     extern E:\3.46\pic18-lt\cxx-framework\src\traditional\proc\p18f4620.asm
                    ADRES   0x000fc3       data     extern E:\3.46\pic18-lt\cxx-framework\src\traditional\proc\p18f4620.asm
                   ADRESH   0x000fc4       data     extern E:\3.46\pic18-lt\cxx-framework\src\traditional\proc\p18f4620.asm
                   ADRESL   0x000fc3       data     extern E:\3.46\pic18-lt\cxx-framework\src\traditional\proc\p18f4620.asm
                  BAUDCON   0x000fb8       data     extern E:\3.46\pic18-lt\cxx-framework\src\traditional\proc\p18f4620.asm
              BAUDCONbits   0x000fb8       data     extern E:\3.46\pic18-lt\cxx-framework\src\traditional\proc\p18f4620.asm
                  BAUDCTL   0x000fb8       data     extern E:\3.46\pic18-lt\cxx-framework\src\traditional\proc\p18f4620.asm
              BAUDCTLbits   0x000fb8       data     extern E:\3.46\pic18-lt\cxx-framework\src\traditional\proc\p18f4620.asm
                      BSR   0x000fe0       data     extern E:\3.46\pic18-lt\cxx-framework\src\traditional\proc\p18f4620.asm
                  CCP1CON   0x000fbd       data     extern E:\3.46\pic18-lt\cxx-framework\src\traditional\proc\p18f4620.asm
              CCP1CONbits   0x000fbd       data     extern E:\3.46\pic18-lt\cxx-framework\src\traditional\proc\p18f4620.asm
                  CCP2CON   0x000fba       data     extern E:\3.46\pic18-lt\cxx-framework\src\traditional\proc\p18f4620.asm
              CCP2CONbits   0x000fba       data     extern E:\3.46\pic18-lt\cxx-framework\src\traditional\proc\p18f4620.asm
                    CCPR1   0x000fbe       data     extern E:\3.46\pic18-lt\cxx-framework\src\traditional\proc\p18f4620.asm
                   CCPR1H   0x000fbf       data     extern E:\3.46\pic18-lt\cxx-framework\src\traditional\proc\p18f4620.asm
                   CCPR1L   0x000fbe       data     extern E:\3.46\pic18-lt\cxx-framework\src\traditional\proc\p18f4620.asm
                    CCPR2   0x000fbb       data     extern E:\3.46\pic18-lt\cxx-framework\src\traditional\proc\p18f4620.asm
                   CCPR2H   0x000fbc       data     extern E:\3.46\pic18-lt\cxx-framework\src\traditional\proc\p18f4620.asm
                   CCPR2L   0x000fbb       data     extern E:\3.46\pic18-lt\cxx-framework\src\traditional\proc\p18f4620.asm
                    CMCON   0x000fb4       data     extern E:\3.46\pic18-lt\cxx-framework\src\traditional\proc\p18f4620.asm
                CMCONbits   0x000fb4       data     extern E:\3.46\pic18-lt\cxx-framework\src\traditional\proc\p18f4620.asm
                   CVRCON   0x000fb5       data     extern E:\3.46\pic18-lt\cxx-framework\src\traditional\proc\p18f4620.asm
               CVRCONbits   0x000fb5       data     extern E:\3.46\pic18-lt\cxx-framework\src\traditional\proc\p18f4620.asm
                     DDRA   0x000f92       data     extern E:\3.46\pic18-lt\cxx-framework\src\traditional\proc\p18f4620.asm
                 DDRAbits   0x000f92       data     extern E:\3.46\pic18-lt\cxx-framework\src\traditional\proc\p18f4620.asm
                     DDRB   0x000f93       data     extern E:\3.46\pic18-lt\cxx-framework\src\traditional\proc\p18f4620.asm
                 DDRBbits   0x000f93       data     extern E:\3.46\pic18-lt\cxx-framework\src\traditional\proc\p18f4620.asm
                     DDRC   0x000f94       data     extern E:\3.46\pic18-lt\cxx-framework\src\traditional\proc\p18f4620.asm
                 DDRCbits   0x000f94       data     extern E:\3.46\pic18-lt\cxx-framework\src\traditional\proc\p18f4620.asm
                     DDRD   0x000f95       data     extern E:\3.46\pic18-lt\cxx-framework\src\traditional\proc\p18f4620.asm
                 DDRDbits   0x000f95       data     extern E:\3.46\pic18-lt\cxx-framework\src\traditional\proc\p18f4620.asm
                     DDRE   0x000f96       data     extern E:\3.46\pic18-lt\cxx-framework\src\traditional\proc\p18f4620.asm
                 DDREbits   0x000f96       data     extern E:\3.46\pic18-lt\cxx-framework\src\traditional\proc\p18f4620.asm
                  ECCP1AS   0x000fb6       data     extern E:\3.46\pic18-lt\cxx-framework\src\traditional\proc\p18f4620.asm
              ECCP1ASbits   0x000fb6       data     extern E:\3.46\pic18-lt\cxx-framework\src\traditional\proc\p18f4620.asm
                    EEADR   0x000fa9       data     extern E:\3.46\pic18-lt\cxx-framework\src\traditional\proc\p18f4620.asm
                   EEADRH   0x000faa       data     extern E:\3.46\pic18-lt\cxx-framework\src\traditional\proc\p18f4620.asm
                   EECON1   0x000fa6       data     extern E:\3.46\pic18-lt\cxx-framework\src\traditional\proc\p18f4620.asm
               EECON1bits   0x000fa6       data     extern E:\3.46\pic18-lt\cxx-framework\src\traditional\proc\p18f4620.asm
                   EECON2   0x000fa7       data     extern E:\3.46\pic18-lt\cxx-framework\src\traditional\proc\p18f4620.asm
                   EEDATA   0x000fa8       data     extern E:\3.46\pic18-lt\cxx-framework\src\traditional\proc\p18f4620.asm
                     FSR0   0x000fe9       data     extern E:\3.46\pic18-lt\cxx-framework\src\traditional\proc\p18f4620.asm
                    FSR0H   0x000fea       data     extern E:\3.46\pic18-lt\cxx-framework\src\traditional\proc\p18f4620.asm
                    FSR0L   0x000fe9       data     extern E:\3.46\pic18-lt\cxx-framework\src\traditional\proc\p18f4620.asm
                     FSR1   0x000fe1       data     extern E:\3.46\pic18-lt\cxx-framework\src\traditional\proc\p18f4620.asm
                    FSR1H   0x000fe2       data     extern E:\3.46\pic18-lt\cxx-framework\src\traditional\proc\p18f4620.asm
                    FSR1L   0x000fe1       data     extern E:\3.46\pic18-lt\cxx-framework\src\traditional\proc\p18f4620.asm
                     FSR2   0x000fd9       data     extern E:\3.46\pic18-lt\cxx-framework\src\traditional\proc\p18f4620.asm
                    FSR2H   0x000fda       data     extern E:\3.46\pic18-lt\cxx-framework\src\traditional\proc\p18f4620.asm
                    FSR2L   0x000fd9       data     extern E:\3.46\pic18-lt\cxx-framework\src\traditional\proc\p18f4620.asm
                  HLVDCON   0x000fd2       data     extern E:\3.46\pic18-lt\cxx-framework\src\traditional\proc\p18f4620.asm
              HLVDCONbits   0x000fd2       data     extern E:\3.46\pic18-lt\cxx-framework\src\traditional\proc\p18f4620.asm
                    INDF0   0x000fef       data     extern E:\3.46\pic18-lt\cxx-framework\src\traditional\proc\p18f4620.asm
                    INDF1   0x000fe7       data     extern E:\3.46\pic18-lt\cxx-framework\src\traditional\proc\p18f4620.asm
                    INDF2   0x000fdf       data     extern E:\3.46\pic18-lt\cxx-framework\src\traditional\proc\p18f4620.asm
                   INTCON   0x000ff2       data     extern E:\3.46\pic18-lt\cxx-framework\src\traditional\proc\p18f4620.asm
                  INTCON2   0x000ff1       data     extern E:\3.46\pic18-lt\cxx-framework\src\traditional\proc\p18f4620.asm
              INTCON2bits   0x000ff1       data     extern E:\3.46\pic18-lt\cxx-framework\src\traditional\proc\p18f4620.asm
                  INTCON3   0x000ff0       data     extern E:\3.46\pic18-lt\cxx-framework\src\traditional\proc\p18f4620.asm
              INTCON3bits   0x000ff0       data     extern E:\3.46\pic18-lt\cxx-framework\src\traditional\proc\p18f4620.asm
               INTCONbits   0x000ff2       data     extern E:\3.46\pic18-lt\cxx-framework\src\traditional\proc\p18f4620.asm
                     IPR1   0x000f9f       data     extern E:\3.46\pic18-lt\cxx-framework\src\traditional\proc\p18f4620.asm
                 IPR1bits   0x000f9f       data     extern E:\3.46\pic18-lt\cxx-framework\src\traditional\proc\p18f4620.asm
                     IPR2   0x000fa2       data     extern E:\3.46\pic18-lt\cxx-framework\src\traditional\proc\p18f4620.asm
                 IPR2bits   0x000fa2       data     extern E:\3.46\pic18-lt\cxx-framework\src\traditional\proc\p18f4620.asm
                     LATA   0x000f89       data     extern E:\3.46\pic18-lt\cxx-framework\src\traditional\proc\p18f4620.asm
                 LATAbits   0x000f89       data     extern E:\3.46\pic18-lt\cxx-framework\src\traditional\proc\p18f4620.asm
                     LATB   0x000f8a       data     extern E:\3.46\pic18-lt\cxx-framework\src\traditional\proc\p18f4620.asm
                 LATBbits   0x000f8a       data     extern E:\3.46\pic18-lt\cxx-framework\src\traditional\proc\p18f4620.asm
                     LATC   0x000f8b       data     extern E:\3.46\pic18-lt\cxx-framework\src\traditional\proc\p18f4620.asm
                 LATCbits   0x000f8b       data     extern E:\3.46\pic18-lt\cxx-framework\src\traditional\proc\p18f4620.asm
                     LATD   0x000f8c       data     extern E:\3.46\pic18-lt\cxx-framework\src\traditional\proc\p18f4620.asm
                 LATDbits   0x000f8c       data     extern E:\3.46\pic18-lt\cxx-framework\src\traditional\proc\p18f4620.asm
                     LATE   0x000f8d       data     extern E:\3.46\pic18-lt\cxx-framework\src\traditional\proc\p18f4620.asm
                 LATEbits   0x000f8d       data     extern E:\3.46\pic18-lt\cxx-framework\src\traditional\proc\p18f4620.asm
                   LVDCON   0x000fd2       data     extern E:\3.46\pic18-lt\cxx-framework\src\traditional\proc\p18f4620.asm
               LVDCONbits   0x000fd2       data     extern E:\3.46\pic18-lt\cxx-framework\src\traditional\proc\p18f4620.asm
                LcdScreen   0x0000c1       data     extern D:\Subjects\DA TKLL document\Project\TKLL\lcd\lcd.c
                   OSCCON   0x000fd3       data     extern E:\3.46\pic18-lt\cxx-framework\src\traditional\proc\p18f4620.asm
               OSCCONbits   0x000fd3       data     extern E:\3.46\pic18-lt\cxx-framework\src\traditional\proc\p18f4620.asm
                  OSCTUNE   0x000f9b       data     extern E:\3.46\pic18-lt\cxx-framework\src\traditional\proc\p18f4620.asm
              OSCTUNEbits   0x000f9b       data     extern E:\3.46\pic18-lt\cxx-framework\src\traditional\proc\p18f4620.asm
                       PC   0x000ff9       data     extern E:\3.46\pic18-lt\cxx-framework\src\traditional\proc\p18f4620.asm
                      PCL   0x000ff9       data     extern E:\3.46\pic18-lt\cxx-framework\src\traditional\proc\p18f4620.asm
                   PCLATH   0x000ffa       data     extern E:\3.46\pic18-lt\cxx-framework\src\traditional\proc\p18f4620.asm
                   PCLATU   0x000ffb       data     extern E:\3.46\pic18-lt\cxx-framework\src\traditional\proc\p18f4620.asm
                     PIE1   0x000f9d       data     extern E:\3.46\pic18-lt\cxx-framework\src\traditional\proc\p18f4620.asm
                 PIE1bits   0x000f9d       data     extern E:\3.46\pic18-lt\cxx-framework\src\traditional\proc\p18f4620.asm
                     PIE2   0x000fa0       data     extern E:\3.46\pic18-lt\cxx-framework\src\traditional\proc\p18f4620.asm
                 PIE2bits   0x000fa0       data     extern E:\3.46\pic18-lt\cxx-framework\src\traditional\proc\p18f4620.asm
                     PIR1   0x000f9e       data     extern E:\3.46\pic18-lt\cxx-framework\src\traditional\proc\p18f4620.asm
                 PIR1bits   0x000f9e       data     extern E:\3.46\pic18-lt\cxx-framework\src\traditional\proc\p18f4620.asm
                     PIR2   0x000fa1       data     extern E:\3.46\pic18-lt\cxx-framework\src\traditional\proc\p18f4620.asm
                 PIR2bits   0x000fa1       data     extern E:\3.46\pic18-lt\cxx-framework\src\traditional\proc\p18f4620.asm
                   PLUSW0   0x000feb       data     extern E:\3.46\pic18-lt\cxx-framework\src\traditional\proc\p18f4620.asm
                   PLUSW1   0x000fe3       data     extern E:\3.46\pic18-lt\cxx-framework\src\traditional\proc\p18f4620.asm
                   PLUSW2   0x000fdb       data     extern E:\3.46\pic18-lt\cxx-framework\src\traditional\proc\p18f4620.asm
                    PORTA   0x000f80       data     extern E:\3.46\pic18-lt\cxx-framework\src\traditional\proc\p18f4620.asm
                PORTAbits   0x000f80       data     extern E:\3.46\pic18-lt\cxx-framework\src\traditional\proc\p18f4620.asm
                    PORTB   0x000f81       data     extern E:\3.46\pic18-lt\cxx-framework\src\traditional\proc\p18f4620.asm
                PORTBbits   0x000f81       data     extern E:\3.46\pic18-lt\cxx-framework\src\traditional\proc\p18f4620.asm
                    PORTC   0x000f82       data     extern E:\3.46\pic18-lt\cxx-framework\src\traditional\proc\p18f4620.asm
                PORTCbits   0x000f82       data     extern E:\3.46\pic18-lt\cxx-framework\src\traditional\proc\p18f4620.asm
                    PORTD   0x000f83       data     extern E:\3.46\pic18-lt\cxx-framework\src\traditional\proc\p18f4620.asm
                PORTDbits   0x000f83       data     extern E:\3.46\pic18-lt\cxx-framework\src\traditional\proc\p18f4620.asm
                    PORTE   0x000f84       data     extern E:\3.46\pic18-lt\cxx-framework\src\traditional\proc\p18f4620.asm
                PORTEbits   0x000f84       data     extern E:\3.46\pic18-lt\cxx-framework\src\traditional\proc\p18f4620.asm
                 POSTDEC0   0x000fed       data     extern E:\3.46\pic18-lt\cxx-framework\src\traditional\proc\p18f4620.asm
                 POSTDEC1   0x000fe5       data     extern E:\3.46\pic18-lt\cxx-framework\src\traditional\proc\p18f4620.asm
                 POSTDEC2   0x000fdd       data     extern E:\3.46\pic18-lt\cxx-framework\src\traditional\proc\p18f4620.asm
                 POSTINC0   0x000fee       data     extern E:\3.46\pic18-lt\cxx-framework\src\traditional\proc\p18f4620.asm
                 POSTINC1   0x000fe6       data     extern E:\3.46\pic18-lt\cxx-framework\src\traditional\proc\p18f4620.asm
                 POSTINC2   0x000fde       data     extern E:\3.46\pic18-lt\cxx-framework\src\traditional\proc\p18f4620.asm
                      PR2   0x000fcb       data     extern E:\3.46\pic18-lt\cxx-framework\src\traditional\proc\p18f4620.asm
                  PREINC0   0x000fec       data     extern E:\3.46\pic18-lt\cxx-framework\src\traditional\proc\p18f4620.asm
                  PREINC1   0x000fe4       data     extern E:\3.46\pic18-lt\cxx-framework\src\traditional\proc\p18f4620.asm
[...]
                    TRISB   0x000f93       data     extern E:\3.46\pic18-lt\cxx-framework\src\traditional\proc\p18f4620.asm
                TRISBbits   0x000f93       data     extern E:\3.46\pic18-lt\cxx-framework\src\traditional\proc\p18f4620.asm
                 DDRBbits   0x000f93       data     extern E:\3.46\pic18-lt\cxx-framework\src\traditional\proc\p18f4620.asm
                 DDRCbits   0x000f94       data     extern E:\3.46\pic18-lt\cxx-framework\src\traditional\proc\p18f4620.asm
                     DDRC   0x000f94       data     extern E:\3.46\pic18-lt\cxx-framework\src\traditional\proc\p18f4620.asm
                TRISCbits   0x000f94       data     extern E:\3.46\pic18-lt\cxx-framework\src\traditional\proc\p18f4620.asm
                    TRISC   0x000f94       data     extern E:\3.46\pic18-lt\cxx-framework\src\traditional\proc\p18f4620.asm
                TRISDbits   0x000f95       data     extern E:\3.46\pic18-lt\cxx-framework\src\traditional\proc\p18f4620.asm
                    TRISD   0x000f95       data     extern E:\3.46\pic18-lt\cxx-framework\src\traditional\proc\p18f4620.asm
                     DDRD   0x000f95       data     extern E:\3.46\pic18-lt\cxx-framework\src\traditional\proc\p18f4620.asm
                 DDRDbits   0x000f95       data     extern E:\3.46\pic18-lt\cxx-framework\src\traditional\proc\p18f4620.asm
                    TRISE   0x000f96       data     extern E:\3.46\pic18-lt\cxx-framework\src\traditional\proc\p18f4620.asm
                TRISEbits   0x000f96       data     extern E:\3.46\pic18-lt\cxx-framework\src\traditional\proc\p18f4620.asm
                     DDRE   0x000f96       data     extern E:\3.46\pic18-lt\cxx-framework\src\traditional\proc\p18f4620.asm
                 DDREbits   0x000f96       data     extern E:\3.46\pic18-lt\cxx-framework\src\traditional\proc\p18f4620.asm
                  OSCTUNE   0x000f9b       data     extern E:\3.46\pic18-lt\cxx-framework\src\traditional\proc\p18f4620.asm
              OSCTUNEbits   0x000f9b       data     extern E:\3.46\pic18-lt\cxx-framework\src\traditional\proc\p18f4620.asm
                 PIE1bits   0x000f9d       data     extern E:\3.46\pic18-lt\cxx-framework\src\traditional\proc\p18f4620.asm
                     PIE1   0x000f9d       data     extern E:\3.46\pic18-lt\cxx-framework\src\traditional\proc\p18f4620.asm
                 PIR1bits   0x000f9e       data     extern E:\3.46\pic18-lt\cxx-framework\src\traditional\proc\p18f4620.asm
                     PIR1   0x000f9e       data     extern E:\3.46\pic18-lt\cxx-framework\src\traditional\proc\p18f4620.asm
                 IPR1bits   0x000f9f       data     extern E:\3.46\pic18-lt\cxx-framework\src\traditional\proc\p18f4620.asm
                     IPR1   0x000f9f       data     extern E:\3.46\pic18-lt\cxx-framework\src\traditional\proc\p18f4620.asm
                     PIE2   0x000fa0       data     extern E:\3.46\pic18-lt\cxx-framework\src\traditional\proc\p18f4620.asm
                 PIE2bits   0x000fa0       data     extern E:\3.46\pic18-lt\cxx-framework\src\traditional\proc\p18f4620.asm
                 PIR2bits   0x000fa1       data     extern E:\3.46\pic18-lt\cxx-framework\src\traditional\proc\p18f4620.asm
                     PIR2   0x000fa1       data     extern E:\3.46\pic18-lt\cxx-framework\src\traditional\proc\p18f4620.asm
                     IPR2   0x000fa2       data     extern E:\3.46\pic18-lt\cxx-framework\src\traditional\proc\p18f4620.asm
                 IPR2bits   0x000fa2       data     extern E:\3.46\pic18-lt\cxx-framework\src\traditional\proc\p18f4620.asm
                   EECON1   0x000fa6       data     extern E:\3.46\pic18-lt\cxx-framework\src\traditional\proc\p18f4620.asm
               EECON1bits   0x000fa6       data     extern E:\3.46\pic18-lt\cxx-framework\src\traditional\proc\p18f4620.asm
                   EECON2   0x000fa7       data     extern E:\3.46\pic18-lt\cxx-framework\src\traditional\proc\p18f4620.asm
                   EEDATA   0x000fa8       data     extern E:\3.46\pic18-lt\cxx-framework\src\traditional\proc\p18f4620.asm
                    EEADR   0x000fa9       data     extern E:\3.46\pic18-lt\cxx-framework\src\traditional\proc\p18f4620.asm
                   EEADRH   0x000faa       data     extern E:\3.46\pic18-lt\cxx-framework\src\traditional\proc\p18f4620.asm
                RCSTAbits   0x000fab       data     extern E:\3.46\pic18-lt\cxx-framework\src\traditional\proc\p18f4620.asm
                    RCSTA   0x000fab       data     extern E:\3.46\pic18-lt\cxx-framework\src\traditional\proc\p18f4620.asm
                TXSTAbits   0x000fac       data     extern E:\3.46\pic18-lt\cxx-framework\src\traditional\proc\p18f4620.asm
                    TXSTA   0x000fac       data     extern E:\3.46\pic18-lt\cxx-framework\src\traditional\proc\p18f4620.asm
                    TXREG   0x000fad       data     extern E:\3.46\pic18-lt\cxx-framework\src\traditional\proc\p18f4620.asm
                    RCREG   0x000fae       data     extern E:\3.46\pic18-lt\cxx-framework\src\traditional\proc\p18f4620.asm
                    SPBRG   0x000faf       data     extern E:\3.46\pic18-lt\cxx-framework\src\traditional\proc\p18f4620.asm
                   SPBRGH   0x000fb0       data     extern E:\3.46\pic18-lt\cxx-framework\src\traditional\proc\p18f4620.asm
                    T3CON   0x000fb1       data     extern E:\3.46\pic18-lt\cxx-framework\src\traditional\proc\p18f4620.asm
                T3CONbits   0x000fb1       data     extern E:\3.46\pic18-lt\cxx-framework\src\traditional\proc\p18f4620.asm
                    TMR3L   0x000fb2       data     extern E:\3.46\pic18-lt\cxx-framework\src\traditional\proc\p18f4620.asm
                    TMR3H   0x000fb3       data     extern E:\3.46\pic18-lt\cxx-framework\src\traditional\proc\p18f4620.asm
                    CMCON   0x000fb4       data     extern E:\3.46\pic18-lt\cxx-framework\src\traditional\proc\p18f4620.asm
                CMCONbits   0x000fb4       data     extern E:\3.46\pic18-lt\cxx-framework\src\traditional\proc\p18f4620.asm
                   CVRCON   0x000fb5       data     extern E:\3.46\pic18-lt\cxx-framework\src\traditional\proc\p18f4620.asm
               CVRCONbits   0x000fb5       data     extern E:\3.46\pic18-lt\cxx-framework\src\traditional\proc\p18f4620.asm
                  ECCP1AS   0x000fb6       data     extern E:\3.46\pic18-lt\cxx-framework\src\traditional\proc\p18f4620.asm
              ECCP1ASbits   0x000fb6       data     extern E:\3.46\pic18-lt\cxx-framework\src\traditional\proc\p18f4620.asm
                  PWM1CON   0x000fb7       data     extern E:\3.46\pic18-lt\cxx-framework\src\traditional\proc\p18f4620.asm
              PWM1CONbits   0x000fb7       data     extern E:\3.46\pic18-lt\cxx-framework\src\traditional\proc\p18f4620.asm
                  BAUDCON   0x000fb8       data     extern E:\3.46\pic18-lt\cxx-framework\src\traditional\proc\p18f4620.asm
              BAUDCONbits   0x000fb8       data     extern E:\3.46\pic18-lt\cxx-framework\src\traditional\proc\p18f4620.asm
                  BAUDCTL   0x000fb8       data     extern E:\3.46\pic18-lt\cxx-framework\src\traditional\proc\p18f4620.asm
              BAUDCTLbits   0x000fb8       data     extern E:\3.46\pic18-lt\cxx-framework\src\traditional\proc\p18f4620.asm
              CCP2CONbits   0x000fba       data     extern E:\3.46\pic18-lt\cxx-framework\src\traditional\proc\p18f4620.asm
                  CCP2CON   0x000fba       data     extern E:\3.46\pic18-lt\cxx-framework\src\traditional\proc\p18f4620.asm
                   CCPR2L   0x000fbb       data     extern E:\3.46\pic18-lt\cxx-framework\src\traditional\proc\p18f4620.asm
                    CCPR2   0x000fbb       data     extern E:\3.46\pic18-lt\cxx-framework\src\traditional\proc\p18f4620.asm
                   CCPR2H   0x000fbc       data     extern E:\3.46\pic18-lt\cxx-framework\src\traditional\proc\p18f4620.asm
              CCP1CONbits   0x000fbd       data     extern E:\3.46\pic18-lt\cxx-framework\src\traditional\proc\p18f4620.asm
                  CCP1CON   0x000fbd       data     extern E:\3.46\pic18-lt\cxx-framework\src\traditional\proc\p18f4620.asm
                    CCPR1   0x000fbe       data     extern E:\3.46\pic18-lt\cxx-framework\src\traditional\proc\p18f4620.asm
                   CCPR1L   0x000fbe       data     extern E:\3.46\pic18-lt\cxx-framework\src\traditional\proc\p18f4620.asm
                   CCPR1H   0x000fbf       data     extern E:\3.46\pic18-lt\cxx-framework\src\traditional\proc\p18f4620.asm
                   ADCON2   0x000fc0       data     extern E:\3.46\pic18-lt\cxx-framework\src\traditional\proc\p18f4620.asm
               ADCON2bits   0x000fc0       data     extern E:\3.46\pic18-lt\cxx-framework\src\traditional\proc\p18f4620.asm
               ADCON1bits   0x000fc1       data     extern E:\3.46\pic18-lt\cxx-framework\src\traditional\proc\p18f4620.asm
                   ADCON1   0x000fc1       data     extern E:\3.46\pic18-lt\cxx-framework\src\traditional\proc\p18f4620.asm
                   ADCON0   0x000fc2       data     extern E:\3.46\pic18-lt\cxx-framework\src\traditional\proc\p18f4620.asm
               ADCON0bits   0x000fc2       data     extern E:\3.46\pic18-lt\cxx-framework\src\traditional\proc\p18f4620.asm
                    ADRES   0x000fc3       data     extern E:\3.46\pic18-lt\cxx-framework\src\traditional\proc\p18f4620.asm
                   ADRESL   0x000fc3       data     extern E:\3.46\pic18-lt\cxx-framework\src\traditional\proc\p18f4620.asm
                   ADRESH   0x000fc4       data     extern E:\3.46\pic18-lt\cxx-framework\src\traditional\proc\p18f4620.asm
                  SSPCON2   0x000fc5       data     extern E:\3.46\pic18-lt\cxx-framework\src\traditional\proc\p18f4620.asm
              SSPCON2bits   0x000fc5       data     extern E:\3.46\pic18-lt\cxx-framework\src\traditional\proc\p18f4620.asm
                  SSPCON1   0x000fc6       data     extern E:\3.46\pic18-lt\cxx-framework\src\traditional\proc\p18f4620.asm
              SSPCON1bits   0x000fc6       data     extern E:\3.46\pic18-lt\cxx-framework\src\traditional\proc\p18f4620.asm
                  SSPSTAT   0x000fc7       data     extern E:\3.46\pic18-lt\cxx-framework\src\traditional\proc\p18f4620.asm
              SSPSTATbits   0x000fc7       data     extern E:\3.46\pic18-lt\cxx-framework\src\traditional\proc\p18f4620.asm
                   SSPADD   0x000fc8       data     extern E:\3.46\pic18-lt\cxx-framework\src\traditional\proc\p18f4620.asm
                   SSPBUF   0x000fc9       data     extern E:\3.46\pic18-lt\cxx-framework\src\traditional\proc\p18f4620.asm
                    T2CON   0x000fca       data     extern E:\3.46\pic18-lt\cxx-framework\src\traditional\proc\p18f4620.asm
                T2CONbits   0x000fca       data     extern E:\3.46\pic18-lt\cxx-framework\src\traditional\proc\p18f4620.asm
                      PR2   0x000fcb       data     extern E:\3.46\pic18-lt\cxx-framework\src\traditional\proc\p18f4620.asm
                     TMR2   0x000fcc       data     extern E:\3.46\pic18-lt\cxx-framework\src\traditional\proc\p18f4620.asm
                T1CONbits   0x000fcd       data     extern E:\3.46\pic18-lt\cxx-framework\src\traditional\proc\p18f4620.asm
                    T1CON   0x000fcd       data     extern E:\3.46\pic18-lt\cxx-framework\src\traditional\proc\p18f4620.asm
                    TMR1L   0x000fce       data     extern E:\3.46\pic18-lt\cxx-framework\src\traditional\proc\p18f4620.asm
                    TMR1H   0x000fcf       data     extern E:\3.46\pic18-lt\cxx-framework\src\traditional\proc\p18f4620.asm
                     RCON   0x000fd0       data     extern E:\3.46\pic18-lt\cxx-framework\src\traditional\proc\p18f4620.asm
                 RCONbits   0x000fd0       data     extern E:\3.46\pic18-lt\cxx-framework\src\traditional\proc\p18f4620.asm
               WDTCONbits   0x000fd1       data     extern E:\3.46\pic18-lt\cxx-framework\src\traditional\proc\p18f4620.asm
                   WDTCON   0x000fd1       data     extern E:\3.46\pic18-lt\cxx-framework\src\traditional\proc\p18f4620.asm
               LVDCONbits   0x000fd2       data     extern E:\3.46\pic18-lt\cxx-framework\src\traditional\proc\p18f4620.asm
                   LVDCON   0x000fd2       data     extern E:\3.46\pic18-lt\cxx-framework\src\traditional\proc\p18f4620.asm
              HLVDCONbits   0x000fd2       data     extern E:\3.46\pic18-lt\cxx-framework\src\traditional\proc\p18f4620.asm
                  HLVDCON   0x000fd2       data     extern E:\3.46\pic18-lt\cxx-framework\src\traditional\proc\p18f4620.asm
               OSCCONbits   0x000fd3       data     extern E:\3.46\pic18-lt\cxx-framework\src\traditional\proc\p18f4620.asm
                   OSCCON   0x000fd3       data     extern E:\3.46\pic18-lt\cxx-framework\src\traditional\proc\p18f4620.asm
                T0CONbits   0x000fd5       data     extern E:\3.46\pic18-lt\cxx-framework\src\traditional\proc\p18f4620.asm
                    T0CON   0x000fd5       data     extern E:\3.46\pic18-lt\cxx-framework\src\traditional\proc\p18f4620.asm
                    TMR0L   0x000fd6       data     extern E:\3.46\pic18-lt\cxx-framework\src\traditional\proc\p18f4620.asm
                    TMR0H   0x000fd7       data     extern E:\3.46\pic18-lt\cxx-framework\src\traditional\proc\p18f4620.asm
                   STATUS   0x000fd8       data     extern E:\3.46\pic18-lt\cxx-framework\src\traditional\proc\p18f4620.asm
               STATUSbits   0x000fd8       data     extern E:\3.46\pic18-lt\cxx-framework\src\traditional\proc\p18f4620.asm
                     FSR2   0x000fd9       data     extern E:\3.46\pic18-lt\cxx-framework\src\traditional\proc\p18f4620.asm
                    FSR2L   0x000fd9       data     extern E:\3.46\pic18-lt\cxx-framework\src\traditional\proc\p18f4620.asm
                    FSR2H   0x000fda       data     extern E:\3.46\pic18-lt\cxx-framework\src\traditional\proc\p18f4620.asm
                   PLUSW2   0x000fdb       data     extern E:\3.46\pic18-lt\cxx-framework\src\traditional\proc\p18f4620.asm
                  PREINC2   0x000fdc       data     extern E:\3.46\pic18-lt\cxx-framework\src\traditional\proc\p18f4620.asm
                 POSTDEC2   0x000fdd       data     extern E:\3.46\pic18-lt\cxx-framework\src\traditional\proc\p18f4620.asm
                 POSTINC2   0x000fde       data     extern E:\3.46\pic18-lt\cxx-framework\src\traditional\proc\p18f4620.asm
                    INDF2   0x000fdf       data     extern E:\3.46\pic18-lt\cxx-framework\src\traditional\proc\p18f4620.asm
                      BSR   0x000fe0       data     extern E:\3.46\pic18-lt\cxx-framework\src\traditional\proc\p18f4620.asm
                     FSR1   0x000fe1       data     extern E:\3.46\pic18-lt\cxx-framework\src\traditional\proc\p18f4620.asm
                    FSR1L   0x000fe1       data     extern E:\3.46\pic18-lt\cxx-framework\src\traditional\proc\p18f4620.asm
                    FSR1H   0x000fe2       data     extern E:\3.46\pic18-lt\cxx-framework\src\traditional\proc\p18f4620.asm
                   PLUSW1   0x000fe3       data     extern E:\3.46\pic18-lt\cxx-framework\src\traditional\proc\p18f4620.asm
                  PREINC1   0x000fe4       data     extern E:\3.46\pic18-lt\cxx-framework\src\traditional\proc\p18f4620.asm
                 POSTDEC1   0x000fe5       data     extern E:\3.46\pic18-lt\cxx-framework\src\traditional\proc\p18f4620.asm
                 POSTINC1   0x000fe6       data     extern E:\3.46\pic18-lt\cxx-framework\src\traditional\proc\p18f4620.asm
                    INDF1   0x000fe7       data     extern E:\3.46\pic18-lt\cxx-framework\src\traditional\proc\p18f4620.asm
                        W   0x000fe8       data     extern E:\3.46\pic18-lt\cxx-framework\src\traditional\proc\p18f4620.asm
                     WREG   0x000fe8       data     extern E:\3.46\pic18-lt\cxx-framework\src\traditional\proc\p18f4620.asm
                    FSR0L   0x000fe9       data     extern E:\3.46\pic18-lt\cxx-framework\src\traditional\proc\p18f4620.asm
                     FSR0   0x000fe9       data     extern E:\3.46\pic18-lt\cxx-framework\src\traditional\proc\p18f4620.asm
                    FSR0H   0x000fea       data     extern E:\3.46\pic18-lt\cxx-framework\src\traditional\proc\p18f4620.asm
                   PLUSW0   0x000feb       data     extern E:\3.46\pic18-lt\cxx-framework\src\traditional\proc\p18f4620.asm
                  PREINC0   0x000fec       data     extern E:\3.46\pic18-lt\cxx-framework\src\traditional\proc\p18f4620.asm
                 POSTDEC0   0x000fed       data     extern E:\3.46\pic18-lt\cxx-framework\src\traditional\proc\p18f4620.asm
                 POSTINC0   0x000fee       data     extern E:\3.46\pic18-lt\cxx-framework\src\traditional\proc\p18f4620.asm
                    INDF0   0x000fef       data     extern E:\3.46\pic18-lt\cxx-framework\src\traditional\proc\p18f4620.asm
              INTCON3bits   0x000ff0       data     extern E:\3.46\pic18-lt\cxx-framework\src\traditional\proc\p18f4620.asm
                  INTCON3   0x000ff0       data     extern E:\3.46\pic18-lt\cxx-framework\src\traditional\proc\p18f4620.asm
                  INTCON2   0x000ff1       data     extern E:\3.46\pic18-lt\cxx-framework\src\traditional\proc\p18f4620.asm
              INTCON2bits   0x000ff1       data     extern E:\3.46\pic18-lt\cxx-framework\src\traditional\proc\p18f4620.asm
                   INTCON   0x000ff2       data     extern E:\3.46\pic18-lt\cxx-framework\src\traditional\proc\p18f4620.asm
               INTCONbits   0x000ff2       data     extern E:\3.46\pic18-lt\cxx-framework\src\traditional\proc\p18f4620.asm
                     PROD   0x000ff3       data     extern E:\3.46\pic18-lt\cxx-framework\src\traditional\proc\p18f4620.asm
                    PRODL   0x000ff3       data     extern E:\3.46\pic18-lt\cxx-framework\src\traditional\proc\p18f4620.asm
                    PRODH   0x000ff4       data     extern E:\3.46\pic18-lt\cxx-framework\src\traditional\proc\p18f4620.asm
                   TABLAT   0x000ff5       data     extern E:\3.46\pic18-lt\cxx-framework\src\traditional\proc\p18f4620.asm
                  TBLPTRL   0x000ff6       data     extern E:\3.46\pic18-lt\cxx-framework\src\traditional\proc\p18f4620.asm
                   TBLPTR   0x000ff6       data     extern E:\3.46\pic18-lt\cxx-framework\src\traditional\proc\p18f4620.asm
                  TBLPTRH   0x000ff7       data     extern E:\3.46\pic18-lt\cxx-framework\src\traditional\proc\p18f4620.asm
                  TBLPTRU   0x000ff8       data     extern E:\3.46\pic18-lt\cxx-framework\src\traditional\proc\p18f4620.asm
                       PC   0x000ff9       data     extern E:\3.46\pic18-lt\cxx-framework\src\traditional\proc\p18f4620.asm
                      PCL   0x000ff9       data     extern E:\3.46\pic18-lt\cxx-framework\src\traditional\proc\p18f4620.asm
                   PCLATH   0x000ffa       data     extern E:\3.46\pic18-lt\cxx-framework\src\traditional\proc\p18f4620.asm
                   PCLATU   0x000ffb       data     extern E:\3.46\pic18-lt\cxx-framework\src\traditional\proc\p18f4620.asm
                   STKPTR   0x000ffc       data     extern E:\3.46\pic18-lt\cxx-framework\src\traditional\proc\p18f4620.asm
               STKPTRbits   0x000ffc       data     extern E:\3.46\pic18-lt\cxx-framework\src\traditional\proc\p18f4620.asm
                      TOS   0x000ffd       data     extern E:\3.46\pic18-lt\cxx-framework\src\traditional\proc\p18f4620.asm
                     TOSL   0x000ffd       data     extern E:\3.46\pic18-lt\cxx-framework\src\traditional\proc\p18f4620.asm
                     TOSH   0x000ffe       data     extern E:\3.46\pic18-lt\cxx-framework\src\traditional\proc\p18f4620.asm
                     TOSU   0x000fff       data     extern E:\3.46\pic18-lt\cxx-framework\src\traditional\proc\p18f4620.asm


